Archive member included to satisfy reference by file (symbol)

c:/vsarm/armcc/102021~1.07/bin/../lib/gcc/arm-none-eabi/10.3.1/thumb/v6-m/nofp\libgcc.a(_dvmd_tls.o)
                              CMakeFiles/blinky.dir/C_/VSARM/sdk/pico/pico-sdk/src/rp2_common/pico_divider/divider.S.obj (__aeabi_idiv0)
c:/vsarm/armcc/102021~1.07/bin/../lib/gcc/arm-none-eabi/10.3.1/../../../../arm-none-eabi/lib/thumb/v6-m/nofp\libg.a(lib_a-calloc.o)
                              CMakeFiles/blinky.dir/C_/VSARM/sdk/pico/pico-sdk/src/rp2_common/pico_malloc/pico_malloc.c.obj (calloc)
c:/vsarm/armcc/102021~1.07/bin/../lib/gcc/arm-none-eabi/10.3.1/../../../../arm-none-eabi/lib/thumb/v6-m/nofp\libg.a(lib_a-callocr.o)
                              c:/vsarm/armcc/102021~1.07/bin/../lib/gcc/arm-none-eabi/10.3.1/../../../../arm-none-eabi/lib/thumb/v6-m/nofp\libg.a(lib_a-calloc.o) (_calloc_r)
c:/vsarm/armcc/102021~1.07/bin/../lib/gcc/arm-none-eabi/10.3.1/../../../../arm-none-eabi/lib/thumb/v6-m/nofp\libg.a(lib_a-ctype_.o)
                              CMakeFiles/blinky.dir/C_/VSARM/sdk/pico/pico-sdk/lib/tinyusb/src/tusb.c.obj (_ctype_)
c:/vsarm/armcc/102021~1.07/bin/../lib/gcc/arm-none-eabi/10.3.1/../../../../arm-none-eabi/lib/thumb/v6-m/nofp\libg.a(lib_a-errno.o)
                              c:/vsarm/armcc/102021~1.07/bin/../lib/gcc/arm-none-eabi/10.3.1/../../../../arm-none-eabi/lib/thumb/v6-m/nofp\libg.a(lib_a-callocr.o) (__errno)
c:/vsarm/armcc/102021~1.07/bin/../lib/gcc/arm-none-eabi/10.3.1/../../../../arm-none-eabi/lib/thumb/v6-m/nofp\libg.a(lib_a-impure.o)
                              c:/vsarm/armcc/102021~1.07/bin/../lib/gcc/arm-none-eabi/10.3.1/../../../../arm-none-eabi/lib/thumb/v6-m/nofp\libg.a(lib_a-calloc.o) (_impure_ptr)
c:/vsarm/armcc/102021~1.07/bin/../lib/gcc/arm-none-eabi/10.3.1/../../../../arm-none-eabi/lib/thumb/v6-m/nofp\libg.a(lib_a-init.o)
                              c:/vsarm/armcc/102021~1.07/bin/../lib/gcc/arm-none-eabi/10.3.1/../../../../arm-none-eabi/lib/thumb/v6-m/nofp/crt0.o (__libc_init_array)
c:/vsarm/armcc/102021~1.07/bin/../lib/gcc/arm-none-eabi/10.3.1/../../../../arm-none-eabi/lib/thumb/v6-m/nofp\libg.a(lib_a-malloc.o)
                              CMakeFiles/blinky.dir/C_/VSARM/sdk/pico/pico-sdk/src/rp2_common/pico_malloc/pico_malloc.c.obj (malloc)
c:/vsarm/armcc/102021~1.07/bin/../lib/gcc/arm-none-eabi/10.3.1/../../../../arm-none-eabi/lib/thumb/v6-m/nofp\libg.a(lib_a-mallocr.o)
                              c:/vsarm/armcc/102021~1.07/bin/../lib/gcc/arm-none-eabi/10.3.1/../../../../arm-none-eabi/lib/thumb/v6-m/nofp\libg.a(lib_a-callocr.o) (_malloc_r)
c:/vsarm/armcc/102021~1.07/bin/../lib/gcc/arm-none-eabi/10.3.1/../../../../arm-none-eabi/lib/thumb/v6-m/nofp\libg.a(lib_a-mlock.o)
                              c:/vsarm/armcc/102021~1.07/bin/../lib/gcc/arm-none-eabi/10.3.1/../../../../arm-none-eabi/lib/thumb/v6-m/nofp\libg.a(lib_a-mallocr.o) (__malloc_lock)
c:/vsarm/armcc/102021~1.07/bin/../lib/gcc/arm-none-eabi/10.3.1/../../../../arm-none-eabi/lib/thumb/v6-m/nofp\libg.a(lib_a-sbrkr.o)
                              c:/vsarm/armcc/102021~1.07/bin/../lib/gcc/arm-none-eabi/10.3.1/../../../../arm-none-eabi/lib/thumb/v6-m/nofp\libg.a(lib_a-mallocr.o) (_sbrk_r)
c:/vsarm/armcc/102021~1.07/bin/../lib/gcc/arm-none-eabi/10.3.1/../../../../arm-none-eabi/lib/thumb/v6-m/nofp\libg.a(lib_a-strlen-stub.o)
                              CMakeFiles/blinky.dir/C_/VSARM/sdk/pico/pico-sdk/src/rp2_common/pico_stdio/stdio.c.obj (strlen)
c:/vsarm/armcc/102021~1.07/bin/../lib/gcc/arm-none-eabi/10.3.1/../../../../arm-none-eabi/lib/thumb/v6-m/nofp\libg.a(lib_a-freer.o)
                              c:/vsarm/armcc/102021~1.07/bin/../lib/gcc/arm-none-eabi/10.3.1/../../../../arm-none-eabi/lib/thumb/v6-m/nofp\libg.a(lib_a-malloc.o) (_free_r)
c:/vsarm/armcc/102021~1.07/bin/../lib/gcc/arm-none-eabi/10.3.1/../../../../arm-none-eabi/lib/thumb/v6-m/nofp\libg.a(lib_a-lock.o)
                              c:/vsarm/armcc/102021~1.07/bin/../lib/gcc/arm-none-eabi/10.3.1/../../../../arm-none-eabi/lib/thumb/v6-m/nofp\libg.a(lib_a-mlock.o) (__retarget_lock_acquire_recursive)
c:/vsarm/armcc/102021~1.07/bin/../lib/gcc/arm-none-eabi/10.3.1/../../../../arm-none-eabi/lib/thumb/v6-m/nofp\libg.a(lib_a-reent.o)
                              c:/vsarm/armcc/102021~1.07/bin/../lib/gcc/arm-none-eabi/10.3.1/../../../../arm-none-eabi/lib/thumb/v6-m/nofp\libg.a(lib_a-sbrkr.o) (errno)

Discarded input sections

 .text          0x00000000        0x0 c:/vsarm/armcc/102021~1.07/bin/../lib/gcc/arm-none-eabi/10.3.1/thumb/v6-m/nofp/crti.o
 .data          0x00000000        0x0 c:/vsarm/armcc/102021~1.07/bin/../lib/gcc/arm-none-eabi/10.3.1/thumb/v6-m/nofp/crti.o
 .bss           0x00000000        0x0 c:/vsarm/armcc/102021~1.07/bin/../lib/gcc/arm-none-eabi/10.3.1/thumb/v6-m/nofp/crti.o
 .data          0x00000000        0x4 c:/vsarm/armcc/102021~1.07/bin/../lib/gcc/arm-none-eabi/10.3.1/thumb/v6-m/nofp/crtbegin.o
[...]
Memory Configuration

Name             Origin             Length             Attributes
FLASH            0x10000000         0x00200000         xr
RAM              0x20000000         0x00040000         xrw
SCRATCH_X        0x20040000         0x00001000         xrw
SCRATCH_Y        0x20041000         0x00001000         xrw
*default*        0x00000000         0xffffffff

Linker script and memory map

LOAD c:/vsarm/armcc/102021~1.07/bin/../lib/gcc/arm-none-eabi/10.3.1/thumb/v6-m/nofp/crti.o
LOAD c:/vsarm/armcc/102021~1.07/bin/../lib/gcc/arm-none-eabi/10.3.1/thumb/v6-m/nofp/crtbegin.o
LOAD c:/vsarm/armcc/102021~1.07/bin/../lib/gcc/arm-none-eabi/10.3.1/../../../../arm-none-eabi/lib/thumb/v6-m/nofp/crt0.o

.flash_begin    0x10000000        0x0
                0x10000000                __flash_binary_start = .

.boot2          0x10000000      0x100
                0x10000000                __boot2_start__ = .
 *(.boot2)
 .boot2         0x10000000      0x100 C:\Users\camil\AppData\Local\Temp\ccin0rFt.o
                0x10000100                __boot2_end__ = .
                0x00000001                ASSERT (((__boot2_end__ - __boot2_start__) == 0x100), ERROR: Pico second stage bootloader must be 256 bytes in size)

.text           0x10000100     0x6f10
                0x10000100                __logical_binary_start = .
 *(.vectors)
 .vectors       0x10000100       0xd4 CMakeFiles/blinky.dir/C_/VSARM/sdk/pico/pico-sdk/src/rp2_common/pico_standard_link/crt0.S.obj
                0x10000100                __VECTOR_TABLE
                0x10000100                __vectors
                0x100001c0                isr_invalid
                0x100001c0                __default_isrs_start
                0x100001c2                isr_nmi
                0x100001c4                isr_hardfault
                0x100001c6                isr_svcall
                0x100001c8                isr_pendsv
                0x100001ca                isr_systick
                0x100001cc                isr_irq23
                0x100001cc                isr_irq18
                0x100001cc                isr_irq11
                0x100001cc                isr_irq28
                0x100001cc                isr_irq19
                0x100001cc                isr_irq0
                0x100001cc                isr_irq6
                0x100001cc                isr_irq5
                0x100001cc                isr_irq12
                0x100001cc                isr_irq22
                0x100001cc                isr_irq31
                0x100001cc                isr_irq17
                0x100001cc                isr_irq27
                0x100001cc                isr_irq30
                0x100001cc                isr_irq2
                0x100001cc                isr_irq10
                0x100001cc                isr_irq8
                0x100001cc                isr_irq24
                0x100001cc                isr_irq1
                0x100001cc                isr_irq7
                0x100001cc                isr_irq21
                0x100001cc                isr_irq20
                0x100001cc                isr_irq15
                0x100001cc                isr_irq25
                0x100001cc                isr_irq13
                0x100001cc                __unhandled_user_irq
                0x100001cc                isr_irq4
                0x100001cc                isr_irq16
                0x100001cc                isr_irq29
                0x100001cc                isr_irq26
                0x100001cc                __default_isrs_end
                0x100001cc                isr_irq3
                0x100001cc                isr_irq14
                0x100001cc                isr_irq9
                0x100001d2                unhandled_user_irq_num_in_r0
 *(.binary_info_header)
 .binary_info_header
                0x100001d4       0x14 CMakeFiles/blinky.dir/C_/VSARM/sdk/pico/pico-sdk/src/rp2_common/pico_standard_link/crt0.S.obj
                0x100001e8                __binary_info_header_end = .
 *(.reset)
 .reset         0x100001e8       0xa8 CMakeFiles/blinky.dir/C_/VSARM/sdk/pico/pico-sdk/src/rp2_common/pico_standard_link/crt0.S.obj
                0x100001e8                _entry_point
                0x10000266                __get_current_exception
 .reset         0x10000290       0x30 CMakeFiles/blinky.dir/C_/VSARM/sdk/pico/pico-sdk/src/rp2_common/pico_standard_link/binary_info.c.obj
 *(.init)
 .init          0x100002c0        0x4 c:/vsarm/armcc/102021~1.07/bin/../lib/gcc/arm-none-eabi/10.3.1/thumb/v6-m/nofp/crti.o
                0x100002c0                _init
 *(EXCLUDE_FILE(*libm.a: *libc.a:*lib_a-mem*.o *libgcc.a:) .text*)
 .text          0x100002c4       0x48 c:/vsarm/armcc/102021~1.07/bin/../lib/gcc/arm-none-eabi/10.3.1/thumb/v6-m/nofp/crtbegin.o
 .text.main     0x1000030c       0x40 CMakeFiles/blinky.dir/src/main.c.obj
                0x1000030c                main
 .text.gpio_set_function
                0x1000034c       0x30 CMakeFiles/blinky.dir/C_/VSARM/sdk/pico/pico-sdk/src/rp2_common/hardware_gpio/gpio.c.obj
                0x1000034c                gpio_set_function
 .text.gpio_init
                0x1000037c       0x16 CMakeFiles/blinky.dir/C_/VSARM/sdk/pico/pico-sdk/src/rp2_common/hardware_gpio/gpio.c.obj
                0x1000037c                gpio_init
 *fill*         0x10000392        0x2 
 .text.hw_claim_lock
                0x10000394       0x18 CMakeFiles/blinky.dir/C_/VSARM/sdk/pico/pico-sdk/src/rp2_common/hardware_claim/claim.c.obj
                0x10000394                hw_claim_lock
 .text.hw_claim_unlock
                0x100003ac       0x14 CMakeFiles/blinky.dir/C_/VSARM/sdk/pico/pico-sdk/src/rp2_common/hardware_claim/claim.c.obj
                0x100003ac                hw_claim_unlock
 .text.hw_claim_or_assert
                0x100003c0       0x32 CMakeFiles/blinky.dir/C_/VSARM/sdk/pico/pico-sdk/src/rp2_common/hardware_claim/claim.c.obj
                0x100003c0                hw_claim_or_assert
 .text.hw_claim_unused_from_range
                0x100003f2       0x50 CMakeFiles/blinky.dir/C_/VSARM/sdk/pico/pico-sdk/src/rp2_common/hardware_claim/claim.c.obj
                0x100003f2                hw_claim_unused_from_range
 *fill*         0x10000442        0x2 
 .text.running_on_fpga
                0x10000444       0x14 CMakeFiles/blinky.dir/C_/VSARM/sdk/pico/pico-sdk/src/rp2_common/pico_platform/platform.c.obj
                0x10000444                running_on_fpga
 .text.spin_locks_reset
                0x10000458       0x20 CMakeFiles/blinky.dir/C_/VSARM/sdk/pico/pico-sdk/src/rp2_common/hardware_sync/sync.c.obj
                0x10000458                spin_locks_reset
 .text.next_striped_spin_lock_num
                0x10000478       0x1c CMakeFiles/blinky.dir/C_/VSARM/sdk/pico/pico-sdk/src/rp2_common/hardware_sync/sync.c.obj
                0x10000478                next_striped_spin_lock_num
 .text.spin_lock_claim_unused
                0x10000494       0x20 CMakeFiles/blinky.dir/C_/VSARM/sdk/pico/pico-sdk/src/rp2_common/hardware_sync/sync.c.obj
                0x10000494                spin_lock_claim_unused
 .text.alarm_pool_post_alloc_init
                0x100004b4       0x40 CMakeFiles/blinky.dir/C_/VSARM/sdk/pico/pico-sdk/src/common/pico_time/time.c.obj
 .text.sleep_until_callback
                0x100004f4       0x30 CMakeFiles/blinky.dir/C_/VSARM/sdk/pico/pico-sdk/src/common/pico_time/time.c.obj
 .text.timer_pool_entry_comparator
                0x10000524       0x7c CMakeFiles/blinky.dir/C_/VSARM/sdk/pico/pico-sdk/src/common/pico_time/time.c.obj
                0x10000524                timer_pool_entry_comparator
 .text.ph_add_child_node
                0x100005a0       0xa4 CMakeFiles/blinky.dir/C_/VSARM/sdk/pico/pico-sdk/src/common/pico_time/time.c.obj
 .text.ph_merge_nodes
                0x10000644       0x3e CMakeFiles/blinky.dir/C_/VSARM/sdk/pico/pico-sdk/src/common/pico_time/time.c.obj
 *fill*         0x10000682        0x2 
 .text.add_alarm_under_lock
                0x10000684      0x174 CMakeFiles/blinky.dir/C_/VSARM/sdk/pico/pico-sdk/src/common/pico_time/time.c.obj
 .text.alarm_pool_alarm_callback
                0x100007f8      0x328 CMakeFiles/blinky.dir/C_/VSARM/sdk/pico/pico-sdk/src/common/pico_time/time.c.obj
 .text.alarm_pool_init_default
                0x10000b20       0x38 CMakeFiles/blinky.dir/C_/VSARM/sdk/pico/pico-sdk/src/common/pico_time/time.c.obj
                0x10000b20                alarm_pool_init_default
 .text.alarm_pool_get_default
                0x10000b58       0x2c CMakeFiles/blinky.dir/C_/VSARM/sdk/pico/pico-sdk/src/common/pico_time/time.c.obj
                0x10000b58                alarm_pool_get_default
 .text.alarm_pool_add_alarm_at
                0x10000b84      0x170 CMakeFiles/blinky.dir/C_/VSARM/sdk/pico/pico-sdk/src/common/pico_time/time.c.obj
                0x10000b84                alarm_pool_add_alarm_at
 .text.alarm_pool_cancel_alarm
                0x10000cf4       0xec CMakeFiles/blinky.dir/C_/VSARM/sdk/pico/pico-sdk/src/common/pico_time/time.c.obj
                0x10000cf4                alarm_pool_cancel_alarm
 .text.sleep_until
                0x10000de0       0xfc CMakeFiles/blinky.dir/C_/VSARM/sdk/pico/pico-sdk/src/common/pico_time/time.c.obj
                0x10000de0                sleep_until
 .text.sleep_us
                0x10000edc       0x58 CMakeFiles/blinky.dir/C_/VSARM/sdk/pico/pico-sdk/src/common/pico_time/time.c.obj
                0x10000edc                sleep_us
 .text.sleep_ms
                0x10000f34       0x14 CMakeFiles/blinky.dir/C_/VSARM/sdk/pico/pico-sdk/src/common/pico_time/time.c.obj
                0x10000f34                sleep_ms
 .text.best_effort_wfe_or_timeout
                0x10000f48       0x80 CMakeFiles/blinky.dir/C_/VSARM/sdk/pico/pico-sdk/src/common/pico_time/time.c.obj
                0x10000f48                best_effort_wfe_or_timeout
 .text.hardware_alarm_irq_handler
                0x10000fc8       0x8c CMakeFiles/blinky.dir/C_/VSARM/sdk/pico/pico-sdk/src/rp2_common/hardware_timer/timer.c.obj
 .text.hardware_alarm_claim
                0x10001054       0x18 CMakeFiles/blinky.dir/C_/VSARM/sdk/pico/pico-sdk/src/rp2_common/hardware_timer/timer.c.obj
                0x10001054                hardware_alarm_claim
 .text.time_us_64
                0x1000106c       0x18 CMakeFiles/blinky.dir/C_/VSARM/sdk/pico/pico-sdk/src/rp2_common/hardware_timer/timer.c.obj
                0x1000106c                time_us_64
 .text.busy_wait_until
                0x10001084       0x28 CMakeFiles/blinky.dir/C_/VSARM/sdk/pico/pico-sdk/src/rp2_common/hardware_timer/timer.c.obj
                0x10001084                busy_wait_until
 .text.hardware_alarm_set_callback
                0x100010ac       0x90 CMakeFiles/blinky.dir/C_/VSARM/sdk/pico/pico-sdk/src/rp2_common/hardware_timer/timer.c.obj
                0x100010ac                hardware_alarm_set_callback
 .text.hardware_alarm_set_target
                0x1000113c       0xe8 CMakeFiles/blinky.dir/C_/VSARM/sdk/pico/pico-sdk/src/rp2_common/hardware_timer/timer.c.obj
                0x1000113c                hardware_alarm_set_target
 .text.hardware_alarm_cancel
                0x10001224       0x40 CMakeFiles/blinky.dir/C_/VSARM/sdk/pico/pico-sdk/src/rp2_common/hardware_timer/timer.c.obj
                0x10001224                hardware_alarm_cancel
 .text.lock_init
                0x10001264       0x10 CMakeFiles/blinky.dir/C_/VSARM/sdk/pico/pico-sdk/src/common/pico_sync/lock_core.c.obj
                0x10001264                lock_init
 .text.mutex_init_internal
                0x10001274       0x1e CMakeFiles/blinky.dir/C_/VSARM/sdk/pico/pico-sdk/src/common/pico_sync/mutex.c.obj
 .text.mutex_init
                0x10001292        0xa CMakeFiles/blinky.dir/C_/VSARM/sdk/pico/pico-sdk/src/common/pico_sync/mutex.c.obj
                0x10001292                mutex_init
 .text.recursive_mutex_init
                0x1000129c        0xa CMakeFiles/blinky.dir/C_/VSARM/sdk/pico/pico-sdk/src/common/pico_sync/mutex.c.obj
                0x1000129c                recursive_mutex_init
 *fill*         0x100012a6        0x2 
 .text.critical_section_init_with_lock_num
                0x100012a8       0x14 CMakeFiles/blinky.dir/C_/VSARM/sdk/pico/pico-sdk/src/common/pico_sync/critical_section.c.obj
                0x100012a8                critical_section_init_with_lock_num
 .text.critical_section_init
                0x100012bc       0x14 CMakeFiles/blinky.dir/C_/VSARM/sdk/pico/pico-sdk/src/common/pico_sync/critical_section.c.obj
                0x100012bc                critical_section_init
 .text.ph_add_child_node
                0x100012d0       0xa4 CMakeFiles/blinky.dir/C_/VSARM/sdk/pico/pico-sdk/src/common/pico_util/pheap.c.obj
 .text.ph_merge_nodes
                0x10001374       0x3e CMakeFiles/blinky.dir/C_/VSARM/sdk/pico/pico-sdk/src/common/pico_util/pheap.c.obj
 *fill*         0x100013b2        0x2 
 .text.ph_clear
                0x100013b4       0x70 CMakeFiles/blinky.dir/C_/VSARM/sdk/pico/pico-sdk/src/common/pico_util/pheap.c.obj
                0x100013b4                ph_clear
 .text.ph_post_alloc_init
                0x10001424        0xe CMakeFiles/blinky.dir/C_/VSARM/sdk/pico/pico-sdk/src/common/pico_util/pheap.c.obj
                0x10001424                ph_post_alloc_init
 *fill*         0x10001432        0x2 
 .text.ph_merge_two_pass
                0x10001434       0xa8 CMakeFiles/blinky.dir/C_/VSARM/sdk/pico/pico-sdk/src/common/pico_util/pheap.c.obj
                0x10001434                ph_merge_two_pass
 .text.ph_remove_any_head
                0x100014dc      0x108 CMakeFiles/blinky.dir/C_/VSARM/sdk/pico/pico-sdk/src/common/pico_util/pheap.c.obj
 .text.ph_remove_head
                0x100015e4       0x14 CMakeFiles/blinky.dir/C_/VSARM/sdk/pico/pico-sdk/src/common/pico_util/pheap.c.obj
                0x100015e4                ph_remove_head
 .text.ph_remove_and_free_node
                0x100015f8       0xf8 CMakeFiles/blinky.dir/C_/VSARM/sdk/pico/pico-sdk/src/common/pico_util/pheap.c.obj
                0x100015f8                ph_remove_and_free_node
 .text.runtime_init
                0x100016f0       0xd8 CMakeFiles/blinky.dir/C_/VSARM/sdk/pico/pico-sdk/src/rp2_common/pico_runtime/runtime.c.obj
                0x100016f0                runtime_init
 .text._exit    0x100017c8        0x4 CMakeFiles/blinky.dir/C_/VSARM/sdk/pico/pico-sdk/src/rp2_common/pico_runtime/runtime.c.obj
                0x100017c8                _exit
 .text.exit     0x100017cc        0x6 CMakeFiles/blinky.dir/C_/VSARM/sdk/pico/pico-sdk/src/rp2_common/pico_runtime/runtime.c.obj
                0x100017cc                exit
 *fill*         0x100017d2        0x2 
 .text.__assert_func
                0x100017d4       0x3c CMakeFiles/blinky.dir/C_/VSARM/sdk/pico/pico-sdk/src/rp2_common/pico_runtime/runtime.c.obj
                0x100017d4                __assert_func
 .text.panic    0x10001810       0x30 CMakeFiles/blinky.dir/C_/VSARM/sdk/pico/pico-sdk/src/rp2_common/pico_runtime/runtime.c.obj
                0x10001810                panic
 .text.clock_configure
                0x10001840      0x104 CMakeFiles/blinky.dir/C_/VSARM/sdk/pico/pico-sdk/src/rp2_common/hardware_clocks/clocks.c.obj
                0x10001840                clock_configure
 .text.clocks_init
                0x10001944      0x100 CMakeFiles/blinky.dir/C_/VSARM/sdk/pico/pico-sdk/src/rp2_common/hardware_clocks/clocks.c.obj
                0x10001944                clocks_init
 .text.set_raw_irq_handler_and_unlock
                0x10001a44       0x28 CMakeFiles/blinky.dir/C_/VSARM/sdk/pico/pico-sdk/src/rp2_common/hardware_irq/irq.c.obj
 .text.make_branch
                0x10001a6c       0x34 CMakeFiles/blinky.dir/C_/VSARM/sdk/pico/pico-sdk/src/rp2_common/hardware_irq/irq.c.obj
 .text.insert_branch_and_link
                0x10001aa0       0x40 CMakeFiles/blinky.dir/C_/VSARM/sdk/pico/pico-sdk/src/rp2_common/hardware_irq/irq.c.obj
 .text.irq_is_enabled
                0x10001ae0       0x18 CMakeFiles/blinky.dir/C_/VSARM/sdk/pico/pico-sdk/src/rp2_common/hardware_irq/irq.c.obj
                0x10001ae0                irq_is_enabled
 .text.irq_set_mask_enabled
                0x10001af8       0x20 CMakeFiles/blinky.dir/C_/VSARM/sdk/pico/pico-sdk/src/rp2_common/hardware_irq/irq.c.obj
                0x10001af8                irq_set_mask_enabled
 .text.irq_set_enabled
                0x10001b18        0xe CMakeFiles/blinky.dir/C_/VSARM/sdk/pico/pico-sdk/src/rp2_common/hardware_irq/irq.c.obj
                0x10001b18                irq_set_enabled
 *fill*         0x10001b26        0x2 
 .text.irq_set_pending
                0x10001b28       0x10 CMakeFiles/blinky.dir/C_/VSARM/sdk/pico/pico-sdk/src/rp2_common/hardware_irq/irq.c.obj
                0x10001b28                irq_set_pending
 .text.irq_get_vtable_handler
                0x10001b38       0x10 CMakeFiles/blinky.dir/C_/VSARM/sdk/pico/pico-sdk/src/rp2_common/hardware_irq/irq.c.obj
                0x10001b38                irq_get_vtable_handler
 .text.irq_set_exclusive_handler
                0x10001b48       0x54 CMakeFiles/blinky.dir/C_/VSARM/sdk/pico/pico-sdk/src/rp2_common/hardware_irq/irq.c.obj
                0x10001b48                irq_set_exclusive_handler
 .text.irq_remove_handler
                0x10001b9c      0x1ac CMakeFiles/blinky.dir/C_/VSARM/sdk/pico/pico-sdk/src/rp2_common/hardware_irq/irq.c.obj
                0x10001b9c                irq_remove_handler
 .text.irq_set_priority
                0x10001d48       0x28 CMakeFiles/blinky.dir/C_/VSARM/sdk/pico/pico-sdk/src/rp2_common/hardware_irq/irq.c.obj
                0x10001d48                irq_set_priority
 .text.irq_add_tail_to_free_list
                0x10001d70       0xf0 CMakeFiles/blinky.dir/C_/VSARM/sdk/pico/pico-sdk/src/rp2_common/hardware_irq/irq.c.obj
                0x10001d70                irq_add_tail_to_free_list
 .text.irq_init_priorities
                0x10001e60       0x16 CMakeFiles/blinky.dir/C_/VSARM/sdk/pico/pico-sdk/src/rp2_common/hardware_irq/irq.c.obj
                0x10001e60                irq_init_priorities
 *fill*         0x10001e76        0x2 
 .text.pll_init
                0x10001e78      0x118 CMakeFiles/blinky.dir/C_/VSARM/sdk/pico/pico-sdk/src/rp2_common/hardware_pll/pll.c.obj
                0x10001e78                pll_init
 .text.watchdog_start_tick
                0x10001f90       0x10 CMakeFiles/blinky.dir/C_/VSARM/sdk/pico/pico-sdk/src/rp2_common/hardware_watchdog/watchdog.c.obj
                0x10001f90                watchdog_start_tick
 .text.watchdog_update
                0x10001fa0       0x14 CMakeFiles/blinky.dir/C_/VSARM/sdk/pico/pico-sdk/src/rp2_common/hardware_watchdog/watchdog.c.obj
                0x10001fa0                watchdog_update
 .text._watchdog_enable
                0x10001fb4       0x70 CMakeFiles/blinky.dir/C_/VSARM/sdk/pico/pico-sdk/src/rp2_common/hardware_watchdog/watchdog.c.obj
                0x10001fb4                _watchdog_enable
 .text.watchdog_reboot
                0x10002024       0x48 CMakeFiles/blinky.dir/C_/VSARM/sdk/pico/pico-sdk/src/rp2_common/hardware_watchdog/watchdog.c.obj
                0x10002024                watchdog_reboot
 .text.xosc_init
                0x1000206c       0x28 CMakeFiles/blinky.dir/C_/VSARM/sdk/pico/pico-sdk/src/rp2_common/hardware_xosc/xosc.c.obj
                0x1000206c                xosc_init
 .text._out_null
                0x10002094        0x2 CMakeFiles/blinky.dir/C_/VSARM/sdk/pico/pico-sdk/src/rp2_common/pico_printf/printf.c.obj
 .text._out_fct
                0x10002096        0xe CMakeFiles/blinky.dir/C_/VSARM/sdk/pico/pico-sdk/src/rp2_common/pico_printf/printf.c.obj
 .text._atoi    0x100020a4       0x24 CMakeFiles/blinky.dir/C_/VSARM/sdk/pico/pico-sdk/src/rp2_common/pico_printf/printf.c.obj
 .text._out_rev
                0x100020c8       0xae CMakeFiles/blinky.dir/C_/VSARM/sdk/pico/pico-sdk/src/rp2_common/pico_printf/printf.c.obj
 .text._ntoa_format
                0x10002176      0x112 CMakeFiles/blinky.dir/C_/VSARM/sdk/pico/pico-sdk/src/rp2_common/pico_printf/printf.c.obj
 .text._ntoa_long
                0x10002288       0xbc CMakeFiles/blinky.dir/C_/VSARM/sdk/pico/pico-sdk/src/rp2_common/pico_printf/printf.c.obj
 .text._ntoa_long_long
                0x10002344       0xe2 CMakeFiles/blinky.dir/C_/VSARM/sdk/pico/pico-sdk/src/rp2_common/pico_printf/printf.c.obj
 *fill*         0x10002426        0x2 
 .text._etoa    0x10002428      0x414 CMakeFiles/blinky.dir/C_/VSARM/sdk/pico/pico-sdk/src/rp2_common/pico_printf/printf.c.obj
 .text._ftoa    0x1000283c      0x354 CMakeFiles/blinky.dir/C_/VSARM/sdk/pico/pico-sdk/src/rp2_common/pico_printf/printf.c.obj
 .text._vsnprintf
                0x10002b90      0x624 CMakeFiles/blinky.dir/C_/VSARM/sdk/pico/pico-sdk/src/rp2_common/pico_printf/printf.c.obj
 .text.vfctprintf
                0x100031b4       0x20 CMakeFiles/blinky.dir/C_/VSARM/sdk/pico/pico-sdk/src/rp2_common/pico_printf/printf.c.obj
                0x100031b4                vfctprintf
 .text          0x100031d4       0x10 CMakeFiles/blinky.dir/C_/VSARM/sdk/pico/pico-sdk/src/rp2_common/pico_bit_ops/bit_ops_aeabi.S.obj
 .text.rom_func_lookup
                0x100031e4       0x10 CMakeFiles/blinky.dir/C_/VSARM/sdk/pico/pico-sdk/src/rp2_common/pico_bootrom/bootrom.c.obj
                0x100031e4                rom_func_lookup
 .text.rom_data_lookup
                0x100031f4       0x10 CMakeFiles/blinky.dir/C_/VSARM/sdk/pico/pico-sdk/src/rp2_common/pico_bootrom/bootrom.c.obj
                0x100031f4                rom_data_lookup
 .text.rom_funcs_lookup
                0x10003204       0x36 CMakeFiles/blinky.dir/C_/VSARM/sdk/pico/pico-sdk/src/rp2_common/pico_bootrom/bootrom.c.obj
                0x10003204                rom_funcs_lookup
 *fill*         0x1000323a        0x2 
 .text.__wrap___aeabi_idiv
                0x1000323c       0x50 CMakeFiles/blinky.dir/C_/VSARM/sdk/pico/pico-sdk/src/rp2_common/pico_divider/divider.S.obj
                0x1000323c                __wrap___aeabi_idivmod
                0x1000323c                divmod_s32s32
                0x1000323c                div_s32s32
                0x1000323c                __wrap___aeabi_idiv
                0x10003244                divmod_s32s32_unsafe
                0x10003270                divmod_s32s32_savestate
 .text.__wrap___aeabi_uidiv
                0x1000328c       0x4c CMakeFiles/blinky.dir/C_/VSARM/sdk/pico/pico-sdk/src/rp2_common/pico_divider/divider.S.obj
                0x1000328c                __wrap___aeabi_uidiv
                0x1000328c                __wrap___aeabi_uidivmod
                0x1000328c                div_u32u32
                0x1000328c                divmod_u32u32
                0x10003294                divmod_u32u32_unsafe
                0x100032bc                divmod_u32u32_savestate
 .text.__wrap___aeabi_ldiv
                0x100032d8      0x430 CMakeFiles/blinky.dir/C_/VSARM/sdk/pico/pico-sdk/src/rp2_common/pico_divider/divider.S.obj
                0x100032d8                div_s64s64
                0x100032d8                divmod_s64s64
                0x100032d8                __wrap___aeabi_ldivmod
                0x10003310                divmod_u64u64
                0x10003310                div_u64u64
                0x10003310                __wrap___aeabi_uldivmod
                0x10003320                divmod_u64u64_savestate
                0x10003348                divmod_s64s64_unsafe
                0x100033d0                divmod_u64u64_unsafe
 .text.__wrap___aeabi_darithmetic
                0x10003708       0x80 CMakeFiles/blinky.dir/C_/VSARM/sdk/pico/pico-sdk/src/rp2_common/pico_double/double_aeabi.S.obj
                0x10003708                __wrap___aeabi_drsub
                0x1000370e                __wrap___aeabi_dsub
                0x10003720                __wrap___aeabi_dadd
                0x10003732                __wrap___aeabi_ddiv
                0x1000376e                __wrap___aeabi_dmul
 .text.__wrap___aeabi_cdcmple
                0x10003788       0x6c CMakeFiles/blinky.dir/C_/VSARM/sdk/pico/pico-sdk/src/rp2_common/pico_double/double_aeabi.S.obj
                0x10003788                __wrap___aeabi_cdrcmple
                0x10003798                __wrap___aeabi_cdcmpeq
                0x10003798                __wrap___aeabi_cdcmple
 .text.__wrap___aeabi_dcmplt
                0x100037f4        0xc CMakeFiles/blinky.dir/C_/VSARM/sdk/pico/pico-sdk/src/rp2_common/pico_double/double_aeabi.S.obj
                0x100037f4                __wrap___aeabi_dcmplt
 .text.__wrap___aeabi_dcmple
                0x10003800       0x10 CMakeFiles/blinky.dir/C_/VSARM/sdk/pico/pico-sdk/src/rp2_common/pico_double/double_aeabi.S.obj
                0x10003800                __wrap___aeabi_dcmple
 .text.__wrap___aeabi_dcmpge
                0x10003810       0x10 CMakeFiles/blinky.dir/C_/VSARM/sdk/pico/pico-sdk/src/rp2_common/pico_double/double_aeabi.S.obj
                0x10003810                __wrap___aeabi_dcmpge
 .text.__wrap___aeabi_dcmpgt
                0x10003820        0xa CMakeFiles/blinky.dir/C_/VSARM/sdk/pico/pico-sdk/src/rp2_common/pico_double/double_aeabi.S.obj
                0x10003820                __wrap___aeabi_dcmpgt
 .text.__wrap___aeabi_dcmpun
                0x1000382a       0x1c CMakeFiles/blinky.dir/C_/VSARM/sdk/pico/pico-sdk/src/rp2_common/pico_double/double_aeabi.S.obj
                0x1000382a                __wrap___aeabi_dcmpun
 *fill*         0x10003846        0x2 
 .text.__wrap___aeabi_i2d
                0x10003848       0x38 CMakeFiles/blinky.dir/C_/VSARM/sdk/pico/pico-sdk/src/rp2_common/pico_double/double_aeabi.S.obj
                0x10003848                __wrap___aeabi_ui2d
                0x10003850                __wrap___aeabi_i2d
 .text.__wrap___aeabi_d2iz
                0x10003880       0x48 CMakeFiles/blinky.dir/C_/VSARM/sdk/pico/pico-sdk/src/rp2_common/pico_double/double_aeabi.S.obj
                0x10003880                double2int_z
                0x10003880                __wrap___aeabi_d2iz
 .text.__wrap___aeabi_d2uiz
                0x100038c8       0x18 CMakeFiles/blinky.dir/C_/VSARM/sdk/pico/pico-sdk/src/rp2_common/pico_double/double_aeabi.S.obj
                0x100038c8                __wrap___aeabi_d2uiz
                0x100038c8                double2uint
 .text.__aeabi_double_init
                0x100038e0       0xb8 CMakeFiles/blinky.dir/C_/VSARM/sdk/pico/pico-sdk/src/rp2_common/pico_double/double_init_rom.c.obj
                0x100038e0                __aeabi_double_init
 .text.double_table_shim_on_use_helper
                0x10003998       0x34 CMakeFiles/blinky.dir/C_/VSARM/sdk/pico/pico-sdk/src/rp2_common/pico_double/double_v1_rom_shim.S.obj
                0x10003998                double_table_shim_on_use_helper
 .text.__wrap___aeabi_dsub
                0x100039cc       0x10 CMakeFiles/blinky.dir/C_/VSARM/sdk/pico/pico-sdk/src/rp2_common/pico_double/double_v1_rom_shim.S.obj
                0x100039cc                drsub_shim
                0x100039d2                dsub_shim
 .text.dadd_shim
                0x100039dc      0x15c CMakeFiles/blinky.dir/C_/VSARM/sdk/pico/pico-sdk/src/rp2_common/pico_double/double_v1_rom_shim.S.obj
                0x100039dc                dadd_shim
 .text.dmul_shim
                0x10003b38      0x15c CMakeFiles/blinky.dir/C_/VSARM/sdk/pico/pico-sdk/src/rp2_common/pico_double/double_v1_rom_shim.S.obj
                0x10003b38                dmul_shim
 .text.ddiv_shim
                0x10003c94      0x1b0 CMakeFiles/blinky.dir/C_/VSARM/sdk/pico/pico-sdk/src/rp2_common/pico_double/double_v1_rom_shim.S.obj
                0x10003c94                ddiv_shim
 .text.dcordic_rot_step
                0x10003e44       0x7c CMakeFiles/blinky.dir/C_/VSARM/sdk/pico/pico-sdk/src/rp2_common/pico_double/double_v1_rom_shim.S.obj
                0x10003e44                dcordic_rot_step
 .text.double2uint_shim
                0x10003ec0        0xe CMakeFiles/blinky.dir/C_/VSARM/sdk/pico/pico-sdk/src/rp2_common/pico_double/double_v1_rom_shim.S.obj
                0x10003ec0                double2uint_shim
                0x10003ec2                double2ufix_shim
 *fill*         0x10003ece        0x2 
 .text.double2uint64_shim
                0x10003ed0       0x6c CMakeFiles/blinky.dir/C_/VSARM/sdk/pico/pico-sdk/src/rp2_common/pico_double/double_v1_rom_shim.S.obj
                0x10003ed0                double2uint64_shim
                0x10003ed2                double2ufix64_shim
                0x10003eec                d2fix_a
 .text.dunpacks
                0x10003f3c       0x3c CMakeFiles/blinky.dir/C_/VSARM/sdk/pico/pico-sdk/src/rp2_common/pico_double/double_v1_rom_shim.S.obj
                0x10003f3c                dunpacks
 .text.__aeabi_lmul
                0x10003f78       0x32 CMakeFiles/blinky.dir/C_/VSARM/sdk/pico/pico-sdk/src/rp2_common/pico_int64_ops/pico_int64_ops_aeabi.S.obj
                0x10003f78                __wrap___aeabi_lmul
 *fill*         0x10003faa        0x2 
 .text.__aeabi_float_init
                0x10003fac       0xfc CMakeFiles/blinky.dir/C_/VSARM/sdk/pico/pico-sdk/src/rp2_common/pico_float/float_init_rom.c.obj
                0x10003fac                __aeabi_float_init
 .text.float_table_shim_on_use_helper
                0x100040a8       0x34 CMakeFiles/blinky.dir/C_/VSARM/sdk/pico/pico-sdk/src/rp2_common/pico_float/float_v1_rom_shim.S.obj
                0x100040a8                float_table_shim_on_use_helper
 .text          0x100040dc       0x10 CMakeFiles/blinky.dir/C_/VSARM/sdk/pico/pico-sdk/src/rp2_common/pico_mem_ops/mem_ops_aeabi.S.obj
                0x100040dc                __aeabi_mem_init
 .text.memset   0x100040ec        0xc CMakeFiles/blinky.dir/C_/VSARM/sdk/pico/pico-sdk/src/rp2_common/pico_mem_ops/mem_ops_aeabi.S.obj
                0x100040ec                __wrap_memset
 .text.memcpy   0x100040f8        0xc CMakeFiles/blinky.dir/C_/VSARM/sdk/pico/pico-sdk/src/rp2_common/pico_mem_ops/mem_ops_aeabi.S.obj
                0x100040f8                __wrap_memcpy
                0x100040f8                __wrap___aeabi_memcpy
 .text.stdio_out_chars_crlf
                0x10004104       0x80 CMakeFiles/blinky.dir/C_/VSARM/sdk/pico/pico-sdk/src/rp2_common/pico_stdio/stdio.c.obj
 .text.stdio_stack_buffer_flush
                0x10004184       0x44 CMakeFiles/blinky.dir/C_/VSARM/sdk/pico/pico-sdk/src/rp2_common/pico_stdio/stdio.c.obj
 .text.stdio_buffered_printer
                0x100041c8       0x20 CMakeFiles/blinky.dir/C_/VSARM/sdk/pico/pico-sdk/src/rp2_common/pico_stdio/stdio.c.obj
 .text.stdout_serialize_begin
                0x100041e8       0x30 CMakeFiles/blinky.dir/C_/VSARM/sdk/pico/pico-sdk/src/rp2_common/pico_stdio/stdio.c.obj
                0x100041e8                stdout_serialize_begin
 .text.stdout_serialize_end
                0x10004218       0x10 CMakeFiles/blinky.dir/C_/VSARM/sdk/pico/pico-sdk/src/rp2_common/pico_stdio/stdio.c.obj
                0x10004218                stdout_serialize_end
 .text.stdio_put_string
                0x10004228       0x84 CMakeFiles/blinky.dir/C_/VSARM/sdk/pico/pico-sdk/src/rp2_common/pico_stdio/stdio.c.obj
 .text.stdio_set_driver_enabled
                0x100042ac       0x38 CMakeFiles/blinky.dir/C_/VSARM/sdk/pico/pico-sdk/src/rp2_common/pico_stdio/stdio.c.obj
                0x100042ac                stdio_set_driver_enabled
 .text.stdio_flush
                0x100042e4       0x20 CMakeFiles/blinky.dir/C_/VSARM/sdk/pico/pico-sdk/src/rp2_common/pico_stdio/stdio.c.obj
                0x100042e4                stdio_flush
 .text.__wrap_puts
                0x10004304       0x1c CMakeFiles/blinky.dir/C_/VSARM/sdk/pico/pico-sdk/src/rp2_common/pico_stdio/stdio.c.obj
                0x10004304                __wrap_puts
 .text.__wrap_vprintf
                0x10004320       0x44 CMakeFiles/blinky.dir/C_/VSARM/sdk/pico/pico-sdk/src/rp2_common/pico_stdio/stdio.c.obj
                0x10004320                __wrap_vprintf
 .text.__wrap_printf
                0x10004364       0x18 CMakeFiles/blinky.dir/C_/VSARM/sdk/pico/pico-sdk/src/rp2_common/pico_stdio/stdio.c.obj
                0x10004364                __wrap_printf
 .text.stdio_init_all
                0x1000437c        0x8 CMakeFiles/blinky.dir/C_/VSARM/sdk/pico/pico-sdk/src/rp2_common/pico_stdio/stdio.c.obj
                0x1000437c                stdio_init_all
 .text.resetd_init
                0x10004384        0x2 CMakeFiles/blinky.dir/C_/VSARM/sdk/pico/pico-sdk/src/rp2_common/pico_stdio_usb/reset_interface.c.obj
 *fill*         0x10004386        0x2 
 .text.resetd_reset
                0x10004388        0xc CMakeFiles/blinky.dir/C_/VSARM/sdk/pico/pico-sdk/src/rp2_common/pico_stdio_usb/reset_interface.c.obj
 .text.resetd_open
                0x10004394       0x34 CMakeFiles/blinky.dir/C_/VSARM/sdk/pico/pico-sdk/src/rp2_common/pico_stdio_usb/reset_interface.c.obj
 .text.resetd_xfer_cb
                0x100043c8        0x4 CMakeFiles/blinky.dir/C_/VSARM/sdk/pico/pico-sdk/src/rp2_common/pico_stdio_usb/reset_interface.c.obj
 .text.reset_usb_boot
                0x100043cc       0x18 CMakeFiles/blinky.dir/C_/VSARM/sdk/pico/pico-sdk/src/rp2_common/pico_stdio_usb/reset_interface.c.obj
 .text.resetd_control_xfer_cb
                0x100043e4       0x5c CMakeFiles/blinky.dir/C_/VSARM/sdk/pico/pico-sdk/src/rp2_common/pico_stdio_usb/reset_interface.c.obj
 .text.usbd_app_driver_get_cb
                0x10004440        0xc CMakeFiles/blinky.dir/C_/VSARM/sdk/pico/pico-sdk/src/rp2_common/pico_stdio_usb/reset_interface.c.obj
                0x10004440                usbd_app_driver_get_cb
 .text.tud_cdc_line_coding_cb
                0x1000444c       0x28 CMakeFiles/blinky.dir/C_/VSARM/sdk/pico/pico-sdk/src/rp2_common/pico_stdio_usb/reset_interface.c.obj
                0x1000444c                tud_cdc_line_coding_cb
 .text.stdio_usb_in_chars
                0x10004474       0x70 CMakeFiles/blinky.dir/C_/VSARM/sdk/pico/pico-sdk/src/rp2_common/pico_stdio_usb/stdio_usb.c.obj
                0x10004474                stdio_usb_in_chars
 .text.low_priority_worker_irq
                0x100044e4       0x20 CMakeFiles/blinky.dir/C_/VSARM/sdk/pico/pico-sdk/src/rp2_common/pico_stdio_usb/stdio_usb.c.obj
 .text.stdio_usb_out_chars
                0x10004504       0xd4 CMakeFiles/blinky.dir/C_/VSARM/sdk/pico/pico-sdk/src/rp2_common/pico_stdio_usb/stdio_usb.c.obj
 .text.timer_task
                0x100045d8       0x10 CMakeFiles/blinky.dir/C_/VSARM/sdk/pico/pico-sdk/src/rp2_common/pico_stdio_usb/stdio_usb.c.obj
 .text.stdio_usb_init
                0x100045e8       0xb8 CMakeFiles/blinky.dir/C_/VSARM/sdk/pico/pico-sdk/src/rp2_common/pico_stdio_usb/stdio_usb.c.obj
                0x100045e8                stdio_usb_init
 .text.tud_descriptor_device_cb
                0x100046a0        0x8 CMakeFiles/blinky.dir/C_/VSARM/sdk/pico/pico-sdk/src/rp2_common/pico_stdio_usb/stdio_usb_descriptors.c.obj
                0x100046a0                tud_descriptor_device_cb
 .text.tud_descriptor_configuration_cb
                0x100046a8        0x8 CMakeFiles/blinky.dir/C_/VSARM/sdk/pico/pico-sdk/src/rp2_common/pico_stdio_usb/stdio_usb_descriptors.c.obj
                0x100046a8                tud_descriptor_configuration_cb
 .text.tud_descriptor_string_cb
                0x100046b0       0x68 CMakeFiles/blinky.dir/C_/VSARM/sdk/pico/pico-sdk/src/rp2_common/pico_stdio_usb/stdio_usb_descriptors.c.obj
                0x100046b0                tud_descriptor_string_cb
 .text.hw_endpoint_get_by_addr
                0x10004718       0x18 CMakeFiles/blinky.dir/C_/VSARM/sdk/pico/pico-sdk/lib/tinyusb/src/portable/raspberrypi/rp2040/dcd_rp2040.c.obj
 .text.reset_ep0
                0x10004730       0x2c CMakeFiles/blinky.dir/C_/VSARM/sdk/pico/pico-sdk/lib/tinyusb/src/portable/raspberrypi/rp2040/dcd_rp2040.c.obj
 .text._hw_endpoint_alloc
                0x1000475c       0x80 CMakeFiles/blinky.dir/C_/VSARM/sdk/pico/pico-sdk/lib/tinyusb/src/portable/raspberrypi/rp2040/dcd_rp2040.c.obj
 .text._hw_endpoint_init
                0x100047dc       0xbc CMakeFiles/blinky.dir/C_/VSARM/sdk/pico/pico-sdk/lib/tinyusb/src/portable/raspberrypi/rp2040/dcd_rp2040.c.obj
 .text.hw_endpoint_init
                0x10004898       0x18 CMakeFiles/blinky.dir/C_/VSARM/sdk/pico/pico-sdk/lib/tinyusb/src/portable/raspberrypi/rp2040/dcd_rp2040.c.obj
 .text.hw_handle_buff_status
                0x100048b0       0xb4 CMakeFiles/blinky.dir/C_/VSARM/sdk/pico/pico-sdk/lib/tinyusb/src/portable/raspberrypi/rp2040/dcd_rp2040.c.obj
 .text.dcd_rp2040_irq
                0x10004964       0xa8 CMakeFiles/blinky.dir/C_/VSARM/sdk/pico/pico-sdk/lib/tinyusb/src/portable/raspberrypi/rp2040/dcd_rp2040.c.obj
 .text.hw_endpoint_xfer
                0x10004a0c       0x18 CMakeFiles/blinky.dir/C_/VSARM/sdk/pico/pico-sdk/lib/tinyusb/src/portable/raspberrypi/rp2040/dcd_rp2040.c.obj
 .text.ep0_0len_status
                0x10004a24       0x14 CMakeFiles/blinky.dir/C_/VSARM/sdk/pico/pico-sdk/lib/tinyusb/src/portable/raspberrypi/rp2040/dcd_rp2040.c.obj
 .text._hw_endpoint_stall
                0x10004a38       0x54 CMakeFiles/blinky.dir/C_/VSARM/sdk/pico/pico-sdk/lib/tinyusb/src/portable/raspberrypi/rp2040/dcd_rp2040.c.obj
 .text.hw_endpoint_stall
                0x10004a8c        0xc CMakeFiles/blinky.dir/C_/VSARM/sdk/pico/pico-sdk/lib/tinyusb/src/portable/raspberrypi/rp2040/dcd_rp2040.c.obj
 .text._hw_endpoint_clear_stall
                0x10004a98       0x34 CMakeFiles/blinky.dir/C_/VSARM/sdk/pico/pico-sdk/lib/tinyusb/src/portable/raspberrypi/rp2040/dcd_rp2040.c.obj
 .text.hw_endpoint_clear_stall
                0x10004acc        0xc CMakeFiles/blinky.dir/C_/VSARM/sdk/pico/pico-sdk/lib/tinyusb/src/portable/raspberrypi/rp2040/dcd_rp2040.c.obj
 .text.dcd_int_enable
                0x10004ad8       0x2c CMakeFiles/blinky.dir/C_/VSARM/sdk/pico/pico-sdk/lib/tinyusb/src/portable/raspberrypi/rp2040/dcd_rp2040.c.obj
                0x10004ad8                dcd_int_enable
 .text.dcd_set_address
                0x10004b04       0x28 CMakeFiles/blinky.dir/C_/VSARM/sdk/pico/pico-sdk/lib/tinyusb/src/portable/raspberrypi/rp2040/dcd_rp2040.c.obj
                0x10004b04                dcd_set_address
 .text.dcd_connect
                0x10004b2c       0x30 CMakeFiles/blinky.dir/C_/VSARM/sdk/pico/pico-sdk/lib/tinyusb/src/portable/raspberrypi/rp2040/dcd_rp2040.c.obj
                0x10004b2c                dcd_connect
 .text.dcd_init
                0x10004b5c       0x84 CMakeFiles/blinky.dir/C_/VSARM/sdk/pico/pico-sdk/lib/tinyusb/src/portable/raspberrypi/rp2040/dcd_rp2040.c.obj
                0x10004b5c                dcd_init
 .text.dcd_edpt0_status_complete
                0x10004be0       0x40 CMakeFiles/blinky.dir/C_/VSARM/sdk/pico/pico-sdk/lib/tinyusb/src/portable/raspberrypi/rp2040/dcd_rp2040.c.obj
                0x10004be0                dcd_edpt0_status_complete
 .text.dcd_edpt_open
                0x10004c20       0x40 CMakeFiles/blinky.dir/C_/VSARM/sdk/pico/pico-sdk/lib/tinyusb/src/portable/raspberrypi/rp2040/dcd_rp2040.c.obj
                0x10004c20                dcd_edpt_open
 .text.dcd_edpt_xfer
                0x10004c60       0x34 CMakeFiles/blinky.dir/C_/VSARM/sdk/pico/pico-sdk/lib/tinyusb/src/portable/raspberrypi/rp2040/dcd_rp2040.c.obj
                0x10004c60                dcd_edpt_xfer
 .text.dcd_edpt_stall
                0x10004c94       0x28 CMakeFiles/blinky.dir/C_/VSARM/sdk/pico/pico-sdk/lib/tinyusb/src/portable/raspberrypi/rp2040/dcd_rp2040.c.obj
                0x10004c94                dcd_edpt_stall
 .text.dcd_edpt_clear_stall
                0x10004cbc       0x2c CMakeFiles/blinky.dir/C_/VSARM/sdk/pico/pico-sdk/lib/tinyusb/src/portable/raspberrypi/rp2040/dcd_rp2040.c.obj
                0x10004cbc                dcd_edpt_clear_stall
 .text.rp2040_usb_init
                0x10004ce8       0x50 CMakeFiles/blinky.dir/C_/VSARM/sdk/pico/pico-sdk/lib/tinyusb/src/portable/raspberrypi/rp2040/rp2040_usb.c.obj
                0x10004ce8                rp2040_usb_init
 .text.hw_endpoint_reset_transfer
                0x10004d38       0x10 CMakeFiles/blinky.dir/C_/VSARM/sdk/pico/pico-sdk/lib/tinyusb/src/portable/raspberrypi/rp2040/rp2040_usb.c.obj
                0x10004d38                hw_endpoint_reset_transfer
 .text._hw_endpoint_buffer_control_update32
                0x10004d48       0x58 CMakeFiles/blinky.dir/C_/VSARM/sdk/pico/pico-sdk/lib/tinyusb/src/portable/raspberrypi/rp2040/rp2040_usb.c.obj
                0x10004d48                _hw_endpoint_buffer_control_update32
 .text._hw_endpoint_start_next_buffer
                0x10004da0       0x50 CMakeFiles/blinky.dir/C_/VSARM/sdk/pico/pico-sdk/lib/tinyusb/src/portable/raspberrypi/rp2040/rp2040_usb.c.obj
                0x10004da0                _hw_endpoint_start_next_buffer
 .text._hw_endpoint_xfer_start
                0x10004df0       0x3e CMakeFiles/blinky.dir/C_/VSARM/sdk/pico/pico-sdk/lib/tinyusb/src/portable/raspberrypi/rp2040/rp2040_usb.c.obj
                0x10004df0                _hw_endpoint_xfer_start
 *fill*         0x10004e2e        0x2 
 .text._hw_endpoint_xfer_sync
                0x10004e30       0x74 CMakeFiles/blinky.dir/C_/VSARM/sdk/pico/pico-sdk/lib/tinyusb/src/portable/raspberrypi/rp2040/rp2040_usb.c.obj
                0x10004e30                _hw_endpoint_xfer_sync
 .text._hw_endpoint_xfer_continue
                0x10004ea4       0x60 CMakeFiles/blinky.dir/C_/VSARM/sdk/pico/pico-sdk/lib/tinyusb/src/portable/raspberrypi/rp2040/rp2040_usb.c.obj
                0x10004ea4                _hw_endpoint_xfer_continue
 .text._hw_endpoint_xfer
                0x10004f04       0x34 CMakeFiles/blinky.dir/C_/VSARM/sdk/pico/pico-sdk/lib/tinyusb/src/portable/raspberrypi/rp2040/rp2040_usb.c.obj
                0x10004f04                _hw_endpoint_xfer
 .text.mark_interface_endpoint
                0x10004f38       0x2a CMakeFiles/blinky.dir/C_/VSARM/sdk/pico/pico-sdk/lib/tinyusb/src/device/usbd.c.obj
 *fill*         0x10004f62        0x2 
 .text.usbd_reset
                0x10004f64       0x88 CMakeFiles/blinky.dir/C_/VSARM/sdk/pico/pico-sdk/lib/tinyusb/src/device/usbd.c.obj
 .text.invoke_class_control
                0x10004fec       0x1a CMakeFiles/blinky.dir/C_/VSARM/sdk/pico/pico-sdk/lib/tinyusb/src/device/usbd.c.obj
 *fill*         0x10005006        0x2 
 .text.process_set_config
                0x10005008      0x1d4 CMakeFiles/blinky.dir/C_/VSARM/sdk/pico/pico-sdk/lib/tinyusb/src/device/usbd.c.obj
 .text.process_get_descriptor
                0x100051dc       0xf8 CMakeFiles/blinky.dir/C_/VSARM/sdk/pico/pico-sdk/lib/tinyusb/src/device/usbd.c.obj
 .text.tud_mounted
                0x100052d4       0x10 CMakeFiles/blinky.dir/C_/VSARM/sdk/pico/pico-sdk/lib/tinyusb/src/device/usbd.c.obj
                0x100052d4                tud_mounted
 .text.tud_suspended
                0x100052e4       0x10 CMakeFiles/blinky.dir/C_/VSARM/sdk/pico/pico-sdk/lib/tinyusb/src/device/usbd.c.obj
                0x100052e4                tud_suspended
 .text.tud_inited
                0x100052f4        0xc CMakeFiles/blinky.dir/C_/VSARM/sdk/pico/pico-sdk/lib/tinyusb/src/device/usbd.c.obj
                0x100052f4                tud_inited
 .text.tud_init
                0x10005300       0xcc CMakeFiles/blinky.dir/C_/VSARM/sdk/pico/pico-sdk/lib/tinyusb/src/device/usbd.c.obj
                0x10005300                tud_init
 .text.dcd_event_handler
                0x100053cc      0x174 CMakeFiles/blinky.dir/C_/VSARM/sdk/pico/pico-sdk/lib/tinyusb/src/device/usbd.c.obj
                0x100053cc                dcd_event_handler
 .text.dcd_event_bus_signal
                0x10005540       0x26 CMakeFiles/blinky.dir/C_/VSARM/sdk/pico/pico-sdk/lib/tinyusb/src/device/usbd.c.obj
                0x10005540                dcd_event_bus_signal
 .text.dcd_event_bus_reset
                0x10005566       0x2a CMakeFiles/blinky.dir/C_/VSARM/sdk/pico/pico-sdk/lib/tinyusb/src/device/usbd.c.obj
                0x10005566                dcd_event_bus_reset
 .text.dcd_event_setup_received
                0x10005590       0x34 CMakeFiles/blinky.dir/C_/VSARM/sdk/pico/pico-sdk/lib/tinyusb/src/device/usbd.c.obj
                0x10005590                dcd_event_setup_received
 .text.dcd_event_xfer_complete
                0x100055c4       0x44 CMakeFiles/blinky.dir/C_/VSARM/sdk/pico/pico-sdk/lib/tinyusb/src/device/usbd.c.obj
                0x100055c4                dcd_event_xfer_complete
 .text.usbd_edpt_open
                0x10005608       0xe0 CMakeFiles/blinky.dir/C_/VSARM/sdk/pico/pico-sdk/lib/tinyusb/src/device/usbd.c.obj
                0x10005608                usbd_edpt_open
 .text.usbd_open_edpt_pair
                0x100056e8       0x8c CMakeFiles/blinky.dir/C_/VSARM/sdk/pico/pico-sdk/lib/tinyusb/src/device/usbd.c.obj
                0x100056e8                usbd_open_edpt_pair
 .text.usbd_edpt_claim
                0x10005774       0x8c CMakeFiles/blinky.dir/C_/VSARM/sdk/pico/pico-sdk/lib/tinyusb/src/device/usbd.c.obj
                0x10005774                usbd_edpt_claim
 .text.usbd_edpt_release
                0x10005800       0x68 CMakeFiles/blinky.dir/C_/VSARM/sdk/pico/pico-sdk/lib/tinyusb/src/device/usbd.c.obj
                0x10005800                usbd_edpt_release
 .text.usbd_edpt_xfer
                0x10005868       0x80 CMakeFiles/blinky.dir/C_/VSARM/sdk/pico/pico-sdk/lib/tinyusb/src/device/usbd.c.obj
                0x10005868                usbd_edpt_xfer
 .text.usbd_edpt_stall
                0x100058e8       0x2c CMakeFiles/blinky.dir/C_/VSARM/sdk/pico/pico-sdk/lib/tinyusb/src/device/usbd.c.obj
                0x100058e8                usbd_edpt_stall
 .text.usbd_edpt_clear_stall
                0x10005914       0x2c CMakeFiles/blinky.dir/C_/VSARM/sdk/pico/pico-sdk/lib/tinyusb/src/device/usbd.c.obj
                0x10005914                usbd_edpt_clear_stall
 .text.usbd_edpt_stalled
                0x10005940       0x1c CMakeFiles/blinky.dir/C_/VSARM/sdk/pico/pico-sdk/lib/tinyusb/src/device/usbd.c.obj
                0x10005940                usbd_edpt_stalled
 .text.process_control_request
                0x1000595c      0x380 CMakeFiles/blinky.dir/C_/VSARM/sdk/pico/pico-sdk/lib/tinyusb/src/device/usbd.c.obj
 .text.tud_task
                0x10005cdc      0x204 CMakeFiles/blinky.dir/C_/VSARM/sdk/pico/pico-sdk/lib/tinyusb/src/device/usbd.c.obj
                0x10005cdc                tud_task
 .text._data_stage_xact
                0x10005ee0       0x58 CMakeFiles/blinky.dir/C_/VSARM/sdk/pico/pico-sdk/lib/tinyusb/src/device/usbd_control.c.obj
 .text.tud_control_status
                0x10005f38       0x38 CMakeFiles/blinky.dir/C_/VSARM/sdk/pico/pico-sdk/lib/tinyusb/src/device/usbd_control.c.obj
                0x10005f38                tud_control_status
 .text.tud_control_xfer
                0x10005f70       0xa8 CMakeFiles/blinky.dir/C_/VSARM/sdk/pico/pico-sdk/lib/tinyusb/src/device/usbd_control.c.obj
                0x10005f70                tud_control_xfer
 .text.usbd_control_reset
                0x10006018       0x14 CMakeFiles/blinky.dir/C_/VSARM/sdk/pico/pico-sdk/lib/tinyusb/src/device/usbd_control.c.obj
                0x10006018                usbd_control_reset
 .text.usbd_control_set_complete_callback
                0x1000602c        0xc CMakeFiles/blinky.dir/C_/VSARM/sdk/pico/pico-sdk/lib/tinyusb/src/device/usbd_control.c.obj
                0x1000602c                usbd_control_set_complete_callback
 .text.usbd_control_set_request
                0x10006038       0x1c CMakeFiles/blinky.dir/C_/VSARM/sdk/pico/pico-sdk/lib/tinyusb/src/device/usbd_control.c.obj
                0x10006038                usbd_control_set_request
 .text.usbd_control_xfer_cb
                0x10006054       0xfc CMakeFiles/blinky.dir/C_/VSARM/sdk/pico/pico-sdk/lib/tinyusb/src/device/usbd_control.c.obj
                0x10006054                usbd_control_xfer_cb
 .text._prep_out_transaction
                0x10006150       0x46 CMakeFiles/blinky.dir/C_/VSARM/sdk/pico/pico-sdk/lib/tinyusb/src/class/cdc/cdc_device.c.obj
 *fill*         0x10006196        0x2 
 .text.tud_cdc_n_connected
                0x10006198       0x44 CMakeFiles/blinky.dir/C_/VSARM/sdk/pico/pico-sdk/lib/tinyusb/src/class/cdc/cdc_device.c.obj
                0x10006198                tud_cdc_n_connected
 .text.tud_cdc_n_available
                0x100061dc       0x18 CMakeFiles/blinky.dir/C_/VSARM/sdk/pico/pico-sdk/lib/tinyusb/src/class/cdc/cdc_device.c.obj
                0x100061dc                tud_cdc_n_available
 .text.tud_cdc_n_read
                0x100061f4       0x28 CMakeFiles/blinky.dir/C_/VSARM/sdk/pico/pico-sdk/lib/tinyusb/src/class/cdc/cdc_device.c.obj
                0x100061f4                tud_cdc_n_read
 .text.tud_cdc_n_write_flush
                0x1000621c       0xcc CMakeFiles/blinky.dir/C_/VSARM/sdk/pico/pico-sdk/lib/tinyusb/src/class/cdc/cdc_device.c.obj
                0x1000621c                tud_cdc_n_write_flush
 .text.tud_cdc_n_write
                0x100062e8       0x38 CMakeFiles/blinky.dir/C_/VSARM/sdk/pico/pico-sdk/lib/tinyusb/src/class/cdc/cdc_device.c.obj
                0x100062e8                tud_cdc_n_write
 .text.tud_cdc_n_write_available
                0x10006320       0x1c CMakeFiles/blinky.dir/C_/VSARM/sdk/pico/pico-sdk/lib/tinyusb/src/class/cdc/cdc_device.c.obj
                0x10006320                tud_cdc_n_write_available
 .text.cdcd_init
                0x1000633c       0xbc CMakeFiles/blinky.dir/C_/VSARM/sdk/pico/pico-sdk/lib/tinyusb/src/class/cdc/cdc_device.c.obj
                0x1000633c                cdcd_init
 .text.cdcd_reset
                0x100063f8       0x44 CMakeFiles/blinky.dir/C_/VSARM/sdk/pico/pico-sdk/lib/tinyusb/src/class/cdc/cdc_device.c.obj
                0x100063f8                cdcd_reset
 .text.cdcd_open
                0x1000643c      0x10c CMakeFiles/blinky.dir/C_/VSARM/sdk/pico/pico-sdk/lib/tinyusb/src/class/cdc/cdc_device.c.obj
                0x1000643c                cdcd_open
 .text.cdcd_control_xfer_cb
                0x10006548      0x134 CMakeFiles/blinky.dir/C_/VSARM/sdk/pico/pico-sdk/lib/tinyusb/src/class/cdc/cdc_device.c.obj
                0x10006548                cdcd_control_xfer_cb
 .text.cdcd_xfer_cb
                0x1000667c      0x144 CMakeFiles/blinky.dir/C_/VSARM/sdk/pico/pico-sdk/lib/tinyusb/src/class/cdc/cdc_device.c.obj
                0x1000667c                cdcd_xfer_cb
 .text.tusb_init
                0x100067c0       0x24 CMakeFiles/blinky.dir/C_/VSARM/sdk/pico/pico-sdk/lib/tinyusb/src/tusb.c.obj
                0x100067c0                tusb_init
 .text.tusb_inited
                0x100067e4        0xe CMakeFiles/blinky.dir/C_/VSARM/sdk/pico/pico-sdk/lib/tinyusb/src/tusb.c.obj
                0x100067e4                tusb_inited
 .text.advance_pointer
                0x100067f2       0x1e CMakeFiles/blinky.dir/C_/VSARM/sdk/pico/pico-sdk/lib/tinyusb/src/common/tusb_fifo.c.obj
 .text.backward_pointer
                0x10006810       0x1a CMakeFiles/blinky.dir/C_/VSARM/sdk/pico/pico-sdk/lib/tinyusb/src/common/tusb_fifo.c.obj
 .text.get_relative_pointer
                0x1000682a       0x10 CMakeFiles/blinky.dir/C_/VSARM/sdk/pico/pico-sdk/lib/tinyusb/src/common/tusb_fifo.c.obj
 .text._tu_fifo_peek
                0x1000683a       0x50 CMakeFiles/blinky.dir/C_/VSARM/sdk/pico/pico-sdk/lib/tinyusb/src/common/tusb_fifo.c.obj
 .text._ff_pull_const_addr
                0x1000688a       0x4c CMakeFiles/blinky.dir/C_/VSARM/sdk/pico/pico-sdk/lib/tinyusb/src/common/tusb_fifo.c.obj
 .text._ff_pull_n
                0x100068d6      0x10c CMakeFiles/blinky.dir/C_/VSARM/sdk/pico/pico-sdk/lib/tinyusb/src/common/tusb_fifo.c.obj
 .text._tu_fifo_peek_n
                0x100069e2       0x5e CMakeFiles/blinky.dir/C_/VSARM/sdk/pico/pico-sdk/lib/tinyusb/src/common/tusb_fifo.c.obj
 .text._tu_fifo_read_n
                0x10006a40       0x4e CMakeFiles/blinky.dir/C_/VSARM/sdk/pico/pico-sdk/lib/tinyusb/src/common/tusb_fifo.c.obj
 .text._ff_push_const_addr
                0x10006a8e       0x40 CMakeFiles/blinky.dir/C_/VSARM/sdk/pico/pico-sdk/lib/tinyusb/src/common/tusb_fifo.c.obj
 .text._ff_push_n
                0x10006ace      0x108 CMakeFiles/blinky.dir/C_/VSARM/sdk/pico/pico-sdk/lib/tinyusb/src/common/tusb_fifo.c.obj
 .text._tu_fifo_write_n
                0x10006bd6       0x9e CMakeFiles/blinky.dir/C_/VSARM/sdk/pico/pico-sdk/lib/tinyusb/src/common/tusb_fifo.c.obj
 .text.tu_fifo_config
                0x10006c74       0x72 CMakeFiles/blinky.dir/C_/VSARM/sdk/pico/pico-sdk/lib/tinyusb/src/common/tusb_fifo.c.obj
                0x10006c74                tu_fifo_config
 .text.tu_fifo_count
                0x10006ce6       0x26 CMakeFiles/blinky.dir/C_/VSARM/sdk/pico/pico-sdk/lib/tinyusb/src/common/tusb_fifo.c.obj
                0x10006ce6                tu_fifo_count
 .text.tu_fifo_empty
                0x10006d0c       0x10 CMakeFiles/blinky.dir/C_/VSARM/sdk/pico/pico-sdk/lib/tinyusb/src/common/tusb_fifo.c.obj
                0x10006d0c                tu_fifo_empty
 .text.tu_fifo_remaining
                0x10006d1c       0x20 CMakeFiles/blinky.dir/C_/VSARM/sdk/pico/pico-sdk/lib/tinyusb/src/common/tusb_fifo.c.obj
                0x10006d1c                tu_fifo_remaining
 .text.tu_fifo_read
                0x10006d3c       0x42 CMakeFiles/blinky.dir/C_/VSARM/sdk/pico/pico-sdk/lib/tinyusb/src/common/tusb_fifo.c.obj
                0x10006d3c                tu_fifo_read
 .text.tu_fifo_read_n
                0x10006d7e        0xa CMakeFiles/blinky.dir/C_/VSARM/sdk/pico/pico-sdk/lib/tinyusb/src/common/tusb_fifo.c.obj
                0x10006d7e                tu_fifo_read_n
 .text.tu_fifo_write
                0x10006d88       0x6c CMakeFiles/blinky.dir/C_/VSARM/sdk/pico/pico-sdk/lib/tinyusb/src/common/tusb_fifo.c.obj
                0x10006d88                tu_fifo_write
 .text.tu_fifo_write_n
                0x10006df4        0xa CMakeFiles/blinky.dir/C_/VSARM/sdk/pico/pico-sdk/lib/tinyusb/src/common/tusb_fifo.c.obj
                0x10006df4                tu_fifo_write_n
 .text.tu_fifo_clear
                0x10006dfe       0x4c CMakeFiles/blinky.dir/C_/VSARM/sdk/pico/pico-sdk/lib/tinyusb/src/common/tusb_fifo.c.obj
                0x10006dfe                tu_fifo_clear
 .text.tu_fifo_set_overwritable
                0x10006e4a       0x3c CMakeFiles/blinky.dir/C_/VSARM/sdk/pico/pico-sdk/lib/tinyusb/src/common/tusb_fifo.c.obj
                0x10006e4a                tu_fifo_set_overwritable
 *fill*         0x10006e86        0x2 
 .text._retrieve_unique_id_on_boot
                0x10006e88       0x10 CMakeFiles/blinky.dir/C_/VSARM/sdk/pico/pico-sdk/src/rp2_common/pico_unique_id/unique_id.c.obj
 .text.pico_get_unique_board_id_string
                0x10006e98       0x60 CMakeFiles/blinky.dir/C_/VSARM/sdk/pico/pico-sdk/src/rp2_common/pico_unique_id/unique_id.c.obj
                0x10006e98                pico_get_unique_board_id_string
 .text.flash_get_unique_id
                0x10006ef8       0x46 CMakeFiles/blinky.dir/C_/VSARM/sdk/pico/pico-sdk/src/rp2_common/hardware_flash/flash.c.obj
                0x10006ef8                flash_get_unique_id
 *fill*         0x10006f3e        0x2 
 .text.strlen   0x10006f40       0x5c c:/vsarm/armcc/102021~1.07/bin/../lib/gcc/arm-none-eabi/10.3.1/../../../../arm-none-eabi/lib/thumb/v6-m/nofp\libg.a(lib_a-strlen-stub.o)
                0x10006f40                strlen
 *(.fini)
 .fini          0x10006f9c        0x4 c:/vsarm/armcc/102021~1.07/bin/../lib/gcc/arm-none-eabi/10.3.1/thumb/v6-m/nofp/crti.o
                0x10006f9c                _fini
 .fini.__stub   0x10006fa0       0x70 linker stubs
 *crtbegin.o(.ctors)
 *crtbegin?.o(.ctors)
 *(EXCLUDE_FILE(*crtend.o *crtend?.o) .ctors)
 *(SORT_BY_NAME(.ctors.*))
 *(.ctors)
 *crtbegin.o(.dtors)
 *crtbegin?.o(.dtors)
 *(EXCLUDE_FILE(*crtend.o *crtend?.o) .dtors)
 *(SORT_BY_NAME(.dtors.*))
 *(.dtors)
 *(.eh_frame*)
 .eh_frame      0x10007010        0x0 c:/vsarm/armcc/102021~1.07/bin/../lib/gcc/arm-none-eabi/10.3.1/thumb/v6-m/nofp/crtbegin.o
                0x10007010                . = ALIGN (0x4)

.glue_7         0x10007010        0x0
 .glue_7        0x10007010        0x0 linker stubs

.glue_7t        0x10007010        0x0
 .glue_7t       0x10007010        0x0 linker stubs

.vfp11_veneer   0x10007010        0x0
 .vfp11_veneer  0x10007010        0x0 linker stubs

.v4_bx          0x10007010        0x0
 .v4_bx         0x10007010        0x0 linker stubs

.iplt           0x10007010        0x0
 .iplt          0x10007010        0x0 c:/vsarm/armcc/102021~1.07/bin/../lib/gcc/arm-none-eabi/10.3.1/thumb/v6-m/nofp/crtbegin.o

.rodata         0x10007010     0x162c
 *(EXCLUDE_FILE(*libm.a: *libc.a:*lib_a-mem*.o *libgcc.a:) .rodata*)
 .rodata.main.str1.4
                0x10007010        0xb CMakeFiles/blinky.dir/src/main.c.obj
 *fill*         0x1000701b        0x1 
 .rodata.spin_lock_claim_unused.str1.4
                0x1000701c       0x1b CMakeFiles/blinky.dir/C_/VSARM/sdk/pico/pico-sdk/src/rp2_common/hardware_sync/sync.c.obj
 *fill*         0x10007037        0x1 
 .rodata.repeating_timer_callback.str1.4
                0x10007038       0x4b CMakeFiles/blinky.dir/C_/VSARM/sdk/pico/pico-sdk/src/common/pico_time/time.c.obj
 *fill*         0x10007083        0x1 
 .rodata.alarm_pool_dump_key.str1.4
                0x10007084       0x33 CMakeFiles/blinky.dir/C_/VSARM/sdk/pico/pico-sdk/src/common/pico_time/time.c.obj
 *fill*         0x100070b7        0x1 
 .rodata.ph_add_child_node.str1.4
                0x100070b8       0x96 CMakeFiles/blinky.dir/C_/VSARM/sdk/pico/pico-sdk/src/common/pico_time/time.c.obj
 *fill*         0x1000714e        0x2 
 .rodata.add_alarm_under_lock.str1.4
                0x10007150       0x28 CMakeFiles/blinky.dir/C_/VSARM/sdk/pico/pico-sdk/src/common/pico_time/time.c.obj
                                 0x2b (size before relaxing)
 .rodata.alarm_pool_alarm_callback.str1.4
                0x10007178       0xe6 CMakeFiles/blinky.dir/C_/VSARM/sdk/pico/pico-sdk/src/common/pico_time/time.c.obj
 *fill*         0x1000725e        0x2 
 .rodata.alarm_pool_get_default.str1.4
                0x10007260       0x21 CMakeFiles/blinky.dir/C_/VSARM/sdk/pico/pico-sdk/src/common/pico_time/time.c.obj
 *fill*         0x10007281        0x3 
 .rodata.alarm_pool_cancel_alarm.str1.4
                0x10007284       0x27 CMakeFiles/blinky.dir/C_/VSARM/sdk/pico/pico-sdk/src/common/pico_time/time.c.obj
 *fill*         0x100072ab        0x1 
 .rodata.sleep_until.str1.4
                0x100072ac       0x4d CMakeFiles/blinky.dir/C_/VSARM/sdk/pico/pico-sdk/src/common/pico_time/time.c.obj
 *fill*         0x100072f9        0x3 
 .rodata.__func__.1
                0x100072fc       0x18 CMakeFiles/blinky.dir/C_/VSARM/sdk/pico/pico-sdk/src/common/pico_time/time.c.obj
 .rodata.__func__.10
                0x10007314       0x15 CMakeFiles/blinky.dir/C_/VSARM/sdk/pico/pico-sdk/src/common/pico_time/time.c.obj
 *fill*         0x10007329        0x3 
 .rodata.__func__.11
                0x1000732c       0x1a CMakeFiles/blinky.dir/C_/VSARM/sdk/pico/pico-sdk/src/common/pico_time/time.c.obj
 *fill*         0x10007346        0x2 
 .rodata.__func__.12
                0x10007348        0xa CMakeFiles/blinky.dir/C_/VSARM/sdk/pico/pico-sdk/src/common/pico_time/time.c.obj
 *fill*         0x10007352        0x2 
 .rodata.__func__.3
                0x10007354       0x17 CMakeFiles/blinky.dir/C_/VSARM/sdk/pico/pico-sdk/src/common/pico_time/time.c.obj
 *fill*         0x1000736b        0x1 
 .rodata.__func__.4
                0x1000736c       0x12 CMakeFiles/blinky.dir/C_/VSARM/sdk/pico/pico-sdk/src/common/pico_time/time.c.obj
 *fill*         0x1000737e        0x2 
 .rodata.__func__.5
                0x10007380        0xd CMakeFiles/blinky.dir/C_/VSARM/sdk/pico/pico-sdk/src/common/pico_time/time.c.obj
 *fill*         0x1000738d        0x3 
 .rodata.__func__.6
                0x10007390       0x12 CMakeFiles/blinky.dir/C_/VSARM/sdk/pico/pico-sdk/src/common/pico_time/time.c.obj
 *fill*         0x100073a2        0x2 
 .rodata.__func__.7
                0x100073a4        0xf CMakeFiles/blinky.dir/C_/VSARM/sdk/pico/pico-sdk/src/common/pico_time/time.c.obj
 *fill*         0x100073b3        0x1 
 .rodata.__func__.8
                0x100073b4        0xc CMakeFiles/blinky.dir/C_/VSARM/sdk/pico/pico-sdk/src/common/pico_time/time.c.obj
 .rodata.__func__.9
                0x100073c0       0x15 CMakeFiles/blinky.dir/C_/VSARM/sdk/pico/pico-sdk/src/common/pico_time/time.c.obj
 *fill*         0x100073d5        0x3 
 .rodata.hardware_alarm_claim.str1.4
                0x100073d8       0x22 CMakeFiles/blinky.dir/C_/VSARM/sdk/pico/pico-sdk/src/rp2_common/hardware_timer/timer.c.obj
 *fill*         0x100073fa        0x2 
 .rodata.hardware_alarm_set_target.str1.4
                0x100073fc       0x65 CMakeFiles/blinky.dir/C_/VSARM/sdk/pico/pico-sdk/src/rp2_common/hardware_timer/timer.c.obj
 *fill*         0x10007461        0x3 
 .rodata.__func__.0
                0x10007464       0x1a CMakeFiles/blinky.dir/C_/VSARM/sdk/pico/pico-sdk/src/rp2_common/hardware_timer/timer.c.obj
 *fill*         0x1000747e        0x2 
 .rodata.str1.4
                0x10007480       0xb1 CMakeFiles/blinky.dir/C_/VSARM/sdk/pico/pico-sdk/src/common/pico_sync/mutex.c.obj
                                0x115 (size before relaxing)
 *fill*         0x10007531        0x3 
 .rodata.__func__.0
                0x10007534        0xb CMakeFiles/blinky.dir/C_/VSARM/sdk/pico/pico-sdk/src/common/pico_sync/mutex.c.obj
 *fill*         0x1000753f        0x1 
 .rodata.__func__.1
                0x10007540       0x18 CMakeFiles/blinky.dir/C_/VSARM/sdk/pico/pico-sdk/src/common/pico_sync/mutex.c.obj
 .rodata.__func__.2
                0x10007558       0x15 CMakeFiles/blinky.dir/C_/VSARM/sdk/pico/pico-sdk/src/common/pico_sync/mutex.c.obj
 *fill*         0x1000756d        0x3 
 .rodata.__func__.3
                0x10007570       0x15 CMakeFiles/blinky.dir/C_/VSARM/sdk/pico/pico-sdk/src/common/pico_sync/mutex.c.obj
 .rodata.ph_add_child_node.str1.4
                0x10007585       0x96 CMakeFiles/blinky.dir/C_/VSARM/sdk/pico/pico-sdk/src/common/pico_util/pheap.c.obj
 *fill*         0x10007585        0x3 
 .rodata.ph_remove_any_head.str1.4
                0x10007588       0x8c CMakeFiles/blinky.dir/C_/VSARM/sdk/pico/pico-sdk/src/common/pico_util/pheap.c.obj
 .rodata.ph_remove_and_free_node.str1.4
                0x10007614       0x26 CMakeFiles/blinky.dir/C_/VSARM/sdk/pico/pico-sdk/src/common/pico_util/pheap.c.obj
 *fill*         0x1000763a        0x2 
 .rodata.__func__.0
                0x1000763c       0x18 CMakeFiles/blinky.dir/C_/VSARM/sdk/pico/pico-sdk/src/common/pico_util/pheap.c.obj
 .rodata.__func__.1
                0x10007654       0x13 CMakeFiles/blinky.dir/C_/VSARM/sdk/pico/pico-sdk/src/common/pico_util/pheap.c.obj
 *fill*         0x10007667        0x1 
 .rodata.__func__.2
                0x10007668       0x12 CMakeFiles/blinky.dir/C_/VSARM/sdk/pico/pico-sdk/src/common/pico_util/pheap.c.obj
 *fill*         0x1000767a        0x2 
 .rodata.__func__.3
                0x1000767c        0xc CMakeFiles/blinky.dir/C_/VSARM/sdk/pico/pico-sdk/src/common/pico_util/pheap.c.obj
 .rodata.__assert_func.str1.4
                0x10007688       0x3f CMakeFiles/blinky.dir/C_/VSARM/sdk/pico/pico-sdk/src/rp2_common/pico_runtime/runtime.c.obj
                                 0x43 (size before relaxing)
 *fill*         0x100076c7        0x1 
 .rodata.panic.str1.4
                0x100076c8       0x12 CMakeFiles/blinky.dir/C_/VSARM/sdk/pico/pico-sdk/src/rp2_common/pico_runtime/runtime.c.obj
 *fill*         0x100076da        0x2 
 .rodata.clock_configure.str1.4
                0x100076dc       0x57 CMakeFiles/blinky.dir/C_/VSARM/sdk/pico/pico-sdk/src/rp2_common/hardware_clocks/clocks.c.obj
 *fill*         0x10007733        0x1 
 .rodata.__func__.1
                0x10007734       0x10 CMakeFiles/blinky.dir/C_/VSARM/sdk/pico/pico-sdk/src/rp2_common/hardware_clocks/clocks.c.obj
 .rodata.make_branch.str1.4
                0x10007744       0x4d CMakeFiles/blinky.dir/C_/VSARM/sdk/pico/pico-sdk/src/rp2_common/hardware_irq/irq.c.obj
 *fill*         0x10007791        0x3 
 .rodata.irq_set_exclusive_handler.str1.4
                0x10007794       0x36 CMakeFiles/blinky.dir/C_/VSARM/sdk/pico/pico-sdk/src/rp2_common/hardware_irq/irq.c.obj
 *fill*         0x100077ca        0x2 
 .rodata.irq_add_shared_handler.str1.4
                0x100077cc       0xd9 CMakeFiles/blinky.dir/C_/VSARM/sdk/pico/pico-sdk/src/rp2_common/hardware_irq/irq.c.obj
 *fill*         0x100078a5        0x3 
 .rodata.irq_remove_handler.str1.4
                0x100078a8       0x2a CMakeFiles/blinky.dir/C_/VSARM/sdk/pico/pico-sdk/src/rp2_common/hardware_irq/irq.c.obj
 *fill*         0x100078d2        0x2 
 .rodata.irq_add_tail_to_free_list.str1.4
                0x100078d4       0x32 CMakeFiles/blinky.dir/C_/VSARM/sdk/pico/pico-sdk/src/rp2_common/hardware_irq/irq.c.obj
                                 0x3a (size before relaxing)
 *fill*         0x10007906        0x2 
 .rodata.__func__.0
                0x10007908       0x1a CMakeFiles/blinky.dir/C_/VSARM/sdk/pico/pico-sdk/src/rp2_common/hardware_irq/irq.c.obj
 *fill*         0x10007922        0x2 
 .rodata.__func__.1
                0x10007924       0x17 CMakeFiles/blinky.dir/C_/VSARM/sdk/pico/pico-sdk/src/rp2_common/hardware_irq/irq.c.obj
 *fill*         0x1000793b        0x1 
 .rodata.__func__.2
                0x1000793c       0x13 CMakeFiles/blinky.dir/C_/VSARM/sdk/pico/pico-sdk/src/rp2_common/hardware_irq/irq.c.obj
 *fill*         0x1000794f        0x1 
 .rodata.__func__.3
                0x10007950        0xc CMakeFiles/blinky.dir/C_/VSARM/sdk/pico/pico-sdk/src/rp2_common/hardware_irq/irq.c.obj
 .rodata.__func__.4
                0x1000795c        0xf CMakeFiles/blinky.dir/C_/VSARM/sdk/pico/pico-sdk/src/rp2_common/hardware_irq/irq.c.obj
 *fill*         0x1000796b        0x1 
 .rodata.__func__.6
                0x1000796c       0x1a CMakeFiles/blinky.dir/C_/VSARM/sdk/pico/pico-sdk/src/rp2_common/hardware_irq/irq.c.obj
 *fill*         0x10007986        0x2 
 .rodata.pll_init.str1.4
                0x10007988       0xdb CMakeFiles/blinky.dir/C_/VSARM/sdk/pico/pico-sdk/src/rp2_common/hardware_pll/pll.c.obj
 *fill*         0x10007a63        0x1 
 .rodata.__func__.0
                0x10007a64        0x9 CMakeFiles/blinky.dir/C_/VSARM/sdk/pico/pico-sdk/src/rp2_common/hardware_pll/pll.c.obj
 *fill*         0x10007a6d        0x3 
 .rodata._ftoa.str1.4
                0x10007a70       0x15 CMakeFiles/blinky.dir/C_/VSARM/sdk/pico/pico-sdk/src/rp2_common/pico_printf/printf.c.obj
 *fill*         0x10007a85        0x3 
 .rodata._vsnprintf
                0x10007a88      0x1e0 CMakeFiles/blinky.dir/C_/VSARM/sdk/pico/pico-sdk/src/rp2_common/pico_printf/printf.c.obj
 .rodata.pow10.0
                0x10007c68       0x50 CMakeFiles/blinky.dir/C_/VSARM/sdk/pico/pico-sdk/src/rp2_common/pico_printf/printf.c.obj
 .rodata.__aeabi_double_init.str1.4
                0x10007cb8       0xa8 CMakeFiles/blinky.dir/C_/VSARM/sdk/pico/pico-sdk/src/rp2_common/pico_double/double_init_rom.c.obj
 .rodata.__func__.0
                0x10007d60       0x14 CMakeFiles/blinky.dir/C_/VSARM/sdk/pico/pico-sdk/src/rp2_common/pico_double/double_init_rom.c.obj
 .rodata.__aeabi_float_init.str1.4
                0x10007d74       0x7a CMakeFiles/blinky.dir/C_/VSARM/sdk/pico/pico-sdk/src/rp2_common/pico_float/float_init_rom.c.obj
                                 0x7e (size before relaxing)
 *fill*         0x10007dee        0x2 
 .rodata.__func__.0
                0x10007df0       0x13 CMakeFiles/blinky.dir/C_/VSARM/sdk/pico/pico-sdk/src/rp2_common/pico_float/float_init_rom.c.obj
 *fill*         0x10007e03        0x1 
 .rodata.str1.4
                0x10007e04       0x3c CMakeFiles/blinky.dir/C_/VSARM/sdk/pico/pico-sdk/src/rp2_common/pico_standard_link/binary_info.c.obj
 .rodata.__bi_44
                0x10007e40        0xc CMakeFiles/blinky.dir/C_/VSARM/sdk/pico/pico-sdk/src/rp2_common/pico_standard_link/binary_info.c.obj
 .rodata.__bi_75
                0x10007e4c        0xc CMakeFiles/blinky.dir/C_/VSARM/sdk/pico/pico-sdk/src/rp2_common/pico_standard_link/binary_info.c.obj
 .rodata.__bi_81
                0x10007e58        0xc CMakeFiles/blinky.dir/C_/VSARM/sdk/pico/pico-sdk/src/rp2_common/pico_standard_link/binary_info.c.obj
 .rodata.crlf_str.3
                0x10007e64        0x2 CMakeFiles/blinky.dir/C_/VSARM/sdk/pico/pico-sdk/src/rp2_common/pico_stdio/stdio.c.obj
 *fill*         0x10007e66        0x2 
 .rodata._resetd_driver
                0x10007e68       0x18 CMakeFiles/blinky.dir/C_/VSARM/sdk/pico/pico-sdk/src/rp2_common/pico_stdio_usb/reset_interface.c.obj
 .rodata.stdio_usb_init.str1.4
                0x10007e80       0x61 CMakeFiles/blinky.dir/C_/VSARM/sdk/pico/pico-sdk/src/rp2_common/pico_stdio_usb/stdio_usb.c.obj
 .rodata.str1.4
                0x10007e80       0x13 CMakeFiles/blinky.dir/C_/VSARM/sdk/pico/pico-sdk/src/rp2_common/pico_stdio_usb/stdio_usb.c.obj
 *fill*         0x10007e93        0x1 
 .rodata.__bi_93.1
                0x10007e94        0xc CMakeFiles/blinky.dir/C_/VSARM/sdk/pico/pico-sdk/src/rp2_common/pico_stdio_usb/stdio_usb.c.obj
 .rodata.__func__.0
                0x10007ea0       0x15 CMakeFiles/blinky.dir/C_/VSARM/sdk/pico/pico-sdk/src/rp2_common/pico_stdio_usb/stdio_usb.c.obj
 *fill*         0x10007eb5        0x3 
 .rodata.str1.4
                0x10007eb8       0x2a CMakeFiles/blinky.dir/C_/VSARM/sdk/pico/pico-sdk/src/rp2_common/pico_stdio_usb/stdio_usb_descriptors.c.obj
 *fill*         0x10007ee2        0x2 
 .rodata.usbd_desc_cfg
                0x10007ee4       0x54 CMakeFiles/blinky.dir/C_/VSARM/sdk/pico/pico-sdk/src/rp2_common/pico_stdio_usb/stdio_usb_descriptors.c.obj
 .rodata.usbd_desc_device
                0x10007f38       0x12 CMakeFiles/blinky.dir/C_/VSARM/sdk/pico/pico-sdk/src/rp2_common/pico_stdio_usb/stdio_usb_descriptors.c.obj
 *fill*         0x10007f4a        0x2 
 .rodata.usbd_desc_str
                0x10007f4c       0x18 CMakeFiles/blinky.dir/C_/VSARM/sdk/pico/pico-sdk/src/rp2_common/pico_stdio_usb/stdio_usb_descriptors.c.obj
 .rodata._hw_endpoint_alloc.str1.4
                0x10007f64       0xb5 CMakeFiles/blinky.dir/C_/VSARM/sdk/pico/pico-sdk/lib/tinyusb/src/portable/raspberrypi/rp2040/dcd_rp2040.c.obj
 *fill*         0x10008019        0x3 
 .rodata._hw_endpoint_init.str1.4
                0x1000801c       0x28 CMakeFiles/blinky.dir/C_/VSARM/sdk/pico/pico-sdk/lib/tinyusb/src/portable/raspberrypi/rp2040/dcd_rp2040.c.obj
 .rodata.hw_handle_buff_status.str1.4
                0x10008044        0xb CMakeFiles/blinky.dir/C_/VSARM/sdk/pico/pico-sdk/lib/tinyusb/src/portable/raspberrypi/rp2040/dcd_rp2040.c.obj
 *fill*         0x1000804f        0x1 
 .rodata.dcd_rp2040_irq.str1.4
                0x10008050       0x14 CMakeFiles/blinky.dir/C_/VSARM/sdk/pico/pico-sdk/lib/tinyusb/src/portable/raspberrypi/rp2040/dcd_rp2040.c.obj
 .rodata._hw_endpoint_stall.str1.4
                0x10008064        0xd CMakeFiles/blinky.dir/C_/VSARM/sdk/pico/pico-sdk/lib/tinyusb/src/portable/raspberrypi/rp2040/dcd_rp2040.c.obj
 *fill*         0x10008071        0x3 
 .rodata.dcd_int_enable.str1.4
                0x10008074        0xc CMakeFiles/blinky.dir/C_/VSARM/sdk/pico/pico-sdk/lib/tinyusb/src/portable/raspberrypi/rp2040/dcd_rp2040.c.obj
 .rodata.__func__.0
                0x10008080       0x15 CMakeFiles/blinky.dir/C_/VSARM/sdk/pico/pico-sdk/lib/tinyusb/src/portable/raspberrypi/rp2040/dcd_rp2040.c.obj
 *fill*         0x10008095        0x3 
 .rodata.__func__.1
                0x10008098       0x13 CMakeFiles/blinky.dir/C_/VSARM/sdk/pico/pico-sdk/lib/tinyusb/src/portable/raspberrypi/rp2040/dcd_rp2040.c.obj
 *fill*         0x100080ab        0x1 
 .rodata.__func__.11
                0x100080ac        0xf CMakeFiles/blinky.dir/C_/VSARM/sdk/pico/pico-sdk/lib/tinyusb/src/portable/raspberrypi/rp2040/dcd_rp2040.c.obj
 *fill*         0x100080bb        0x1 
 .rodata.__func__.12
                0x100080bc       0x13 CMakeFiles/blinky.dir/C_/VSARM/sdk/pico/pico-sdk/lib/tinyusb/src/portable/raspberrypi/rp2040/dcd_rp2040.c.obj
 *fill*         0x100080cf        0x1 
 .rodata.__func__.13
                0x100080d0       0x16 CMakeFiles/blinky.dir/C_/VSARM/sdk/pico/pico-sdk/lib/tinyusb/src/portable/raspberrypi/rp2040/dcd_rp2040.c.obj
 *fill*         0x100080e6        0x2 
 .rodata.__func__.14
                0x100080e8        0x9 CMakeFiles/blinky.dir/C_/VSARM/sdk/pico/pico-sdk/lib/tinyusb/src/portable/raspberrypi/rp2040/dcd_rp2040.c.obj
 *fill*         0x100080f1        0x3 
 .rodata.__func__.2
                0x100080f4        0xf CMakeFiles/blinky.dir/C_/VSARM/sdk/pico/pico-sdk/lib/tinyusb/src/portable/raspberrypi/rp2040/dcd_rp2040.c.obj
 *fill*         0x10008103        0x1 
 .rodata.__func__.3
                0x10008104        0xe CMakeFiles/blinky.dir/C_/VSARM/sdk/pico/pico-sdk/lib/tinyusb/src/portable/raspberrypi/rp2040/dcd_rp2040.c.obj
 *fill*         0x10008112        0x2 
 .rodata.__func__.4
                0x10008114        0xe CMakeFiles/blinky.dir/C_/VSARM/sdk/pico/pico-sdk/lib/tinyusb/src/portable/raspberrypi/rp2040/dcd_rp2040.c.obj
 *fill*         0x10008122        0x2 
 .rodata.__func__.5
                0x10008124       0x1a CMakeFiles/blinky.dir/C_/VSARM/sdk/pico/pico-sdk/lib/tinyusb/src/portable/raspberrypi/rp2040/dcd_rp2040.c.obj
 *fill*         0x1000813e        0x2 
 .rodata.__func__.6
                0x10008140        0xc CMakeFiles/blinky.dir/C_/VSARM/sdk/pico/pico-sdk/lib/tinyusb/src/portable/raspberrypi/rp2040/dcd_rp2040.c.obj
 .rodata.__func__.9
                0x1000814c       0x10 CMakeFiles/blinky.dir/C_/VSARM/sdk/pico/pico-sdk/lib/tinyusb/src/portable/raspberrypi/rp2040/dcd_rp2040.c.obj
 .rodata._hw_endpoint_buffer_control_update32.str1.4
                0x1000815c       0x1f CMakeFiles/blinky.dir/C_/VSARM/sdk/pico/pico-sdk/lib/tinyusb/src/portable/raspberrypi/rp2040/rp2040_usb.c.obj
 *fill*         0x1000817b        0x1 
 .rodata._hw_endpoint_xfer_sync.str1.4
                0x1000817c       0x91 CMakeFiles/blinky.dir/C_/VSARM/sdk/pico/pico-sdk/lib/tinyusb/src/portable/raspberrypi/rp2040/rp2040_usb.c.obj
 *fill*         0x1000820d        0x3 
 .rodata._hw_endpoint_xfer_continue.str1.4
                0x10008210       0x50 CMakeFiles/blinky.dir/C_/VSARM/sdk/pico/pico-sdk/lib/tinyusb/src/portable/raspberrypi/rp2040/rp2040_usb.c.obj
 .rodata._hw_endpoint_xfer.str1.4
                0x10008260        0xf CMakeFiles/blinky.dir/C_/VSARM/sdk/pico/pico-sdk/lib/tinyusb/src/portable/raspberrypi/rp2040/rp2040_usb.c.obj
 *fill*         0x1000826f        0x1 
 .rodata.str1.4
                0x10008270        0x7 CMakeFiles/blinky.dir/C_/VSARM/sdk/pico/pico-sdk/lib/tinyusb/src/portable/raspberrypi/rp2040/rp2040_usb.c.obj
 *fill*         0x10008277        0x1 
 .rodata.__func__.0
                0x10008278       0x12 CMakeFiles/blinky.dir/C_/VSARM/sdk/pico/pico-sdk/lib/tinyusb/src/portable/raspberrypi/rp2040/rp2040_usb.c.obj
 *fill*         0x1000828a        0x2 
 .rodata.__func__.1
                0x1000828c       0x17 CMakeFiles/blinky.dir/C_/VSARM/sdk/pico/pico-sdk/lib/tinyusb/src/portable/raspberrypi/rp2040/rp2040_usb.c.obj
 *fill*         0x100082a3        0x1 
 .rodata.process_set_config.str1.4
                0x100082a4       0x17 CMakeFiles/blinky.dir/C_/VSARM/sdk/pico/pico-sdk/lib/tinyusb/src/device/usbd.c.obj
 *fill*         0x100082bb        0x1 
 .rodata.process_get_descriptor
                0x100082bc       0x40 CMakeFiles/blinky.dir/C_/VSARM/sdk/pico/pico-sdk/lib/tinyusb/src/device/usbd.c.obj
 .rodata.process_control_request
                0x100082fc       0x28 CMakeFiles/blinky.dir/C_/VSARM/sdk/pico/pico-sdk/lib/tinyusb/src/device/usbd.c.obj
 .rodata.tud_task
                0x10008324       0x24 CMakeFiles/blinky.dir/C_/VSARM/sdk/pico/pico-sdk/lib/tinyusb/src/device/usbd.c.obj
 .rodata.__func__.2
                0x10008348        0xf CMakeFiles/blinky.dir/C_/VSARM/sdk/pico/pico-sdk/lib/tinyusb/src/device/usbd.c.obj
 *fill*         0x10008357        0x1 
 .rodata.__func__.3
                0x10008358        0xf CMakeFiles/blinky.dir/C_/VSARM/sdk/pico/pico-sdk/lib/tinyusb/src/device/usbd.c.obj
 *fill*         0x10008367        0x1 
 .rodata.__func__.4
                0x10008368       0x14 CMakeFiles/blinky.dir/C_/VSARM/sdk/pico/pico-sdk/lib/tinyusb/src/device/usbd.c.obj
 .rodata.__func__.5
                0x1000837c       0x10 CMakeFiles/blinky.dir/C_/VSARM/sdk/pico/pico-sdk/lib/tinyusb/src/device/usbd.c.obj
 .rodata.__func__.6
                0x1000838c       0x17 CMakeFiles/blinky.dir/C_/VSARM/sdk/pico/pico-sdk/lib/tinyusb/src/device/usbd.c.obj
 *fill*         0x100083a3        0x1 
 .rodata.__func__.7
                0x100083a4       0x13 CMakeFiles/blinky.dir/C_/VSARM/sdk/pico/pico-sdk/lib/tinyusb/src/device/usbd.c.obj
 *fill*         0x100083b7        0x1 
 .rodata.__func__.8
                0x100083b8       0x18 CMakeFiles/blinky.dir/C_/VSARM/sdk/pico/pico-sdk/lib/tinyusb/src/device/usbd.c.obj
 .rodata.__func__.9
                0x100083d0        0x9 CMakeFiles/blinky.dir/C_/VSARM/sdk/pico/pico-sdk/lib/tinyusb/src/device/usbd.c.obj
 *fill*         0x100083d9        0x3 
 .rodata._usbd_driver
                0x100083dc       0x18 CMakeFiles/blinky.dir/C_/VSARM/sdk/pico/pico-sdk/lib/tinyusb/src/device/usbd.c.obj
 .rodata.tud_control_xfer.str1.4
                0x100083f4       0x17 CMakeFiles/blinky.dir/C_/VSARM/sdk/pico/pico-sdk/lib/tinyusb/src/device/usbd_control.c.obj
 .rodata.__func__.0
                0x100083f4       0x15 CMakeFiles/blinky.dir/C_/VSARM/sdk/pico/pico-sdk/lib/tinyusb/src/device/usbd_control.c.obj
 *fill*         0x10008409        0x3 
 .rodata.__func__.1
                0x1000840c       0x11 CMakeFiles/blinky.dir/C_/VSARM/sdk/pico/pico-sdk/lib/tinyusb/src/device/usbd_control.c.obj
 .rodata.tud_cdc_n_write_flush.str1.4
                0x1000841d       0x17 CMakeFiles/blinky.dir/C_/VSARM/sdk/pico/pico-sdk/lib/tinyusb/src/class/cdc/cdc_device.c.obj
 *fill*         0x1000841d        0x3 
 .rodata.__func__.0
                0x10008420        0xd CMakeFiles/blinky.dir/C_/VSARM/sdk/pico/pico-sdk/lib/tinyusb/src/class/cdc/cdc_device.c.obj
 *fill*         0x1000842d        0x3 
 .rodata.__func__.1
                0x10008430        0xa CMakeFiles/blinky.dir/C_/VSARM/sdk/pico/pico-sdk/lib/tinyusb/src/class/cdc/cdc_device.c.obj
 *fill*         0x1000843a        0x2 
 .rodata.__func__.2
                0x1000843c       0x16 CMakeFiles/blinky.dir/C_/VSARM/sdk/pico/pico-sdk/lib/tinyusb/src/class/cdc/cdc_device.c.obj
 .rodata.tusb_init.str1.4
                0x10008452       0x17 CMakeFiles/blinky.dir/C_/VSARM/sdk/pico/pico-sdk/lib/tinyusb/src/tusb.c.obj
 *fill*         0x10008452        0x2 
 .rodata.__func__.0
                0x10008454        0xa CMakeFiles/blinky.dir/C_/VSARM/sdk/pico/pico-sdk/lib/tinyusb/src/tusb.c.obj
 *fill*         0x1000845e        0x2 
 .rodata.pico_get_unique_board_id_string.str1.4
                0x10008460       0x4d CMakeFiles/blinky.dir/C_/VSARM/sdk/pico/pico-sdk/src/rp2_common/pico_unique_id/unique_id.c.obj
 *fill*         0x100084ad        0x3 
 .rodata.__func__.0
                0x100084b0       0x20 CMakeFiles/blinky.dir/C_/VSARM/sdk/pico/pico-sdk/src/rp2_common/pico_unique_id/unique_id.c.obj
 .rodata.str1.4
                0x100084d0      0x15a CMakeFiles/blinky.dir/C_/VSARM/sdk/pico/pico-sdk/src/rp2_common/hardware_flash/flash.c.obj
 *fill*         0x1000862a        0x2 
 .rodata.__func__.0
                0x1000862c        0xd CMakeFiles/blinky.dir/C_/VSARM/sdk/pico/pico-sdk/src/rp2_common/hardware_flash/flash.c.obj
                0x1000863c                . = ALIGN (0x4)
 *fill*         0x10008639        0x3 
 *(SORT_BY_ALIGNMENT(SORT_BY_NAME(.flashdata*)))
                0x1000863c                . = ALIGN (0x4)

.rel.dyn        0x1000863c        0x0
 .rel.iplt      0x1000863c        0x0 c:/vsarm/armcc/102021~1.07/bin/../lib/gcc/arm-none-eabi/10.3.1/thumb/v6-m/nofp/crtbegin.o

.ARM.extab
 *(.ARM.extab* .gnu.linkonce.armextab.*)
                0x1000863c                __exidx_start = .

.ARM.exidx
 *(.ARM.exidx* .gnu.linkonce.armexidx.*)
                0x1000863c                __exidx_end = .
                0x1000863c                . = ALIGN (0x4)
                0x1000863c                __binary_info_start = .

.binary_info    0x1000863c       0x20
 *(.binary_info.keep.*)
 .binary_info.keep.__bi_ptr22
                0x1000863c        0x4 CMakeFiles/blinky.dir/C_/VSARM/sdk/pico/pico-sdk/src/rp2_common/pico_standard_link/binary_info.c.obj
 .binary_info.keep.__bi_ptr30
                0x10008640        0x4 CMakeFiles/blinky.dir/C_/VSARM/sdk/pico/pico-sdk/src/rp2_common/pico_standard_link/binary_info.c.obj
 .binary_info.keep.__bi_ptr38
                0x10008644        0x4 CMakeFiles/blinky.dir/C_/VSARM/sdk/pico/pico-sdk/src/rp2_common/pico_standard_link/binary_info.c.obj
 .binary_info.keep.__bi_ptr44
                0x10008648        0x4 CMakeFiles/blinky.dir/C_/VSARM/sdk/pico/pico-sdk/src/rp2_common/pico_standard_link/binary_info.c.obj
 .binary_info.keep.__bi_ptr50
                0x1000864c        0x4 CMakeFiles/blinky.dir/C_/VSARM/sdk/pico/pico-sdk/src/rp2_common/pico_standard_link/binary_info.c.obj
 .binary_info.keep.__bi_ptr75
                0x10008650        0x4 CMakeFiles/blinky.dir/C_/VSARM/sdk/pico/pico-sdk/src/rp2_common/pico_standard_link/binary_info.c.obj
 .binary_info.keep.__bi_ptr81
                0x10008654        0x4 CMakeFiles/blinky.dir/C_/VSARM/sdk/pico/pico-sdk/src/rp2_common/pico_standard_link/binary_info.c.obj
 *(.binary_info.*)
 .binary_info.__bi_ptr93
                0x10008658        0x4 CMakeFiles/blinky.dir/C_/VSARM/sdk/pico/pico-sdk/src/rp2_common/pico_stdio_usb/stdio_usb.c.obj
                0x1000865c                __binary_info_end = .
                0x1000865c                . = ALIGN (0x4)
                0x1000865c                __etext = .

.ram_vector_table
                0x20000000       0xc0
 *(.ram_vector_table)
 .ram_vector_table
                0x20000000       0xc0 CMakeFiles/blinky.dir/C_/VSARM/sdk/pico/pico-sdk/src/rp2_common/pico_runtime/runtime.c.obj
                0x20000000                ram_vector_table

.data           0x200000c0      0x500 load address 0x1000865c
                0x200000c0                __data_start__ = .
 *(vtable)
 *(.time_critical*)
 .time_critical.mutex_enter_blocking
                0x200000c0       0x94 CMakeFiles/blinky.dir/C_/VSARM/sdk/pico/pico-sdk/src/common/pico_sync/mutex.c.obj
                0x200000c0                mutex_enter_blocking
 .time_critical.mutex_try_enter
                0x20000154       0x5a CMakeFiles/blinky.dir/C_/VSARM/sdk/pico/pico-sdk/src/common/pico_sync/mutex.c.obj
                0x20000154                mutex_try_enter
 *fill*         0x200001ae        0x2 
 .time_critical.mutex_enter_block_until
                0x200001b0       0x8c CMakeFiles/blinky.dir/C_/VSARM/sdk/pico/pico-sdk/src/common/pico_sync/mutex.c.obj
                0x200001b0                mutex_enter_block_until
 .time_critical.mutex_enter_timeout_ms
                0x2000023c       0x74 CMakeFiles/blinky.dir/C_/VSARM/sdk/pico/pico-sdk/src/common/pico_sync/mutex.c.obj
                0x2000023c                mutex_enter_timeout_ms
 .time_critical.mutex_exit
                0x200002b0       0x94 CMakeFiles/blinky.dir/C_/VSARM/sdk/pico/pico-sdk/src/common/pico_sync/mutex.c.obj
                0x200002b0                mutex_exit
 .time_critical.flash_init_boot2_copyout
                0x20000344       0x30 CMakeFiles/blinky.dir/C_/VSARM/sdk/pico/pico-sdk/src/rp2_common/hardware_flash/flash.c.obj
 .time_critical.flash_enable_xip_via_boot2
                0x20000374       0x10 CMakeFiles/blinky.dir/C_/VSARM/sdk/pico/pico-sdk/src/rp2_common/hardware_flash/flash.c.obj
 .time_critical.flash_cs_force
                0x20000384       0x28 CMakeFiles/blinky.dir/C_/VSARM/sdk/pico/pico-sdk/src/rp2_common/hardware_flash/flash.c.obj
 .time_critical.flash_do_cmd
                0x200003ac       0xc0 CMakeFiles/blinky.dir/C_/VSARM/sdk/pico/pico-sdk/src/rp2_common/hardware_flash/flash.c.obj
                0x200003ac                flash_do_cmd
 *(.text*)
 .text          0x2000046c        0x4 c:/vsarm/armcc/102021~1.07/bin/../lib/gcc/arm-none-eabi/10.3.1/thumb/v6-m/nofp\libgcc.a(_dvmd_tls.o)
                0x2000046c                __aeabi_idiv0
                0x2000046c                __aeabi_ldiv0
 .text.__stub   0x20000470       0x50 linker stubs
                0x200004c0                . = ALIGN (0x4)
 *(.rodata*)
                0x200004c0                . = ALIGN (0x4)
 *(.data*)
 .data.striped_spin_lock_num
                0x200004c0        0x1 CMakeFiles/blinky.dir/C_/VSARM/sdk/pico/pico-sdk/src/rp2_common/hardware_sync/sync.c.obj
 *fill*         0x200004c1        0x3 
 .data.default_alarm_pool
                0x200004c4       0x18 CMakeFiles/blinky.dir/C_/VSARM/sdk/pico/pico-sdk/src/common/pico_time/time.c.obj
 .data.default_alarm_pool_heap
                0x200004dc       0x10 CMakeFiles/blinky.dir/C_/VSARM/sdk/pico/pico-sdk/src/common/pico_time/time.c.obj
 .data          0x200004ec       0x48 CMakeFiles/blinky.dir/C_/VSARM/sdk/pico/pico-sdk/src/rp2_common/hardware_irq/irq_handler_chain.S.obj
                0x200004ec                irq_handler_chain_slots
                0x2000051c                irq_handler_chain_first_slot
                0x20000526                irq_handler_chain_remove_tail
 *fill*         0x20000534        0xc 
 .data.aeabi_bits_funcs
                0x20000540       0x10 CMakeFiles/blinky.dir/C_/VSARM/sdk/pico/pico-sdk/src/rp2_common/pico_bit_ops/bit_ops_aeabi.S.obj
                0x20000540                aeabi_bits_funcs
                0x20000550                aeabi_bits_funcs_end
 .data.aeabi_mem_funcs
                0x20000550       0x10 CMakeFiles/blinky.dir/C_/VSARM/sdk/pico/pico-sdk/src/rp2_common/pico_mem_ops/mem_ops_aeabi.S.obj
                0x20000550                aeabi_mem_funcs
                0x20000560                aeabi_mem_funcs_end
 .data.stdio_usb
                0x20000560       0x14 CMakeFiles/blinky.dir/C_/VSARM/sdk/pico/pico-sdk/src/rp2_common/pico_stdio_usb/stdio_usb.c.obj
                0x20000560                stdio_usb
 .data.ep_dir_string
                0x20000574        0x8 CMakeFiles/blinky.dir/C_/VSARM/sdk/pico/pico-sdk/lib/tinyusb/src/portable/raspberrypi/rp2040/rp2040_usb.c.obj
                0x20000574                ep_dir_string
 .data._usbd_qdef
                0x2000057c       0x24 CMakeFiles/blinky.dir/C_/VSARM/sdk/pico/pico-sdk/lib/tinyusb/src/device/usbd.c.obj
                0x2000057c                _usbd_qdef
                0x200005a0                . = ALIGN (0x4)
 *(.after_data.*)
                0x200005a0                . = ALIGN (0x4)
                0x200005a0                PROVIDE (__mutex_array_start = .)
 *(SORT_BY_NAME(.mutex_array.*))
 *(.mutex_array)
 .mutex_array   0x200005a0        0x8 CMakeFiles/blinky.dir/C_/VSARM/sdk/pico/pico-sdk/src/rp2_common/pico_stdio/stdio.c.obj
                0x200005a8                PROVIDE (__mutex_array_end = .)
                0x200005a8                . = ALIGN (0x4)
                0x200005a8                PROVIDE (__preinit_array_start = .)
 *(SORT_BY_NAME(.preinit_array.*))
 .preinit_array.00001
                0x200005a8        0x4 CMakeFiles/blinky.dir/C_/VSARM/sdk/pico/pico-sdk/src/rp2_common/pico_mem_ops/mem_ops_aeabi.S.obj
 .preinit_array.00010
                0x200005ac        0x4 CMakeFiles/blinky.dir/C_/VSARM/sdk/pico/pico-sdk/src/rp2_common/pico_bit_ops/bit_ops_aeabi.S.obj
 .preinit_array.00020
                0x200005b0        0x4 CMakeFiles/blinky.dir/C_/VSARM/sdk/pico/pico-sdk/src/rp2_common/pico_double/double_aeabi.S.obj
 .preinit_array.00020
                0x200005b4        0x4 CMakeFiles/blinky.dir/C_/VSARM/sdk/pico/pico-sdk/src/rp2_common/pico_float/float_aeabi.S.obj
 *(.preinit_array)
                0x200005b8                PROVIDE (__preinit_array_end = .)
                0x200005b8                . = ALIGN (0x4)
                0x200005b8                PROVIDE (__init_array_start = .)
 *(SORT_BY_NAME(.init_array.*))
 *(.init_array)
 .init_array    0x200005b8        0x4 c:/vsarm/armcc/102021~1.07/bin/../lib/gcc/arm-none-eabi/10.3.1/thumb/v6-m/nofp/crtbegin.o
 .init_array    0x200005bc        0x4 CMakeFiles/blinky.dir/C_/VSARM/sdk/pico/pico-sdk/src/rp2_common/pico_unique_id/unique_id.c.obj
                0x200005c0                PROVIDE (__init_array_end = .)
                0x200005c0                . = ALIGN (0x4)
                [!provide]                PROVIDE (__fini_array_start = .)
 *(SORT_BY_NAME(.fini_array.*))
 *(.fini_array)
                [!provide]                PROVIDE (__fini_array_end = .)
 *(.jcr)
                0x200005c0                . = ALIGN (0x4)
                0x200005c0                __data_end__ = .

.igot.plt       0x200005c0        0x0 load address 0x10008b5c
 .igot.plt      0x200005c0        0x0 c:/vsarm/armcc/102021~1.07/bin/../lib/gcc/arm-none-eabi/10.3.1/thumb/v6-m/nofp/crtbegin.o

.uninitialized_data
                0x200005c0        0x0 load address 0x10008b5c
                0x200005c0                . = ALIGN (0x4)
 *(.uninitialized_data*)

.scratch_x      0x20040000        0x0 load address 0x10008b5c
                0x20040000                __scratch_x_start__ = .
 *(.scratch_x.*)
                0x20040000                . = ALIGN (0x4)
                0x20040000                __scratch_x_end__ = .
                0x10008b5c                __scratch_x_source__ = LOADADDR (.scratch_x)

.scratch_y      0x20041000        0x0 load address 0x10008b5c
                0x20041000                __scratch_y_start__ = .
 *(.scratch_y.*)
                0x20041000                . = ALIGN (0x4)
                0x20041000                __scratch_y_end__ = .
                0x10008b5c                __scratch_y_source__ = LOADADDR (.scratch_y)

.bss            0x200005c0      0xd60
                0x200005c0                . = ALIGN (0x4)
                0x200005c0                __bss_start__ = .
 *(SORT_BY_ALIGNMENT(SORT_BY_NAME(.bss*)))
 .bss.default_alarm_pool_entries
                0x200005c0      0x100 CMakeFiles/blinky.dir/C_/VSARM/sdk/pico/pico-sdk/src/common/pico_time/time.c.obj
 .bss.last_avail_time.2
                0x200006c0        0x8 CMakeFiles/blinky.dir/C_/VSARM/sdk/pico/pico-sdk/src/rp2_common/pico_stdio_usb/stdio_usb.c.obj
 .bss           0x200006c8       0x1c c:/vsarm/armcc/102021~1.07/bin/../lib/gcc/arm-none-eabi/10.3.1/thumb/v6-m/nofp/crtbegin.o
 .bss._app_driver
                0x200006e4        0x4 CMakeFiles/blinky.dir/C_/VSARM/sdk/pico/pico-sdk/lib/tinyusb/src/device/usbd.c.obj
 .bss._cdcd_itf
                0x200006e8      0x2d8 CMakeFiles/blinky.dir/C_/VSARM/sdk/pico/pico-sdk/lib/tinyusb/src/class/cdc/cdc_device.c.obj
 .bss._ctrl_xfer
                0x200009c0       0x14 CMakeFiles/blinky.dir/C_/VSARM/sdk/pico/pico-sdk/lib/tinyusb/src/device/usbd_control.c.obj
 .bss._ubsd_mutexdef
                0x200009d4        0x8 CMakeFiles/blinky.dir/C_/VSARM/sdk/pico/pico-sdk/lib/tinyusb/src/device/usbd.c.obj
 .bss._usbd_ctrl_buf
                0x200009dc       0x40 CMakeFiles/blinky.dir/C_/VSARM/sdk/pico/pico-sdk/lib/tinyusb/src/device/usbd_control.c.obj
 .bss._usbd_dev
                0x20000a1c       0x37 CMakeFiles/blinky.dir/C_/VSARM/sdk/pico/pico-sdk/lib/tinyusb/src/device/usbd.c.obj
 *fill*         0x20000a53        0x1 
 .bss._usbd_mutex
                0x20000a54        0x4 CMakeFiles/blinky.dir/C_/VSARM/sdk/pico/pico-sdk/lib/tinyusb/src/device/usbd.c.obj
 .bss._usbd_q   0x20000a58        0x4 CMakeFiles/blinky.dir/C_/VSARM/sdk/pico/pico-sdk/lib/tinyusb/src/device/usbd.c.obj
 .bss._usbd_qdef_buf
                0x20000a5c       0xc0 CMakeFiles/blinky.dir/C_/VSARM/sdk/pico/pico-sdk/lib/tinyusb/src/device/usbd.c.obj
                0x20000a5c                _usbd_qdef_buf
 .bss.alarm_callbacks
                0x20000b1c       0x10 CMakeFiles/blinky.dir/C_/VSARM/sdk/pico/pico-sdk/src/rp2_common/hardware_timer/timer.c.obj
 .bss.boot2_copyout
                0x20000b2c      0x100 CMakeFiles/blinky.dir/C_/VSARM/sdk/pico/pico-sdk/src/rp2_common/hardware_flash/flash.c.obj
 .bss.claimed   0x20000c2c        0x4 CMakeFiles/blinky.dir/C_/VSARM/sdk/pico/pico-sdk/src/rp2_common/hardware_sync/sync.c.obj
 .bss.configured_freq
                0x20000c30       0x28 CMakeFiles/blinky.dir/C_/VSARM/sdk/pico/pico-sdk/src/rp2_common/hardware_clocks/clocks.c.obj
 .bss.default_alarm_pool_entry_ids_high
                0x20000c58       0x10 CMakeFiles/blinky.dir/C_/VSARM/sdk/pico/pico-sdk/src/common/pico_time/time.c.obj
 .bss.default_alarm_pool_heap_nodes
                0x20000c68       0x30 CMakeFiles/blinky.dir/C_/VSARM/sdk/pico/pico-sdk/src/common/pico_time/time.c.obj
 .bss.desc_str.0
                0x20000c98       0x28 CMakeFiles/blinky.dir/C_/VSARM/sdk/pico/pico-sdk/src/rp2_common/pico_stdio_usb/stdio_usb_descriptors.c.obj
 .bss.drivers   0x20000cc0        0x4 CMakeFiles/blinky.dir/C_/VSARM/sdk/pico/pico-sdk/src/rp2_common/pico_stdio/stdio.c.obj
 .bss.filter    0x20000cc4        0x4 CMakeFiles/blinky.dir/C_/VSARM/sdk/pico/pico-sdk/src/rp2_common/pico_stdio/stdio.c.obj
 .bss.hw_endpoints
                0x20000cc8      0x400 CMakeFiles/blinky.dir/C_/VSARM/sdk/pico/pico-sdk/lib/tinyusb/src/portable/raspberrypi/rp2040/dcd_rp2040.c.obj
 .bss.load_value
                0x200010c8        0x4 CMakeFiles/blinky.dir/C_/VSARM/sdk/pico/pico-sdk/src/rp2_common/hardware_watchdog/watchdog.c.obj
 .bss.next_buffer_ptr
                0x200010cc        0x4 CMakeFiles/blinky.dir/C_/VSARM/sdk/pico/pico-sdk/lib/tinyusb/src/portable/raspberrypi/rp2040/dcd_rp2040.c.obj
 .bss.pools     0x200010d0       0x10 CMakeFiles/blinky.dir/C_/VSARM/sdk/pico/pico-sdk/src/common/pico_time/time.c.obj
 .bss.retrieved_id
                0x200010e0        0x8 CMakeFiles/blinky.dir/C_/VSARM/sdk/pico/pico-sdk/src/rp2_common/pico_unique_id/unique_id.c.obj
 .bss.sd_table  0x200010e8      0x100 CMakeFiles/blinky.dir/C_/VSARM/sdk/pico/pico-sdk/src/rp2_common/pico_double/double_init_rom.c.obj
                0x200010e8                sd_table
 .bss.sf_clz_func
                0x200011e8        0x4 CMakeFiles/blinky.dir/C_/VSARM/sdk/pico/pico-sdk/src/rp2_common/pico_float/float_init_rom.c.obj