Archive member included to satisfy reference by file (symbol)

c:/vsarm/armcc/102021~1.07/bin/../lib/gcc/arm-none-eabi/10.3.1/thumb/v6-m/nofp\libgcc.a(_dvmd_tls.o)
                              CMakeFiles/BareMetal_UART.dir/C_/VSARM/sdk/pico/pico-sdk/src/rp2_common/pico_divider/divider.S.obj (__aeabi_idiv0)
c:/vsarm/armcc/102021~1.07/bin/../lib/gcc/arm-none-eabi/10.3.1/../../../../arm-none-eabi/lib/thumb/v6-m/nofp\libg.a(lib_a-calloc.o)
                              CMakeFiles/BareMetal_UART.dir/C_/VSARM/sdk/pico/pico-sdk/src/rp2_common/pico_malloc/pico_malloc.c.obj (calloc)
c:/vsarm/armcc/102021~1.07/bin/../lib/gcc/arm-none-eabi/10.3.1/../../../../arm-none-eabi/lib/thumb/v6-m/nofp\libg.a(lib_a-callocr.o)
                              c:/vsarm/armcc/102021~1.07/bin/../lib/gcc/arm-none-eabi/10.3.1/../../../../arm-none-eabi/lib/thumb/v6-m/nofp\libg.a(lib_a-calloc.o) (_calloc_r)
c:/vsarm/armcc/102021~1.07/bin/../lib/gcc/arm-none-eabi/10.3.1/../../../../arm-none-eabi/lib/thumb/v6-m/nofp\libg.a(lib_a-errno.o)
                              c:/vsarm/armcc/102021~1.07/bin/../lib/gcc/arm-none-eabi/10.3.1/../../../../arm-none-eabi/lib/thumb/v6-m/nofp\libg.a(lib_a-callocr.o) (__errno)
c:/vsarm/armcc/102021~1.07/bin/../lib/gcc/arm-none-eabi/10.3.1/../../../../arm-none-eabi/lib/thumb/v6-m/nofp\libg.a(lib_a-impure.o)
                              c:/vsarm/armcc/102021~1.07/bin/../lib/gcc/arm-none-eabi/10.3.1/../../../../arm-none-eabi/lib/thumb/v6-m/nofp\libg.a(lib_a-calloc.o) (_impure_ptr)
c:/vsarm/armcc/102021~1.07/bin/../lib/gcc/arm-none-eabi/10.3.1/../../../../arm-none-eabi/lib/thumb/v6-m/nofp\libg.a(lib_a-init.o)
                              c:/vsarm/armcc/102021~1.07/bin/../lib/gcc/arm-none-eabi/10.3.1/../../../../arm-none-eabi/lib/thumb/v6-m/nofp/crt0.o (__libc_init_array)
c:/vsarm/armcc/102021~1.07/bin/../lib/gcc/arm-none-eabi/10.3.1/../../../../arm-none-eabi/lib/thumb/v6-m/nofp\libg.a(lib_a-malloc.o)
                              CMakeFiles/BareMetal_UART.dir/C_/VSARM/sdk/pico/pico-sdk/src/rp2_common/pico_malloc/pico_malloc.c.obj (malloc)
c:/vsarm/armcc/102021~1.07/bin/../lib/gcc/arm-none-eabi/10.3.1/../../../../arm-none-eabi/lib/thumb/v6-m/nofp\libg.a(lib_a-mallocr.o)
                              c:/vsarm/armcc/102021~1.07/bin/../lib/gcc/arm-none-eabi/10.3.1/../../../../arm-none-eabi/lib/thumb/v6-m/nofp\libg.a(lib_a-callocr.o) (_malloc_r)
c:/vsarm/armcc/102021~1.07/bin/../lib/gcc/arm-none-eabi/10.3.1/../../../../arm-none-eabi/lib/thumb/v6-m/nofp\libg.a(lib_a-mlock.o)
                              c:/vsarm/armcc/102021~1.07/bin/../lib/gcc/arm-none-eabi/10.3.1/../../../../arm-none-eabi/lib/thumb/v6-m/nofp\libg.a(lib_a-mallocr.o) (__malloc_lock)
c:/vsarm/armcc/102021~1.07/bin/../lib/gcc/arm-none-eabi/10.3.1/../../../../arm-none-eabi/lib/thumb/v6-m/nofp\libg.a(lib_a-sbrkr.o)
                              c:/vsarm/armcc/102021~1.07/bin/../lib/gcc/arm-none-eabi/10.3.1/../../../../arm-none-eabi/lib/thumb/v6-m/nofp\libg.a(lib_a-mallocr.o) (_sbrk_r)
c:/vsarm/armcc/102021~1.07/bin/../lib/gcc/arm-none-eabi/10.3.1/../../../../arm-none-eabi/lib/thumb/v6-m/nofp\libg.a(lib_a-strlen-stub.o)
                              CMakeFiles/BareMetal_UART.dir/C_/VSARM/sdk/pico/pico-sdk/src/rp2_common/pico_stdio/stdio.c.obj (strlen)
c:/vsarm/armcc/102021~1.07/bin/../lib/gcc/arm-none-eabi/10.3.1/../../../../arm-none-eabi/lib/thumb/v6-m/nofp\libg.a(lib_a-freer.o)
                              c:/vsarm/armcc/102021~1.07/bin/../lib/gcc/arm-none-eabi/10.3.1/../../../../arm-none-eabi/lib/thumb/v6-m/nofp\libg.a(lib_a-malloc.o) (_free_r)
c:/vsarm/armcc/102021~1.07/bin/../lib/gcc/arm-none-eabi/10.3.1/../../../../arm-none-eabi/lib/thumb/v6-m/nofp\libg.a(lib_a-lock.o)
                              c:/vsarm/armcc/102021~1.07/bin/../lib/gcc/arm-none-eabi/10.3.1/../../../../arm-none-eabi/lib/thumb/v6-m/nofp\libg.a(lib_a-mlock.o) (__retarget_lock_acquire_recursive)
c:/vsarm/armcc/102021~1.07/bin/../lib/gcc/arm-none-eabi/10.3.1/../../../../arm-none-eabi/lib/thumb/v6-m/nofp\libg.a(lib_a-reent.o)
                              c:/vsarm/armcc/102021~1.07/bin/../lib/gcc/arm-none-eabi/10.3.1/../../../../arm-none-eabi/lib/thumb/v6-m/nofp\libg.a(lib_a-sbrkr.o) (errno)

Discarded input sections

 .text          0x00000000        0x0 c:/vsarm/armcc/102021~1.07/bin/../lib/gcc/arm-none-eabi/10.3.1/thumb/v6-m/nofp/crti.o
 .data          0x00000000        0x0 c:/vsarm/armcc/102021~1.07/bin/../lib/gcc/arm-none-eabi/10.3.1/thumb/v6-m/nofp/crti.o
 .bss           0x00000000        0x0 c:/vsarm/armcc/102021~1.07/bin/../lib/gcc/arm-none-eabi/10.3.1/thumb/v6-m/nofp/crti.o
 .data          0x00000000        0x4 c:/vsarm/armcc/102021~1.07/bin/../lib/gcc/arm-none-eabi/10.3.1/thumb/v6-m/nofp/crtbegin.o
 .rodata        0x00000000       0x24 c:/vsarm/armcc/102021~1.07/bin/../lib/gcc/arm-none-eabi/10.3.1/thumb/v6-m/nofp/crtbegin.o
 .fini_array    0x00000000        0x4 c:/vsarm/armcc/102021~1.07/bin/../lib/gcc/arm-none-eabi/10.3.1/thumb/v6-m/nofp/crtbegin.o
[...]
Memory Configuration

Name             Origin             Length             Attributes
FLASH            0x10000000         0x00200000         xr
RAM              0x20000000         0x00040000         xrw
SCRATCH_X        0x20040000         0x00001000         xrw
SCRATCH_Y        0x20041000         0x00001000         xrw
*default*        0x00000000         0xffffffff

Linker script and memory map

LOAD c:/vsarm/armcc/102021~1.07/bin/../lib/gcc/arm-none-eabi/10.3.1/thumb/v6-m/nofp/crti.o
LOAD c:/vsarm/armcc/102021~1.07/bin/../lib/gcc/arm-none-eabi/10.3.1/thumb/v6-m/nofp/crtbegin.o
LOAD c:/vsarm/armcc/102021~1.07/bin/../lib/gcc/arm-none-eabi/10.3.1/../../../../arm-none-eabi/lib/thumb/v6-m/nofp/crt0.o

.flash_begin    0x10000000        0x0
                0x10000000                __flash_binary_start = .

.boot2          0x10000000      0x100
                0x10000000                __boot2_start__ = .
 *(.boot2)
 .boot2         0x10000000      0x100 C:\Users\camil\AppData\Local\Temp\ccGoo2NY.o
                0x10000100                __boot2_end__ = .
                0x00000001                ASSERT (((__boot2_end__ - __boot2_start__) == 0x100), ERROR: Pico second stage bootloader must be 256 bytes in size)

.text           0x10000100     0x4318
                0x10000100                __logical_binary_start = .
 *(.vectors)
 .vectors       0x10000100       0xd4 CMakeFiles/BareMetal_UART.dir/C_/VSARM/sdk/pico/pico-sdk/src/rp2_common/pico_standard_link/crt0.S.obj
                0x10000100                __VECTOR_TABLE
                0x10000100                __vectors
                0x100001c0                isr_invalid
                0x100001c0                __default_isrs_start
                0x100001c2                isr_nmi
                0x100001c4                isr_hardfault
                0x100001c6                isr_svcall
                0x100001c8                isr_pendsv
                0x100001ca                isr_systick
                0x100001cc                isr_irq23
                0x100001cc                isr_irq18
                0x100001cc                isr_irq11
                0x100001cc                isr_irq28
                0x100001cc                isr_irq19
                0x100001cc                isr_irq0
                0x100001cc                isr_irq6
                0x100001cc                isr_irq5
                0x100001cc                isr_irq12
                0x100001cc                isr_irq22
                0x100001cc                isr_irq31
                0x100001cc                isr_irq17
                0x100001cc                isr_irq27
                0x100001cc                isr_irq30
                0x100001cc                isr_irq2
                0x100001cc                isr_irq10
                0x100001cc                isr_irq8
                0x100001cc                isr_irq24
                0x100001cc                isr_irq1
                0x100001cc                isr_irq7
                0x100001cc                isr_irq21
                0x100001cc                isr_irq20
                0x100001cc                isr_irq15
                0x100001cc                isr_irq25
                0x100001cc                isr_irq13
                0x100001cc                __unhandled_user_irq
                0x100001cc                isr_irq4
                0x100001cc                isr_irq16
                0x100001cc                isr_irq29
                0x100001cc                isr_irq26
                0x100001cc                __default_isrs_end
                0x100001cc                isr_irq3
                0x100001cc                isr_irq14
                0x100001cc                isr_irq9
                0x100001d2                unhandled_user_irq_num_in_r0
 *(.binary_info_header)
 .binary_info_header
                0x100001d4       0x14 CMakeFiles/BareMetal_UART.dir/C_/VSARM/sdk/pico/pico-sdk/src/rp2_common/pico_standard_link/crt0.S.obj
                0x100001e8                __binary_info_header_end = .
 *(.reset)
 .reset         0x100001e8       0xa8 CMakeFiles/BareMetal_UART.dir/C_/VSARM/sdk/pico/pico-sdk/src/rp2_common/pico_standard_link/crt0.S.obj
                0x100001e8                _entry_point
                0x10000266                __get_current_exception
 .reset         0x10000290       0x30 CMakeFiles/BareMetal_UART.dir/C_/VSARM/sdk/pico/pico-sdk/src/rp2_common/pico_standard_link/binary_info.c.obj
 *(.init)
 .init          0x100002c0        0x4 c:/vsarm/armcc/102021~1.07/bin/../lib/gcc/arm-none-eabi/10.3.1/thumb/v6-m/nofp/crti.o
                0x100002c0                _init
 *(EXCLUDE_FILE(*libm.a: *libc.a:*lib_a-mem*.o *libgcc.a:) .text*)
 .text          0x100002c4       0x48 c:/vsarm/armcc/102021~1.07/bin/../lib/gcc/arm-none-eabi/10.3.1/thumb/v6-m/nofp/crtbegin.o
 .text.callback_func
                0x1000030c       0x10 CMakeFiles/BareMetal_UART.dir/src/main.c.obj
                0x1000030c                callback_func
 .text.main     0x1000031c       0x90 CMakeFiles/BareMetal_UART.dir/src/main.c.obj
                0x1000031c                main
 .text.bsp_uart_configure
                0x100003ac       0x60 CMakeFiles/BareMetal_UART.dir/src/bsp.c.obj
                0x100003ac                bsp_uart_configure
 .text.bsp_uart_send_buffer
                0x1000040c       0x1c CMakeFiles/BareMetal_UART.dir/src/bsp.c.obj
                0x1000040c                bsp_uart_send_buffer
 .text.bsp_uart_tx_is_busy
                0x10000428       0x14 CMakeFiles/BareMetal_UART.dir/src/bsp.c.obj
                0x10000428                bsp_uart_tx_is_busy
 .text.bsp_dma_is_busy_uart_tx
                0x1000043c       0x14 CMakeFiles/BareMetal_UART.dir/src/bsp.c.obj
                0x1000043c                bsp_dma_is_busy_uart_tx
 .text.bsp_dma_transfer_complete_uart_rx
                0x10000450       0x14 CMakeFiles/BareMetal_UART.dir/src/bsp.c.obj
                0x10000450                bsp_dma_transfer_complete_uart_rx
 .text.bsp_dma_disable_uart_tx
                0x10000464        0x8 CMakeFiles/BareMetal_UART.dir/src/bsp.c.obj
                0x10000464                bsp_dma_disable_uart_tx
 .text.dma_configure
                0x1000046c      0x14c CMakeFiles/BareMetal_UART.dir/src/bsp.c.obj
                0x1000046c                dma_configure
 .text.bsp_dma_configure_uart_tx
                0x100005b8       0x1a CMakeFiles/BareMetal_UART.dir/src/bsp.c.obj
                0x100005b8                bsp_dma_configure_uart_tx
 .text.bsp_dma_configure_uart_rx
                0x100005d2       0x1c CMakeFiles/BareMetal_UART.dir/src/bsp.c.obj
                0x100005d2                bsp_dma_configure_uart_rx
 .text.dma_start
                0x100005ee       0x18 CMakeFiles/BareMetal_UART.dir/src/bsp.c.obj
                0x100005ee                dma_start
 *fill*         0x10000606        0x2 
 .text.bsp_dma_start_uart_tx
                0x10000608       0x14 CMakeFiles/BareMetal_UART.dir/src/bsp.c.obj
                0x10000608                bsp_dma_start_uart_tx
 .text.bsp_dma_start_uart_rx
                0x1000061c       0x14 CMakeFiles/BareMetal_UART.dir/src/bsp.c.obj
                0x1000061c                bsp_dma_start_uart_rx
 .text.void_call_back
                0x10000630        0x2 CMakeFiles/BareMetal_UART.dir/src/uart_safe.c.obj
                0x10000630                void_call_back
 *fill*         0x10000632        0x2 
 .text.UartSafe_constructor
                0x10000634       0x90 CMakeFiles/BareMetal_UART.dir/src/uart_safe.c.obj
                0x10000634                UartSafe_constructor
 .text.UartSafe_init_uart
                0x100006c4       0x1c CMakeFiles/BareMetal_UART.dir/src/uart_safe.c.obj
                0x100006c4                UartSafe_init_uart
 .text.UartSafe_tx_handler
                0x100006e0       0x88 CMakeFiles/BareMetal_UART.dir/src/uart_safe.c.obj
                0x100006e0                UartSafe_tx_handler
 .text.UartSafe_rx_handler
                0x10000768       0xa2 CMakeFiles/BareMetal_UART.dir/src/uart_safe.c.obj
                0x10000768                UartSafe_rx_handler
 *fill*         0x1000080a        0x2 
 .text.gpio_set_function
                0x1000080c       0x30 CMakeFiles/BareMetal_UART.dir/C_/VSARM/sdk/pico/pico-sdk/src/rp2_common/hardware_gpio/gpio.c.obj
                0x1000080c                gpio_set_function
 .text.hw_claim_lock
                0x1000083c       0x18 CMakeFiles/BareMetal_UART.dir/C_/VSARM/sdk/pico/pico-sdk/src/rp2_common/hardware_claim/claim.c.obj
                0x1000083c                hw_claim_lock
 .text.hw_claim_unlock
                0x10000854       0x14 CMakeFiles/BareMetal_UART.dir/C_/VSARM/sdk/pico/pico-sdk/src/rp2_common/hardware_claim/claim.c.obj
                0x10000854                hw_claim_unlock
 .text.hw_claim_or_assert
                0x10000868       0x32 CMakeFiles/BareMetal_UART.dir/C_/VSARM/sdk/pico/pico-sdk/src/rp2_common/hardware_claim/claim.c.obj
                0x10000868                hw_claim_or_assert
 *fill*         0x1000089a        0x2 
 .text.running_on_fpga
                0x1000089c       0x14 CMakeFiles/BareMetal_UART.dir/C_/VSARM/sdk/pico/pico-sdk/src/rp2_common/pico_platform/platform.c.obj
                0x1000089c                running_on_fpga
 .text.spin_locks_reset
                0x100008b0       0x20 CMakeFiles/BareMetal_UART.dir/C_/VSARM/sdk/pico/pico-sdk/src/rp2_common/hardware_sync/sync.c.obj
                0x100008b0                spin_locks_reset
 .text.next_striped_spin_lock_num
                0x100008d0       0x1c CMakeFiles/BareMetal_UART.dir/C_/VSARM/sdk/pico/pico-sdk/src/rp2_common/hardware_sync/sync.c.obj
                0x100008d0                next_striped_spin_lock_num
 .text.uart_set_baudrate
                0x100008ec       0x5c CMakeFiles/BareMetal_UART.dir/C_/VSARM/sdk/pico/pico-sdk/src/rp2_common/hardware_uart/uart.c.obj
                0x100008ec                uart_set_baudrate
 .text.uart_set_translate_crlf
                0x10000948       0x28 CMakeFiles/BareMetal_UART.dir/C_/VSARM/sdk/pico/pico-sdk/src/rp2_common/hardware_uart/uart.c.obj
                0x10000948                uart_set_translate_crlf
 .text.uart_init
                0x10000970       0x80 CMakeFiles/BareMetal_UART.dir/C_/VSARM/sdk/pico/pico-sdk/src/rp2_common/hardware_uart/uart.c.obj
                0x10000970                uart_init
 .text.alarm_pool_post_alloc_init
                0x100009f0       0x40 CMakeFiles/BareMetal_UART.dir/C_/VSARM/sdk/pico/pico-sdk/src/common/pico_time/time.c.obj
 .text.timer_pool_entry_comparator
                0x10000a30       0x7c CMakeFiles/BareMetal_UART.dir/C_/VSARM/sdk/pico/pico-sdk/src/common/pico_time/time.c.obj
                0x10000a30                timer_pool_entry_comparator
 .text.ph_add_child_node
                0x10000aac       0xa4 CMakeFiles/BareMetal_UART.dir/C_/VSARM/sdk/pico/pico-sdk/src/common/pico_time/time.c.obj
 .text.ph_merge_nodes
                0x10000b50       0x3e CMakeFiles/BareMetal_UART.dir/C_/VSARM/sdk/pico/pico-sdk/src/common/pico_time/time.c.obj
 *fill*         0x10000b8e        0x2 
 .text.add_alarm_under_lock
                0x10000b90      0x174 CMakeFiles/BareMetal_UART.dir/C_/VSARM/sdk/pico/pico-sdk/src/common/pico_time/time.c.obj
 .text.alarm_pool_alarm_callback
                0x10000d04      0x328 CMakeFiles/BareMetal_UART.dir/C_/VSARM/sdk/pico/pico-sdk/src/common/pico_time/time.c.obj
 .text.alarm_pool_init_default
                0x1000102c       0x38 CMakeFiles/BareMetal_UART.dir/C_/VSARM/sdk/pico/pico-sdk/src/common/pico_time/time.c.obj
                0x1000102c                alarm_pool_init_default
 .text.hardware_alarm_irq_handler
                0x10001064       0x8c CMakeFiles/BareMetal_UART.dir/C_/VSARM/sdk/pico/pico-sdk/src/rp2_common/hardware_timer/timer.c.obj
 .text.hardware_alarm_claim
                0x100010f0       0x18 CMakeFiles/BareMetal_UART.dir/C_/VSARM/sdk/pico/pico-sdk/src/rp2_common/hardware_timer/timer.c.obj
                0x100010f0                hardware_alarm_claim
 .text.time_us_64
                0x10001108       0x18 CMakeFiles/BareMetal_UART.dir/C_/VSARM/sdk/pico/pico-sdk/src/rp2_common/hardware_timer/timer.c.obj
                0x10001108                time_us_64
 .text.hardware_alarm_set_callback
                0x10001120       0x90 CMakeFiles/BareMetal_UART.dir/C_/VSARM/sdk/pico/pico-sdk/src/rp2_common/hardware_timer/timer.c.obj
                0x10001120                hardware_alarm_set_callback
 .text.hardware_alarm_set_target
                0x100011b0       0xe8 CMakeFiles/BareMetal_UART.dir/C_/VSARM/sdk/pico/pico-sdk/src/rp2_common/hardware_timer/timer.c.obj
                0x100011b0                hardware_alarm_set_target
 .text.hardware_alarm_cancel
                0x10001298       0x40 CMakeFiles/BareMetal_UART.dir/C_/VSARM/sdk/pico/pico-sdk/src/rp2_common/hardware_timer/timer.c.obj
                0x10001298                hardware_alarm_cancel
 .text.lock_init
                0x100012d8       0x10 CMakeFiles/BareMetal_UART.dir/C_/VSARM/sdk/pico/pico-sdk/src/common/pico_sync/lock_core.c.obj
                0x100012d8                lock_init
 .text.mutex_init_internal
                0x100012e8       0x1e CMakeFiles/BareMetal_UART.dir/C_/VSARM/sdk/pico/pico-sdk/src/common/pico_sync/mutex.c.obj
 .text.mutex_init
                0x10001306        0xa CMakeFiles/BareMetal_UART.dir/C_/VSARM/sdk/pico/pico-sdk/src/common/pico_sync/mutex.c.obj
                0x10001306                mutex_init
 .text.recursive_mutex_init
                0x10001310        0xa CMakeFiles/BareMetal_UART.dir/C_/VSARM/sdk/pico/pico-sdk/src/common/pico_sync/mutex.c.obj
                0x10001310                recursive_mutex_init
 *fill*         0x1000131a        0x2 
 .text.ph_add_child_node
                0x1000131c       0xa4 CMakeFiles/BareMetal_UART.dir/C_/VSARM/sdk/pico/pico-sdk/src/common/pico_util/pheap.c.obj
 .text.ph_merge_nodes
                0x100013c0       0x3e CMakeFiles/BareMetal_UART.dir/C_/VSARM/sdk/pico/pico-sdk/src/common/pico_util/pheap.c.obj
 *fill*         0x100013fe        0x2 
 .text.ph_clear
                0x10001400       0x70 CMakeFiles/BareMetal_UART.dir/C_/VSARM/sdk/pico/pico-sdk/src/common/pico_util/pheap.c.obj
                0x10001400                ph_clear
 .text.ph_post_alloc_init
                0x10001470        0xe CMakeFiles/BareMetal_UART.dir/C_/VSARM/sdk/pico/pico-sdk/src/common/pico_util/pheap.c.obj
                0x10001470                ph_post_alloc_init
 *fill*         0x1000147e        0x2 
 .text.ph_merge_two_pass
                0x10001480       0xa8 CMakeFiles/BareMetal_UART.dir/C_/VSARM/sdk/pico/pico-sdk/src/common/pico_util/pheap.c.obj
                0x10001480                ph_merge_two_pass
 .text.ph_remove_any_head
                0x10001528      0x108 CMakeFiles/BareMetal_UART.dir/C_/VSARM/sdk/pico/pico-sdk/src/common/pico_util/pheap.c.obj
 .text.ph_remove_head
                0x10001630       0x14 CMakeFiles/BareMetal_UART.dir/C_/VSARM/sdk/pico/pico-sdk/src/common/pico_util/pheap.c.obj
                0x10001630                ph_remove_head
 .text.ph_remove_and_free_node
                0x10001644       0xf8 CMakeFiles/BareMetal_UART.dir/C_/VSARM/sdk/pico/pico-sdk/src/common/pico_util/pheap.c.obj
                0x10001644                ph_remove_and_free_node
 .text.runtime_init
                0x1000173c       0xd8 CMakeFiles/BareMetal_UART.dir/C_/VSARM/sdk/pico/pico-sdk/src/rp2_common/pico_runtime/runtime.c.obj
                0x1000173c                runtime_init
 .text._exit    0x10001814        0x4 CMakeFiles/BareMetal_UART.dir/C_/VSARM/sdk/pico/pico-sdk/src/rp2_common/pico_runtime/runtime.c.obj
                0x10001814                _exit
 .text.exit     0x10001818        0x6 CMakeFiles/BareMetal_UART.dir/C_/VSARM/sdk/pico/pico-sdk/src/rp2_common/pico_runtime/runtime.c.obj
                0x10001818                exit
 *fill*         0x1000181e        0x2 
 .text.__assert_func
                0x10001820       0x3c CMakeFiles/BareMetal_UART.dir/C_/VSARM/sdk/pico/pico-sdk/src/rp2_common/pico_runtime/runtime.c.obj
                0x10001820                __assert_func
 .text.panic    0x1000185c       0x30 CMakeFiles/BareMetal_UART.dir/C_/VSARM/sdk/pico/pico-sdk/src/rp2_common/pico_runtime/runtime.c.obj
                0x1000185c                panic
 .text.clock_configure
                0x1000188c      0x104 CMakeFiles/BareMetal_UART.dir/C_/VSARM/sdk/pico/pico-sdk/src/rp2_common/hardware_clocks/clocks.c.obj
                0x1000188c                clock_configure
 .text.clocks_init
                0x10001990      0x100 CMakeFiles/BareMetal_UART.dir/C_/VSARM/sdk/pico/pico-sdk/src/rp2_common/hardware_clocks/clocks.c.obj
                0x10001990                clocks_init
 .text.clock_get_hz
                0x10001a90        0xc CMakeFiles/BareMetal_UART.dir/C_/VSARM/sdk/pico/pico-sdk/src/rp2_common/hardware_clocks/clocks.c.obj
                0x10001a90                clock_get_hz
 .text.set_raw_irq_handler_and_unlock
                0x10001a9c       0x28 CMakeFiles/BareMetal_UART.dir/C_/VSARM/sdk/pico/pico-sdk/src/rp2_common/hardware_irq/irq.c.obj
 .text.make_branch
                0x10001ac4       0x34 CMakeFiles/BareMetal_UART.dir/C_/VSARM/sdk/pico/pico-sdk/src/rp2_common/hardware_irq/irq.c.obj
 .text.insert_branch_and_link
                0x10001af8       0x40 CMakeFiles/BareMetal_UART.dir/C_/VSARM/sdk/pico/pico-sdk/src/rp2_common/hardware_irq/irq.c.obj
 .text.irq_is_enabled
                0x10001b38       0x18 CMakeFiles/BareMetal_UART.dir/C_/VSARM/sdk/pico/pico-sdk/src/rp2_common/hardware_irq/irq.c.obj
                0x10001b38                irq_is_enabled
 .text.irq_set_mask_enabled
                0x10001b50       0x20 CMakeFiles/BareMetal_UART.dir/C_/VSARM/sdk/pico/pico-sdk/src/rp2_common/hardware_irq/irq.c.obj
                0x10001b50                irq_set_mask_enabled
 .text.irq_set_enabled
                0x10001b70        0xe CMakeFiles/BareMetal_UART.dir/C_/VSARM/sdk/pico/pico-sdk/src/rp2_common/hardware_irq/irq.c.obj
                0x10001b70                irq_set_enabled
 *fill*         0x10001b7e        0x2 
 .text.irq_get_vtable_handler
                0x10001b80       0x10 CMakeFiles/BareMetal_UART.dir/C_/VSARM/sdk/pico/pico-sdk/src/rp2_common/hardware_irq/irq.c.obj
                0x10001b80                irq_get_vtable_handler
 .text.irq_set_exclusive_handler
                0x10001b90       0x54 CMakeFiles/BareMetal_UART.dir/C_/VSARM/sdk/pico/pico-sdk/src/rp2_common/hardware_irq/irq.c.obj
                0x10001b90                irq_set_exclusive_handler
 .text.irq_remove_handler
                0x10001be4      0x1ac CMakeFiles/BareMetal_UART.dir/C_/VSARM/sdk/pico/pico-sdk/src/rp2_common/hardware_irq/irq.c.obj
                0x10001be4                irq_remove_handler
 .text.irq_set_priority
                0x10001d90       0x28 CMakeFiles/BareMetal_UART.dir/C_/VSARM/sdk/pico/pico-sdk/src/rp2_common/hardware_irq/irq.c.obj
                0x10001d90                irq_set_priority
 .text.irq_add_tail_to_free_list
                0x10001db8       0xf0 CMakeFiles/BareMetal_UART.dir/C_/VSARM/sdk/pico/pico-sdk/src/rp2_common/hardware_irq/irq.c.obj
                0x10001db8                irq_add_tail_to_free_list
 .text.irq_init_priorities
                0x10001ea8       0x16 CMakeFiles/BareMetal_UART.dir/C_/VSARM/sdk/pico/pico-sdk/src/rp2_common/hardware_irq/irq.c.obj
                0x10001ea8                irq_init_priorities
 *fill*         0x10001ebe        0x2 
 .text.pll_init
                0x10001ec0      0x118 CMakeFiles/BareMetal_UART.dir/C_/VSARM/sdk/pico/pico-sdk/src/rp2_common/hardware_pll/pll.c.obj
                0x10001ec0                pll_init
 .text.watchdog_start_tick
                0x10001fd8       0x10 CMakeFiles/BareMetal_UART.dir/C_/VSARM/sdk/pico/pico-sdk/src/rp2_common/hardware_watchdog/watchdog.c.obj
                0x10001fd8                watchdog_start_tick
 .text.xosc_init
                0x10001fe8       0x28 CMakeFiles/BareMetal_UART.dir/C_/VSARM/sdk/pico/pico-sdk/src/rp2_common/hardware_xosc/xosc.c.obj
                0x10001fe8                xosc_init
 .text._out_null
                0x10002010        0x2 CMakeFiles/BareMetal_UART.dir/C_/VSARM/sdk/pico/pico-sdk/src/rp2_common/pico_printf/printf.c.obj
 .text._out_fct
                0x10002012        0xe CMakeFiles/BareMetal_UART.dir/C_/VSARM/sdk/pico/pico-sdk/src/rp2_common/pico_printf/printf.c.obj
 .text._atoi    0x10002020       0x24 CMakeFiles/BareMetal_UART.dir/C_/VSARM/sdk/pico/pico-sdk/src/rp2_common/pico_printf/printf.c.obj
 .text._out_rev
                0x10002044       0xae CMakeFiles/BareMetal_UART.dir/C_/VSARM/sdk/pico/pico-sdk/src/rp2_common/pico_printf/printf.c.obj
 .text._ntoa_format
                0x100020f2      0x112 CMakeFiles/BareMetal_UART.dir/C_/VSARM/sdk/pico/pico-sdk/src/rp2_common/pico_printf/printf.c.obj
 .text._ntoa_long
                0x10002204       0xbc CMakeFiles/BareMetal_UART.dir/C_/VSARM/sdk/pico/pico-sdk/src/rp2_common/pico_printf/printf.c.obj
 .text._ntoa_long_long
                0x100022c0       0xe2 CMakeFiles/BareMetal_UART.dir/C_/VSARM/sdk/pico/pico-sdk/src/rp2_common/pico_printf/printf.c.obj
 *fill*         0x100023a2        0x2 
 .text._etoa    0x100023a4      0x414 CMakeFiles/BareMetal_UART.dir/C_/VSARM/sdk/pico/pico-sdk/src/rp2_common/pico_printf/printf.c.obj
 .text._ftoa    0x100027b8      0x354 CMakeFiles/BareMetal_UART.dir/C_/VSARM/sdk/pico/pico-sdk/src/rp2_common/pico_printf/printf.c.obj
 .text._vsnprintf
                0x10002b0c      0x624 CMakeFiles/BareMetal_UART.dir/C_/VSARM/sdk/pico/pico-sdk/src/rp2_common/pico_printf/printf.c.obj
 .text.vfctprintf
                0x10003130       0x20 CMakeFiles/BareMetal_UART.dir/C_/VSARM/sdk/pico/pico-sdk/src/rp2_common/pico_printf/printf.c.obj
                0x10003130                vfctprintf
 .text          0x10003150       0x10 CMakeFiles/BareMetal_UART.dir/C_/VSARM/sdk/pico/pico-sdk/src/rp2_common/pico_bit_ops/bit_ops_aeabi.S.obj
 .text.rom_func_lookup
                0x10003160       0x10 CMakeFiles/BareMetal_UART.dir/C_/VSARM/sdk/pico/pico-sdk/src/rp2_common/pico_bootrom/bootrom.c.obj
                0x10003160                rom_func_lookup
 .text.rom_data_lookup
                0x10003170       0x10 CMakeFiles/BareMetal_UART.dir/C_/VSARM/sdk/pico/pico-sdk/src/rp2_common/pico_bootrom/bootrom.c.obj
                0x10003170                rom_data_lookup
 .text.rom_funcs_lookup
                0x10003180       0x36 CMakeFiles/BareMetal_UART.dir/C_/VSARM/sdk/pico/pico-sdk/src/rp2_common/pico_bootrom/bootrom.c.obj
                0x10003180                rom_funcs_lookup
 *fill*         0x100031b6        0x2 
 .text.__wrap___aeabi_idiv
                0x100031b8       0x50 CMakeFiles/BareMetal_UART.dir/C_/VSARM/sdk/pico/pico-sdk/src/rp2_common/pico_divider/divider.S.obj
                0x100031b8                __wrap___aeabi_idivmod
                0x100031b8                divmod_s32s32
                0x100031b8                div_s32s32
                0x100031b8                __wrap___aeabi_idiv
                0x100031c0                divmod_s32s32_unsafe
                0x100031ec                divmod_s32s32_savestate
 .text.__wrap___aeabi_uidiv
                0x10003208       0x4c CMakeFiles/BareMetal_UART.dir/C_/VSARM/sdk/pico/pico-sdk/src/rp2_common/pico_divider/divider.S.obj
                0x10003208                __wrap___aeabi_uidiv
                0x10003208                __wrap___aeabi_uidivmod
                0x10003208                div_u32u32
                0x10003208                divmod_u32u32
                0x10003210                divmod_u32u32_unsafe
                0x10003238                divmod_u32u32_savestate
 .text.__wrap___aeabi_ldiv
                0x10003254      0x430 CMakeFiles/BareMetal_UART.dir/C_/VSARM/sdk/pico/pico-sdk/src/rp2_common/pico_divider/divider.S.obj
                0x10003254                div_s64s64
                0x10003254                divmod_s64s64
                0x10003254                __wrap___aeabi_ldivmod
                0x1000328c                divmod_u64u64
                0x1000328c                div_u64u64
                0x1000328c                __wrap___aeabi_uldivmod
                0x1000329c                divmod_u64u64_savestate
                0x100032c4                divmod_s64s64_unsafe
                0x1000334c                divmod_u64u64_unsafe
 .text.__wrap___aeabi_darithmetic
                0x10003684       0x80 CMakeFiles/BareMetal_UART.dir/C_/VSARM/sdk/pico/pico-sdk/src/rp2_common/pico_double/double_aeabi.S.obj
                0x10003684                __wrap___aeabi_drsub
                0x1000368a                __wrap___aeabi_dsub
                0x1000369c                __wrap___aeabi_dadd
                0x100036ae                __wrap___aeabi_ddiv
                0x100036ea                __wrap___aeabi_dmul
 .text.__wrap___aeabi_cdcmple
                0x10003704       0x6c CMakeFiles/BareMetal_UART.dir/C_/VSARM/sdk/pico/pico-sdk/src/rp2_common/pico_double/double_aeabi.S.obj
                0x10003704                __wrap___aeabi_cdrcmple
                0x10003714                __wrap___aeabi_cdcmpeq
                0x10003714                __wrap___aeabi_cdcmple
 .text.__wrap___aeabi_dcmplt
                0x10003770        0xc CMakeFiles/BareMetal_UART.dir/C_/VSARM/sdk/pico/pico-sdk/src/rp2_common/pico_double/double_aeabi.S.obj
                0x10003770                __wrap___aeabi_dcmplt
 .text.__wrap___aeabi_dcmple
                0x1000377c       0x10 CMakeFiles/BareMetal_UART.dir/C_/VSARM/sdk/pico/pico-sdk/src/rp2_common/pico_double/double_aeabi.S.obj
                0x1000377c                __wrap___aeabi_dcmple
 .text.__wrap___aeabi_dcmpge
                0x1000378c       0x10 CMakeFiles/BareMetal_UART.dir/C_/VSARM/sdk/pico/pico-sdk/src/rp2_common/pico_double/double_aeabi.S.obj
                0x1000378c                __wrap___aeabi_dcmpge
 .text.__wrap___aeabi_dcmpgt
                0x1000379c        0xa CMakeFiles/BareMetal_UART.dir/C_/VSARM/sdk/pico/pico-sdk/src/rp2_common/pico_double/double_aeabi.S.obj
                0x1000379c                __wrap___aeabi_dcmpgt
 .text.__wrap___aeabi_dcmpun
                0x100037a6       0x1c CMakeFiles/BareMetal_UART.dir/C_/VSARM/sdk/pico/pico-sdk/src/rp2_common/pico_double/double_aeabi.S.obj
                0x100037a6                __wrap___aeabi_dcmpun
 *fill*         0x100037c2        0x2 
 .text.__wrap___aeabi_i2d
                0x100037c4       0x38 CMakeFiles/BareMetal_UART.dir/C_/VSARM/sdk/pico/pico-sdk/src/rp2_common/pico_double/double_aeabi.S.obj
                0x100037c4                __wrap___aeabi_ui2d
                0x100037cc                __wrap___aeabi_i2d
 .text.__wrap___aeabi_d2iz
                0x100037fc       0x48 CMakeFiles/BareMetal_UART.dir/C_/VSARM/sdk/pico/pico-sdk/src/rp2_common/pico_double/double_aeabi.S.obj
                0x100037fc                double2int_z
                0x100037fc                __wrap___aeabi_d2iz
 .text.__wrap___aeabi_d2uiz
                0x10003844       0x18 CMakeFiles/BareMetal_UART.dir/C_/VSARM/sdk/pico/pico-sdk/src/rp2_common/pico_double/double_aeabi.S.obj
                0x10003844                __wrap___aeabi_d2uiz
                0x10003844                double2uint
 .text.__aeabi_double_init
                0x1000385c       0xb8 CMakeFiles/BareMetal_UART.dir/C_/VSARM/sdk/pico/pico-sdk/src/rp2_common/pico_double/double_init_rom.c.obj
                0x1000385c                __aeabi_double_init
 .text.double_table_shim_on_use_helper
                0x10003914       0x34 CMakeFiles/BareMetal_UART.dir/C_/VSARM/sdk/pico/pico-sdk/src/rp2_common/pico_double/double_v1_rom_shim.S.obj
                0x10003914                double_table_shim_on_use_helper
 .text.__wrap___aeabi_dsub
                0x10003948       0x10 CMakeFiles/BareMetal_UART.dir/C_/VSARM/sdk/pico/pico-sdk/src/rp2_common/pico_double/double_v1_rom_shim.S.obj
                0x10003948                drsub_shim
                0x1000394e                dsub_shim
 .text.dadd_shim
                0x10003958      0x15c CMakeFiles/BareMetal_UART.dir/C_/VSARM/sdk/pico/pico-sdk/src/rp2_common/pico_double/double_v1_rom_shim.S.obj
                0x10003958                dadd_shim
 .text.dmul_shim
                0x10003ab4      0x15c CMakeFiles/BareMetal_UART.dir/C_/VSARM/sdk/pico/pico-sdk/src/rp2_common/pico_double/double_v1_rom_shim.S.obj
                0x10003ab4                dmul_shim
 .text.ddiv_shim
                0x10003c10      0x1b0 CMakeFiles/BareMetal_UART.dir/C_/VSARM/sdk/pico/pico-sdk/src/rp2_common/pico_double/double_v1_rom_shim.S.obj
                0x10003c10                ddiv_shim
 .text.dcordic_rot_step
                0x10003dc0       0x7c CMakeFiles/BareMetal_UART.dir/C_/VSARM/sdk/pico/pico-sdk/src/rp2_common/pico_double/double_v1_rom_shim.S.obj
                0x10003dc0                dcordic_rot_step
 .text.double2uint_shim
                0x10003e3c        0xe CMakeFiles/BareMetal_UART.dir/C_/VSARM/sdk/pico/pico-sdk/src/rp2_common/pico_double/double_v1_rom_shim.S.obj
                0x10003e3c                double2uint_shim
                0x10003e3e                double2ufix_shim
 *fill*         0x10003e4a        0x2 
 .text.double2uint64_shim
                0x10003e4c       0x6c CMakeFiles/BareMetal_UART.dir/C_/VSARM/sdk/pico/pico-sdk/src/rp2_common/pico_double/double_v1_rom_shim.S.obj
                0x10003e4c                double2uint64_shim
                0x10003e4e                double2ufix64_shim
                0x10003e68                d2fix_a
 .text.dunpacks
                0x10003eb8       0x3c CMakeFiles/BareMetal_UART.dir/C_/VSARM/sdk/pico/pico-sdk/src/rp2_common/pico_double/double_v1_rom_shim.S.obj
                0x10003eb8                dunpacks
 .text.__wrap___aeabi_farithmetic
                0x10003ef4       0x58 CMakeFiles/BareMetal_UART.dir/C_/VSARM/sdk/pico/pico-sdk/src/rp2_common/pico_float/float_aeabi.S.obj
                0x10003ef4                __wrap___aeabi_frsub
                0x10003efa                __wrap___aeabi_fsub
                0x10003f04                __wrap___aeabi_fadd
                0x10003f0e                __wrap___aeabi_fdiv
                0x10003f3a                __wrap___aeabi_fmul
 .text.__wrap___aeabi_ui2f
                0x10003f4c        0xa CMakeFiles/BareMetal_UART.dir/C_/VSARM/sdk/pico/pico-sdk/src/rp2_common/pico_float/float_aeabi.S.obj
                0x10003f4c                __wrap___aeabi_ui2f
 *fill*         0x10003f56        0x2 
 .text.__wrap___aeabi_i2f
                0x10003f58       0x44 CMakeFiles/BareMetal_UART.dir/C_/VSARM/sdk/pico/pico-sdk/src/rp2_common/pico_float/float_aeabi.S.obj
                0x10003f58                __wrap___aeabi_i2f
 .text.__wrap___aeabi_f2uiz
                0x10003f9c       0x10 CMakeFiles/BareMetal_UART.dir/C_/VSARM/sdk/pico/pico-sdk/src/rp2_common/pico_float/float_aeabi.S.obj
                0x10003f9c                __wrap___aeabi_f2uiz
 .text.__wrap_logf
                0x10003fac       0x10 CMakeFiles/BareMetal_UART.dir/C_/VSARM/sdk/pico/pico-sdk/src/rp2_common/pico_float/float_aeabi.S.obj
                0x10003fac                __wrap_logf
 .text.__aeabi_float_init
                0x10003fbc       0xfc CMakeFiles/BareMetal_UART.dir/C_/VSARM/sdk/pico/pico-sdk/src/rp2_common/pico_float/float_init_rom.c.obj
                0x10003fbc                __aeabi_float_init
 .text.__wrap_log2f
                0x100040b8       0x14 CMakeFiles/BareMetal_UART.dir/C_/VSARM/sdk/pico/pico-sdk/src/rp2_common/pico_float/float_math.c.obj
                0x100040b8                __wrap_log2f
 .text.float_table_shim_on_use_helper
                0x100040cc       0x34 CMakeFiles/BareMetal_UART.dir/C_/VSARM/sdk/pico/pico-sdk/src/rp2_common/pico_float/float_v1_rom_shim.S.obj
                0x100040cc                float_table_shim_on_use_helper
 .text          0x10004100       0x10 CMakeFiles/BareMetal_UART.dir/C_/VSARM/sdk/pico/pico-sdk/src/rp2_common/pico_mem_ops/mem_ops_aeabi.S.obj
                0x10004100                __aeabi_mem_init
 .text.memset   0x10004110        0xc CMakeFiles/BareMetal_UART.dir/C_/VSARM/sdk/pico/pico-sdk/src/rp2_common/pico_mem_ops/mem_ops_aeabi.S.obj
                0x10004110                __wrap_memset
 .text.memcpy   0x1000411c        0xc CMakeFiles/BareMetal_UART.dir/C_/VSARM/sdk/pico/pico-sdk/src/rp2_common/pico_mem_ops/mem_ops_aeabi.S.obj
                0x1000411c                __wrap_memcpy
                0x1000411c                __wrap___aeabi_memcpy
 .text.stdio_out_chars_crlf
                0x10004128       0x80 CMakeFiles/BareMetal_UART.dir/C_/VSARM/sdk/pico/pico-sdk/src/rp2_common/pico_stdio/stdio.c.obj
 .text.stdio_stack_buffer_flush
                0x100041a8       0x44 CMakeFiles/BareMetal_UART.dir/C_/VSARM/sdk/pico/pico-sdk/src/rp2_common/pico_stdio/stdio.c.obj
 .text.stdio_buffered_printer
                0x100041ec       0x20 CMakeFiles/BareMetal_UART.dir/C_/VSARM/sdk/pico/pico-sdk/src/rp2_common/pico_stdio/stdio.c.obj
 .text.stdout_serialize_begin
                0x1000420c       0x30 CMakeFiles/BareMetal_UART.dir/C_/VSARM/sdk/pico/pico-sdk/src/rp2_common/pico_stdio/stdio.c.obj
                0x1000420c                stdout_serialize_begin
 .text.stdout_serialize_end
                0x1000423c       0x10 CMakeFiles/BareMetal_UART.dir/C_/VSARM/sdk/pico/pico-sdk/src/rp2_common/pico_stdio/stdio.c.obj
                0x1000423c                stdout_serialize_end
 .text.stdio_put_string
                0x1000424c       0x84 CMakeFiles/BareMetal_UART.dir/C_/VSARM/sdk/pico/pico-sdk/src/rp2_common/pico_stdio/stdio.c.obj
 .text.stdio_flush
                0x100042d0       0x20 CMakeFiles/BareMetal_UART.dir/C_/VSARM/sdk/pico/pico-sdk/src/rp2_common/pico_stdio/stdio.c.obj
                0x100042d0                stdio_flush
 .text.__wrap_puts
                0x100042f0       0x1c CMakeFiles/BareMetal_UART.dir/C_/VSARM/sdk/pico/pico-sdk/src/rp2_common/pico_stdio/stdio.c.obj
                0x100042f0                __wrap_puts
 .text.__wrap_vprintf
                0x1000430c       0x44 CMakeFiles/BareMetal_UART.dir/C_/VSARM/sdk/pico/pico-sdk/src/rp2_common/pico_stdio/stdio.c.obj
                0x1000430c                __wrap_vprintf
 .text.__wrap_printf
                0x10004350       0x18 CMakeFiles/BareMetal_UART.dir/C_/VSARM/sdk/pico/pico-sdk/src/rp2_common/pico_stdio/stdio.c.obj
                0x10004350                __wrap_printf
 .text.strlen   0x10004368       0x5c c:/vsarm/armcc/102021~1.07/bin/../lib/gcc/arm-none-eabi/10.3.1/../../../../arm-none-eabi/lib/thumb/v6-m/nofp\libg.a(lib_a-strlen-stub.o)
                0x10004368                strlen
 *(.fini)
 .fini          0x100043c4        0x4 c:/vsarm/armcc/102021~1.07/bin/../lib/gcc/arm-none-eabi/10.3.1/thumb/v6-m/nofp/crti.o
                0x100043c4                _fini
 .fini.__stub   0x100043c8       0x50 linker stubs
 *crtbegin.o(.ctors)
 *crtbegin?.o(.ctors)
 *(EXCLUDE_FILE(*crtend.o *crtend?.o) .ctors)
 *(SORT_BY_NAME(.ctors.*))
 *(.ctors)
 *crtbegin.o(.dtors)
 *crtbegin?.o(.dtors)
 *(EXCLUDE_FILE(*crtend.o *crtend?.o) .dtors)
 *(SORT_BY_NAME(.dtors.*))
 *(.dtors)
 *(.eh_frame*)
 .eh_frame      0x10004418        0x0 c:/vsarm/armcc/102021~1.07/bin/../lib/gcc/arm-none-eabi/10.3.1/thumb/v6-m/nofp/crtbegin.o
                0x10004418                . = ALIGN (0x4)

.glue_7         0x10004418        0x0
 .glue_7        0x10004418        0x0 linker stubs

.glue_7t        0x10004418        0x0
 .glue_7t       0x10004418        0x0 linker stubs

.vfp11_veneer   0x10004418        0x0
 .vfp11_veneer  0x10004418        0x0 linker stubs

.v4_bx          0x10004418        0x0
 .v4_bx         0x10004418        0x0 linker stubs

.iplt           0x10004418        0x0
 .iplt          0x10004418        0x0 c:/vsarm/armcc/102021~1.07/bin/../lib/gcc/arm-none-eabi/10.3.1/thumb/v6-m/nofp/crtbegin.o

.rodata         0x10004418      0xeb0
 *(EXCLUDE_FILE(*libm.a: *libc.a:*lib_a-mem*.o *libgcc.a:) .rodata*)
 .rodata.main.str1.4
                0x10004418       0x21 CMakeFiles/BareMetal_UART.dir/src/main.c.obj
 *fill*         0x10004439        0x3 
 .rodata.dma_configure.str1.4
                0x1000443c       0xd7 CMakeFiles/BareMetal_UART.dir/src/bsp.c.obj
 *fill*         0x10004513        0x1 
 .rodata.__func__.0
                0x10004514       0x18 CMakeFiles/BareMetal_UART.dir/src/bsp.c.obj
 .rodata.__func__.1
                0x1000452c       0x18 CMakeFiles/BareMetal_UART.dir/src/bsp.c.obj
 .rodata.__func__.2
                0x10004544       0x26 CMakeFiles/BareMetal_UART.dir/src/bsp.c.obj
 *fill*         0x1000456a        0x2 
 .rodata.__func__.3
                0x1000456c       0x1c CMakeFiles/BareMetal_UART.dir/src/bsp.c.obj
 .rodata.repeating_timer_callback.str1.4
                0x10004588       0x4b CMakeFiles/BareMetal_UART.dir/C_/VSARM/sdk/pico/pico-sdk/src/common/pico_time/time.c.obj
 *fill*         0x100045d3        0x1 
 .rodata.alarm_pool_dump_key.str1.4
                0x100045d4       0x33 CMakeFiles/BareMetal_UART.dir/C_/VSARM/sdk/pico/pico-sdk/src/common/pico_time/time.c.obj
 *fill*         0x10004607        0x1 
 .rodata.ph_add_child_node.str1.4
                0x10004608       0x96 CMakeFiles/BareMetal_UART.dir/C_/VSARM/sdk/pico/pico-sdk/src/common/pico_time/time.c.obj
 *fill*         0x1000469e        0x2 
 .rodata.add_alarm_under_lock.str1.4
                0x100046a0       0x28 CMakeFiles/BareMetal_UART.dir/C_/VSARM/sdk/pico/pico-sdk/src/common/pico_time/time.c.obj
                                 0x2b (size before relaxing)
 .rodata.alarm_pool_alarm_callback.str1.4
                0x100046c8       0xe6 CMakeFiles/BareMetal_UART.dir/C_/VSARM/sdk/pico/pico-sdk/src/common/pico_time/time.c.obj
 *fill*         0x100047ae        0x2 
 .rodata.__func__.10
                0x100047b0       0x15 CMakeFiles/BareMetal_UART.dir/C_/VSARM/sdk/pico/pico-sdk/src/common/pico_time/time.c.obj
 *fill*         0x100047c5        0x3 
 .rodata.__func__.11
                0x100047c8       0x1a CMakeFiles/BareMetal_UART.dir/C_/VSARM/sdk/pico/pico-sdk/src/common/pico_time/time.c.obj
 *fill*         0x100047e2        0x2 
 .rodata.__func__.12
                0x100047e4        0xa CMakeFiles/BareMetal_UART.dir/C_/VSARM/sdk/pico/pico-sdk/src/common/pico_time/time.c.obj
 *fill*         0x100047ee        0x2 
 .rodata.__func__.4
                0x100047f0       0x12 CMakeFiles/BareMetal_UART.dir/C_/VSARM/sdk/pico/pico-sdk/src/common/pico_time/time.c.obj
 *fill*         0x10004802        0x2 
 .rodata.__func__.5
                0x10004804        0xd CMakeFiles/BareMetal_UART.dir/C_/VSARM/sdk/pico/pico-sdk/src/common/pico_time/time.c.obj
 *fill*         0x10004811        0x3 
 .rodata.__func__.6
                0x10004814       0x12 CMakeFiles/BareMetal_UART.dir/C_/VSARM/sdk/pico/pico-sdk/src/common/pico_time/time.c.obj
 *fill*         0x10004826        0x2 
 .rodata.__func__.7
                0x10004828        0xf CMakeFiles/BareMetal_UART.dir/C_/VSARM/sdk/pico/pico-sdk/src/common/pico_time/time.c.obj
 *fill*         0x10004837        0x1 
 .rodata.__func__.8
                0x10004838        0xc CMakeFiles/BareMetal_UART.dir/C_/VSARM/sdk/pico/pico-sdk/src/common/pico_time/time.c.obj
 .rodata.__func__.9
                0x10004844       0x15 CMakeFiles/BareMetal_UART.dir/C_/VSARM/sdk/pico/pico-sdk/src/common/pico_time/time.c.obj
 *fill*         0x10004859        0x3 
 .rodata.hardware_alarm_claim.str1.4
                0x1000485c       0x22 CMakeFiles/BareMetal_UART.dir/C_/VSARM/sdk/pico/pico-sdk/src/rp2_common/hardware_timer/timer.c.obj
 *fill*         0x1000487e        0x2 
 .rodata.hardware_alarm_set_target.str1.4
                0x10004880       0x65 CMakeFiles/BareMetal_UART.dir/C_/VSARM/sdk/pico/pico-sdk/src/rp2_common/hardware_timer/timer.c.obj
 *fill*         0x100048e5        0x3 
 .rodata.__func__.0
                0x100048e8       0x1a CMakeFiles/BareMetal_UART.dir/C_/VSARM/sdk/pico/pico-sdk/src/rp2_common/hardware_timer/timer.c.obj
 *fill*         0x10004902        0x2 
 .rodata.str1.4
                0x10004904       0xb1 CMakeFiles/BareMetal_UART.dir/C_/VSARM/sdk/pico/pico-sdk/src/common/pico_sync/mutex.c.obj
                                0x115 (size before relaxing)
 *fill*         0x100049b5        0x3 
 .rodata.__func__.0
                0x100049b8        0xb CMakeFiles/BareMetal_UART.dir/C_/VSARM/sdk/pico/pico-sdk/src/common/pico_sync/mutex.c.obj
 *fill*         0x100049c3        0x1 
 .rodata.__func__.3
                0x100049c4       0x15 CMakeFiles/BareMetal_UART.dir/C_/VSARM/sdk/pico/pico-sdk/src/common/pico_sync/mutex.c.obj
 .rodata.ph_add_child_node.str1.4
                0x100049d9       0x96 CMakeFiles/BareMetal_UART.dir/C_/VSARM/sdk/pico/pico-sdk/src/common/pico_util/pheap.c.obj
 *fill*         0x100049d9        0x3 
 .rodata.ph_remove_any_head.str1.4
                0x100049dc       0x8c CMakeFiles/BareMetal_UART.dir/C_/VSARM/sdk/pico/pico-sdk/src/common/pico_util/pheap.c.obj
 .rodata.ph_remove_and_free_node.str1.4
                0x10004a68       0x26 CMakeFiles/BareMetal_UART.dir/C_/VSARM/sdk/pico/pico-sdk/src/common/pico_util/pheap.c.obj
 *fill*         0x10004a8e        0x2 
 .rodata.__func__.0
                0x10004a90       0x18 CMakeFiles/BareMetal_UART.dir/C_/VSARM/sdk/pico/pico-sdk/src/common/pico_util/pheap.c.obj
 .rodata.__func__.1
                0x10004aa8       0x13 CMakeFiles/BareMetal_UART.dir/C_/VSARM/sdk/pico/pico-sdk/src/common/pico_util/pheap.c.obj
 *fill*         0x10004abb        0x1 
 .rodata.__func__.2
                0x10004abc       0x12 CMakeFiles/BareMetal_UART.dir/C_/VSARM/sdk/pico/pico-sdk/src/common/pico_util/pheap.c.obj
 *fill*         0x10004ace        0x2 
 .rodata.__func__.3
                0x10004ad0        0xc CMakeFiles/BareMetal_UART.dir/C_/VSARM/sdk/pico/pico-sdk/src/common/pico_util/pheap.c.obj
 .rodata.__assert_func.str1.4
                0x10004adc       0x3f CMakeFiles/BareMetal_UART.dir/C_/VSARM/sdk/pico/pico-sdk/src/rp2_common/pico_runtime/runtime.c.obj
                                 0x43 (size before relaxing)
 *fill*         0x10004b1b        0x1 
 .rodata.panic.str1.4
                0x10004b1c       0x12 CMakeFiles/BareMetal_UART.dir/C_/VSARM/sdk/pico/pico-sdk/src/rp2_common/pico_runtime/runtime.c.obj
 *fill*         0x10004b2e        0x2 
 .rodata.clock_configure.str1.4
                0x10004b30       0x57 CMakeFiles/BareMetal_UART.dir/C_/VSARM/sdk/pico/pico-sdk/src/rp2_common/hardware_clocks/clocks.c.obj
 *fill*         0x10004b87        0x1 
 .rodata.__func__.1
                0x10004b88       0x10 CMakeFiles/BareMetal_UART.dir/C_/VSARM/sdk/pico/pico-sdk/src/rp2_common/hardware_clocks/clocks.c.obj
 .rodata.make_branch.str1.4
                0x10004b98       0x4d CMakeFiles/BareMetal_UART.dir/C_/VSARM/sdk/pico/pico-sdk/src/rp2_common/hardware_irq/irq.c.obj
 *fill*         0x10004be5        0x3 
 .rodata.irq_set_exclusive_handler.str1.4
                0x10004be8       0x36 CMakeFiles/BareMetal_UART.dir/C_/VSARM/sdk/pico/pico-sdk/src/rp2_common/hardware_irq/irq.c.obj
 *fill*         0x10004c1e        0x2 
 .rodata.irq_add_shared_handler.str1.4
                0x10004c20       0xd9 CMakeFiles/BareMetal_UART.dir/C_/VSARM/sdk/pico/pico-sdk/src/rp2_common/hardware_irq/irq.c.obj
 *fill*         0x10004cf9        0x3 
 .rodata.irq_remove_handler.str1.4
                0x10004cfc       0x2a CMakeFiles/BareMetal_UART.dir/C_/VSARM/sdk/pico/pico-sdk/src/rp2_common/hardware_irq/irq.c.obj
 *fill*         0x10004d26        0x2 
 .rodata.irq_add_tail_to_free_list.str1.4
                0x10004d28       0x32 CMakeFiles/BareMetal_UART.dir/C_/VSARM/sdk/pico/pico-sdk/src/rp2_common/hardware_irq/irq.c.obj
                                 0x3a (size before relaxing)
 *fill*         0x10004d5a        0x2 
 .rodata.__func__.0
                0x10004d5c       0x1a CMakeFiles/BareMetal_UART.dir/C_/VSARM/sdk/pico/pico-sdk/src/rp2_common/hardware_irq/irq.c.obj
 *fill*         0x10004d76        0x2 
 .rodata.__func__.1
                0x10004d78       0x17 CMakeFiles/BareMetal_UART.dir/C_/VSARM/sdk/pico/pico-sdk/src/rp2_common/hardware_irq/irq.c.obj
 *fill*         0x10004d8f        0x1 
 .rodata.__func__.2
                0x10004d90       0x13 CMakeFiles/BareMetal_UART.dir/C_/VSARM/sdk/pico/pico-sdk/src/rp2_common/hardware_irq/irq.c.obj
 *fill*         0x10004da3        0x1 
 .rodata.__func__.3
                0x10004da4        0xc CMakeFiles/BareMetal_UART.dir/C_/VSARM/sdk/pico/pico-sdk/src/rp2_common/hardware_irq/irq.c.obj
 .rodata.__func__.4
                0x10004db0        0xf CMakeFiles/BareMetal_UART.dir/C_/VSARM/sdk/pico/pico-sdk/src/rp2_common/hardware_irq/irq.c.obj
 *fill*         0x10004dbf        0x1 
 .rodata.__func__.6
                0x10004dc0       0x1a CMakeFiles/BareMetal_UART.dir/C_/VSARM/sdk/pico/pico-sdk/src/rp2_common/hardware_irq/irq.c.obj
 *fill*         0x10004dda        0x2 
 .rodata.pll_init.str1.4
                0x10004ddc       0xdb CMakeFiles/BareMetal_UART.dir/C_/VSARM/sdk/pico/pico-sdk/src/rp2_common/hardware_pll/pll.c.obj
 *fill*         0x10004eb7        0x1 
 .rodata.__func__.0
                0x10004eb8        0x9 CMakeFiles/BareMetal_UART.dir/C_/VSARM/sdk/pico/pico-sdk/src/rp2_common/hardware_pll/pll.c.obj
 *fill*         0x10004ec1        0x3 
 .rodata._ftoa.str1.4
                0x10004ec4       0x15 CMakeFiles/BareMetal_UART.dir/C_/VSARM/sdk/pico/pico-sdk/src/rp2_common/pico_printf/printf.c.obj
 *fill*         0x10004ed9        0x3 
 .rodata._vsnprintf
                0x10004edc      0x1e0 CMakeFiles/BareMetal_UART.dir/C_/VSARM/sdk/pico/pico-sdk/src/rp2_common/pico_printf/printf.c.obj
 *fill*         0x100050bc        0x4 
 .rodata.pow10.0
                0x100050c0       0x50 CMakeFiles/BareMetal_UART.dir/C_/VSARM/sdk/pico/pico-sdk/src/rp2_common/pico_printf/printf.c.obj
 .rodata.__aeabi_double_init.str1.4
                0x10005110       0xa8 CMakeFiles/BareMetal_UART.dir/C_/VSARM/sdk/pico/pico-sdk/src/rp2_common/pico_double/double_init_rom.c.obj
 .rodata.__func__.0
                0x100051b8       0x14 CMakeFiles/BareMetal_UART.dir/C_/VSARM/sdk/pico/pico-sdk/src/rp2_common/pico_double/double_init_rom.c.obj
 .rodata.__aeabi_float_init.str1.4
                0x100051cc       0x7a CMakeFiles/BareMetal_UART.dir/C_/VSARM/sdk/pico/pico-sdk/src/rp2_common/pico_float/float_init_rom.c.obj
                                 0x7e (size before relaxing)
 *fill*         0x10005246        0x2 
 .rodata.__func__.0
                0x10005248       0x13 CMakeFiles/BareMetal_UART.dir/C_/VSARM/sdk/pico/pico-sdk/src/rp2_common/pico_float/float_init_rom.c.obj
 *fill*         0x1000525b        0x1 
 .rodata.str1.4
                0x1000525c       0x44 CMakeFiles/BareMetal_UART.dir/C_/VSARM/sdk/pico/pico-sdk/src/rp2_common/pico_standard_link/binary_info.c.obj
 .rodata.__bi_44
                0x100052a0        0xc CMakeFiles/BareMetal_UART.dir/C_/VSARM/sdk/pico/pico-sdk/src/rp2_common/pico_standard_link/binary_info.c.obj
 .rodata.__bi_75
                0x100052ac        0xc CMakeFiles/BareMetal_UART.dir/C_/VSARM/sdk/pico/pico-sdk/src/rp2_common/pico_standard_link/binary_info.c.obj
 .rodata.__bi_81
                0x100052b8        0xc CMakeFiles/BareMetal_UART.dir/C_/VSARM/sdk/pico/pico-sdk/src/rp2_common/pico_standard_link/binary_info.c.obj
 .rodata.crlf_str.3
                0x100052c4        0x2 CMakeFiles/BareMetal_UART.dir/C_/VSARM/sdk/pico/pico-sdk/src/rp2_common/pico_stdio/stdio.c.obj
                0x100052c8                . = ALIGN (0x4)
 *fill*         0x100052c6        0x2 
 *(SORT_BY_ALIGNMENT(SORT_BY_NAME(.flashdata*)))
                0x100052c8                . = ALIGN (0x4)

.rel.dyn        0x100052c8        0x0
 .rel.iplt      0x100052c8        0x0 c:/vsarm/armcc/102021~1.07/bin/../lib/gcc/arm-none-eabi/10.3.1/thumb/v6-m/nofp/crtbegin.o

.ARM.extab
 *(.ARM.extab* .gnu.linkonce.armextab.*)
                0x100052c8                __exidx_start = .

.ARM.exidx
 *(.ARM.exidx* .gnu.linkonce.armexidx.*)
                0x100052c8                __exidx_end = .
                0x100052c8                . = ALIGN (0x4)
                0x100052c8                __binary_info_start = .

.binary_info    0x100052c8       0x1c
 *(.binary_info.keep.*)
 .binary_info.keep.__bi_ptr22
                0x100052c8        0x4 CMakeFiles/BareMetal_UART.dir/C_/VSARM/sdk/pico/pico-sdk/src/rp2_common/pico_standard_link/binary_info.c.obj
 .binary_info.keep.__bi_ptr30
                0x100052cc        0x4 CMakeFiles/BareMetal_UART.dir/C_/VSARM/sdk/pico/pico-sdk/src/rp2_common/pico_standard_link/binary_info.c.obj
 .binary_info.keep.__bi_ptr38
                0x100052d0        0x4 CMakeFiles/BareMetal_UART.dir/C_/VSARM/sdk/pico/pico-sdk/src/rp2_common/pico_standard_link/binary_info.c.obj
 .binary_info.keep.__bi_ptr44
                0x100052d4        0x4 CMakeFiles/BareMetal_UART.dir/C_/VSARM/sdk/pico/pico-sdk/src/rp2_common/pico_standard_link/binary_info.c.obj
 .binary_info.keep.__bi_ptr50
                0x100052d8        0x4 CMakeFiles/BareMetal_UART.dir/C_/VSARM/sdk/pico/pico-sdk/src/rp2_common/pico_standard_link/binary_info.c.obj
 .binary_info.keep.__bi_ptr75
                0x100052dc        0x4 CMakeFiles/BareMetal_UART.dir/C_/VSARM/sdk/pico/pico-sdk/src/rp2_common/pico_standard_link/binary_info.c.obj
 .binary_info.keep.__bi_ptr81
                0x100052e0        0x4 CMakeFiles/BareMetal_UART.dir/C_/VSARM/sdk/pico/pico-sdk/src/rp2_common/pico_standard_link/binary_info.c.obj
 *(.binary_info.*)
                0x100052e4                __binary_info_end = .
                0x100052e4                . = ALIGN (0x4)
                0x100052e4                __etext = .

.ram_vector_table
                0x20000000       0xc0
 *(.ram_vector_table)
 .ram_vector_table
                0x20000000       0xc0 CMakeFiles/BareMetal_UART.dir/C_/VSARM/sdk/pico/pico-sdk/src/rp2_common/pico_runtime/runtime.c.obj
                0x20000000                ram_vector_table

.data           0x200000c0      0x24c load address 0x100052e4
                0x200000c0                __data_start__ = .
 *(vtable)
 *(.time_critical*)
 .time_critical.mutex_enter_blocking
                0x200000c0       0x94 CMakeFiles/BareMetal_UART.dir/C_/VSARM/sdk/pico/pico-sdk/src/common/pico_sync/mutex.c.obj
                0x200000c0                mutex_enter_blocking
 .time_critical.mutex_try_enter
                0x20000154       0x5a CMakeFiles/BareMetal_UART.dir/C_/VSARM/sdk/pico/pico-sdk/src/common/pico_sync/mutex.c.obj
                0x20000154                mutex_try_enter
 *fill*         0x200001ae        0x2 
 .time_critical.mutex_exit
                0x200001b0       0x94 CMakeFiles/BareMetal_UART.dir/C_/VSARM/sdk/pico/pico-sdk/src/common/pico_sync/mutex.c.obj
                0x200001b0                mutex_exit
 *(.text*)
 .text          0x20000244        0x4 c:/vsarm/armcc/102021~1.07/bin/../lib/gcc/arm-none-eabi/10.3.1/thumb/v6-m/nofp\libgcc.a(_dvmd_tls.o)
                0x20000244                __aeabi_idiv0
                0x20000244                __aeabi_ldiv0
 .text.__stub   0x20000248       0x10 linker stubs
                0x20000258                . = ALIGN (0x4)
 *(.rodata*)
                0x20000258                . = ALIGN (0x4)
 *(.data*)
 .data.CRCdata  0x20000258        0x3 CMakeFiles/BareMetal_UART.dir/src/uart_safe.c.obj
 .data.striped_spin_lock_num
                0x2000025b        0x1 CMakeFiles/BareMetal_UART.dir/C_/VSARM/sdk/pico/pico-sdk/src/rp2_common/hardware_sync/sync.c.obj
 .data.default_alarm_pool
                0x2000025c       0x18 CMakeFiles/BareMetal_UART.dir/C_/VSARM/sdk/pico/pico-sdk/src/common/pico_time/time.c.obj
 .data.default_alarm_pool_heap
                0x20000274       0x10 CMakeFiles/BareMetal_UART.dir/C_/VSARM/sdk/pico/pico-sdk/src/common/pico_time/time.c.obj
 .data          0x20000284       0x48 CMakeFiles/BareMetal_UART.dir/C_/VSARM/sdk/pico/pico-sdk/src/rp2_common/hardware_irq/irq_handler_chain.S.obj
                0x20000284                irq_handler_chain_slots
                0x200002b4                irq_handler_chain_first_slot
                0x200002be                irq_handler_chain_remove_tail
 *fill*         0x200002cc        0x4 
 .data.aeabi_bits_funcs
                0x200002d0       0x10 CMakeFiles/BareMetal_UART.dir/C_/VSARM/sdk/pico/pico-sdk/src/rp2_common/pico_bit_ops/bit_ops_aeabi.S.obj
                0x200002d0                aeabi_bits_funcs
                0x200002e0                aeabi_bits_funcs_end
 .data.aeabi_mem_funcs
                0x200002e0       0x10 CMakeFiles/BareMetal_UART.dir/C_/VSARM/sdk/pico/pico-sdk/src/rp2_common/pico_mem_ops/mem_ops_aeabi.S.obj
                0x200002e0                aeabi_mem_funcs
                0x200002f0                aeabi_mem_funcs_end
                0x200002f0                . = ALIGN (0x4)
 *(.after_data.*)
                0x200002f0                . = ALIGN (0x4)
                0x200002f0                PROVIDE (__mutex_array_start = .)
 *(SORT_BY_NAME(.mutex_array.*))
 *(.mutex_array)
 .mutex_array   0x200002f0        0x8 CMakeFiles/BareMetal_UART.dir/C_/VSARM/sdk/pico/pico-sdk/src/rp2_common/pico_stdio/stdio.c.obj
                0x200002f8                PROVIDE (__mutex_array_end = .)
                0x200002f8                . = ALIGN (0x4)
                0x200002f8                PROVIDE (__preinit_array_start = .)
 *(SORT_BY_NAME(.preinit_array.*))
 .preinit_array.00001
                0x200002f8        0x4 CMakeFiles/BareMetal_UART.dir/C_/VSARM/sdk/pico/pico-sdk/src/rp2_common/pico_mem_ops/mem_ops_aeabi.S.obj
 .preinit_array.00010
                0x200002fc        0x4 CMakeFiles/BareMetal_UART.dir/C_/VSARM/sdk/pico/pico-sdk/src/rp2_common/pico_bit_ops/bit_ops_aeabi.S.obj
 .preinit_array.00020
                0x20000300        0x4 CMakeFiles/BareMetal_UART.dir/C_/VSARM/sdk/pico/pico-sdk/src/rp2_common/pico_double/double_aeabi.S.obj
 .preinit_array.00020
                0x20000304        0x4 CMakeFiles/BareMetal_UART.dir/C_/VSARM/sdk/pico/pico-sdk/src/rp2_common/pico_float/float_aeabi.S.obj
 *(.preinit_array)
                0x20000308                PROVIDE (__preinit_array_end = .)
                0x20000308                . = ALIGN (0x4)
                0x20000308                PROVIDE (__init_array_start = .)
 *(SORT_BY_NAME(.init_array.*))
 *(.init_array)
 .init_array    0x20000308        0x4 c:/vsarm/armcc/102021~1.07/bin/../lib/gcc/arm-none-eabi/10.3.1/thumb/v6-m/nofp/crtbegin.o
                0x2000030c                PROVIDE (__init_array_end = .)
                0x2000030c                . = ALIGN (0x4)
                [!provide]                PROVIDE (__fini_array_start = .)
 *(SORT_BY_NAME(.fini_array.*))
 *(.fini_array)
                [!provide]                PROVIDE (__fini_array_end = .)
 *(.jcr)
                0x2000030c                . = ALIGN (0x4)
                0x2000030c                __data_end__ = .

.igot.plt       0x2000030c        0x0 load address 0x10005530
 .igot.plt      0x2000030c        0x0 c:/vsarm/armcc/102021~1.07/bin/../lib/gcc/arm-none-eabi/10.3.1/thumb/v6-m/nofp/crtbegin.o

.uninitialized_data
                0x2000030c        0x0 load address 0x10005530
                0x2000030c                . = ALIGN (0x4)
 *(.uninitialized_data*)

.scratch_x      0x20040000        0x0 load address 0x10005530
                0x20040000                __scratch_x_start__ = .
 *(.scratch_x.*)
                0x20040000                . = ALIGN (0x4)
                0x20040000                __scratch_x_end__ = .
                0x10005530                __scratch_x_source__ = LOADADDR (.scratch_x)

.scratch_y      0x20041000        0x0 load address 0x10005530
                0x20041000                __scratch_y_start__ = .
 *(.scratch_y.*)
                0x20041000                . = ALIGN (0x4)
                0x20041000                __scratch_y_end__ = .
                0x10005530                __scratch_y_source__ = LOADADDR (.scratch_y)

.bss            0x20000320      0x52c
                0x20000320                . = ALIGN (0x4)
                0x20000320                __bss_start__ = .
 *(SORT_BY_ALIGNMENT(SORT_BY_NAME(.bss*)))
 .bss.objectTest
                0x20000320      0x160 CMakeFiles/BareMetal_UART.dir/src/main.c.obj
                0x20000320                objectTest
 .bss.default_alarm_pool_entries
                0x20000480      0x100 CMakeFiles/BareMetal_UART.dir/C_/VSARM/sdk/pico/pico-sdk/src/common/pico_time/time.c.obj
 .bss           0x20000580       0x1c c:/vsarm/armcc/102021~1.07/bin/../lib/gcc/arm-none-eabi/10.3.1/thumb/v6-m/nofp/crtbegin.o
 .bss.alarm_callbacks
                0x2000059c       0x10 CMakeFiles/BareMetal_UART.dir/C_/VSARM/sdk/pico/pico-sdk/src/rp2_common/hardware_timer/timer.c.obj
 .bss.configured_freq
                0x200005ac       0x28 CMakeFiles/BareMetal_UART.dir/C_/VSARM/sdk/pico/pico-sdk/src/rp2_common/hardware_clocks/clocks.c.obj
 .bss.default_alarm_pool_entry_ids_high
                0x200005d4       0x10 CMakeFiles/BareMetal_UART.dir/C_/VSARM/sdk/pico/pico-sdk/src/common/pico_time/time.c.obj
 .bss.default_alarm_pool_heap_nodes
                0x200005e4       0x30 CMakeFiles/BareMetal_UART.dir/C_/VSARM/sdk/pico/pico-sdk/src/common/pico_time/time.c.obj
 .bss.drivers   0x20000614        0x4 CMakeFiles/BareMetal_UART.dir/C_/VSARM/sdk/pico/pico-sdk/src/rp2_common/pico_stdio/stdio.c.obj
 .bss.filter    0x20000618        0x4 CMakeFiles/BareMetal_UART.dir/C_/VSARM/sdk/pico/pico-sdk/src/rp2_common/pico_stdio/stdio.c.obj
 .bss.pools     0x2000061c       0x10 CMakeFiles/BareMetal_UART.dir/C_/VSARM/sdk/pico/pico-sdk/src/common/pico_time/time.c.obj
 .bss.sd_table  0x2000062c      0x100 CMakeFiles/BareMetal_UART.dir/C_/VSARM/sdk/pico/pico-sdk/src/rp2_common/pico_double/double_init_rom.c.obj
                0x2000062c                sd_table
 .bss.sf_clz_func
                0x2000072c        0x4 CMakeFiles/BareMetal_UART.dir/C_/VSARM/sdk/pico/pico-sdk/src/rp2_common/pico_float/float_init_rom.c.obj
                0x2000072c                sf_clz_func
 .bss.sf_table  0x20000730      0x100 CMakeFiles/BareMetal_UART.dir/C_/VSARM/sdk/pico/pico-sdk/src/rp2_common/pico_float/float_init_rom.c.obj
                0x20000730                sf_table
 .bss.sleep_notifier
                0x20000830        0x4 CMakeFiles/BareMetal_UART.dir/C_/VSARM/sdk/pico/pico-sdk/src/common/pico_time/time.c.obj
 .bss.target_hi
                0x20000834       0x10 CMakeFiles/BareMetal_UART.dir/C_/VSARM/sdk/pico/pico-sdk/src/rp2_common/hardware_timer/timer.c.obj
 .bss.uart_char_to_line_feed
                0x20000844        0x4 CMakeFiles/BareMetal_UART.dir/C_/VSARM/sdk/pico/pico-sdk/src/rp2_common/hardware_uart/uart.c.obj
                0x20000844                uart_char_to_line_feed
 .bss.claimed   0x20000848        0x1 CMakeFiles/BareMetal_UART.dir/C_/VSARM/sdk/pico/pico-sdk/src/rp2_common/hardware_timer/timer.c.obj
 .bss.irq_hander_chain_free_slot_head
                0x20000849        0x1 CMakeFiles/BareMetal_UART.dir/C_/VSARM/sdk/pico/pico-sdk/src/rp2_common/hardware_irq/irq.c.obj
 .bss.test_var  0x2000084a        0x1 CMakeFiles/BareMetal_UART.dir/src/uart_safe.c.obj
                0x2000084a                test_var
 .bss.timer_callbacks_pending
                0x2000084b        0x1 CMakeFiles/BareMetal_UART.dir/C_/VSARM/sdk/pico/pico-sdk/src/rp2_common/hardware_timer/timer.c.obj
 *(COMMON)
                0x2000084c                . = ALIGN (0x4)
                0x2000084c                __bss_end__ = .

.heap           0x2000084c      0x800
                0x2000084c                __end__ = .
                0x2000084c                end = __end__
 *(.heap*)
 .heap          0x2000084c      0x800 CMakeFiles/BareMetal_UART.dir/C_/VSARM/sdk/pico/pico-sdk/src/rp2_common/pico_standard_link/crt0.S.obj
                0x2000104c                __HeapLimit = .

.stack1_dummy   0x20040000        0x0
 *(.stack1*)

.stack_dummy    0x20041000      0x800
 *(.stack*)
 .stack         0x20041000      0x800 CMakeFiles/BareMetal_UART.dir/C_/VSARM/sdk/pico/pico-sdk/src/rp2_common/pico_standard_link/crt0.S.obj

.flash_end      0x10005530        0x0
                0x10005530                __flash_binary_end = .
                0x20040000                __StackLimit = (ORIGIN (RAM) + LENGTH (RAM))
                0x20041000                __StackOneTop = (ORIGIN (SCRATCH_X) + LENGTH (SCRATCH_X))
                0x20042000                __StackTop = (ORIGIN (SCRATCH_Y) + LENGTH (SCRATCH_Y))
                0x20041000                __StackOneBottom = (__StackOneTop - SIZEOF (.stack1_dummy))
                0x20041800                __StackBottom = (__StackTop - SIZEOF (.stack_dummy))
                0x20042000                PROVIDE (__stack = __StackTop)
                0x00000001                ASSERT ((__StackLimit >= __HeapLimit), region RAM overflowed)
                0x00000001                ASSERT (((__binary_info_header_end - __logical_binary_start) <= 0x100), Binary info must be in first 256 bytes of the binary)
LOAD CMakeFiles/BareMetal_UART.dir/src/main.c.obj
LOAD CMakeFiles/BareMetal_UART.dir/src/bsp.c.obj
LOAD CMakeFiles/BareMetal_UART.dir/src/uart_safe.c.obj
LOAD CMakeFiles/BareMetal_UART.dir/C_/VSARM/sdk/pico/pico-sdk/src/rp2_common/pico_stdlib/stdlib.c.obj
LOAD CMakeFiles/BareMetal_UART.dir/C_/VSARM/sdk/pico/pico-sdk/src/rp2_common/hardware_gpio/gpio.c.obj
LOAD CMakeFiles/BareMetal_UART.dir/C_/VSARM/sdk/pico/pico-sdk/src/rp2_common/hardware_claim/claim.c.obj
LOAD CMakeFiles/BareMetal_UART.dir/C_/VSARM/sdk/pico/pico-sdk/src/rp2_common/pico_platform/platform.c.obj
LOAD CMakeFiles/BareMetal_UART.dir/C_/VSARM/sdk/pico/pico-sdk/src/rp2_common/hardware_sync/sync.c.obj
LOAD CMakeFiles/BareMetal_UART.dir/C_/VSARM/sdk/pico/pico-sdk/src/rp2_common/hardware_uart/uart.c.obj
LOAD CMakeFiles/BareMetal_UART.dir/C_/VSARM/sdk/pico/pico-sdk/src/rp2_common/hardware_divider/divider.S.obj
LOAD CMakeFiles/BareMetal_UART.dir/C_/VSARM/sdk/pico/pico-sdk/src/common/pico_time/time.c.obj
LOAD CMakeFiles/BareMetal_UART.dir/C_/VSARM/sdk/pico/pico-sdk/src/common/pico_time/timeout_helper.c.obj
LOAD CMakeFiles/BareMetal_UART.dir/C_/VSARM/sdk/pico/pico-sdk/src/rp2_common/hardware_timer/timer.c.obj
LOAD CMakeFiles/BareMetal_UART.dir/C_/VSARM/sdk/pico/pico-sdk/src/common/pico_sync/sem.c.obj
LOAD CMakeFiles/BareMetal_UART.dir/C_/VSARM/sdk/pico/pico-sdk/src/common/pico_sync/lock_core.c.obj
LOAD CMakeFiles/BareMetal_UART.dir/C_/VSARM/sdk/pico/pico-sdk/src/common/pico_sync/mutex.c.obj
LOAD CMakeFiles/BareMetal_UART.dir/C_/VSARM/sdk/pico/pico-sdk/src/common/pico_sync/critical_section.c.obj
LOAD CMakeFiles/BareMetal_UART.dir/C_/VSARM/sdk/pico/pico-sdk/src/common/pico_util/datetime.c.obj
LOAD CMakeFiles/BareMetal_UART.dir/C_/VSARM/sdk/pico/pico-sdk/src/common/pico_util/pheap.c.obj
LOAD CMakeFiles/BareMetal_UART.dir/C_/VSARM/sdk/pico/pico-sdk/src/common/pico_util/queue.c.obj
LOAD CMakeFiles/BareMetal_UART.dir/C_/VSARM/sdk/pico/pico-sdk/src/rp2_common/pico_runtime/runtime.c.obj
LOAD CMakeFiles/BareMetal_UART.dir/C_/VSARM/sdk/pico/pico-sdk/src/rp2_common/hardware_clocks/clocks.c.obj
LOAD CMakeFiles/BareMetal_UART.dir/C_/VSARM/sdk/pico/pico-sdk/src/rp2_common/hardware_irq/irq.c.obj
LOAD CMakeFiles/BareMetal_UART.dir/C_/VSARM/sdk/pico/pico-sdk/src/rp2_common/hardware_irq/irq_handler_chain.S.obj
LOAD CMakeFiles/BareMetal_UART.dir/C_/VSARM/sdk/pico/pico-sdk/src/rp2_common/hardware_pll/pll.c.obj
LOAD CMakeFiles/BareMetal_UART.dir/C_/VSARM/sdk/pico/pico-sdk/src/rp2_common/hardware_vreg/vreg.c.obj
LOAD CMakeFiles/BareMetal_UART.dir/C_/VSARM/sdk/pico/pico-sdk/src/rp2_common/hardware_watchdog/watchdog.c.obj
LOAD CMakeFiles/BareMetal_UART.dir/C_/VSARM/sdk/pico/pico-sdk/src/rp2_common/hardware_xosc/xosc.c.obj
LOAD CMakeFiles/BareMetal_UART.dir/C_/VSARM/sdk/pico/pico-sdk/src/rp2_common/pico_printf/printf.c.obj
LOAD CMakeFiles/BareMetal_UART.dir/C_/VSARM/sdk/pico/pico-sdk/src/rp2_common/pico_bit_ops/bit_ops_aeabi.S.obj
LOAD CMakeFiles/BareMetal_UART.dir/C_/VSARM/sdk/pico/pico-sdk/src/rp2_common/pico_bootrom/bootrom.c.obj
LOAD CMakeFiles/BareMetal_UART.dir/C_/VSARM/sdk/pico/pico-sdk/src/rp2_common/pico_divider/divider.S.obj
LOAD CMakeFiles/BareMetal_UART.dir/C_/VSARM/sdk/pico/pico-sdk/src/rp2_common/pico_double/double_aeabi.S.obj
LOAD CMakeFiles/BareMetal_UART.dir/C_/VSARM/sdk/pico/pico-sdk/src/rp2_common/pico_double/double_init_rom.c.obj
LOAD CMakeFiles/BareMetal_UART.dir/C_/VSARM/sdk/pico/pico-sdk/src/rp2_common/pico_double/double_math.c.obj
LOAD CMakeFiles/BareMetal_UART.dir/C_/VSARM/sdk/pico/pico-sdk/src/rp2_common/pico_double/double_v1_rom_shim.S.obj
LOAD CMakeFiles/BareMetal_UART.dir/C_/VSARM/sdk/pico/pico-sdk/src/rp2_common/pico_int64_ops/pico_int64_ops_aeabi.S.obj
LOAD CMakeFiles/BareMetal_UART.dir/C_/VSARM/sdk/pico/pico-sdk/src/rp2_common/pico_float/float_aeabi.S.obj
LOAD CMakeFiles/BareMetal_UART.dir/C_/VSARM/sdk/pico/pico-sdk/src/rp2_common/pico_float/float_init_rom.c.obj
LOAD CMakeFiles/BareMetal_UART.dir/C_/VSARM/sdk/pico/pico-sdk/src/rp2_common/pico_float/float_math.c.obj
LOAD CMakeFiles/BareMetal_UART.dir/C_/VSARM/sdk/pico/pico-sdk/src/rp2_common/pico_float/float_v1_rom_shim.S.obj
LOAD CMakeFiles/BareMetal_UART.dir/C_/VSARM/sdk/pico/pico-sdk/src/rp2_common/pico_malloc/pico_malloc.c.obj
LOAD CMakeFiles/BareMetal_UART.dir/C_/VSARM/sdk/pico/pico-sdk/src/rp2_common/pico_mem_ops/mem_ops_aeabi.S.obj
LOAD CMakeFiles/BareMetal_UART.dir/C_/VSARM/sdk/pico/pico-sdk/src/rp2_common/pico_standard_link/crt0.S.obj
LOAD CMakeFiles/BareMetal_UART.dir/C_/VSARM/sdk/pico/pico-sdk/src/rp2_common/pico_standard_link/new_delete.cpp.obj
LOAD CMakeFiles/BareMetal_UART.dir/C_/VSARM/sdk/pico/pico-sdk/src/rp2_common/pico_standard_link/binary_info.c.obj
LOAD CMakeFiles/BareMetal_UART.dir/C_/VSARM/sdk/pico/pico-sdk/src/rp2_common/pico_stdio/stdio.c.obj
LOAD CMakeFiles/BareMetal_UART.dir/C_/VSARM/sdk/pico/pico-sdk/src/rp2_common/hardware_dma/dma.c.obj
LOAD libFreeRTOS.a
LOAD C:\Users\camil\AppData\Local\Temp\ccGoo2NY.o
LOAD c:/vsarm/armcc/102021~1.07/bin/../lib/gcc/arm-none-eabi/10.3.1/../../../../arm-none-eabi/lib/thumb/v6-m/nofp\libstdc++.a
LOAD c:/vsarm/armcc/102021~1.07/bin/../lib/gcc/arm-none-eabi/10.3.1/../../../../arm-none-eabi/lib/thumb/v6-m/nofp\libm.a
START GROUP
LOAD c:/vsarm/armcc/102021~1.07/bin/../lib/gcc/arm-none-eabi/10.3.1/thumb/v6-m/nofp\libgcc.a
LOAD c:/vsarm/armcc/102021~1.07/bin/../lib/gcc/arm-none-eabi/10.3.1/../../../../arm-none-eabi/lib/thumb/v6-m/nofp\libg.a
LOAD c:/vsarm/armcc/102021~1.07/bin/../lib/gcc/arm-none-eabi/10.3.1/../../../../arm-none-eabi/lib/thumb/v6-m/nofp\libc.a
END GROUP
START GROUP
LOAD c:/vsarm/armcc/102021~1.07/bin/../lib/gcc/arm-none-eabi/10.3.1/thumb/v6-m/nofp\libgcc.a
LOAD c:/vsarm/armcc/102021~1.07/bin/../lib/gcc/arm-none-eabi/10.3.1/../../../../arm-none-eabi/lib/thumb/v6-m/nofp\libc.a
LOAD c:/vsarm/armcc/102021~1.07/bin/../lib/gcc/arm-none-eabi/10.3.1/../../../../arm-none-eabi/lib/thumb/v6-m/nofp\libnosys.a
END GROUP
LOAD c:/vsarm/armcc/102021~1.07/bin/../lib/gcc/arm-none-eabi/10.3.1/thumb/v6-m/nofp/crtend.o
LOAD c:/vsarm/armcc/102021~1.07/bin/../lib/gcc/arm-none-eabi/10.3.1/thumb/v6-m/nofp/crtn.o
OUTPUT(BareMetal_UART.elf elf32-littlearm)
LOAD linker stubs

.ARM.attributes
                0x00000000       0x28
 .ARM.attributes
                0x00000000       0x1e c:/vsarm/armcc/102021~1.07/bin/../lib/gcc/arm-none-eabi/10.3.1/thumb/v6-m/nofp/crti.o
 .ARM.attributes
                0x0000001e       0x2c c:/vsarm/armcc/102021~1.07/bin/../lib/gcc/arm-none-eabi/10.3.1/thumb/v6-m/nofp/crtbegin.o
 .ARM.attributes
                0x0000004a       0x2c CMakeFiles/BareMetal_UART.dir/src/main.c.obj
 .ARM.attributes
                0x00000076       0x2c CMakeFiles/BareMetal_UART.dir/src/bsp.c.obj
 .ARM.attributes
                0x000000a2       0x2c CMakeFiles/BareMetal_UART.dir/src/uart_safe.c.obj
 .ARM.attributes
                0x000000ce       0x2c CMakeFiles/BareMetal_UART.dir/C_/VSARM/sdk/pico/pico-sdk/src/rp2_common/hardware_gpio/gpio.c.obj
 .ARM.attributes
                0x000000fa       0x2c CMakeFiles/BareMetal_UART.dir/C_/VSARM/sdk/pico/pico-sdk/src/rp2_common/hardware_claim/claim.c.obj
 .ARM.attributes
                0x00000126       0x2c CMakeFiles/BareMetal_UART.dir/C_/VSARM/sdk/pico/pico-sdk/src/rp2_common/pico_platform/platform.c.obj
 .ARM.attributes
                0x00000152       0x2c CMakeFiles/BareMetal_UART.dir/C_/VSARM/sdk/pico/pico-sdk/src/rp2_common/hardware_sync/sync.c.obj
 .ARM.attributes
                0x0000017e       0x2c CMakeFiles/BareMetal_UART.dir/C_/VSARM/sdk/pico/pico-sdk/src/rp2_common/hardware_uart/uart.c.obj
 .ARM.attributes
                0x000001aa       0x2c CMakeFiles/BareMetal_UART.dir/C_/VSARM/sdk/pico/pico-sdk/src/common/pico_time/time.c.obj
 .ARM.attributes
                0x000001d6       0x2c CMakeFiles/BareMetal_UART.dir/C_/VSARM/sdk/pico/pico-sdk/src/rp2_common/hardware_timer/timer.c.obj
 .ARM.attributes
                0x00000202       0x2c CMakeFiles/BareMetal_UART.dir/C_/VSARM/sdk/pico/pico-sdk/src/common/pico_sync/lock_core.c.obj
 .ARM.attributes
                0x0000022e       0x2c CMakeFiles/BareMetal_UART.dir/C_/VSARM/sdk/pico/pico-sdk/src/common/pico_sync/mutex.c.obj
 .ARM.attributes
                0x0000025a       0x2c CMakeFiles/BareMetal_UART.dir/C_/VSARM/sdk/pico/pico-sdk/src/common/pico_util/pheap.c.obj
 .ARM.attributes
                0x00000286       0x2c CMakeFiles/BareMetal_UART.dir/C_/VSARM/sdk/pico/pico-sdk/src/rp2_common/pico_runtime/runtime.c.obj
 .ARM.attributes
                0x000002b2       0x2c CMakeFiles/BareMetal_UART.dir/C_/VSARM/sdk/pico/pico-sdk/src/rp2_common/hardware_clocks/clocks.c.obj
 .ARM.attributes
                0x000002de       0x2c CMakeFiles/BareMetal_UART.dir/C_/VSARM/sdk/pico/pico-sdk/src/rp2_common/hardware_irq/irq.c.obj
 .ARM.attributes
                0x0000030a       0x22 CMakeFiles/BareMetal_UART.dir/C_/VSARM/sdk/pico/pico-sdk/src/rp2_common/hardware_irq/irq_handler_chain.S.obj
 .ARM.attributes
                0x0000032c       0x2c CMakeFiles/BareMetal_UART.dir/C_/VSARM/sdk/pico/pico-sdk/src/rp2_common/hardware_pll/pll.c.obj
 .ARM.attributes
                0x00000358       0x2c CMakeFiles/BareMetal_UART.dir/C_/VSARM/sdk/pico/pico-sdk/src/rp2_common/hardware_watchdog/watchdog.c.obj
 .ARM.attributes
                0x00000384       0x2c CMakeFiles/BareMetal_UART.dir/C_/VSARM/sdk/pico/pico-sdk/src/rp2_common/hardware_xosc/xosc.c.obj
 .ARM.attributes
                0x000003b0       0x2c CMakeFiles/BareMetal_UART.dir/C_/VSARM/sdk/pico/pico-sdk/src/rp2_common/pico_printf/printf.c.obj
 .ARM.attributes
                0x000003dc       0x22 CMakeFiles/BareMetal_UART.dir/C_/VSARM/sdk/pico/pico-sdk/src/rp2_common/pico_bit_ops/bit_ops_aeabi.S.obj
 .ARM.attributes
                0x000003fe       0x2c CMakeFiles/BareMetal_UART.dir/C_/VSARM/sdk/pico/pico-sdk/src/rp2_common/pico_bootrom/bootrom.c.obj
 .ARM.attributes
                0x0000042a       0x22 CMakeFiles/BareMetal_UART.dir/C_/VSARM/sdk/pico/pico-sdk/src/rp2_common/pico_divider/divider.S.obj
 .ARM.attributes
                0x0000044c       0x22 CMakeFiles/BareMetal_UART.dir/C_/VSARM/sdk/pico/pico-sdk/src/rp2_common/pico_double/double_aeabi.S.obj
 .ARM.attributes
                0x0000046e       0x2c CMakeFiles/BareMetal_UART.dir/C_/VSARM/sdk/pico/pico-sdk/src/rp2_common/pico_double/double_init_rom.c.obj
 .ARM.attributes
                0x0000049a       0x22 CMakeFiles/BareMetal_UART.dir/C_/VSARM/sdk/pico/pico-sdk/src/rp2_common/pico_double/double_v1_rom_shim.S.obj
 .ARM.attributes
                0x000004bc       0x22 CMakeFiles/BareMetal_UART.dir/C_/VSARM/sdk/pico/pico-sdk/src/rp2_common/pico_float/float_aeabi.S.obj
 .ARM.attributes
                0x000004de       0x2c CMakeFiles/BareMetal_UART.dir/C_/VSARM/sdk/pico/pico-sdk/src/rp2_common/pico_float/float_init_rom.c.obj
 .ARM.attributes
                0x0000050a       0x2c CMakeFiles/BareMetal_UART.dir/C_/VSARM/sdk/pico/pico-sdk/src/rp2_common/pico_float/float_math.c.obj
 .ARM.attributes
                0x00000536       0x22 CMakeFiles/BareMetal_UART.dir/C_/VSARM/sdk/pico/pico-sdk/src/rp2_common/pico_float/float_v1_rom_shim.S.obj
 .ARM.attributes
                0x00000558       0x22 CMakeFiles/BareMetal_UART.dir/C_/VSARM/sdk/pico/pico-sdk/src/rp2_common/pico_mem_ops/mem_ops_aeabi.S.obj
 .ARM.attributes
                0x0000057a       0x22 CMakeFiles/BareMetal_UART.dir/C_/VSARM/sdk/pico/pico-sdk/src/rp2_common/pico_standard_link/crt0.S.obj
 .ARM.attributes
                0x0000059c       0x32 CMakeFiles/BareMetal_UART.dir/C_/VSARM/sdk/pico/pico-sdk/src/rp2_common/pico_standard_link/binary_info.c.obj
 .ARM.attributes
                0x000005ce       0x2c CMakeFiles/BareMetal_UART.dir/C_/VSARM/sdk/pico/pico-sdk/src/rp2_common/pico_stdio/stdio.c.obj
 .ARM.attributes
                0x000005fa       0x22 C:\Users\camil\AppData\Local\Temp\ccGoo2NY.o
 .ARM.attributes
                0x0000061c       0x1e c:/vsarm/armcc/102021~1.07/bin/../lib/gcc/arm-none-eabi/10.3.1/thumb/v6-m/nofp\libgcc.a(_dvmd_tls.o)
 .ARM.attributes
                0x0000063a       0x2c c:/vsarm/armcc/102021~1.07/bin/../lib/gcc/arm-none-eabi/10.3.1/../../../../arm-none-eabi/lib/thumb/v6-m/nofp\libg.a(lib_a-strlen-stub.o)

.comment        0x00000000       0x49
 .comment       0x00000000       0x49 CMakeFiles/BareMetal_UART.dir/src/main.c.obj
                                 0x4a (size before relaxing)
 .comment       0x00000049       0x4a CMakeFiles/BareMetal_UART.dir/src/bsp.c.obj
 .comment       0x00000049       0x4a CMakeFiles/BareMetal_UART.dir/src/uart_safe.c.obj
 .comment       0x00000049       0x4a CMakeFiles/BareMetal_UART.dir/C_/VSARM/sdk/pico/pico-sdk/src/rp2_common/hardware_gpio/gpio.c.obj
 .comment       0x00000049       0x4a CMakeFiles/BareMetal_UART.dir/C_/VSARM/sdk/pico/pico-sdk/src/rp2_common/hardware_claim/claim.c.obj
 .comment       0x00000049       0x4a CMakeFiles/BareMetal_UART.dir/C_/VSARM/sdk/pico/pico-sdk/src/rp2_common/pico_platform/platform.c.obj
 .comment       0x00000049       0x4a CMakeFiles/BareMetal_UART.dir/C_/VSARM/sdk/pico/pico-sdk/src/rp2_common/hardware_sync/sync.c.obj
 .comment       0x00000049       0x4a CMakeFiles/BareMetal_UART.dir/C_/VSARM/sdk/pico/pico-sdk/src/rp2_common/hardware_uart/uart.c.obj
 .comment       0x00000049       0x4a CMakeFiles/BareMetal_UART.dir/C_/VSARM/sdk/pico/pico-sdk/src/common/pico_time/time.c.obj
 .comment       0x00000049       0x4a CMakeFiles/BareMetal_UART.dir/C_/VSARM/sdk/pico/pico-sdk/src/rp2_common/hardware_timer/timer.c.obj
 .comment       0x00000049       0x4a CMakeFiles/BareMetal_UART.dir/C_/VSARM/sdk/pico/pico-sdk/src/common/pico_sync/lock_core.c.obj
 .comment       0x00000049       0x4a CMakeFiles/BareMetal_UART.dir/C_/VSARM/sdk/pico/pico-sdk/src/common/pico_sync/mutex.c.obj
 .comment       0x00000049       0x4a CMakeFiles/BareMetal_UART.dir/C_/VSARM/sdk/pico/pico-sdk/src/common/pico_util/pheap.c.obj
 .comment       0x00000049       0x4a CMakeFiles/BareMetal_UART.dir/C_/VSARM/sdk/pico/pico-sdk/src/rp2_common/pico_runtime/runtime.c.obj
 .comment       0x00000049       0x4a CMakeFiles/BareMetal_UART.dir/C_/VSARM/sdk/pico/pico-sdk/src/rp2_common/hardware_clocks/clocks.c.obj
 .comment       0x00000049       0x4a CMakeFiles/BareMetal_UART.dir/C_/VSARM/sdk/pico/pico-sdk/src/rp2_common/hardware_irq/irq.c.obj
 .comment       0x00000049       0x4a CMakeFiles/BareMetal_UART.dir/C_/VSARM/sdk/pico/pico-sdk/src/rp2_common/hardware_pll/pll.c.obj
 .comment       0x00000049       0x4a CMakeFiles/BareMetal_UART.dir/C_/VSARM/sdk/pico/pico-sdk/src/rp2_common/hardware_watchdog/watchdog.c.obj
 .comment       0x00000049       0x4a CMakeFiles/BareMetal_UART.dir/C_/VSARM/sdk/pico/pico-sdk/src/rp2_common/hardware_xosc/xosc.c.obj
 .comment       0x00000049       0x4a CMakeFiles/BareMetal_UART.dir/C_/VSARM/sdk/pico/pico-sdk/src/rp2_common/pico_printf/printf.c.obj
 .comment       0x00000049       0x4a CMakeFiles/BareMetal_UART.dir/C_/VSARM/sdk/pico/pico-sdk/src/rp2_common/pico_bootrom/bootrom.c.obj
 .comment       0x00000049       0x4a CMakeFiles/BareMetal_UART.dir/C_/VSARM/sdk/pico/pico-sdk/src/rp2_common/pico_double/double_init_rom.c.obj
 .comment       0x00000049       0x4a CMakeFiles/BareMetal_UART.dir/C_/VSARM/sdk/pico/pico-sdk/src/rp2_common/pico_float/float_init_rom.c.obj
 .comment       0x00000049       0x4a CMakeFiles/BareMetal_UART.dir/C_/VSARM/sdk/pico/pico-sdk/src/rp2_common/pico_float/float_math.c.obj
 .comment       0x00000049       0x4a CMakeFiles/BareMetal_UART.dir/C_/VSARM/sdk/pico/pico-sdk/src/rp2_common/pico_standard_link/binary_info.c.obj
 .comment       0x00000049       0x4a CMakeFiles/BareMetal_UART.dir/C_/VSARM/sdk/pico/pico-sdk/src/rp2_common/pico_stdio/stdio.c.obj

.debug_info     0x00000000    0x16a71
 .debug_info    0x00000000      0x3cf CMakeFiles/BareMetal_UART.dir/src/main.c.obj
 .debug_info    0x000003cf     0x1a50 CMakeFiles/BareMetal_UART.dir/src/bsp.c.obj
 .debug_info    0x00001e1f      0x669 CMakeFiles/BareMetal_UART.dir/src/uart_safe.c.obj
 .debug_info    0x00002488     0x1465 CMakeFiles/BareMetal_UART.dir/C_/VSARM/sdk/pico/pico-sdk/src/rp2_common/hardware_gpio/gpio.c.obj
 .debug_info    0x000038ed      0x6ba CMakeFiles/BareMetal_UART.dir/C_/VSARM/sdk/pico/pico-sdk/src/rp2_common/hardware_claim/claim.c.obj
 .debug_info    0x00003fa7      0x1e3 CMakeFiles/BareMetal_UART.dir/C_/VSARM/sdk/pico/pico-sdk/src/rp2_common/pico_platform/platform.c.obj
 .debug_info    0x0000418a      0x58e CMakeFiles/BareMetal_UART.dir/C_/VSARM/sdk/pico/pico-sdk/src/rp2_common/hardware_sync/sync.c.obj
 .debug_info    0x00004718      0xb64 CMakeFiles/BareMetal_UART.dir/C_/VSARM/sdk/pico/pico-sdk/src/rp2_common/hardware_uart/uart.c.obj
 .debug_info    0x0000527c     0x3b2f CMakeFiles/BareMetal_UART.dir/C_/VSARM/sdk/pico/pico-sdk/src/common/pico_time/time.c.obj
 .debug_info    0x00008dab     0x1130 CMakeFiles/BareMetal_UART.dir/C_/VSARM/sdk/pico/pico-sdk/src/rp2_common/hardware_timer/timer.c.obj
 .debug_info    0x00009edb      0x1a4 CMakeFiles/BareMetal_UART.dir/C_/VSARM/sdk/pico/pico-sdk/src/common/pico_sync/lock_core.c.obj
 .debug_info    0x0000a07f     0x13b2 CMakeFiles/BareMetal_UART.dir/C_/VSARM/sdk/pico/pico-sdk/src/common/pico_sync/mutex.c.obj
 .debug_info    0x0000b431     0x120c CMakeFiles/BareMetal_UART.dir/C_/VSARM/sdk/pico/pico-sdk/src/common/pico_util/pheap.c.obj
 .debug_info    0x0000c63d      0x9bc CMakeFiles/BareMetal_UART.dir/C_/VSARM/sdk/pico/pico-sdk/src/rp2_common/pico_runtime/runtime.c.obj
 .debug_info    0x0000cff9      0xf56 CMakeFiles/BareMetal_UART.dir/C_/VSARM/sdk/pico/pico-sdk/src/rp2_common/hardware_clocks/clocks.c.obj
 .debug_info    0x0000df4f     0x191a CMakeFiles/BareMetal_UART.dir/C_/VSARM/sdk/pico/pico-sdk/src/rp2_common/hardware_irq/irq.c.obj
 .debug_info    0x0000f869      0x509 CMakeFiles/BareMetal_UART.dir/C_/VSARM/sdk/pico/pico-sdk/src/rp2_common/hardware_pll/pll.c.obj
 .debug_info    0x0000fd72      0x49c CMakeFiles/BareMetal_UART.dir/C_/VSARM/sdk/pico/pico-sdk/src/rp2_common/hardware_watchdog/watchdog.c.obj
 .debug_info    0x0001020e      0x1dd CMakeFiles/BareMetal_UART.dir/C_/VSARM/sdk/pico/pico-sdk/src/rp2_common/hardware_xosc/xosc.c.obj
 .debug_info    0x000103eb     0x1a5f CMakeFiles/BareMetal_UART.dir/C_/VSARM/sdk/pico/pico-sdk/src/rp2_common/pico_printf/printf.c.obj
 .debug_info    0x00011e4a       0x22 CMakeFiles/BareMetal_UART.dir/C_/VSARM/sdk/pico/pico-sdk/src/rp2_common/pico_bit_ops/bit_ops_aeabi.S.obj
 .debug_info    0x00011e6c      0x231 CMakeFiles/BareMetal_UART.dir/C_/VSARM/sdk/pico/pico-sdk/src/rp2_common/pico_bootrom/bootrom.c.obj
 .debug_info    0x0001209d       0x22 CMakeFiles/BareMetal_UART.dir/C_/VSARM/sdk/pico/pico-sdk/src/rp2_common/pico_divider/divider.S.obj
 .debug_info    0x000120bf       0x22 CMakeFiles/BareMetal_UART.dir/C_/VSARM/sdk/pico/pico-sdk/src/rp2_common/pico_double/double_aeabi.S.obj
 .debug_info    0x000120e1      0x2a0 CMakeFiles/BareMetal_UART.dir/C_/VSARM/sdk/pico/pico-sdk/src/rp2_common/pico_double/double_init_rom.c.obj
 .debug_info    0x00012381       0x22 CMakeFiles/BareMetal_UART.dir/C_/VSARM/sdk/pico/pico-sdk/src/rp2_common/pico_double/double_v1_rom_shim.S.obj
 .debug_info    0x000123a3       0x22 CMakeFiles/BareMetal_UART.dir/C_/VSARM/sdk/pico/pico-sdk/src/rp2_common/pico_float/float_aeabi.S.obj
 .debug_info    0x000123c5      0x2e9 CMakeFiles/BareMetal_UART.dir/C_/VSARM/sdk/pico/pico-sdk/src/rp2_common/pico_float/float_init_rom.c.obj
 .debug_info    0x000126ae     0x2f16 CMakeFiles/BareMetal_UART.dir/C_/VSARM/sdk/pico/pico-sdk/src/rp2_common/pico_float/float_math.c.obj
 .debug_info    0x000155c4       0x22 CMakeFiles/BareMetal_UART.dir/C_/VSARM/sdk/pico/pico-sdk/src/rp2_common/pico_float/float_v1_rom_shim.S.obj
 .debug_info    0x000155e6       0x22 CMakeFiles/BareMetal_UART.dir/C_/VSARM/sdk/pico/pico-sdk/src/rp2_common/pico_mem_ops/mem_ops_aeabi.S.obj
 .debug_info    0x00015608       0x22 CMakeFiles/BareMetal_UART.dir/C_/VSARM/sdk/pico/pico-sdk/src/rp2_common/pico_standard_link/crt0.S.obj
 .debug_info    0x0001562a      0x2f6 CMakeFiles/BareMetal_UART.dir/C_/VSARM/sdk/pico/pico-sdk/src/rp2_common/pico_standard_link/binary_info.c.obj
 .debug_info    0x00015920     0x1151 CMakeFiles/BareMetal_UART.dir/C_/VSARM/sdk/pico/pico-sdk/src/rp2_common/pico_stdio/stdio.c.obj

.debug_abbrev   0x00000000     0x4321
 .debug_abbrev  0x00000000      0x1d5 CMakeFiles/BareMetal_UART.dir/src/main.c.obj
 .debug_abbrev  0x000001d5      0x3b9 CMakeFiles/BareMetal_UART.dir/src/bsp.c.obj
 .debug_abbrev  0x0000058e      0x239 CMakeFiles/BareMetal_UART.dir/src/uart_safe.c.obj
 .debug_abbrev  0x000007c7      0x2c4 CMakeFiles/BareMetal_UART.dir/C_/VSARM/sdk/pico/pico-sdk/src/rp2_common/hardware_gpio/gpio.c.obj
 .debug_abbrev  0x00000a8b      0x2d6 CMakeFiles/BareMetal_UART.dir/C_/VSARM/sdk/pico/pico-sdk/src/rp2_common/hardware_claim/claim.c.obj
 .debug_abbrev  0x00000d61       0xeb CMakeFiles/BareMetal_UART.dir/C_/VSARM/sdk/pico/pico-sdk/src/rp2_common/pico_platform/platform.c.obj
 .debug_abbrev  0x00000e4c      0x21b CMakeFiles/BareMetal_UART.dir/C_/VSARM/sdk/pico/pico-sdk/src/rp2_common/hardware_sync/sync.c.obj
 .debug_abbrev  0x00001067      0x2d2 CMakeFiles/BareMetal_UART.dir/C_/VSARM/sdk/pico/pico-sdk/src/rp2_common/hardware_uart/uart.c.obj
 .debug_abbrev  0x00001339      0x53c CMakeFiles/BareMetal_UART.dir/C_/VSARM/sdk/pico/pico-sdk/src/common/pico_time/time.c.obj
 .debug_abbrev  0x00001875      0x37e CMakeFiles/BareMetal_UART.dir/C_/VSARM/sdk/pico/pico-sdk/src/rp2_common/hardware_timer/timer.c.obj
 .debug_abbrev  0x00001bf3      0x116 CMakeFiles/BareMetal_UART.dir/C_/VSARM/sdk/pico/pico-sdk/src/common/pico_sync/lock_core.c.obj
 .debug_abbrev  0x00001d09      0x37d CMakeFiles/BareMetal_UART.dir/C_/VSARM/sdk/pico/pico-sdk/src/common/pico_sync/mutex.c.obj
 .debug_abbrev  0x00002086      0x297 CMakeFiles/BareMetal_UART.dir/C_/VSARM/sdk/pico/pico-sdk/src/common/pico_util/pheap.c.obj
 .debug_abbrev  0x0000231d      0x35a CMakeFiles/BareMetal_UART.dir/C_/VSARM/sdk/pico/pico-sdk/src/rp2_common/pico_runtime/runtime.c.obj
 .debug_abbrev  0x00002677      0x372 CMakeFiles/BareMetal_UART.dir/C_/VSARM/sdk/pico/pico-sdk/src/rp2_common/hardware_clocks/clocks.c.obj
 .debug_abbrev  0x000029e9      0x4a5 CMakeFiles/BareMetal_UART.dir/C_/VSARM/sdk/pico/pico-sdk/src/rp2_common/hardware_irq/irq.c.obj
 .debug_abbrev  0x00002e8e      0x1ea CMakeFiles/BareMetal_UART.dir/C_/VSARM/sdk/pico/pico-sdk/src/rp2_common/hardware_pll/pll.c.obj
 .debug_abbrev  0x00003078      0x1b1 CMakeFiles/BareMetal_UART.dir/C_/VSARM/sdk/pico/pico-sdk/src/rp2_common/hardware_watchdog/watchdog.c.obj
 .debug_abbrev  0x00003229      0x109 CMakeFiles/BareMetal_UART.dir/C_/VSARM/sdk/pico/pico-sdk/src/rp2_common/hardware_xosc/xosc.c.obj
 .debug_abbrev  0x00003332      0x384 CMakeFiles/BareMetal_UART.dir/C_/VSARM/sdk/pico/pico-sdk/src/rp2_common/pico_printf/printf.c.obj
 .debug_abbrev  0x000036b6       0x12 CMakeFiles/BareMetal_UART.dir/C_/VSARM/sdk/pico/pico-sdk/src/rp2_common/pico_bit_ops/bit_ops_aeabi.S.obj
 .debug_abbrev  0x000036c8       0xf8 CMakeFiles/BareMetal_UART.dir/C_/VSARM/sdk/pico/pico-sdk/src/rp2_common/pico_bootrom/bootrom.c.obj
 .debug_abbrev  0x000037c0       0x12 CMakeFiles/BareMetal_UART.dir/C_/VSARM/sdk/pico/pico-sdk/src/rp2_common/pico_divider/divider.S.obj
 .debug_abbrev  0x000037d2       0x12 CMakeFiles/BareMetal_UART.dir/C_/VSARM/sdk/pico/pico-sdk/src/rp2_common/pico_double/double_aeabi.S.obj
 .debug_abbrev  0x000037e4      0x166 CMakeFiles/BareMetal_UART.dir/C_/VSARM/sdk/pico/pico-sdk/src/rp2_common/pico_double/double_init_rom.c.obj
 .debug_abbrev  0x0000394a       0x12 CMakeFiles/BareMetal_UART.dir/C_/VSARM/sdk/pico/pico-sdk/src/rp2_common/pico_double/double_v1_rom_shim.S.obj
 .debug_abbrev  0x0000395c       0x12 CMakeFiles/BareMetal_UART.dir/C_/VSARM/sdk/pico/pico-sdk/src/rp2_common/pico_float/float_aeabi.S.obj
 .debug_abbrev  0x0000396e      0x179 CMakeFiles/BareMetal_UART.dir/C_/VSARM/sdk/pico/pico-sdk/src/rp2_common/pico_float/float_init_rom.c.obj
 .debug_abbrev  0x00003ae7      0x296 CMakeFiles/BareMetal_UART.dir/C_/VSARM/sdk/pico/pico-sdk/src/rp2_common/pico_float/float_math.c.obj
 .debug_abbrev  0x00003d7d       0x12 CMakeFiles/BareMetal_UART.dir/C_/VSARM/sdk/pico/pico-sdk/src/rp2_common/pico_float/float_v1_rom_shim.S.obj
 .debug_abbrev  0x00003d8f       0x12 CMakeFiles/BareMetal_UART.dir/C_/VSARM/sdk/pico/pico-sdk/src/rp2_common/pico_mem_ops/mem_ops_aeabi.S.obj
 .debug_abbrev  0x00003da1       0x12 CMakeFiles/BareMetal_UART.dir/C_/VSARM/sdk/pico/pico-sdk/src/rp2_common/pico_standard_link/crt0.S.obj
 .debug_abbrev  0x00003db3       0xad CMakeFiles/BareMetal_UART.dir/C_/VSARM/sdk/pico/pico-sdk/src/rp2_common/pico_standard_link/binary_info.c.obj
 .debug_abbrev  0x00003e60      0x4c1 CMakeFiles/BareMetal_UART.dir/C_/VSARM/sdk/pico/pico-sdk/src/rp2_common/pico_stdio/stdio.c.obj

.debug_loc      0x00000000    0x11955
 .debug_loc     0x00000000       0x45 CMakeFiles/BareMetal_UART.dir/src/main.c.obj
 .debug_loc     0x00000045      0xc78 CMakeFiles/BareMetal_UART.dir/src/bsp.c.obj
 .debug_loc     0x00000cbd      0x290 CMakeFiles/BareMetal_UART.dir/src/uart_safe.c.obj
 .debug_loc     0x00000f4d      0xede CMakeFiles/BareMetal_UART.dir/C_/VSARM/sdk/pico/pico-sdk/src/rp2_common/hardware_gpio/gpio.c.obj
 .debug_loc     0x00001e2b      0x45f CMakeFiles/BareMetal_UART.dir/C_/VSARM/sdk/pico/pico-sdk/src/rp2_common/hardware_claim/claim.c.obj
 .debug_loc     0x0000228a       0xe9 CMakeFiles/BareMetal_UART.dir/C_/VSARM/sdk/pico/pico-sdk/src/rp2_common/pico_platform/platform.c.obj
 .debug_loc     0x00002373      0x233 CMakeFiles/BareMetal_UART.dir/C_/VSARM/sdk/pico/pico-sdk/src/rp2_common/hardware_sync/sync.c.obj
 .debug_loc     0x000025a6      0x533 CMakeFiles/BareMetal_UART.dir/C_/VSARM/sdk/pico/pico-sdk/src/rp2_common/hardware_uart/uart.c.obj
 .debug_loc     0x00002ad9     0x2e37 CMakeFiles/BareMetal_UART.dir/C_/VSARM/sdk/pico/pico-sdk/src/common/pico_time/time.c.obj
 .debug_loc     0x00005910      0x952 CMakeFiles/BareMetal_UART.dir/C_/VSARM/sdk/pico/pico-sdk/src/rp2_common/hardware_timer/timer.c.obj
 .debug_loc     0x00006262       0x60 CMakeFiles/BareMetal_UART.dir/C_/VSARM/sdk/pico/pico-sdk/src/common/pico_sync/lock_core.c.obj
 .debug_loc     0x000062c2      0xbc3 CMakeFiles/BareMetal_UART.dir/C_/VSARM/sdk/pico/pico-sdk/src/common/pico_sync/mutex.c.obj
 .debug_loc     0x00006e85     0x1439 CMakeFiles/BareMetal_UART.dir/C_/VSARM/sdk/pico/pico-sdk/src/common/pico_util/pheap.c.obj
 .debug_loc     0x000082be      0x3c6 CMakeFiles/BareMetal_UART.dir/C_/VSARM/sdk/pico/pico-sdk/src/rp2_common/pico_runtime/runtime.c.obj
 .debug_loc     0x00008684      0x7eb CMakeFiles/BareMetal_UART.dir/C_/VSARM/sdk/pico/pico-sdk/src/rp2_common/hardware_clocks/clocks.c.obj
 .debug_loc     0x00008e6f     0x1186 CMakeFiles/BareMetal_UART.dir/C_/VSARM/sdk/pico/pico-sdk/src/rp2_common/hardware_irq/irq.c.obj
 .debug_loc     0x00009ff5      0x300 CMakeFiles/BareMetal_UART.dir/C_/VSARM/sdk/pico/pico-sdk/src/rp2_common/hardware_pll/pll.c.obj
 .debug_loc     0x0000a2f5      0x267 CMakeFiles/BareMetal_UART.dir/C_/VSARM/sdk/pico/pico-sdk/src/rp2_common/hardware_watchdog/watchdog.c.obj
 .debug_loc     0x0000a55c       0x71 CMakeFiles/BareMetal_UART.dir/C_/VSARM/sdk/pico/pico-sdk/src/rp2_common/hardware_xosc/xosc.c.obj
 .debug_loc     0x0000a5cd     0x2095 CMakeFiles/BareMetal_UART.dir/C_/VSARM/sdk/pico/pico-sdk/src/rp2_common/pico_printf/printf.c.obj
 .debug_loc     0x0000c662      0x16f CMakeFiles/BareMetal_UART.dir/C_/VSARM/sdk/pico/pico-sdk/src/rp2_common/pico_bootrom/bootrom.c.obj
 .debug_loc     0x0000c7d1       0x59 CMakeFiles/BareMetal_UART.dir/C_/VSARM/sdk/pico/pico-sdk/src/rp2_common/pico_double/double_init_rom.c.obj
 .debug_loc     0x0000c82a       0x73 CMakeFiles/BareMetal_UART.dir/C_/VSARM/sdk/pico/pico-sdk/src/rp2_common/pico_float/float_init_rom.c.obj
 .debug_loc     0x0000c89d     0x4685 CMakeFiles/BareMetal_UART.dir/C_/VSARM/sdk/pico/pico-sdk/src/rp2_common/pico_float/float_math.c.obj
 .debug_loc     0x00010f22      0xa33 CMakeFiles/BareMetal_UART.dir/C_/VSARM/sdk/pico/pico-sdk/src/rp2_common/pico_stdio/stdio.c.obj

.debug_aranges  0x00000000      0xec0
 .debug_aranges
                0x00000000       0x28 CMakeFiles/BareMetal_UART.dir/src/main.c.obj
 .debug_aranges
                0x00000028       0x88 CMakeFiles/BareMetal_UART.dir/src/bsp.c.obj
 .debug_aranges
                0x000000b0       0x60 CMakeFiles/BareMetal_UART.dir/src/uart_safe.c.obj
 .debug_aranges
                0x00000110       0xd8 CMakeFiles/BareMetal_UART.dir/C_/VSARM/sdk/pico/pico-sdk/src/rp2_common/hardware_gpio/gpio.c.obj
 .debug_aranges
                0x000001e8       0x48 CMakeFiles/BareMetal_UART.dir/C_/VSARM/sdk/pico/pico-sdk/src/rp2_common/hardware_claim/claim.c.obj
 .debug_aranges
                0x00000230       0x28 CMakeFiles/BareMetal_UART.dir/C_/VSARM/sdk/pico/pico-sdk/src/rp2_common/pico_platform/platform.c.obj
 .debug_aranges
                0x00000258       0x58 CMakeFiles/BareMetal_UART.dir/C_/VSARM/sdk/pico/pico-sdk/src/rp2_common/hardware_sync/sync.c.obj
 .debug_aranges
                0x000002b0       0x40 CMakeFiles/BareMetal_UART.dir/C_/VSARM/sdk/pico/pico-sdk/src/rp2_common/hardware_uart/uart.c.obj
 .debug_aranges
                0x000002f0       0xd0 CMakeFiles/BareMetal_UART.dir/C_/VSARM/sdk/pico/pico-sdk/src/common/pico_time/time.c.obj
 .debug_aranges
                0x000003c0       0x78 CMakeFiles/BareMetal_UART.dir/C_/VSARM/sdk/pico/pico-sdk/src/rp2_common/hardware_timer/timer.c.obj
 .debug_aranges
                0x00000438       0x20 CMakeFiles/BareMetal_UART.dir/C_/VSARM/sdk/pico/pico-sdk/src/common/pico_sync/lock_core.c.obj
 .debug_aranges
                0x00000458       0x60 CMakeFiles/BareMetal_UART.dir/C_/VSARM/sdk/pico/pico-sdk/src/common/pico_sync/mutex.c.obj
 .debug_aranges
                0x000004b8       0x78 CMakeFiles/BareMetal_UART.dir/C_/VSARM/sdk/pico/pico-sdk/src/common/pico_util/pheap.c.obj
 .debug_aranges
                0x00000530       0x60 CMakeFiles/BareMetal_UART.dir/C_/VSARM/sdk/pico/pico-sdk/src/rp2_common/pico_runtime/runtime.c.obj
 .debug_aranges
                0x00000590       0x70 CMakeFiles/BareMetal_UART.dir/C_/VSARM/sdk/pico/pico-sdk/src/rp2_common/hardware_clocks/clocks.c.obj
 .debug_aranges
                0x00000600       0x90 CMakeFiles/BareMetal_UART.dir/C_/VSARM/sdk/pico/pico-sdk/src/rp2_common/hardware_irq/irq.c.obj
 .debug_aranges
                0x00000690       0x28 CMakeFiles/BareMetal_UART.dir/C_/VSARM/sdk/pico/pico-sdk/src/rp2_common/hardware_pll/pll.c.obj
 .debug_aranges
                0x000006b8       0x50 CMakeFiles/BareMetal_UART.dir/C_/VSARM/sdk/pico/pico-sdk/src/rp2_common/hardware_watchdog/watchdog.c.obj
 .debug_aranges
                0x00000708       0x30 CMakeFiles/BareMetal_UART.dir/C_/VSARM/sdk/pico/pico-sdk/src/rp2_common/hardware_xosc/xosc.c.obj
 .debug_aranges
                0x00000738       0x90 CMakeFiles/BareMetal_UART.dir/C_/VSARM/sdk/pico/pico-sdk/src/rp2_common/pico_printf/printf.c.obj
 .debug_aranges
                0x000007c8       0x68 CMakeFiles/BareMetal_UART.dir/C_/VSARM/sdk/pico/pico-sdk/src/rp2_common/pico_bit_ops/bit_ops_aeabi.S.obj
 .debug_aranges
                0x00000830       0x30 CMakeFiles/BareMetal_UART.dir/C_/VSARM/sdk/pico/pico-sdk/src/rp2_common/pico_bootrom/bootrom.c.obj
 .debug_aranges
                0x00000860       0x40 CMakeFiles/BareMetal_UART.dir/C_/VSARM/sdk/pico/pico-sdk/src/rp2_common/pico_divider/divider.S.obj
 .debug_aranges
                0x000008a0      0x140 CMakeFiles/BareMetal_UART.dir/C_/VSARM/sdk/pico/pico-sdk/src/rp2_common/pico_double/double_aeabi.S.obj
 .debug_aranges
                0x000009e0       0x20 CMakeFiles/BareMetal_UART.dir/C_/VSARM/sdk/pico/pico-sdk/src/rp2_common/pico_double/double_init_rom.c.obj
 .debug_aranges
                0x00000a00       0xc8 CMakeFiles/BareMetal_UART.dir/C_/VSARM/sdk/pico/pico-sdk/src/rp2_common/pico_double/double_v1_rom_shim.S.obj
 .debug_aranges
                0x00000ac8      0x130 CMakeFiles/BareMetal_UART.dir/C_/VSARM/sdk/pico/pico-sdk/src/rp2_common/pico_float/float_aeabi.S.obj
 .debug_aranges
                0x00000bf8       0x20 CMakeFiles/BareMetal_UART.dir/C_/VSARM/sdk/pico/pico-sdk/src/rp2_common/pico_float/float_init_rom.c.obj
 .debug_aranges
                0x00000c18      0x128 CMakeFiles/BareMetal_UART.dir/C_/VSARM/sdk/pico/pico-sdk/src/rp2_common/pico_float/float_math.c.obj
 .debug_aranges
                0x00000d40       0x50 CMakeFiles/BareMetal_UART.dir/C_/VSARM/sdk/pico/pico-sdk/src/rp2_common/pico_float/float_v1_rom_shim.S.obj
 .debug_aranges
                0x00000d90       0x38 CMakeFiles/BareMetal_UART.dir/C_/VSARM/sdk/pico/pico-sdk/src/rp2_common/pico_mem_ops/mem_ops_aeabi.S.obj
 .debug_aranges
                0x00000dc8       0x28 CMakeFiles/BareMetal_UART.dir/C_/VSARM/sdk/pico/pico-sdk/src/rp2_common/pico_standard_link/crt0.S.obj
 .debug_aranges
                0x00000df0       0x18 CMakeFiles/BareMetal_UART.dir/C_/VSARM/sdk/pico/pico-sdk/src/rp2_common/pico_standard_link/binary_info.c.obj
 .debug_aranges
                0x00000e08       0xb8 CMakeFiles/BareMetal_UART.dir/C_/VSARM/sdk/pico/pico-sdk/src/rp2_common/pico_stdio/stdio.c.obj

.debug_ranges   0x00000000     0x2f58
 .debug_ranges  0x00000000       0x30 CMakeFiles/BareMetal_UART.dir/src/main.c.obj
 .debug_ranges  0x00000030      0x300 CMakeFiles/BareMetal_UART.dir/src/bsp.c.obj
 .debug_ranges  0x00000330       0x50 CMakeFiles/BareMetal_UART.dir/src/uart_safe.c.obj