Archive member included to satisfy reference by file (symbol)

c:/vsarm/armcc/102021~1.07/bin/../lib/gcc/arm-none-eabi/10.3.1/thumb/v6-m/nofp\libgcc.a(_dvmd_tls.o)
                              CMakeFiles/BareMetal_UART.dir/C_/VSARM/sdk/pico/pico-sdk/src/rp2_common/pico_divider/divider.S.obj (__aeabi_idiv0)
c:/vsarm/armcc/102021~1.07/bin/../lib/gcc/arm-none-eabi/10.3.1/../../../../arm-none-eabi/lib/thumb/v6-m/nofp\libg.a(lib_a-calloc.o)
                              CMakeFiles/BareMetal_UART.dir/C_/VSARM/sdk/pico/pico-sdk/src/rp2_common/pico_malloc/pico_malloc.c.obj (calloc)
c:/vsarm/armcc/102021~1.07/bin/../lib/gcc/arm-none-eabi/10.3.1/../../../../arm-none-eabi/lib/thumb/v6-m/nofp\libg.a(lib_a-callocr.o)
                              c:/vsarm/armcc/102021~1.07/bin/../lib/gcc/arm-none-eabi/10.3.1/../../../../arm-none-eabi/lib/thumb/v6-m/nofp\libg.a(lib_a-calloc.o) (_calloc_r)
c:/vsarm/armcc/102021~1.07/bin/../lib/gcc/arm-none-eabi/10.3.1/../../../../arm-none-eabi/lib/thumb/v6-m/nofp\libg.a(lib_a-errno.o)
                              c:/vsarm/armcc/102021~1.07/bin/../lib/gcc/arm-none-eabi/10.3.1/../../../../arm-none-eabi/lib/thumb/v6-m/nofp\libg.a(lib_a-callocr.o) (__errno)
c:/vsarm/armcc/102021~1.07/bin/../lib/gcc/arm-none-eabi/10.3.1/../../../../arm-none-eabi/lib/thumb/v6-m/nofp\libg.a(lib_a-impure.o)
                              c:/vsarm/armcc/102021~1.07/bin/../lib/gcc/arm-none-eabi/10.3.1/../../../../arm-none-eabi/lib/thumb/v6-m/nofp\libg.a(lib_a-calloc.o) (_impure_ptr)
c:/vsarm/armcc/102021~1.07/bin/../lib/gcc/arm-none-eabi/10.3.1/../../../../arm-none-eabi/lib/thumb/v6-m/nofp\libg.a(lib_a-init.o)
                              c:/vsarm/armcc/102021~1.07/bin/../lib/gcc/arm-none-eabi/10.3.1/../../../../arm-none-eabi/lib/thumb/v6-m/nofp/crt0.o (__libc_init_array)
c:/vsarm/armcc/102021~1.07/bin/../lib/gcc/arm-none-eabi/10.3.1/../../../../arm-none-eabi/lib/thumb/v6-m/nofp\libg.a(lib_a-malloc.o)
                              CMakeFiles/BareMetal_UART.dir/C_/VSARM/sdk/pico/pico-sdk/src/rp2_common/pico_malloc/pico_malloc.c.obj (malloc)
c:/vsarm/armcc/102021~1.07/bin/../lib/gcc/arm-none-eabi/10.3.1/../../../../arm-none-eabi/lib/thumb/v6-m/nofp\libg.a(lib_a-mallocr.o)
                              c:/vsarm/armcc/102021~1.07/bin/../lib/gcc/arm-none-eabi/10.3.1/../../../../arm-none-eabi/lib/thumb/v6-m/nofp\libg.a(lib_a-callocr.o) (_malloc_r)
c:/vsarm/armcc/102021~1.07/bin/../lib/gcc/arm-none-eabi/10.3.1/../../../../arm-none-eabi/lib/thumb/v6-m/nofp\libg.a(lib_a-mlock.o)
                              c:/vsarm/armcc/102021~1.07/bin/../lib/gcc/arm-none-eabi/10.3.1/../../../../arm-none-eabi/lib/thumb/v6-m/nofp\libg.a(lib_a-mallocr.o) (__malloc_lock)
c:/vsarm/armcc/102021~1.07/bin/../lib/gcc/arm-none-eabi/10.3.1/../../../../arm-none-eabi/lib/thumb/v6-m/nofp\libg.a(lib_a-sbrkr.o)
                              c:/vsarm/armcc/102021~1.07/bin/../lib/gcc/arm-none-eabi/10.3.1/../../../../arm-none-eabi/lib/thumb/v6-m/nofp\libg.a(lib_a-mallocr.o) (_sbrk_r)
c:/vsarm/armcc/102021~1.07/bin/../lib/gcc/arm-none-eabi/10.3.1/../../../../arm-none-eabi/lib/thumb/v6-m/nofp\libg.a(lib_a-strlen-stub.o)
                              CMakeFiles/BareMetal_UART.dir/C_/VSARM/sdk/pico/pico-sdk/src/rp2_common/pico_stdio/stdio.c.obj (strlen)
c:/vsarm/armcc/102021~1.07/bin/../lib/gcc/arm-none-eabi/10.3.1/../../../../arm-none-eabi/lib/thumb/v6-m/nofp\libg.a(lib_a-freer.o)
                              c:/vsarm/armcc/102021~1.07/bin/../lib/gcc/arm-none-eabi/10.3.1/../../../../arm-none-eabi/lib/thumb/v6-m/nofp\libg.a(lib_a-malloc.o) (_free_r)
c:/vsarm/armcc/102021~1.07/bin/../lib/gcc/arm-none-eabi/10.3.1/../../../../arm-none-eabi/lib/thumb/v6-m/nofp\libg.a(lib_a-lock.o)
                              c:/vsarm/armcc/102021~1.07/bin/../lib/gcc/arm-none-eabi/10.3.1/../../../../arm-none-eabi/lib/thumb/v6-m/nofp\libg.a(lib_a-mlock.o) (__retarget_lock_acquire_recursive)
c:/vsarm/armcc/102021~1.07/bin/../lib/gcc/arm-none-eabi/10.3.1/../../../../arm-none-eabi/lib/thumb/v6-m/nofp\libg.a(lib_a-reent.o)
                              c:/vsarm/armcc/102021~1.07/bin/../lib/gcc/arm-none-eabi/10.3.1/../../../../arm-none-eabi/lib/thumb/v6-m/nofp\libg.a(lib_a-sbrkr.o) (errno)

Discarded input sections

 .text          0x00000000        0x0 c:/vsarm/armcc/102021~1.07/bin/../lib/gcc/arm-none-eabi/10.3.1/thumb/v6-m/nofp/crti.o
 .data          0x00000000        0x0 c:/vsarm/armcc/102021~1.07/bin/../lib/gcc/arm-none-eabi/10.3.1/thumb/v6-m/nofp/crti.o
 .bss           0x00000000        0x0 c:/vsarm/armcc/102021~1.07/bin/../lib/gcc/arm-none-eabi/10.3.1/thumb/v6-m/nofp/crti.o
 .data          0x00000000        0x4 c:/vsarm/armcc/102021~1.07/bin/../lib/gcc/arm-none-eabi/10.3.1/thumb/v6-m/nofp/crtbegin.o
 .rodata        0x00000000       0x24 c:/vsarm/armcc/102021~1.07/bin/../lib/gcc/arm-none-eabi/10.3.1/thumb/v6-m/nofp/crtbegin.o
 .fini_array    0x00000000        0x4 c:/vsarm/armcc/102021~1.07/bin/../lib/gcc/arm-none-eabi/10.3.1/thumb/v6-m/nofp/crtbegin.o
[...]
Memory Configuration

Name             Origin             Length             Attributes
FLASH            0x10000000         0x00200000         xr
RAM              0x20000000         0x00040000         xrw
SCRATCH_X        0x20040000         0x00001000         xrw
SCRATCH_Y        0x20041000         0x00001000         xrw
*default*        0x00000000         0xffffffff

Linker script and memory map

LOAD c:/vsarm/armcc/102021~1.07/bin/../lib/gcc/arm-none-eabi/10.3.1/thumb/v6-m/nofp/crti.o
LOAD c:/vsarm/armcc/102021~1.07/bin/../lib/gcc/arm-none-eabi/10.3.1/thumb/v6-m/nofp/crtbegin.o
LOAD c:/vsarm/armcc/102021~1.07/bin/../lib/gcc/arm-none-eabi/10.3.1/../../../../arm-none-eabi/lib/thumb/v6-m/nofp/crt0.o

.flash_begin    0x10000000        0x0
                0x10000000                __flash_binary_start = .

.boot2          0x10000000      0x100
                0x10000000                __boot2_start__ = .
 *(.boot2)
 .boot2         0x10000000      0x100 C:\Users\camil\AppData\Local\Temp\ccqKG1HO.o
                0x10000100                __boot2_end__ = .
                0x00000001                ASSERT (((__boot2_end__ - __boot2_start__) == 0x100), ERROR: Pico second stage bootloader must be 256 bytes in size)

.text           0x10000100     0x40e0
                0x10000100                __logical_binary_start = .
 *(.vectors)
 .vectors       0x10000100       0xd4 CMakeFiles/BareMetal_UART.dir/C_/VSARM/sdk/pico/pico-sdk/src/rp2_common/pico_standard_link/crt0.S.obj
                0x10000100                __VECTOR_TABLE
                0x10000100                __vectors
                0x100001c0                isr_invalid
                0x100001c0                __default_isrs_start
                0x100001c2                isr_nmi
                0x100001c4                isr_hardfault
                0x100001c6                isr_svcall
                0x100001c8                isr_pendsv
                0x100001ca                isr_systick
                0x100001cc                isr_irq23
                0x100001cc                isr_irq18
                0x100001cc                isr_irq11
                0x100001cc                isr_irq28
                0x100001cc                isr_irq19
                0x100001cc                isr_irq0
                0x100001cc                isr_irq6
                0x100001cc                isr_irq5
                0x100001cc                isr_irq12
                0x100001cc                isr_irq22
                0x100001cc                isr_irq31
                0x100001cc                isr_irq17
                0x100001cc                isr_irq27
                0x100001cc                isr_irq30
                0x100001cc                isr_irq2
                0x100001cc                isr_irq10
                0x100001cc                isr_irq8
                0x100001cc                isr_irq24
                0x100001cc                isr_irq1
                0x100001cc                isr_irq7
                0x100001cc                isr_irq21
                0x100001cc                isr_irq20
                0x100001cc                isr_irq15
                0x100001cc                isr_irq25
                0x100001cc                isr_irq13
                0x100001cc                __unhandled_user_irq
                0x100001cc                isr_irq4
                0x100001cc                isr_irq16
                0x100001cc                isr_irq29
                0x100001cc                isr_irq26
                0x100001cc                __default_isrs_end
                0x100001cc                isr_irq3
                0x100001cc                isr_irq14
                0x100001cc                isr_irq9
                0x100001d2                unhandled_user_irq_num_in_r0
 *(.binary_info_header)
 .binary_info_header
                0x100001d4       0x14 CMakeFiles/BareMetal_UART.dir/C_/VSARM/sdk/pico/pico-sdk/src/rp2_common/pico_standard_link/crt0.S.obj
                0x100001e8                __binary_info_header_end = .
 *(.reset)
 .reset         0x100001e8       0xa8 CMakeFiles/BareMetal_UART.dir/C_/VSARM/sdk/pico/pico-sdk/src/rp2_common/pico_standard_link/crt0.S.obj
                0x100001e8                _entry_point
                0x10000266                __get_current_exception
 .reset         0x10000290       0x30 CMakeFiles/BareMetal_UART.dir/C_/VSARM/sdk/pico/pico-sdk/src/rp2_common/pico_standard_link/binary_info.c.obj
 *(.init)
 .init          0x100002c0        0x4 c:/vsarm/armcc/102021~1.07/bin/../lib/gcc/arm-none-eabi/10.3.1/thumb/v6-m/nofp/crti.o
                0x100002c0                _init
 *(EXCLUDE_FILE(*libm.a: *libc.a:*lib_a-mem*.o *libgcc.a:) .text*)
 .text          0x100002c4       0x48 c:/vsarm/armcc/102021~1.07/bin/../lib/gcc/arm-none-eabi/10.3.1/thumb/v6-m/nofp/crtbegin.o
 .text.main     0x1000030c       0xa4 CMakeFiles/BareMetal_UART.dir/src/main.c.obj
                0x1000030c                main
 .text.bsp_uart_configure
                0x100003b0       0x60 CMakeFiles/BareMetal_UART.dir/src/bsp.c.obj
                0x100003b0                bsp_uart_configure
 .text.bsp_dma_configure
                0x10000410      0x15c CMakeFiles/BareMetal_UART.dir/src/bsp.c.obj
                0x10000410                bsp_dma_configure
 .text.bsp_dma_update
                0x1000056c       0x18 CMakeFiles/BareMetal_UART.dir/src/bsp.c.obj
                0x1000056c                bsp_dma_update
 .text.bsp_dma_enable
                0x10000584       0x10 CMakeFiles/BareMetal_UART.dir/src/bsp.c.obj
                0x10000584                bsp_dma_enable
 .text.gpio_set_function
                0x10000594       0x30 CMakeFiles/BareMetal_UART.dir/C_/VSARM/sdk/pico/pico-sdk/src/rp2_common/hardware_gpio/gpio.c.obj
                0x10000594                gpio_set_function
 .text.gpio_set_outover
                0x100005c4       0x24 CMakeFiles/BareMetal_UART.dir/C_/VSARM/sdk/pico/pico-sdk/src/rp2_common/hardware_gpio/gpio.c.obj
                0x100005c4                gpio_set_outover
 .text.gpio_init
                0x100005e8       0x16 CMakeFiles/BareMetal_UART.dir/C_/VSARM/sdk/pico/pico-sdk/src/rp2_common/hardware_gpio/gpio.c.obj
                0x100005e8                gpio_init
 *fill*         0x100005fe        0x2 
 .text.hw_claim_lock
                0x10000600       0x18 CMakeFiles/BareMetal_UART.dir/C_/VSARM/sdk/pico/pico-sdk/src/rp2_common/hardware_claim/claim.c.obj
                0x10000600                hw_claim_lock
 .text.hw_claim_unlock
                0x10000618       0x14 CMakeFiles/BareMetal_UART.dir/C_/VSARM/sdk/pico/pico-sdk/src/rp2_common/hardware_claim/claim.c.obj
                0x10000618                hw_claim_unlock
 .text.hw_claim_or_assert
                0x1000062c       0x32 CMakeFiles/BareMetal_UART.dir/C_/VSARM/sdk/pico/pico-sdk/src/rp2_common/hardware_claim/claim.c.obj
                0x1000062c                hw_claim_or_assert
 *fill*         0x1000065e        0x2 
 .text.running_on_fpga
                0x10000660       0x14 CMakeFiles/BareMetal_UART.dir/C_/VSARM/sdk/pico/pico-sdk/src/rp2_common/pico_platform/platform.c.obj
                0x10000660                running_on_fpga
 .text.spin_locks_reset
                0x10000674       0x20 CMakeFiles/BareMetal_UART.dir/C_/VSARM/sdk/pico/pico-sdk/src/rp2_common/hardware_sync/sync.c.obj
                0x10000674                spin_locks_reset
 .text.next_striped_spin_lock_num
                0x10000694       0x1c CMakeFiles/BareMetal_UART.dir/C_/VSARM/sdk/pico/pico-sdk/src/rp2_common/hardware_sync/sync.c.obj
                0x10000694                next_striped_spin_lock_num
 .text.uart_set_baudrate
                0x100006b0       0x5c CMakeFiles/BareMetal_UART.dir/C_/VSARM/sdk/pico/pico-sdk/src/rp2_common/hardware_uart/uart.c.obj
                0x100006b0                uart_set_baudrate
 .text.uart_set_translate_crlf
                0x1000070c       0x28 CMakeFiles/BareMetal_UART.dir/C_/VSARM/sdk/pico/pico-sdk/src/rp2_common/hardware_uart/uart.c.obj
                0x1000070c                uart_set_translate_crlf
 .text.uart_init
                0x10000734       0x80 CMakeFiles/BareMetal_UART.dir/C_/VSARM/sdk/pico/pico-sdk/src/rp2_common/hardware_uart/uart.c.obj
                0x10000734                uart_init
 .text.alarm_pool_post_alloc_init
                0x100007b4       0x40 CMakeFiles/BareMetal_UART.dir/C_/VSARM/sdk/pico/pico-sdk/src/common/pico_time/time.c.obj
 .text.timer_pool_entry_comparator
                0x100007f4       0x7c CMakeFiles/BareMetal_UART.dir/C_/VSARM/sdk/pico/pico-sdk/src/common/pico_time/time.c.obj
                0x100007f4                timer_pool_entry_comparator
 .text.ph_add_child_node
                0x10000870       0xa4 CMakeFiles/BareMetal_UART.dir/C_/VSARM/sdk/pico/pico-sdk/src/common/pico_time/time.c.obj
 .text.ph_merge_nodes
                0x10000914       0x3e CMakeFiles/BareMetal_UART.dir/C_/VSARM/sdk/pico/pico-sdk/src/common/pico_time/time.c.obj
 *fill*         0x10000952        0x2 
 .text.add_alarm_under_lock
                0x10000954      0x174 CMakeFiles/BareMetal_UART.dir/C_/VSARM/sdk/pico/pico-sdk/src/common/pico_time/time.c.obj
 .text.alarm_pool_alarm_callback
                0x10000ac8      0x328 CMakeFiles/BareMetal_UART.dir/C_/VSARM/sdk/pico/pico-sdk/src/common/pico_time/time.c.obj
 .text.alarm_pool_init_default
                0x10000df0       0x38 CMakeFiles/BareMetal_UART.dir/C_/VSARM/sdk/pico/pico-sdk/src/common/pico_time/time.c.obj
                0x10000df0                alarm_pool_init_default
 .text.hardware_alarm_irq_handler
                0x10000e28       0x8c CMakeFiles/BareMetal_UART.dir/C_/VSARM/sdk/pico/pico-sdk/src/rp2_common/hardware_timer/timer.c.obj
 .text.hardware_alarm_claim
                0x10000eb4       0x18 CMakeFiles/BareMetal_UART.dir/C_/VSARM/sdk/pico/pico-sdk/src/rp2_common/hardware_timer/timer.c.obj
                0x10000eb4                hardware_alarm_claim
 .text.time_us_64
                0x10000ecc       0x18 CMakeFiles/BareMetal_UART.dir/C_/VSARM/sdk/pico/pico-sdk/src/rp2_common/hardware_timer/timer.c.obj
                0x10000ecc                time_us_64
 .text.hardware_alarm_set_callback
                0x10000ee4       0x90 CMakeFiles/BareMetal_UART.dir/C_/VSARM/sdk/pico/pico-sdk/src/rp2_common/hardware_timer/timer.c.obj
                0x10000ee4                hardware_alarm_set_callback
 .text.hardware_alarm_set_target
                0x10000f74       0xe8 CMakeFiles/BareMetal_UART.dir/C_/VSARM/sdk/pico/pico-sdk/src/rp2_common/hardware_timer/timer.c.obj
                0x10000f74                hardware_alarm_set_target
 .text.hardware_alarm_cancel
                0x1000105c       0x40 CMakeFiles/BareMetal_UART.dir/C_/VSARM/sdk/pico/pico-sdk/src/rp2_common/hardware_timer/timer.c.obj
                0x1000105c                hardware_alarm_cancel
 .text.lock_init
                0x1000109c       0x10 CMakeFiles/BareMetal_UART.dir/C_/VSARM/sdk/pico/pico-sdk/src/common/pico_sync/lock_core.c.obj
                0x1000109c                lock_init
 .text.mutex_init_internal
                0x100010ac       0x1e CMakeFiles/BareMetal_UART.dir/C_/VSARM/sdk/pico/pico-sdk/src/common/pico_sync/mutex.c.obj
 .text.mutex_init
                0x100010ca        0xa CMakeFiles/BareMetal_UART.dir/C_/VSARM/sdk/pico/pico-sdk/src/common/pico_sync/mutex.c.obj
                0x100010ca                mutex_init
 .text.recursive_mutex_init
                0x100010d4        0xa CMakeFiles/BareMetal_UART.dir/C_/VSARM/sdk/pico/pico-sdk/src/common/pico_sync/mutex.c.obj
                0x100010d4                recursive_mutex_init
 *fill*         0x100010de        0x2 
 .text.ph_add_child_node
                0x100010e0       0xa4 CMakeFiles/BareMetal_UART.dir/C_/VSARM/sdk/pico/pico-sdk/src/common/pico_util/pheap.c.obj
 .text.ph_merge_nodes
                0x10001184       0x3e CMakeFiles/BareMetal_UART.dir/C_/VSARM/sdk/pico/pico-sdk/src/common/pico_util/pheap.c.obj
 *fill*         0x100011c2        0x2 
 .text.ph_clear
                0x100011c4       0x70 CMakeFiles/BareMetal_UART.dir/C_/VSARM/sdk/pico/pico-sdk/src/common/pico_util/pheap.c.obj
                0x100011c4                ph_clear
 .text.ph_post_alloc_init
                0x10001234        0xe CMakeFiles/BareMetal_UART.dir/C_/VSARM/sdk/pico/pico-sdk/src/common/pico_util/pheap.c.obj
                0x10001234                ph_post_alloc_init
 *fill*         0x10001242        0x2 
 .text.ph_merge_two_pass
                0x10001244       0xa8 CMakeFiles/BareMetal_UART.dir/C_/VSARM/sdk/pico/pico-sdk/src/common/pico_util/pheap.c.obj
                0x10001244                ph_merge_two_pass
 .text.ph_remove_any_head
                0x100012ec      0x108 CMakeFiles/BareMetal_UART.dir/C_/VSARM/sdk/pico/pico-sdk/src/common/pico_util/pheap.c.obj
 .text.ph_remove_head
                0x100013f4       0x14 CMakeFiles/BareMetal_UART.dir/C_/VSARM/sdk/pico/pico-sdk/src/common/pico_util/pheap.c.obj
                0x100013f4                ph_remove_head
 .text.ph_remove_and_free_node
                0x10001408       0xf8 CMakeFiles/BareMetal_UART.dir/C_/VSARM/sdk/pico/pico-sdk/src/common/pico_util/pheap.c.obj
                0x10001408                ph_remove_and_free_node
 .text.runtime_init
                0x10001500       0xd8 CMakeFiles/BareMetal_UART.dir/C_/VSARM/sdk/pico/pico-sdk/src/rp2_common/pico_runtime/runtime.c.obj
                0x10001500                runtime_init
 .text._exit    0x100015d8        0x4 CMakeFiles/BareMetal_UART.dir/C_/VSARM/sdk/pico/pico-sdk/src/rp2_common/pico_runtime/runtime.c.obj
                0x100015d8                _exit
 .text.exit     0x100015dc        0x6 CMakeFiles/BareMetal_UART.dir/C_/VSARM/sdk/pico/pico-sdk/src/rp2_common/pico_runtime/runtime.c.obj
                0x100015dc                exit
 *fill*         0x100015e2        0x2 
 .text.__assert_func
                0x100015e4       0x3c CMakeFiles/BareMetal_UART.dir/C_/VSARM/sdk/pico/pico-sdk/src/rp2_common/pico_runtime/runtime.c.obj
                0x100015e4                __assert_func
 .text.panic    0x10001620       0x30 CMakeFiles/BareMetal_UART.dir/C_/VSARM/sdk/pico/pico-sdk/src/rp2_common/pico_runtime/runtime.c.obj
                0x10001620                panic
 .text.clock_configure
                0x10001650      0x104 CMakeFiles/BareMetal_UART.dir/C_/VSARM/sdk/pico/pico-sdk/src/rp2_common/hardware_clocks/clocks.c.obj
                0x10001650                clock_configure
 .text.clocks_init
                0x10001754      0x100 CMakeFiles/BareMetal_UART.dir/C_/VSARM/sdk/pico/pico-sdk/src/rp2_common/hardware_clocks/clocks.c.obj
                0x10001754                clocks_init
 .text.clock_get_hz
                0x10001854        0xc CMakeFiles/BareMetal_UART.dir/C_/VSARM/sdk/pico/pico-sdk/src/rp2_common/hardware_clocks/clocks.c.obj
                0x10001854                clock_get_hz
 .text.set_raw_irq_handler_and_unlock
                0x10001860       0x28 CMakeFiles/BareMetal_UART.dir/C_/VSARM/sdk/pico/pico-sdk/src/rp2_common/hardware_irq/irq.c.obj
 .text.make_branch
                0x10001888       0x34 CMakeFiles/BareMetal_UART.dir/C_/VSARM/sdk/pico/pico-sdk/src/rp2_common/hardware_irq/irq.c.obj
 .text.insert_branch_and_link
                0x100018bc       0x40 CMakeFiles/BareMetal_UART.dir/C_/VSARM/sdk/pico/pico-sdk/src/rp2_common/hardware_irq/irq.c.obj
 .text.irq_is_enabled
                0x100018fc       0x18 CMakeFiles/BareMetal_UART.dir/C_/VSARM/sdk/pico/pico-sdk/src/rp2_common/hardware_irq/irq.c.obj
                0x100018fc                irq_is_enabled
 .text.irq_set_mask_enabled
                0x10001914       0x20 CMakeFiles/BareMetal_UART.dir/C_/VSARM/sdk/pico/pico-sdk/src/rp2_common/hardware_irq/irq.c.obj
                0x10001914                irq_set_mask_enabled
 .text.irq_set_enabled
                0x10001934        0xe CMakeFiles/BareMetal_UART.dir/C_/VSARM/sdk/pico/pico-sdk/src/rp2_common/hardware_irq/irq.c.obj
                0x10001934                irq_set_enabled
 *fill*         0x10001942        0x2 
 .text.irq_get_vtable_handler
                0x10001944       0x10 CMakeFiles/BareMetal_UART.dir/C_/VSARM/sdk/pico/pico-sdk/src/rp2_common/hardware_irq/irq.c.obj
                0x10001944                irq_get_vtable_handler
 .text.irq_set_exclusive_handler
                0x10001954       0x54 CMakeFiles/BareMetal_UART.dir/C_/VSARM/sdk/pico/pico-sdk/src/rp2_common/hardware_irq/irq.c.obj
                0x10001954                irq_set_exclusive_handler
 .text.irq_remove_handler
                0x100019a8      0x1ac CMakeFiles/BareMetal_UART.dir/C_/VSARM/sdk/pico/pico-sdk/src/rp2_common/hardware_irq/irq.c.obj
                0x100019a8                irq_remove_handler
 .text.irq_set_priority
                0x10001b54       0x28 CMakeFiles/BareMetal_UART.dir/C_/VSARM/sdk/pico/pico-sdk/src/rp2_common/hardware_irq/irq.c.obj
                0x10001b54                irq_set_priority
 .text.irq_add_tail_to_free_list
                0x10001b7c       0xf0 CMakeFiles/BareMetal_UART.dir/C_/VSARM/sdk/pico/pico-sdk/src/rp2_common/hardware_irq/irq.c.obj
                0x10001b7c                irq_add_tail_to_free_list
 .text.irq_init_priorities
                0x10001c6c       0x16 CMakeFiles/BareMetal_UART.dir/C_/VSARM/sdk/pico/pico-sdk/src/rp2_common/hardware_irq/irq.c.obj
                0x10001c6c                irq_init_priorities
 *fill*         0x10001c82        0x2 
 .text.pll_init
                0x10001c84      0x118 CMakeFiles/BareMetal_UART.dir/C_/VSARM/sdk/pico/pico-sdk/src/rp2_common/hardware_pll/pll.c.obj
                0x10001c84                pll_init
 .text.watchdog_start_tick
                0x10001d9c       0x10 CMakeFiles/BareMetal_UART.dir/C_/VSARM/sdk/pico/pico-sdk/src/rp2_common/hardware_watchdog/watchdog.c.obj
                0x10001d9c                watchdog_start_tick
 .text.xosc_init
                0x10001dac       0x28 CMakeFiles/BareMetal_UART.dir/C_/VSARM/sdk/pico/pico-sdk/src/rp2_common/hardware_xosc/xosc.c.obj
                0x10001dac                xosc_init
 .text._out_null
                0x10001dd4        0x2 CMakeFiles/BareMetal_UART.dir/C_/VSARM/sdk/pico/pico-sdk/src/rp2_common/pico_printf/printf.c.obj
 .text._out_fct
                0x10001dd6        0xe CMakeFiles/BareMetal_UART.dir/C_/VSARM/sdk/pico/pico-sdk/src/rp2_common/pico_printf/printf.c.obj
 .text._atoi    0x10001de4       0x24 CMakeFiles/BareMetal_UART.dir/C_/VSARM/sdk/pico/pico-sdk/src/rp2_common/pico_printf/printf.c.obj
 .text._out_rev
                0x10001e08       0xae CMakeFiles/BareMetal_UART.dir/C_/VSARM/sdk/pico/pico-sdk/src/rp2_common/pico_printf/printf.c.obj
 .text._ntoa_format
                0x10001eb6      0x112 CMakeFiles/BareMetal_UART.dir/C_/VSARM/sdk/pico/pico-sdk/src/rp2_common/pico_printf/printf.c.obj
 .text._ntoa_long
                0x10001fc8       0xbc CMakeFiles/BareMetal_UART.dir/C_/VSARM/sdk/pico/pico-sdk/src/rp2_common/pico_printf/printf.c.obj
 .text._ntoa_long_long
                0x10002084       0xe2 CMakeFiles/BareMetal_UART.dir/C_/VSARM/sdk/pico/pico-sdk/src/rp2_common/pico_printf/printf.c.obj
 *fill*         0x10002166        0x2 
 .text._etoa    0x10002168      0x414 CMakeFiles/BareMetal_UART.dir/C_/VSARM/sdk/pico/pico-sdk/src/rp2_common/pico_printf/printf.c.obj
 .text._ftoa    0x1000257c      0x354 CMakeFiles/BareMetal_UART.dir/C_/VSARM/sdk/pico/pico-sdk/src/rp2_common/pico_printf/printf.c.obj
 .text._vsnprintf
                0x100028d0      0x624 CMakeFiles/BareMetal_UART.dir/C_/VSARM/sdk/pico/pico-sdk/src/rp2_common/pico_printf/printf.c.obj
 .text.vfctprintf
                0x10002ef4       0x20 CMakeFiles/BareMetal_UART.dir/C_/VSARM/sdk/pico/pico-sdk/src/rp2_common/pico_printf/printf.c.obj
                0x10002ef4                vfctprintf
 .text          0x10002f14       0x10 CMakeFiles/BareMetal_UART.dir/C_/VSARM/sdk/pico/pico-sdk/src/rp2_common/pico_bit_ops/bit_ops_aeabi.S.obj
 .text.rom_func_lookup
                0x10002f24       0x10 CMakeFiles/BareMetal_UART.dir/C_/VSARM/sdk/pico/pico-sdk/src/rp2_common/pico_bootrom/bootrom.c.obj
                0x10002f24                rom_func_lookup
 .text.rom_data_lookup
                0x10002f34       0x10 CMakeFiles/BareMetal_UART.dir/C_/VSARM/sdk/pico/pico-sdk/src/rp2_common/pico_bootrom/bootrom.c.obj
                0x10002f34                rom_data_lookup
 .text.rom_funcs_lookup
                0x10002f44       0x36 CMakeFiles/BareMetal_UART.dir/C_/VSARM/sdk/pico/pico-sdk/src/rp2_common/pico_bootrom/bootrom.c.obj
                0x10002f44                rom_funcs_lookup
 *fill*         0x10002f7a        0x2 
 .text.__wrap___aeabi_idiv
                0x10002f7c       0x50 CMakeFiles/BareMetal_UART.dir/C_/VSARM/sdk/pico/pico-sdk/src/rp2_common/pico_divider/divider.S.obj
                0x10002f7c                __wrap___aeabi_idivmod
                0x10002f7c                divmod_s32s32
                0x10002f7c                div_s32s32
                0x10002f7c                __wrap___aeabi_idiv
                0x10002f84                divmod_s32s32_unsafe
                0x10002fb0                divmod_s32s32_savestate
 .text.__wrap___aeabi_uidiv
                0x10002fcc       0x4c CMakeFiles/BareMetal_UART.dir/C_/VSARM/sdk/pico/pico-sdk/src/rp2_common/pico_divider/divider.S.obj
                0x10002fcc                __wrap___aeabi_uidiv
                0x10002fcc                __wrap___aeabi_uidivmod
                0x10002fcc                div_u32u32
                0x10002fcc                divmod_u32u32
                0x10002fd4                divmod_u32u32_unsafe
                0x10002ffc                divmod_u32u32_savestate
 .text.__wrap___aeabi_ldiv
                0x10003018      0x430 CMakeFiles/BareMetal_UART.dir/C_/VSARM/sdk/pico/pico-sdk/src/rp2_common/pico_divider/divider.S.obj
                0x10003018                div_s64s64
                0x10003018                divmod_s64s64
                0x10003018                __wrap___aeabi_ldivmod
                0x10003050                divmod_u64u64
                0x10003050                div_u64u64
                0x10003050                __wrap___aeabi_uldivmod
                0x10003060                divmod_u64u64_savestate
                0x10003088                divmod_s64s64_unsafe
                0x10003110                divmod_u64u64_unsafe
 .text.__wrap___aeabi_darithmetic
                0x10003448       0x80 CMakeFiles/BareMetal_UART.dir/C_/VSARM/sdk/pico/pico-sdk/src/rp2_common/pico_double/double_aeabi.S.obj
                0x10003448                __wrap___aeabi_drsub
                0x1000344e                __wrap___aeabi_dsub
                0x10003460                __wrap___aeabi_dadd
                0x10003472                __wrap___aeabi_ddiv
                0x100034ae                __wrap___aeabi_dmul
 .text.__wrap___aeabi_cdcmple
                0x100034c8       0x6c CMakeFiles/BareMetal_UART.dir/C_/VSARM/sdk/pico/pico-sdk/src/rp2_common/pico_double/double_aeabi.S.obj
                0x100034c8                __wrap___aeabi_cdrcmple
                0x100034d8                __wrap___aeabi_cdcmpeq
                0x100034d8                __wrap___aeabi_cdcmple
 .text.__wrap___aeabi_dcmplt
                0x10003534        0xc CMakeFiles/BareMetal_UART.dir/C_/VSARM/sdk/pico/pico-sdk/src/rp2_common/pico_double/double_aeabi.S.obj
                0x10003534                __wrap___aeabi_dcmplt
 .text.__wrap___aeabi_dcmple
                0x10003540       0x10 CMakeFiles/BareMetal_UART.dir/C_/VSARM/sdk/pico/pico-sdk/src/rp2_common/pico_double/double_aeabi.S.obj
                0x10003540                __wrap___aeabi_dcmple
 .text.__wrap___aeabi_dcmpge
                0x10003550       0x10 CMakeFiles/BareMetal_UART.dir/C_/VSARM/sdk/pico/pico-sdk/src/rp2_common/pico_double/double_aeabi.S.obj
                0x10003550                __wrap___aeabi_dcmpge
 .text.__wrap___aeabi_dcmpgt
                0x10003560        0xa CMakeFiles/BareMetal_UART.dir/C_/VSARM/sdk/pico/pico-sdk/src/rp2_common/pico_double/double_aeabi.S.obj
                0x10003560                __wrap___aeabi_dcmpgt
 .text.__wrap___aeabi_dcmpun
                0x1000356a       0x1c CMakeFiles/BareMetal_UART.dir/C_/VSARM/sdk/pico/pico-sdk/src/rp2_common/pico_double/double_aeabi.S.obj
                0x1000356a                __wrap___aeabi_dcmpun
 *fill*         0x10003586        0x2 
 .text.__wrap___aeabi_i2d
                0x10003588       0x38 CMakeFiles/BareMetal_UART.dir/C_/VSARM/sdk/pico/pico-sdk/src/rp2_common/pico_double/double_aeabi.S.obj
                0x10003588                __wrap___aeabi_ui2d
                0x10003590                __wrap___aeabi_i2d
 .text.__wrap___aeabi_d2iz
                0x100035c0       0x48 CMakeFiles/BareMetal_UART.dir/C_/VSARM/sdk/pico/pico-sdk/src/rp2_common/pico_double/double_aeabi.S.obj
                0x100035c0                double2int_z
                0x100035c0                __wrap___aeabi_d2iz
 .text.__wrap___aeabi_d2uiz
                0x10003608       0x18 CMakeFiles/BareMetal_UART.dir/C_/VSARM/sdk/pico/pico-sdk/src/rp2_common/pico_double/double_aeabi.S.obj
                0x10003608                __wrap___aeabi_d2uiz
                0x10003608                double2uint
 .text.__aeabi_double_init
                0x10003620       0xb8 CMakeFiles/BareMetal_UART.dir/C_/VSARM/sdk/pico/pico-sdk/src/rp2_common/pico_double/double_init_rom.c.obj
                0x10003620                __aeabi_double_init
 .text.double_table_shim_on_use_helper
                0x100036d8       0x34 CMakeFiles/BareMetal_UART.dir/C_/VSARM/sdk/pico/pico-sdk/src/rp2_common/pico_double/double_v1_rom_shim.S.obj
                0x100036d8                double_table_shim_on_use_helper
 .text.__wrap___aeabi_dsub
                0x1000370c       0x10 CMakeFiles/BareMetal_UART.dir/C_/VSARM/sdk/pico/pico-sdk/src/rp2_common/pico_double/double_v1_rom_shim.S.obj
                0x1000370c                drsub_shim
                0x10003712                dsub_shim
 .text.dadd_shim
                0x1000371c      0x15c CMakeFiles/BareMetal_UART.dir/C_/VSARM/sdk/pico/pico-sdk/src/rp2_common/pico_double/double_v1_rom_shim.S.obj
                0x1000371c                dadd_shim
 .text.dmul_shim
                0x10003878      0x15c CMakeFiles/BareMetal_UART.dir/C_/VSARM/sdk/pico/pico-sdk/src/rp2_common/pico_double/double_v1_rom_shim.S.obj
                0x10003878                dmul_shim
 .text.ddiv_shim
                0x100039d4      0x1b0 CMakeFiles/BareMetal_UART.dir/C_/VSARM/sdk/pico/pico-sdk/src/rp2_common/pico_double/double_v1_rom_shim.S.obj
                0x100039d4                ddiv_shim
 .text.dcordic_rot_step
                0x10003b84       0x7c CMakeFiles/BareMetal_UART.dir/C_/VSARM/sdk/pico/pico-sdk/src/rp2_common/pico_double/double_v1_rom_shim.S.obj
                0x10003b84                dcordic_rot_step
 .text.double2uint_shim
                0x10003c00        0xe CMakeFiles/BareMetal_UART.dir/C_/VSARM/sdk/pico/pico-sdk/src/rp2_common/pico_double/double_v1_rom_shim.S.obj
                0x10003c00                double2uint_shim
                0x10003c02                double2ufix_shim
 *fill*         0x10003c0e        0x2 
 .text.double2uint64_shim
                0x10003c10       0x6c CMakeFiles/BareMetal_UART.dir/C_/VSARM/sdk/pico/pico-sdk/src/rp2_common/pico_double/double_v1_rom_shim.S.obj
                0x10003c10                double2uint64_shim
                0x10003c12                double2ufix64_shim
                0x10003c2c                d2fix_a
 .text.dunpacks
                0x10003c7c       0x3c CMakeFiles/BareMetal_UART.dir/C_/VSARM/sdk/pico/pico-sdk/src/rp2_common/pico_double/double_v1_rom_shim.S.obj
                0x10003c7c                dunpacks
 .text.__wrap___aeabi_farithmetic
                0x10003cb8       0x58 CMakeFiles/BareMetal_UART.dir/C_/VSARM/sdk/pico/pico-sdk/src/rp2_common/pico_float/float_aeabi.S.obj
                0x10003cb8                __wrap___aeabi_frsub
                0x10003cbe                __wrap___aeabi_fsub
                0x10003cc8                __wrap___aeabi_fadd
                0x10003cd2                __wrap___aeabi_fdiv
                0x10003cfe                __wrap___aeabi_fmul
 .text.__wrap___aeabi_ui2f
                0x10003d10        0xa CMakeFiles/BareMetal_UART.dir/C_/VSARM/sdk/pico/pico-sdk/src/rp2_common/pico_float/float_aeabi.S.obj
                0x10003d10                __wrap___aeabi_ui2f
 *fill*         0x10003d1a        0x2 
 .text.__wrap___aeabi_i2f
                0x10003d1c       0x44 CMakeFiles/BareMetal_UART.dir/C_/VSARM/sdk/pico/pico-sdk/src/rp2_common/pico_float/float_aeabi.S.obj
                0x10003d1c                __wrap___aeabi_i2f
 .text.__wrap___aeabi_f2uiz
                0x10003d60       0x10 CMakeFiles/BareMetal_UART.dir/C_/VSARM/sdk/pico/pico-sdk/src/rp2_common/pico_float/float_aeabi.S.obj
                0x10003d60                __wrap___aeabi_f2uiz
 .text.__wrap_logf
                0x10003d70       0x10 CMakeFiles/BareMetal_UART.dir/C_/VSARM/sdk/pico/pico-sdk/src/rp2_common/pico_float/float_aeabi.S.obj
                0x10003d70                __wrap_logf
 .text.__aeabi_float_init
                0x10003d80       0xfc CMakeFiles/BareMetal_UART.dir/C_/VSARM/sdk/pico/pico-sdk/src/rp2_common/pico_float/float_init_rom.c.obj
                0x10003d80                __aeabi_float_init
 .text.__wrap_log2f
                0x10003e7c       0x14 CMakeFiles/BareMetal_UART.dir/C_/VSARM/sdk/pico/pico-sdk/src/rp2_common/pico_float/float_math.c.obj
                0x10003e7c                __wrap_log2f
 .text.float_table_shim_on_use_helper
                0x10003e90       0x34 CMakeFiles/BareMetal_UART.dir/C_/VSARM/sdk/pico/pico-sdk/src/rp2_common/pico_float/float_v1_rom_shim.S.obj
                0x10003e90                float_table_shim_on_use_helper
 .text          0x10003ec4       0x10 CMakeFiles/BareMetal_UART.dir/C_/VSARM/sdk/pico/pico-sdk/src/rp2_common/pico_mem_ops/mem_ops_aeabi.S.obj
                0x10003ec4                __aeabi_mem_init
 .text.memset   0x10003ed4        0xc CMakeFiles/BareMetal_UART.dir/C_/VSARM/sdk/pico/pico-sdk/src/rp2_common/pico_mem_ops/mem_ops_aeabi.S.obj
                0x10003ed4                __wrap_memset
 .text.memcpy   0x10003ee0        0xc CMakeFiles/BareMetal_UART.dir/C_/VSARM/sdk/pico/pico-sdk/src/rp2_common/pico_mem_ops/mem_ops_aeabi.S.obj
                0x10003ee0                __wrap_memcpy
                0x10003ee0                __wrap___aeabi_memcpy
 .text.stdio_out_chars_crlf
                0x10003eec       0x80 CMakeFiles/BareMetal_UART.dir/C_/VSARM/sdk/pico/pico-sdk/src/rp2_common/pico_stdio/stdio.c.obj
 .text.stdio_stack_buffer_flush
                0x10003f6c       0x44 CMakeFiles/BareMetal_UART.dir/C_/VSARM/sdk/pico/pico-sdk/src/rp2_common/pico_stdio/stdio.c.obj
 .text.stdio_buffered_printer
                0x10003fb0       0x20 CMakeFiles/BareMetal_UART.dir/C_/VSARM/sdk/pico/pico-sdk/src/rp2_common/pico_stdio/stdio.c.obj
 .text.stdout_serialize_begin
                0x10003fd0       0x30 CMakeFiles/BareMetal_UART.dir/C_/VSARM/sdk/pico/pico-sdk/src/rp2_common/pico_stdio/stdio.c.obj
                0x10003fd0                stdout_serialize_begin
 .text.stdout_serialize_end
                0x10004000       0x10 CMakeFiles/BareMetal_UART.dir/C_/VSARM/sdk/pico/pico-sdk/src/rp2_common/pico_stdio/stdio.c.obj
                0x10004000                stdout_serialize_end
 .text.stdio_put_string
                0x10004010       0x84 CMakeFiles/BareMetal_UART.dir/C_/VSARM/sdk/pico/pico-sdk/src/rp2_common/pico_stdio/stdio.c.obj
 .text.stdio_flush
                0x10004094       0x20 CMakeFiles/BareMetal_UART.dir/C_/VSARM/sdk/pico/pico-sdk/src/rp2_common/pico_stdio/stdio.c.obj
                0x10004094                stdio_flush
 .text.__wrap_puts
                0x100040b4       0x1c CMakeFiles/BareMetal_UART.dir/C_/VSARM/sdk/pico/pico-sdk/src/rp2_common/pico_stdio/stdio.c.obj
                0x100040b4                __wrap_puts
 .text.__wrap_vprintf
                0x100040d0       0x44 CMakeFiles/BareMetal_UART.dir/C_/VSARM/sdk/pico/pico-sdk/src/rp2_common/pico_stdio/stdio.c.obj
                0x100040d0                __wrap_vprintf
 .text.__wrap_printf
                0x10004114       0x18 CMakeFiles/BareMetal_UART.dir/C_/VSARM/sdk/pico/pico-sdk/src/rp2_common/pico_stdio/stdio.c.obj
                0x10004114                __wrap_printf
 .text.strlen   0x1000412c       0x5c c:/vsarm/armcc/102021~1.07/bin/../lib/gcc/arm-none-eabi/10.3.1/../../../../arm-none-eabi/lib/thumb/v6-m/nofp\libg.a(lib_a-strlen-stub.o)
                0x1000412c                strlen
 *(.fini)
 .fini          0x10004188        0x4 c:/vsarm/armcc/102021~1.07/bin/../lib/gcc/arm-none-eabi/10.3.1/thumb/v6-m/nofp/crti.o
                0x10004188                _fini
 *fill*         0x1000418c        0x4 
 .fini.__stub   0x10004190       0x50 linker stubs
 *crtbegin.o(.ctors)
 *crtbegin?.o(.ctors)
 *(EXCLUDE_FILE(*crtend.o *crtend?.o) .ctors)
 *(SORT_BY_NAME(.ctors.*))
 *(.ctors)
 *crtbegin.o(.dtors)
 *crtbegin?.o(.dtors)
 *(EXCLUDE_FILE(*crtend.o *crtend?.o) .dtors)
 *(SORT_BY_NAME(.dtors.*))
 *(.dtors)
 *(.eh_frame*)
 .eh_frame      0x100041e0        0x0 c:/vsarm/armcc/102021~1.07/bin/../lib/gcc/arm-none-eabi/10.3.1/thumb/v6-m/nofp/crtbegin.o
                0x100041e0                . = ALIGN (0x4)

.glue_7         0x100041e0        0x0
 .glue_7        0x100041e0        0x0 linker stubs

.glue_7t        0x100041e0        0x0
 .glue_7t       0x100041e0        0x0 linker stubs

.vfp11_veneer   0x100041e0        0x0
 .vfp11_veneer  0x100041e0        0x0 linker stubs

.v4_bx          0x100041e0        0x0
 .v4_bx         0x100041e0        0x0 linker stubs

.iplt           0x100041e0        0x0
 .iplt          0x100041e0        0x0 c:/vsarm/armcc/102021~1.07/bin/../lib/gcc/arm-none-eabi/10.3.1/thumb/v6-m/nofp/crtbegin.o

.rodata         0x100041e0      0xe88
 *(EXCLUDE_FILE(*libm.a: *libc.a:*lib_a-mem*.o *libgcc.a:) .rodata*)
 .rodata.bsp_dma_configure.str1.4
                0x100041e0       0xd7 CMakeFiles/BareMetal_UART.dir/src/bsp.c.obj
 *fill*         0x100042b7        0x1 
 .rodata.__func__.0
                0x100042b8       0x18 CMakeFiles/BareMetal_UART.dir/src/bsp.c.obj
 .rodata.__func__.1
                0x100042d0       0x18 CMakeFiles/BareMetal_UART.dir/src/bsp.c.obj
 .rodata.__func__.2
                0x100042e8       0x26 CMakeFiles/BareMetal_UART.dir/src/bsp.c.obj
 *fill*         0x1000430e        0x2 
 .rodata.__func__.3
                0x10004310       0x1c CMakeFiles/BareMetal_UART.dir/src/bsp.c.obj
 .rodata.repeating_timer_callback.str1.4
                0x1000432c       0x4b CMakeFiles/BareMetal_UART.dir/C_/VSARM/sdk/pico/pico-sdk/src/common/pico_time/time.c.obj
 *fill*         0x10004377        0x1 
 .rodata.alarm_pool_dump_key.str1.4
                0x10004378       0x33 CMakeFiles/BareMetal_UART.dir/C_/VSARM/sdk/pico/pico-sdk/src/common/pico_time/time.c.obj
 *fill*         0x100043ab        0x1 
 .rodata.ph_add_child_node.str1.4
                0x100043ac       0x96 CMakeFiles/BareMetal_UART.dir/C_/VSARM/sdk/pico/pico-sdk/src/common/pico_time/time.c.obj
 *fill*         0x10004442        0x2 
 .rodata.add_alarm_under_lock.str1.4
                0x10004444       0x28 CMakeFiles/BareMetal_UART.dir/C_/VSARM/sdk/pico/pico-sdk/src/common/pico_time/time.c.obj
                                 0x2b (size before relaxing)
 .rodata.alarm_pool_alarm_callback.str1.4
                0x1000446c       0xe6 CMakeFiles/BareMetal_UART.dir/C_/VSARM/sdk/pico/pico-sdk/src/common/pico_time/time.c.obj
 *fill*         0x10004552        0x2 
 .rodata.__func__.10
                0x10004554       0x15 CMakeFiles/BareMetal_UART.dir/C_/VSARM/sdk/pico/pico-sdk/src/common/pico_time/time.c.obj
 *fill*         0x10004569        0x3 
 .rodata.__func__.11
                0x1000456c       0x1a CMakeFiles/BareMetal_UART.dir/C_/VSARM/sdk/pico/pico-sdk/src/common/pico_time/time.c.obj
 *fill*         0x10004586        0x2 
 .rodata.__func__.12
                0x10004588        0xa CMakeFiles/BareMetal_UART.dir/C_/VSARM/sdk/pico/pico-sdk/src/common/pico_time/time.c.obj
 *fill*         0x10004592        0x2 
 .rodata.__func__.4
                0x10004594       0x12 CMakeFiles/BareMetal_UART.dir/C_/VSARM/sdk/pico/pico-sdk/src/common/pico_time/time.c.obj
 *fill*         0x100045a6        0x2 
 .rodata.__func__.5
                0x100045a8        0xd CMakeFiles/BareMetal_UART.dir/C_/VSARM/sdk/pico/pico-sdk/src/common/pico_time/time.c.obj
 *fill*         0x100045b5        0x3 
 .rodata.__func__.6
                0x100045b8       0x12 CMakeFiles/BareMetal_UART.dir/C_/VSARM/sdk/pico/pico-sdk/src/common/pico_time/time.c.obj
 *fill*         0x100045ca        0x2 
 .rodata.__func__.7
                0x100045cc        0xf CMakeFiles/BareMetal_UART.dir/C_/VSARM/sdk/pico/pico-sdk/src/common/pico_time/time.c.obj
 *fill*         0x100045db        0x1 
 .rodata.__func__.8
                0x100045dc        0xc CMakeFiles/BareMetal_UART.dir/C_/VSARM/sdk/pico/pico-sdk/src/common/pico_time/time.c.obj
 .rodata.__func__.9
                0x100045e8       0x15 CMakeFiles/BareMetal_UART.dir/C_/VSARM/sdk/pico/pico-sdk/src/common/pico_time/time.c.obj
 *fill*         0x100045fd        0x3 
 .rodata.hardware_alarm_claim.str1.4
                0x10004600       0x22 CMakeFiles/BareMetal_UART.dir/C_/VSARM/sdk/pico/pico-sdk/src/rp2_common/hardware_timer/timer.c.obj
 *fill*         0x10004622        0x2 
 .rodata.hardware_alarm_set_target.str1.4
                0x10004624       0x65 CMakeFiles/BareMetal_UART.dir/C_/VSARM/sdk/pico/pico-sdk/src/rp2_common/hardware_timer/timer.c.obj
 *fill*         0x10004689        0x3 
 .rodata.__func__.0
                0x1000468c       0x1a CMakeFiles/BareMetal_UART.dir/C_/VSARM/sdk/pico/pico-sdk/src/rp2_common/hardware_timer/timer.c.obj
 *fill*         0x100046a6        0x2 
 .rodata.str1.4
                0x100046a8       0xb1 CMakeFiles/BareMetal_UART.dir/C_/VSARM/sdk/pico/pico-sdk/src/common/pico_sync/mutex.c.obj
                                0x115 (size before relaxing)
 *fill*         0x10004759        0x3 
 .rodata.__func__.0
                0x1000475c        0xb CMakeFiles/BareMetal_UART.dir/C_/VSARM/sdk/pico/pico-sdk/src/common/pico_sync/mutex.c.obj
 *fill*         0x10004767        0x1 
 .rodata.__func__.3
                0x10004768       0x15 CMakeFiles/BareMetal_UART.dir/C_/VSARM/sdk/pico/pico-sdk/src/common/pico_sync/mutex.c.obj
 .rodata.ph_add_child_node.str1.4
                0x1000477d       0x96 CMakeFiles/BareMetal_UART.dir/C_/VSARM/sdk/pico/pico-sdk/src/common/pico_util/pheap.c.obj
 *fill*         0x1000477d        0x3 
 .rodata.ph_remove_any_head.str1.4
                0x10004780       0x8c CMakeFiles/BareMetal_UART.dir/C_/VSARM/sdk/pico/pico-sdk/src/common/pico_util/pheap.c.obj
 .rodata.ph_remove_and_free_node.str1.4
                0x1000480c       0x26 CMakeFiles/BareMetal_UART.dir/C_/VSARM/sdk/pico/pico-sdk/src/common/pico_util/pheap.c.obj
 *fill*         0x10004832        0x2 
 .rodata.__func__.0
                0x10004834       0x18 CMakeFiles/BareMetal_UART.dir/C_/VSARM/sdk/pico/pico-sdk/src/common/pico_util/pheap.c.obj
 .rodata.__func__.1
                0x1000484c       0x13 CMakeFiles/BareMetal_UART.dir/C_/VSARM/sdk/pico/pico-sdk/src/common/pico_util/pheap.c.obj
 *fill*         0x1000485f        0x1 
 .rodata.__func__.2
                0x10004860       0x12 CMakeFiles/BareMetal_UART.dir/C_/VSARM/sdk/pico/pico-sdk/src/common/pico_util/pheap.c.obj
 *fill*         0x10004872        0x2 
 .rodata.__func__.3
                0x10004874        0xc CMakeFiles/BareMetal_UART.dir/C_/VSARM/sdk/pico/pico-sdk/src/common/pico_util/pheap.c.obj
 .rodata.__assert_func.str1.4
                0x10004880       0x3f CMakeFiles/BareMetal_UART.dir/C_/VSARM/sdk/pico/pico-sdk/src/rp2_common/pico_runtime/runtime.c.obj
                                 0x43 (size before relaxing)
 *fill*         0x100048bf        0x1 
 .rodata.panic.str1.4
                0x100048c0       0x12 CMakeFiles/BareMetal_UART.dir/C_/VSARM/sdk/pico/pico-sdk/src/rp2_common/pico_runtime/runtime.c.obj
 *fill*         0x100048d2        0x2 
 .rodata.clock_configure.str1.4
                0x100048d4       0x57 CMakeFiles/BareMetal_UART.dir/C_/VSARM/sdk/pico/pico-sdk/src/rp2_common/hardware_clocks/clocks.c.obj
 *fill*         0x1000492b        0x1 
 .rodata.__func__.1
                0x1000492c       0x10 CMakeFiles/BareMetal_UART.dir/C_/VSARM/sdk/pico/pico-sdk/src/rp2_common/hardware_clocks/clocks.c.obj
 .rodata.make_branch.str1.4
                0x1000493c       0x4d CMakeFiles/BareMetal_UART.dir/C_/VSARM/sdk/pico/pico-sdk/src/rp2_common/hardware_irq/irq.c.obj
 *fill*         0x10004989        0x3 
 .rodata.irq_set_exclusive_handler.str1.4
                0x1000498c       0x36 CMakeFiles/BareMetal_UART.dir/C_/VSARM/sdk/pico/pico-sdk/src/rp2_common/hardware_irq/irq.c.obj
 *fill*         0x100049c2        0x2 
 .rodata.irq_add_shared_handler.str1.4
                0x100049c4       0xd9 CMakeFiles/BareMetal_UART.dir/C_/VSARM/sdk/pico/pico-sdk/src/rp2_common/hardware_irq/irq.c.obj
 *fill*         0x10004a9d        0x3 
 .rodata.irq_remove_handler.str1.4
                0x10004aa0       0x2a CMakeFiles/BareMetal_UART.dir/C_/VSARM/sdk/pico/pico-sdk/src/rp2_common/hardware_irq/irq.c.obj
 *fill*         0x10004aca        0x2 
 .rodata.irq_add_tail_to_free_list.str1.4
                0x10004acc       0x32 CMakeFiles/BareMetal_UART.dir/C_/VSARM/sdk/pico/pico-sdk/src/rp2_common/hardware_irq/irq.c.obj
                                 0x3a (size before relaxing)
 *fill*         0x10004afe        0x2 
 .rodata.__func__.0
                0x10004b00       0x1a CMakeFiles/BareMetal_UART.dir/C_/VSARM/sdk/pico/pico-sdk/src/rp2_common/hardware_irq/irq.c.obj
 *fill*         0x10004b1a        0x2 
 .rodata.__func__.1
                0x10004b1c       0x17 CMakeFiles/BareMetal_UART.dir/C_/VSARM/sdk/pico/pico-sdk/src/rp2_common/hardware_irq/irq.c.obj
 *fill*         0x10004b33        0x1 
 .rodata.__func__.2
                0x10004b34       0x13 CMakeFiles/BareMetal_UART.dir/C_/VSARM/sdk/pico/pico-sdk/src/rp2_common/hardware_irq/irq.c.obj
 *fill*         0x10004b47        0x1 
 .rodata.__func__.3
                0x10004b48        0xc CMakeFiles/BareMetal_UART.dir/C_/VSARM/sdk/pico/pico-sdk/src/rp2_common/hardware_irq/irq.c.obj
 .rodata.__func__.4
                0x10004b54        0xf CMakeFiles/BareMetal_UART.dir/C_/VSARM/sdk/pico/pico-sdk/src/rp2_common/hardware_irq/irq.c.obj
 *fill*         0x10004b63        0x1 
 .rodata.__func__.6
                0x10004b64       0x1a CMakeFiles/BareMetal_UART.dir/C_/VSARM/sdk/pico/pico-sdk/src/rp2_common/hardware_irq/irq.c.obj
 *fill*         0x10004b7e        0x2 
 .rodata.pll_init.str1.4
                0x10004b80       0xdb CMakeFiles/BareMetal_UART.dir/C_/VSARM/sdk/pico/pico-sdk/src/rp2_common/hardware_pll/pll.c.obj
 *fill*         0x10004c5b        0x1 
 .rodata.__func__.0
                0x10004c5c        0x9 CMakeFiles/BareMetal_UART.dir/C_/VSARM/sdk/pico/pico-sdk/src/rp2_common/hardware_pll/pll.c.obj
 *fill*         0x10004c65        0x3 
 .rodata._ftoa.str1.4
                0x10004c68       0x15 CMakeFiles/BareMetal_UART.dir/C_/VSARM/sdk/pico/pico-sdk/src/rp2_common/pico_printf/printf.c.obj
 *fill*         0x10004c7d        0x3 
 .rodata._vsnprintf
                0x10004c80      0x1e0 CMakeFiles/BareMetal_UART.dir/C_/VSARM/sdk/pico/pico-sdk/src/rp2_common/pico_printf/printf.c.obj
 .rodata.pow10.0
                0x10004e60       0x50 CMakeFiles/BareMetal_UART.dir/C_/VSARM/sdk/pico/pico-sdk/src/rp2_common/pico_printf/printf.c.obj
 .rodata.__aeabi_double_init.str1.4
                0x10004eb0       0xa8 CMakeFiles/BareMetal_UART.dir/C_/VSARM/sdk/pico/pico-sdk/src/rp2_common/pico_double/double_init_rom.c.obj
 .rodata.__func__.0
                0x10004f58       0x14 CMakeFiles/BareMetal_UART.dir/C_/VSARM/sdk/pico/pico-sdk/src/rp2_common/pico_double/double_init_rom.c.obj
 .rodata.__aeabi_float_init.str1.4
                0x10004f6c       0x7a CMakeFiles/BareMetal_UART.dir/C_/VSARM/sdk/pico/pico-sdk/src/rp2_common/pico_float/float_init_rom.c.obj
                                 0x7e (size before relaxing)
 *fill*         0x10004fe6        0x2 
 .rodata.__func__.0
                0x10004fe8       0x13 CMakeFiles/BareMetal_UART.dir/C_/VSARM/sdk/pico/pico-sdk/src/rp2_common/pico_float/float_init_rom.c.obj
 *fill*         0x10004ffb        0x1 
 .rodata.str1.4
                0x10004ffc       0x44 CMakeFiles/BareMetal_UART.dir/C_/VSARM/sdk/pico/pico-sdk/src/rp2_common/pico_standard_link/binary_info.c.obj
 .rodata.__bi_44
                0x10005040        0xc CMakeFiles/BareMetal_UART.dir/C_/VSARM/sdk/pico/pico-sdk/src/rp2_common/pico_standard_link/binary_info.c.obj
 .rodata.__bi_75
                0x1000504c        0xc CMakeFiles/BareMetal_UART.dir/C_/VSARM/sdk/pico/pico-sdk/src/rp2_common/pico_standard_link/binary_info.c.obj
 .rodata.__bi_81
                0x10005058        0xc CMakeFiles/BareMetal_UART.dir/C_/VSARM/sdk/pico/pico-sdk/src/rp2_common/pico_standard_link/binary_info.c.obj
 .rodata.crlf_str.3
                0x10005064        0x2 CMakeFiles/BareMetal_UART.dir/C_/VSARM/sdk/pico/pico-sdk/src/rp2_common/pico_stdio/stdio.c.obj
                0x10005068                . = ALIGN (0x4)
 *fill*         0x10005066        0x2 
 *(SORT_BY_ALIGNMENT(SORT_BY_NAME(.flashdata*)))
                0x10005068                . = ALIGN (0x4)

.rel.dyn        0x10005068        0x0
 .rel.iplt      0x10005068        0x0 c:/vsarm/armcc/102021~1.07/bin/../lib/gcc/arm-none-eabi/10.3.1/thumb/v6-m/nofp/crtbegin.o

.ARM.extab
 *(.ARM.extab* .gnu.linkonce.armextab.*)
                0x10005068                __exidx_start = .

.ARM.exidx
 *(.ARM.exidx* .gnu.linkonce.armexidx.*)
                0x10005068                __exidx_end = .
                0x10005068                . = ALIGN (0x4)
                0x10005068                __binary_info_start = .

.binary_info    0x10005068       0x1c
 *(.binary_info.keep.*)
 .binary_info.keep.__bi_ptr22
                0x10005068        0x4 CMakeFiles/BareMetal_UART.dir/C_/VSARM/sdk/pico/pico-sdk/src/rp2_common/pico_standard_link/binary_info.c.obj
 .binary_info.keep.__bi_ptr30
                0x1000506c        0x4 CMakeFiles/BareMetal_UART.dir/C_/VSARM/sdk/pico/pico-sdk/src/rp2_common/pico_standard_link/binary_info.c.obj
 .binary_info.keep.__bi_ptr38
                0x10005070        0x4 CMakeFiles/BareMetal_UART.dir/C_/VSARM/sdk/pico/pico-sdk/src/rp2_common/pico_standard_link/binary_info.c.obj
 .binary_info.keep.__bi_ptr44
                0x10005074        0x4 CMakeFiles/BareMetal_UART.dir/C_/VSARM/sdk/pico/pico-sdk/src/rp2_common/pico_standard_link/binary_info.c.obj
 .binary_info.keep.__bi_ptr50
                0x10005078        0x4 CMakeFiles/BareMetal_UART.dir/C_/VSARM/sdk/pico/pico-sdk/src/rp2_common/pico_standard_link/binary_info.c.obj
 .binary_info.keep.__bi_ptr75
                0x1000507c        0x4 CMakeFiles/BareMetal_UART.dir/C_/VSARM/sdk/pico/pico-sdk/src/rp2_common/pico_standard_link/binary_info.c.obj
 .binary_info.keep.__bi_ptr81
                0x10005080        0x4 CMakeFiles/BareMetal_UART.dir/C_/VSARM/sdk/pico/pico-sdk/src/rp2_common/pico_standard_link/binary_info.c.obj
 *(.binary_info.*)
                0x10005084                __binary_info_end = .
                0x10005084                . = ALIGN (0x4)
                0x10005084                __etext = .

.ram_vector_table
                0x20000000       0xc0
 *(.ram_vector_table)
 .ram_vector_table
                0x20000000       0xc0 CMakeFiles/BareMetal_UART.dir/C_/VSARM/sdk/pico/pico-sdk/src/rp2_common/pico_runtime/runtime.c.obj
                0x20000000                ram_vector_table

.data           0x200000c0      0x24c load address 0x10005084
                0x200000c0                __data_start__ = .
 *(vtable)
 *(.time_critical*)
 .time_critical.mutex_enter_blocking
                0x200000c0       0x94 CMakeFiles/BareMetal_UART.dir/C_/VSARM/sdk/pico/pico-sdk/src/common/pico_sync/mutex.c.obj
                0x200000c0                mutex_enter_blocking
 .time_critical.mutex_try_enter
                0x20000154       0x5a CMakeFiles/BareMetal_UART.dir/C_/VSARM/sdk/pico/pico-sdk/src/common/pico_sync/mutex.c.obj
                0x20000154                mutex_try_enter
 *fill*         0x200001ae        0x2 
 .time_critical.mutex_exit
                0x200001b0       0x94 CMakeFiles/BareMetal_UART.dir/C_/VSARM/sdk/pico/pico-sdk/src/common/pico_sync/mutex.c.obj
                0x200001b0                mutex_exit
 *(.text*)
 .text          0x20000244        0x4 c:/vsarm/armcc/102021~1.07/bin/../lib/gcc/arm-none-eabi/10.3.1/thumb/v6-m/nofp\libgcc.a(_dvmd_tls.o)
                0x20000244                __aeabi_idiv0
                0x20000244                __aeabi_ldiv0
 .text.__stub   0x20000248       0x10 linker stubs
                0x20000258                . = ALIGN (0x4)
 *(.rodata*)
                0x20000258                . = ALIGN (0x4)
 *(.data*)
 .data.striped_spin_lock_num
                0x20000258        0x1 CMakeFiles/BareMetal_UART.dir/C_/VSARM/sdk/pico/pico-sdk/src/rp2_common/hardware_sync/sync.c.obj
 *fill*         0x20000259        0x3 
 .data.default_alarm_pool
                0x2000025c       0x18 CMakeFiles/BareMetal_UART.dir/C_/VSARM/sdk/pico/pico-sdk/src/common/pico_time/time.c.obj
 .data.default_alarm_pool_heap
                0x20000274       0x10 CMakeFiles/BareMetal_UART.dir/C_/VSARM/sdk/pico/pico-sdk/src/common/pico_time/time.c.obj
 .data          0x20000284       0x48 CMakeFiles/BareMetal_UART.dir/C_/VSARM/sdk/pico/pico-sdk/src/rp2_common/hardware_irq/irq_handler_chain.S.obj
                0x20000284                irq_handler_chain_slots
                0x200002b4                irq_handler_chain_first_slot
                0x200002be                irq_handler_chain_remove_tail
 *fill*         0x200002cc        0x4 
 .data.aeabi_bits_funcs
                0x200002d0       0x10 CMakeFiles/BareMetal_UART.dir/C_/VSARM/sdk/pico/pico-sdk/src/rp2_common/pico_bit_ops/bit_ops_aeabi.S.obj
                0x200002d0                aeabi_bits_funcs
                0x200002e0                aeabi_bits_funcs_end
 .data.aeabi_mem_funcs
                0x200002e0       0x10 CMakeFiles/BareMetal_UART.dir/C_/VSARM/sdk/pico/pico-sdk/src/rp2_common/pico_mem_ops/mem_ops_aeabi.S.obj
                0x200002e0                aeabi_mem_funcs
                0x200002f0                aeabi_mem_funcs_end
                0x200002f0                . = ALIGN (0x4)
 *(.after_data.*)
                0x200002f0                . = ALIGN (0x4)
                0x200002f0                PROVIDE (__mutex_array_start = .)
 *(SORT_BY_NAME(.mutex_array.*))
 *(.mutex_array)
 .mutex_array   0x200002f0        0x8 CMakeFiles/BareMetal_UART.dir/C_/VSARM/sdk/pico/pico-sdk/src/rp2_common/pico_stdio/stdio.c.obj
                0x200002f8                PROVIDE (__mutex_array_end = .)
                0x200002f8                . = ALIGN (0x4)
                0x200002f8                PROVIDE (__preinit_array_start = .)
 *(SORT_BY_NAME(.preinit_array.*))
 .preinit_array.00001
                0x200002f8        0x4 CMakeFiles/BareMetal_UART.dir/C_/VSARM/sdk/pico/pico-sdk/src/rp2_common/pico_mem_ops/mem_ops_aeabi.S.obj
 .preinit_array.00010
                0x200002fc        0x4 CMakeFiles/BareMetal_UART.dir/C_/VSARM/sdk/pico/pico-sdk/src/rp2_common/pico_bit_ops/bit_ops_aeabi.S.obj
 .preinit_array.00020
                0x20000300        0x4 CMakeFiles/BareMetal_UART.dir/C_/VSARM/sdk/pico/pico-sdk/src/rp2_common/pico_double/double_aeabi.S.obj
 .preinit_array.00020
                0x20000304        0x4 CMakeFiles/BareMetal_UART.dir/C_/VSARM/sdk/pico/pico-sdk/src/rp2_common/pico_float/float_aeabi.S.obj
 *(.preinit_array)
                0x20000308                PROVIDE (__preinit_array_end = .)
                0x20000308                . = ALIGN (0x4)
                0x20000308                PROVIDE (__init_array_start = .)
 *(SORT_BY_NAME(.init_array.*))
 *(.init_array)
 .init_array    0x20000308        0x4 c:/vsarm/armcc/102021~1.07/bin/../lib/gcc/arm-none-eabi/10.3.1/thumb/v6-m/nofp/crtbegin.o
                0x2000030c                PROVIDE (__init_array_end = .)
                0x2000030c                . = ALIGN (0x4)
                [!provide]                PROVIDE (__fini_array_start = .)
 *(SORT_BY_NAME(.fini_array.*))
 *(.fini_array)
                [!provide]                PROVIDE (__fini_array_end = .)
 *(.jcr)
                0x2000030c                . = ALIGN (0x4)
                0x2000030c                __data_end__ = .

.igot.plt       0x2000030c        0x0 load address 0x100052d0
 .igot.plt      0x2000030c        0x0 c:/vsarm/armcc/102021~1.07/bin/../lib/gcc/arm-none-eabi/10.3.1/thumb/v6-m/nofp/crtbegin.o

.uninitialized_data
                0x2000030c        0x0 load address 0x100052d0
                0x2000030c                . = ALIGN (0x4)
 *(.uninitialized_data*)

.scratch_x      0x20040000        0x0 load address 0x100052d0
                0x20040000                __scratch_x_start__ = .
 *(.scratch_x.*)
                0x20040000                . = ALIGN (0x4)
                0x20040000                __scratch_x_end__ = .
                0x100052d0                __scratch_x_source__ = LOADADDR (.scratch_x)

.scratch_y      0x20041000        0x0 load address 0x100052d0
                0x20041000                __scratch_y_start__ = .
 *(.scratch_y.*)
                0x20041000                . = ALIGN (0x4)
                0x20041000                __scratch_y_end__ = .
                0x100052d0                __scratch_y_source__ = LOADADDR (.scratch_y)

.bss            0x20000320      0x3ec
                0x20000320                . = ALIGN (0x4)
                0x20000320                __bss_start__ = .
 *(SORT_BY_ALIGNMENT(SORT_BY_NAME(.bss*)))
 .bss.buffer    0x20000320       0x20 CMakeFiles/BareMetal_UART.dir/src/main.c.obj
                0x20000320                buffer
 .bss.default_alarm_pool_entries
                0x20000340      0x100 CMakeFiles/BareMetal_UART.dir/C_/VSARM/sdk/pico/pico-sdk/src/common/pico_time/time.c.obj
 .bss           0x20000440       0x1c c:/vsarm/armcc/102021~1.07/bin/../lib/gcc/arm-none-eabi/10.3.1/thumb/v6-m/nofp/crtbegin.o
 .bss.alarm_callbacks
                0x2000045c       0x10 CMakeFiles/BareMetal_UART.dir/C_/VSARM/sdk/pico/pico-sdk/src/rp2_common/hardware_timer/timer.c.obj
 .bss.configured_freq
                0x2000046c       0x28 CMakeFiles/BareMetal_UART.dir/C_/VSARM/sdk/pico/pico-sdk/src/rp2_common/hardware_clocks/clocks.c.obj
 .bss.default_alarm_pool_entry_ids_high
                0x20000494       0x10 CMakeFiles/BareMetal_UART.dir/C_/VSARM/sdk/pico/pico-sdk/src/common/pico_time/time.c.obj
 .bss.default_alarm_pool_heap_nodes
                0x200004a4       0x30 CMakeFiles/BareMetal_UART.dir/C_/VSARM/sdk/pico/pico-sdk/src/common/pico_time/time.c.obj
 .bss.drivers   0x200004d4        0x4 CMakeFiles/BareMetal_UART.dir/C_/VSARM/sdk/pico/pico-sdk/src/rp2_common/pico_stdio/stdio.c.obj
 .bss.filter    0x200004d8        0x4 CMakeFiles/BareMetal_UART.dir/C_/VSARM/sdk/pico/pico-sdk/src/rp2_common/pico_stdio/stdio.c.obj
 .bss.pools     0x200004dc       0x10 CMakeFiles/BareMetal_UART.dir/C_/VSARM/sdk/pico/pico-sdk/src/common/pico_time/time.c.obj
 .bss.sd_table  0x200004ec      0x100 CMakeFiles/BareMetal_UART.dir/C_/VSARM/sdk/pico/pico-sdk/src/rp2_common/pico_double/double_init_rom.c.obj
                0x200004ec                sd_table
 .bss.sf_clz_func
                0x200005ec        0x4 CMakeFiles/BareMetal_UART.dir/C_/VSARM/sdk/pico/pico-sdk/src/rp2_common/pico_float/float_init_rom.c.obj
                0x200005ec                sf_clz_func
 .bss.sf_table  0x200005f0      0x100 CMakeFiles/BareMetal_UART.dir/C_/VSARM/sdk/pico/pico-sdk/src/rp2_common/pico_float/float_init_rom.c.obj
                0x200005f0                sf_table
 .bss.sleep_notifier
                0x200006f0        0x4 CMakeFiles/BareMetal_UART.dir/C_/VSARM/sdk/pico/pico-sdk/src/common/pico_time/time.c.obj
 .bss.target_hi
                0x200006f4       0x10 CMakeFiles/BareMetal_UART.dir/C_/VSARM/sdk/pico/pico-sdk/src/rp2_common/hardware_timer/timer.c.obj
 .bss.uart_char_to_line_feed
                0x20000704        0x4 CMakeFiles/BareMetal_UART.dir/C_/VSARM/sdk/pico/pico-sdk/src/rp2_common/hardware_uart/uart.c.obj
                0x20000704                uart_char_to_line_feed
 .bss.claimed   0x20000708        0x1 CMakeFiles/BareMetal_UART.dir/C_/VSARM/sdk/pico/pico-sdk/src/rp2_common/hardware_timer/timer.c.obj
 .bss.irq_hander_chain_free_slot_head
                0x20000709        0x1 CMakeFiles/BareMetal_UART.dir/C_/VSARM/sdk/pico/pico-sdk/src/rp2_common/hardware_irq/irq.c.obj
 .bss.timer_callbacks_pending
                0x2000070a        0x1 CMakeFiles/BareMetal_UART.dir/C_/VSARM/sdk/pico/pico-sdk/src/rp2_common/hardware_timer/timer.c.obj
 *(COMMON)
                0x2000070c                . = ALIGN (0x4)
 *fill*         0x2000070b        0x1 
                0x2000070c                __bss_end__ = .

.heap           0x2000070c      0x800
                0x2000070c                __end__ = .
                0x2000070c                end = __end__
 *(.heap*)
 .heap          0x2000070c      0x800 CMakeFiles/BareMetal_UART.dir/C_/VSARM/sdk/pico/pico-sdk/src/rp2_common/pico_standard_link/crt0.S.obj
                0x20000f0c                __HeapLimit = .

.stack1_dummy   0x20040000        0x0
 *(.stack1*)

.stack_dummy    0x20041000      0x800
 *(.stack*)
 .stack         0x20041000      0x800 CMakeFiles/BareMetal_UART.dir/C_/VSARM/sdk/pico/pico-sdk/src/rp2_common/pico_standard_link/crt0.S.obj

.flash_end      0x100052d0        0x0
                0x100052d0                __flash_binary_end = .
                0x20040000                __StackLimit = (ORIGIN (RAM) + LENGTH (RAM))
                0x20041000                __StackOneTop = (ORIGIN (SCRATCH_X) + LENGTH (SCRATCH_X))
                0x20042000                __StackTop = (ORIGIN (SCRATCH_Y) + LENGTH (SCRATCH_Y))
                0x20041000                __StackOneBottom = (__StackOneTop - SIZEOF (.stack1_dummy))
                0x20041800                __StackBottom = (__StackTop - SIZEOF (.stack_dummy))
                0x20042000                PROVIDE (__stack = __StackTop)
                0x00000001                ASSERT ((__StackLimit >= __HeapLimit), region RAM overflowed)
                0x00000001                ASSERT (((__binary_info_header_end - __logical_binary_start) <= 0x100), Binary info must be in first 256 bytes of the binary)
LOAD CMakeFiles/BareMetal_UART.dir/src/main.c.obj
LOAD CMakeFiles/BareMetal_UART.dir/src/bsp.c.obj
LOAD CMakeFiles/BareMetal_UART.dir/src/uart_safe.c.obj
LOAD CMakeFiles/BareMetal_UART.dir/C_/VSARM/sdk/pico/pico-sdk/src/rp2_common/pico_stdlib/stdlib.c.obj
LOAD CMakeFiles/BareMetal_UART.dir/C_/VSARM/sdk/pico/pico-sdk/src/rp2_common/hardware_gpio/gpio.c.obj
LOAD CMakeFiles/BareMetal_UART.dir/C_/VSARM/sdk/pico/pico-sdk/src/rp2_common/hardware_claim/claim.c.obj
LOAD CMakeFiles/BareMetal_UART.dir/C_/VSARM/sdk/pico/pico-sdk/src/rp2_common/pico_platform/platform.c.obj
LOAD CMakeFiles/BareMetal_UART.dir/C_/VSARM/sdk/pico/pico-sdk/src/rp2_common/hardware_sync/sync.c.obj
LOAD CMakeFiles/BareMetal_UART.dir/C_/VSARM/sdk/pico/pico-sdk/src/rp2_common/hardware_uart/uart.c.obj
LOAD CMakeFiles/BareMetal_UART.dir/C_/VSARM/sdk/pico/pico-sdk/src/rp2_common/hardware_divider/divider.S.obj
LOAD CMakeFiles/BareMetal_UART.dir/C_/VSARM/sdk/pico/pico-sdk/src/common/pico_time/time.c.obj
LOAD CMakeFiles/BareMetal_UART.dir/C_/VSARM/sdk/pico/pico-sdk/src/common/pico_time/timeout_helper.c.obj
LOAD CMakeFiles/BareMetal_UART.dir/C_/VSARM/sdk/pico/pico-sdk/src/rp2_common/hardware_timer/timer.c.obj
LOAD CMakeFiles/BareMetal_UART.dir/C_/VSARM/sdk/pico/pico-sdk/src/common/pico_sync/sem.c.obj
LOAD CMakeFiles/BareMetal_UART.dir/C_/VSARM/sdk/pico/pico-sdk/src/common/pico_sync/lock_core.c.obj
LOAD CMakeFiles/BareMetal_UART.dir/C_/VSARM/sdk/pico/pico-sdk/src/common/pico_sync/mutex.c.obj
LOAD CMakeFiles/BareMetal_UART.dir/C_/VSARM/sdk/pico/pico-sdk/src/common/pico_sync/critical_section.c.obj
LOAD CMakeFiles/BareMetal_UART.dir/C_/VSARM/sdk/pico/pico-sdk/src/common/pico_util/datetime.c.obj
LOAD CMakeFiles/BareMetal_UART.dir/C_/VSARM/sdk/pico/pico-sdk/src/common/pico_util/pheap.c.obj
LOAD CMakeFiles/BareMetal_UART.dir/C_/VSARM/sdk/pico/pico-sdk/src/common/pico_util/queue.c.obj
LOAD CMakeFiles/BareMetal_UART.dir/C_/VSARM/sdk/pico/pico-sdk/src/rp2_common/pico_runtime/runtime.c.obj
LOAD CMakeFiles/BareMetal_UART.dir/C_/VSARM/sdk/pico/pico-sdk/src/rp2_common/hardware_clocks/clocks.c.obj
LOAD CMakeFiles/BareMetal_UART.dir/C_/VSARM/sdk/pico/pico-sdk/src/rp2_common/hardware_irq/irq.c.obj
LOAD CMakeFiles/BareMetal_UART.dir/C_/VSARM/sdk/pico/pico-sdk/src/rp2_common/hardware_irq/irq_handler_chain.S.obj
LOAD CMakeFiles/BareMetal_UART.dir/C_/VSARM/sdk/pico/pico-sdk/src/rp2_common/hardware_pll/pll.c.obj
LOAD CMakeFiles/BareMetal_UART.dir/C_/VSARM/sdk/pico/pico-sdk/src/rp2_common/hardware_vreg/vreg.c.obj
LOAD CMakeFiles/BareMetal_UART.dir/C_/VSARM/sdk/pico/pico-sdk/src/rp2_common/hardware_watchdog/watchdog.c.obj
LOAD CMakeFiles/BareMetal_UART.dir/C_/VSARM/sdk/pico/pico-sdk/src/rp2_common/hardware_xosc/xosc.c.obj
LOAD CMakeFiles/BareMetal_UART.dir/C_/VSARM/sdk/pico/pico-sdk/src/rp2_common/pico_printf/printf.c.obj
LOAD CMakeFiles/BareMetal_UART.dir/C_/VSARM/sdk/pico/pico-sdk/src/rp2_common/pico_bit_ops/bit_ops_aeabi.S.obj
LOAD CMakeFiles/BareMetal_UART.dir/C_/VSARM/sdk/pico/pico-sdk/src/rp2_common/pico_bootrom/bootrom.c.obj
LOAD CMakeFiles/BareMetal_UART.dir/C_/VSARM/sdk/pico/pico-sdk/src/rp2_common/pico_divider/divider.S.obj
LOAD CMakeFiles/BareMetal_UART.dir/C_/VSARM/sdk/pico/pico-sdk/src/rp2_common/pico_double/double_aeabi.S.obj
LOAD CMakeFiles/BareMetal_UART.dir/C_/VSARM/sdk/pico/pico-sdk/src/rp2_common/pico_double/double_init_rom.c.obj
LOAD CMakeFiles/BareMetal_UART.dir/C_/VSARM/sdk/pico/pico-sdk/src/rp2_common/pico_double/double_math.c.obj
LOAD CMakeFiles/BareMetal_UART.dir/C_/VSARM/sdk/pico/pico-sdk/src/rp2_common/pico_double/double_v1_rom_shim.S.obj
LOAD CMakeFiles/BareMetal_UART.dir/C_/VSARM/sdk/pico/pico-sdk/src/rp2_common/pico_int64_ops/pico_int64_ops_aeabi.S.obj
LOAD CMakeFiles/BareMetal_UART.dir/C_/VSARM/sdk/pico/pico-sdk/src/rp2_common/pico_float/float_aeabi.S.obj
LOAD CMakeFiles/BareMetal_UART.dir/C_/VSARM/sdk/pico/pico-sdk/src/rp2_common/pico_float/float_init_rom.c.obj
LOAD CMakeFiles/BareMetal_UART.dir/C_/VSARM/sdk/pico/pico-sdk/src/rp2_common/pico_float/float_math.c.obj
LOAD CMakeFiles/BareMetal_UART.dir/C_/VSARM/sdk/pico/pico-sdk/src/rp2_common/pico_float/float_v1_rom_shim.S.obj
LOAD CMakeFiles/BareMetal_UART.dir/C_/VSARM/sdk/pico/pico-sdk/src/rp2_common/pico_malloc/pico_malloc.c.obj
LOAD CMakeFiles/BareMetal_UART.dir/C_/VSARM/sdk/pico/pico-sdk/src/rp2_common/pico_mem_ops/mem_ops_aeabi.S.obj
LOAD CMakeFiles/BareMetal_UART.dir/C_/VSARM/sdk/pico/pico-sdk/src/rp2_common/pico_standard_link/crt0.S.obj
LOAD CMakeFiles/BareMetal_UART.dir/C_/VSARM/sdk/pico/pico-sdk/src/rp2_common/pico_standard_link/new_delete.cpp.obj
LOAD CMakeFiles/BareMetal_UART.dir/C_/VSARM/sdk/pico/pico-sdk/src/rp2_common/pico_standard_link/binary_info.c.obj
LOAD CMakeFiles/BareMetal_UART.dir/C_/VSARM/sdk/pico/pico-sdk/src/rp2_common/pico_stdio/stdio.c.obj
LOAD CMakeFiles/BareMetal_UART.dir/C_/VSARM/sdk/pico/pico-sdk/src/rp2_common/hardware_dma/dma.c.obj
LOAD libFreeRTOS.a
LOAD C:\Users\camil\AppData\Local\Temp\ccqKG1HO.o
LOAD c:/vsarm/armcc/102021~1.07/bin/../lib/gcc/arm-none-eabi/10.3.1/../../../../arm-none-eabi/lib/thumb/v6-m/nofp\libstdc++.a
LOAD c:/vsarm/armcc/102021~1.07/bin/../lib/gcc/arm-none-eabi/10.3.1/../../../../arm-none-eabi/lib/thumb/v6-m/nofp\libm.a
START GROUP
LOAD c:/vsarm/armcc/102021~1.07/bin/../lib/gcc/arm-none-eabi/10.3.1/thumb/v6-m/nofp\libgcc.a
LOAD c:/vsarm/armcc/102021~1.07/bin/../lib/gcc/arm-none-eabi/10.3.1/../../../../arm-none-eabi/lib/thumb/v6-m/nofp\libg.a
LOAD c:/vsarm/armcc/102021~1.07/bin/../lib/gcc/arm-none-eabi/10.3.1/../../../../arm-none-eabi/lib/thumb/v6-m/nofp\libc.a
END GROUP
START GROUP
LOAD c:/vsarm/armcc/102021~1.07/bin/../lib/gcc/arm-none-eabi/10.3.1/thumb/v6-m/nofp\libgcc.a
LOAD c:/vsarm/armcc/102021~1.07/bin/../lib/gcc/arm-none-eabi/10.3.1/../../../../arm-none-eabi/lib/thumb/v6-m/nofp\libc.a
LOAD c:/vsarm/armcc/102021~1.07/bin/../lib/gcc/arm-none-eabi/10.3.1/../../../../arm-none-eabi/lib/thumb/v6-m/nofp\libnosys.a
END GROUP
LOAD c:/vsarm/armcc/102021~1.07/bin/../lib/gcc/arm-none-eabi/10.3.1/thumb/v6-m/nofp/crtend.o
LOAD c:/vsarm/armcc/102021~1.07/bin/../lib/gcc/arm-none-eabi/10.3.1/thumb/v6-m/nofp/crtn.o
OUTPUT(BareMetal_UART.elf elf32-littlearm)
LOAD linker stubs

.ARM.attributes
                0x00000000       0x28
 .ARM.attributes
                0x00000000       0x1e c:/vsarm/armcc/102021~1.07/bin/../lib/gcc/arm-none-eabi/10.3.1/thumb/v6-m/nofp/crti.o
 .ARM.attributes
                0x0000001e       0x2c c:/vsarm/armcc/102021~1.07/bin/../lib/gcc/arm-none-eabi/10.3.1/thumb/v6-m/nofp/crtbegin.o
 .ARM.attributes
                0x0000004a       0x2c CMakeFiles/BareMetal_UART.dir/src/main.c.obj
 .ARM.attributes
                0x00000076       0x2c CMakeFiles/BareMetal_UART.dir/src/bsp.c.obj
 .ARM.attributes
                0x000000a2       0x2c CMakeFiles/BareMetal_UART.dir/C_/VSARM/sdk/pico/pico-sdk/src/rp2_common/hardware_gpio/gpio.c.obj
 .ARM.attributes
                0x000000ce       0x2c CMakeFiles/BareMetal_UART.dir/C_/VSARM/sdk/pico/pico-sdk/src/rp2_common/hardware_claim/claim.c.obj
 .ARM.attributes
                0x000000fa       0x2c CMakeFiles/BareMetal_UART.dir/C_/VSARM/sdk/pico/pico-sdk/src/rp2_common/pico_platform/platform.c.obj
 .ARM.attributes
                0x00000126       0x2c CMakeFiles/BareMetal_UART.dir/C_/VSARM/sdk/pico/pico-sdk/src/rp2_common/hardware_sync/sync.c.obj
 .ARM.attributes
                0x00000152       0x2c CMakeFiles/BareMetal_UART.dir/C_/VSARM/sdk/pico/pico-sdk/src/rp2_common/hardware_uart/uart.c.obj
 .ARM.attributes
                0x0000017e       0x2c CMakeFiles/BareMetal_UART.dir/C_/VSARM/sdk/pico/pico-sdk/src/common/pico_time/time.c.obj
 .ARM.attributes
                0x000001aa       0x2c CMakeFiles/BareMetal_UART.dir/C_/VSARM/sdk/pico/pico-sdk/src/rp2_common/hardware_timer/timer.c.obj
 .ARM.attributes
                0x000001d6       0x2c CMakeFiles/BareMetal_UART.dir/C_/VSARM/sdk/pico/pico-sdk/src/common/pico_sync/lock_core.c.obj
 .ARM.attributes
                0x00000202       0x2c CMakeFiles/BareMetal_UART.dir/C_/VSARM/sdk/pico/pico-sdk/src/common/pico_sync/mutex.c.obj
 .ARM.attributes
                0x0000022e       0x2c CMakeFiles/BareMetal_UART.dir/C_/VSARM/sdk/pico/pico-sdk/src/common/pico_util/pheap.c.obj
 .ARM.attributes
                0x0000025a       0x2c CMakeFiles/BareMetal_UART.dir/C_/VSARM/sdk/pico/pico-sdk/src/rp2_common/pico_runtime/runtime.c.obj
 .ARM.attributes
                0x00000286       0x2c CMakeFiles/BareMetal_UART.dir/C_/VSARM/sdk/pico/pico-sdk/src/rp2_common/hardware_clocks/clocks.c.obj
 .ARM.attributes
                0x000002b2       0x2c CMakeFiles/BareMetal_UART.dir/C_/VSARM/sdk/pico/pico-sdk/src/rp2_common/hardware_irq/irq.c.obj
 .ARM.attributes
                0x000002de       0x22 CMakeFiles/BareMetal_UART.dir/C_/VSARM/sdk/pico/pico-sdk/src/rp2_common/hardware_irq/irq_handler_chain.S.obj
 .ARM.attributes
                0x00000300       0x2c CMakeFiles/BareMetal_UART.dir/C_/VSARM/sdk/pico/pico-sdk/src/rp2_common/hardware_pll/pll.c.obj
 .ARM.attributes
                0x0000032c       0x2c CMakeFiles/BareMetal_UART.dir/C_/VSARM/sdk/pico/pico-sdk/src/rp2_common/hardware_watchdog/watchdog.c.obj
 .ARM.attributes
                0x00000358       0x2c CMakeFiles/BareMetal_UART.dir/C_/VSARM/sdk/pico/pico-sdk/src/rp2_common/hardware_xosc/xosc.c.obj
 .ARM.attributes
                0x00000384       0x2c CMakeFiles/BareMetal_UART.dir/C_/VSARM/sdk/pico/pico-sdk/src/rp2_common/pico_printf/printf.c.obj
 .ARM.attributes
                0x000003b0       0x22 CMakeFiles/BareMetal_UART.dir/C_/VSARM/sdk/pico/pico-sdk/src/rp2_common/pico_bit_ops/bit_ops_aeabi.S.obj
 .ARM.attributes
                0x000003d2       0x2c CMakeFiles/BareMetal_UART.dir/C_/VSARM/sdk/pico/pico-sdk/src/rp2_common/pico_bootrom/bootrom.c.obj
 .ARM.attributes
                0x000003fe       0x22 CMakeFiles/BareMetal_UART.dir/C_/VSARM/sdk/pico/pico-sdk/src/rp2_common/pico_divider/divider.S.obj
 .ARM.attributes
                0x00000420       0x22 CMakeFiles/BareMetal_UART.dir/C_/VSARM/sdk/pico/pico-sdk/src/rp2_common/pico_double/double_aeabi.S.obj
 .ARM.attributes
                0x00000442       0x2c CMakeFiles/BareMetal_UART.dir/C_/VSARM/sdk/pico/pico-sdk/src/rp2_common/pico_double/double_init_rom.c.obj
 .ARM.attributes
                0x0000046e       0x22 CMakeFiles/BareMetal_UART.dir/C_/VSARM/sdk/pico/pico-sdk/src/rp2_common/pico_double/double_v1_rom_shim.S.obj
 .ARM.attributes
                0x00000490       0x22 CMakeFiles/BareMetal_UART.dir/C_/VSARM/sdk/pico/pico-sdk/src/rp2_common/pico_float/float_aeabi.S.obj
 .ARM.attributes
                0x000004b2       0x2c CMakeFiles/BareMetal_UART.dir/C_/VSARM/sdk/pico/pico-sdk/src/rp2_common/pico_float/float_init_rom.c.obj
 .ARM.attributes
                0x000004de       0x2c CMakeFiles/BareMetal_UART.dir/C_/VSARM/sdk/pico/pico-sdk/src/rp2_common/pico_float/float_math.c.obj
 .ARM.attributes
                0x0000050a       0x22 CMakeFiles/BareMetal_UART.dir/C_/VSARM/sdk/pico/pico-sdk/src/rp2_common/pico_float/float_v1_rom_shim.S.obj
 .ARM.attributes
                0x0000052c       0x22 CMakeFiles/BareMetal_UART.dir/C_/VSARM/sdk/pico/pico-sdk/src/rp2_common/pico_mem_ops/mem_ops_aeabi.S.obj
 .ARM.attributes
                0x0000054e       0x22 CMakeFiles/BareMetal_UART.dir/C_/VSARM/sdk/pico/pico-sdk/src/rp2_common/pico_standard_link/crt0.S.obj
 .ARM.attributes
                0x00000570       0x32 CMakeFiles/BareMetal_UART.dir/C_/VSARM/sdk/pico/pico-sdk/src/rp2_common/pico_standard_link/binary_info.c.obj
 .ARM.attributes
                0x000005a2       0x2c CMakeFiles/BareMetal_UART.dir/C_/VSARM/sdk/pico/pico-sdk/src/rp2_common/pico_stdio/stdio.c.obj
 .ARM.attributes
                0x000005ce       0x22 C:\Users\camil\AppData\Local\Temp\ccqKG1HO.o
 .ARM.attributes
                0x000005f0       0x1e c:/vsarm/armcc/102021~1.07/bin/../lib/gcc/arm-none-eabi/10.3.1/thumb/v6-m/nofp\libgcc.a(_dvmd_tls.o)
 .ARM.attributes
                0x0000060e       0x2c c:/vsarm/armcc/102021~1.07/bin/../lib/gcc/arm-none-eabi/10.3.1/../../../../arm-none-eabi/lib/thumb/v6-m/nofp\libg.a(lib_a-strlen-stub.o)

.comment        0x00000000       0x49
 .comment       0x00000000       0x49 CMakeFiles/BareMetal_UART.dir/src/main.c.obj
                                 0x4a (size before relaxing)
 .comment       0x00000049       0x4a CMakeFiles/BareMetal_UART.dir/src/bsp.c.obj
 .comment       0x00000049       0x4a CMakeFiles/BareMetal_UART.dir/C_/VSARM/sdk/pico/pico-sdk/src/rp2_common/hardware_gpio/gpio.c.obj
 .comment       0x00000049       0x4a CMakeFiles/BareMetal_UART.dir/C_/VSARM/sdk/pico/pico-sdk/src/rp2_common/hardware_claim/claim.c.obj
 .comment       0x00000049       0x4a CMakeFiles/BareMetal_UART.dir/C_/VSARM/sdk/pico/pico-sdk/src/rp2_common/pico_platform/platform.c.obj
 .comment       0x00000049       0x4a CMakeFiles/BareMetal_UART.dir/C_/VSARM/sdk/pico/pico-sdk/src/rp2_common/hardware_sync/sync.c.obj
 .comment       0x00000049       0x4a CMakeFiles/BareMetal_UART.dir/C_/VSARM/sdk/pico/pico-sdk/src/rp2_common/hardware_uart/uart.c.obj
 .comment       0x00000049       0x4a CMakeFiles/BareMetal_UART.dir/C_/VSARM/sdk/pico/pico-sdk/src/common/pico_time/time.c.obj
 .comment       0x00000049       0x4a CMakeFiles/BareMetal_UART.dir/C_/VSARM/sdk/pico/pico-sdk/src/rp2_common/hardware_timer/timer.c.obj
 .comment       0x00000049       0x4a CMakeFiles/BareMetal_UART.dir/C_/VSARM/sdk/pico/pico-sdk/src/common/pico_sync/lock_core.c.obj
 .comment       0x00000049       0x4a CMakeFiles/BareMetal_UART.dir/C_/VSARM/sdk/pico/pico-sdk/src/common/pico_sync/mutex.c.obj
 .comment       0x00000049       0x4a CMakeFiles/BareMetal_UART.dir/C_/VSARM/sdk/pico/pico-sdk/src/common/pico_util/pheap.c.obj
 .comment       0x00000049       0x4a CMakeFiles/BareMetal_UART.dir/C_/VSARM/sdk/pico/pico-sdk/src/rp2_common/pico_runtime/runtime.c.obj
 .comment       0x00000049       0x4a CMakeFiles/BareMetal_UART.dir/C_/VSARM/sdk/pico/pico-sdk/src/rp2_common/hardware_clocks/clocks.c.obj
 .comment       0x00000049       0x4a CMakeFiles/BareMetal_UART.dir/C_/VSARM/sdk/pico/pico-sdk/src/rp2_common/hardware_irq/irq.c.obj
 .comment       0x00000049       0x4a CMakeFiles/BareMetal_UART.dir/C_/VSARM/sdk/pico/pico-sdk/src/rp2_common/hardware_pll/pll.c.obj
 .comment       0x00000049       0x4a CMakeFiles/BareMetal_UART.dir/C_/VSARM/sdk/pico/pico-sdk/src/rp2_common/hardware_watchdog/watchdog.c.obj
 .comment       0x00000049       0x4a CMakeFiles/BareMetal_UART.dir/C_/VSARM/sdk/pico/pico-sdk/src/rp2_common/hardware_xosc/xosc.c.obj
 .comment       0x00000049       0x4a CMakeFiles/BareMetal_UART.dir/C_/VSARM/sdk/pico/pico-sdk/src/rp2_common/pico_printf/printf.c.obj
 .comment       0x00000049       0x4a CMakeFiles/BareMetal_UART.dir/C_/VSARM/sdk/pico/pico-sdk/src/rp2_common/pico_bootrom/bootrom.c.obj
 .comment       0x00000049       0x4a CMakeFiles/BareMetal_UART.dir/C_/VSARM/sdk/pico/pico-sdk/src/rp2_common/pico_double/double_init_rom.c.obj
 .comment       0x00000049       0x4a CMakeFiles/BareMetal_UART.dir/C_/VSARM/sdk/pico/pico-sdk/src/rp2_common/pico_float/float_init_rom.c.obj
 .comment       0x00000049       0x4a CMakeFiles/BareMetal_UART.dir/C_/VSARM/sdk/pico/pico-sdk/src/rp2_common/pico_float/float_math.c.obj
 .comment       0x00000049       0x4a CMakeFiles/BareMetal_UART.dir/C_/VSARM/sdk/pico/pico-sdk/src/rp2_common/pico_standard_link/binary_info.c.obj
 .comment       0x00000049       0x4a CMakeFiles/BareMetal_UART.dir/C_/VSARM/sdk/pico/pico-sdk/src/rp2_common/pico_stdio/stdio.c.obj

.debug_info     0x00000000    0x16844
 .debug_info    0x00000000      0xa6c CMakeFiles/BareMetal_UART.dir/src/main.c.obj
 .debug_info    0x00000a6c     0x17ef CMakeFiles/BareMetal_UART.dir/src/bsp.c.obj
 .debug_info    0x0000225b     0x1465 CMakeFiles/BareMetal_UART.dir/C_/VSARM/sdk/pico/pico-sdk/src/rp2_common/hardware_gpio/gpio.c.obj
 .debug_info    0x000036c0      0x6ba CMakeFiles/BareMetal_UART.dir/C_/VSARM/sdk/pico/pico-sdk/src/rp2_common/hardware_claim/claim.c.obj
 .debug_info    0x00003d7a      0x1e3 CMakeFiles/BareMetal_UART.dir/C_/VSARM/sdk/pico/pico-sdk/src/rp2_common/pico_platform/platform.c.obj
 .debug_info    0x00003f5d      0x58e CMakeFiles/BareMetal_UART.dir/C_/VSARM/sdk/pico/pico-sdk/src/rp2_common/hardware_sync/sync.c.obj
 .debug_info    0x000044eb      0xb64 CMakeFiles/BareMetal_UART.dir/C_/VSARM/sdk/pico/pico-sdk/src/rp2_common/hardware_uart/uart.c.obj
 .debug_info    0x0000504f     0x3b2f CMakeFiles/BareMetal_UART.dir/C_/VSARM/sdk/pico/pico-sdk/src/common/pico_time/time.c.obj
 .debug_info    0x00008b7e     0x1130 CMakeFiles/BareMetal_UART.dir/C_/VSARM/sdk/pico/pico-sdk/src/rp2_common/hardware_timer/timer.c.obj
 .debug_info    0x00009cae      0x1a4 CMakeFiles/BareMetal_UART.dir/C_/VSARM/sdk/pico/pico-sdk/src/common/pico_sync/lock_core.c.obj
 .debug_info    0x00009e52     0x13b2 CMakeFiles/BareMetal_UART.dir/C_/VSARM/sdk/pico/pico-sdk/src/common/pico_sync/mutex.c.obj
 .debug_info    0x0000b204     0x120c CMakeFiles/BareMetal_UART.dir/C_/VSARM/sdk/pico/pico-sdk/src/common/pico_util/pheap.c.obj
 .debug_info    0x0000c410      0x9bc CMakeFiles/BareMetal_UART.dir/C_/VSARM/sdk/pico/pico-sdk/src/rp2_common/pico_runtime/runtime.c.obj
 .debug_info    0x0000cdcc      0xf56 CMakeFiles/BareMetal_UART.dir/C_/VSARM/sdk/pico/pico-sdk/src/rp2_common/hardware_clocks/clocks.c.obj
 .debug_info    0x0000dd22     0x191a CMakeFiles/BareMetal_UART.dir/C_/VSARM/sdk/pico/pico-sdk/src/rp2_common/hardware_irq/irq.c.obj
 .debug_info    0x0000f63c      0x509 CMakeFiles/BareMetal_UART.dir/C_/VSARM/sdk/pico/pico-sdk/src/rp2_common/hardware_pll/pll.c.obj
 .debug_info    0x0000fb45      0x49c CMakeFiles/BareMetal_UART.dir/C_/VSARM/sdk/pico/pico-sdk/src/rp2_common/hardware_watchdog/watchdog.c.obj
 .debug_info    0x0000ffe1      0x1dd CMakeFiles/BareMetal_UART.dir/C_/VSARM/sdk/pico/pico-sdk/src/rp2_common/hardware_xosc/xosc.c.obj
 .debug_info    0x000101be     0x1a5f CMakeFiles/BareMetal_UART.dir/C_/VSARM/sdk/pico/pico-sdk/src/rp2_common/pico_printf/printf.c.obj
 .debug_info    0x00011c1d       0x22 CMakeFiles/BareMetal_UART.dir/C_/VSARM/sdk/pico/pico-sdk/src/rp2_common/pico_bit_ops/bit_ops_aeabi.S.obj
 .debug_info    0x00011c3f      0x231 CMakeFiles/BareMetal_UART.dir/C_/VSARM/sdk/pico/pico-sdk/src/rp2_common/pico_bootrom/bootrom.c.obj
 .debug_info    0x00011e70       0x22 CMakeFiles/BareMetal_UART.dir/C_/VSARM/sdk/pico/pico-sdk/src/rp2_common/pico_divider/divider.S.obj
 .debug_info    0x00011e92       0x22 CMakeFiles/BareMetal_UART.dir/C_/VSARM/sdk/pico/pico-sdk/src/rp2_common/pico_double/double_aeabi.S.obj
 .debug_info    0x00011eb4      0x2a0 CMakeFiles/BareMetal_UART.dir/C_/VSARM/sdk/pico/pico-sdk/src/rp2_common/pico_double/double_init_rom.c.obj
 .debug_info    0x00012154       0x22 CMakeFiles/BareMetal_UART.dir/C_/VSARM/sdk/pico/pico-sdk/src/rp2_common/pico_double/double_v1_rom_shim.S.obj
 .debug_info    0x00012176       0x22 CMakeFiles/BareMetal_UART.dir/C_/VSARM/sdk/pico/pico-sdk/src/rp2_common/pico_float/float_aeabi.S.obj
 .debug_info    0x00012198      0x2e9 CMakeFiles/BareMetal_UART.dir/C_/VSARM/sdk/pico/pico-sdk/src/rp2_common/pico_float/float_init_rom.c.obj
 .debug_info    0x00012481     0x2f16 CMakeFiles/BareMetal_UART.dir/C_/VSARM/sdk/pico/pico-sdk/src/rp2_common/pico_float/float_math.c.obj
 .debug_info    0x00015397       0x22 CMakeFiles/BareMetal_UART.dir/C_/VSARM/sdk/pico/pico-sdk/src/rp2_common/pico_float/float_v1_rom_shim.S.obj
 .debug_info    0x000153b9       0x22 CMakeFiles/BareMetal_UART.dir/C_/VSARM/sdk/pico/pico-sdk/src/rp2_common/pico_mem_ops/mem_ops_aeabi.S.obj
 .debug_info    0x000153db       0x22 CMakeFiles/BareMetal_UART.dir/C_/VSARM/sdk/pico/pico-sdk/src/rp2_common/pico_standard_link/crt0.S.obj
 .debug_info    0x000153fd      0x2f6 CMakeFiles/BareMetal_UART.dir/C_/VSARM/sdk/pico/pico-sdk/src/rp2_common/pico_standard_link/binary_info.c.obj
 .debug_info    0x000156f3     0x1151 CMakeFiles/BareMetal_UART.dir/C_/VSARM/sdk/pico/pico-sdk/src/rp2_common/pico_stdio/stdio.c.obj

.debug_abbrev   0x00000000     0x4116
 .debug_abbrev  0x00000000      0x25a CMakeFiles/BareMetal_UART.dir/src/main.c.obj
 .debug_abbrev  0x0000025a      0x362 CMakeFiles/BareMetal_UART.dir/src/bsp.c.obj
 .debug_abbrev  0x000005bc      0x2c4 CMakeFiles/BareMetal_UART.dir/C_/VSARM/sdk/pico/pico-sdk/src/rp2_common/hardware_gpio/gpio.c.obj
 .debug_abbrev  0x00000880      0x2d6 CMakeFiles/BareMetal_UART.dir/C_/VSARM/sdk/pico/pico-sdk/src/rp2_common/hardware_claim/claim.c.obj
 .debug_abbrev  0x00000b56       0xeb CMakeFiles/BareMetal_UART.dir/C_/VSARM/sdk/pico/pico-sdk/src/rp2_common/pico_platform/platform.c.obj
 .debug_abbrev  0x00000c41      0x21b CMakeFiles/BareMetal_UART.dir/C_/VSARM/sdk/pico/pico-sdk/src/rp2_common/hardware_sync/sync.c.obj
 .debug_abbrev  0x00000e5c      0x2d2 CMakeFiles/BareMetal_UART.dir/C_/VSARM/sdk/pico/pico-sdk/src/rp2_common/hardware_uart/uart.c.obj
 .debug_abbrev  0x0000112e      0x53c CMakeFiles/BareMetal_UART.dir/C_/VSARM/sdk/pico/pico-sdk/src/common/pico_time/time.c.obj
 .debug_abbrev  0x0000166a      0x37e CMakeFiles/BareMetal_UART.dir/C_/VSARM/sdk/pico/pico-sdk/src/rp2_common/hardware_timer/timer.c.obj
 .debug_abbrev  0x000019e8      0x116 CMakeFiles/BareMetal_UART.dir/C_/VSARM/sdk/pico/pico-sdk/src/common/pico_sync/lock_core.c.obj
 .debug_abbrev  0x00001afe      0x37d CMakeFiles/BareMetal_UART.dir/C_/VSARM/sdk/pico/pico-sdk/src/common/pico_sync/mutex.c.obj
 .debug_abbrev  0x00001e7b      0x297 CMakeFiles/BareMetal_UART.dir/C_/VSARM/sdk/pico/pico-sdk/src/common/pico_util/pheap.c.obj
 .debug_abbrev  0x00002112      0x35a CMakeFiles/BareMetal_UART.dir/C_/VSARM/sdk/pico/pico-sdk/src/rp2_common/pico_runtime/runtime.c.obj
 .debug_abbrev  0x0000246c      0x372 CMakeFiles/BareMetal_UART.dir/C_/VSARM/sdk/pico/pico-sdk/src/rp2_common/hardware_clocks/clocks.c.obj
 .debug_abbrev  0x000027de      0x4a5 CMakeFiles/BareMetal_UART.dir/C_/VSARM/sdk/pico/pico-sdk/src/rp2_common/hardware_irq/irq.c.obj
 .debug_abbrev  0x00002c83      0x1ea CMakeFiles/BareMetal_UART.dir/C_/VSARM/sdk/pico/pico-sdk/src/rp2_common/hardware_pll/pll.c.obj
 .debug_abbrev  0x00002e6d      0x1b1 CMakeFiles/BareMetal_UART.dir/C_/VSARM/sdk/pico/pico-sdk/src/rp2_common/hardware_watchdog/watchdog.c.obj
 .debug_abbrev  0x0000301e      0x109 CMakeFiles/BareMetal_UART.dir/C_/VSARM/sdk/pico/pico-sdk/src/rp2_common/hardware_xosc/xosc.c.obj
 .debug_abbrev  0x00003127      0x384 CMakeFiles/BareMetal_UART.dir/C_/VSARM/sdk/pico/pico-sdk/src/rp2_common/pico_printf/printf.c.obj
 .debug_abbrev  0x000034ab       0x12 CMakeFiles/BareMetal_UART.dir/C_/VSARM/sdk/pico/pico-sdk/src/rp2_common/pico_bit_ops/bit_ops_aeabi.S.obj
 .debug_abbrev  0x000034bd       0xf8 CMakeFiles/BareMetal_UART.dir/C_/VSARM/sdk/pico/pico-sdk/src/rp2_common/pico_bootrom/bootrom.c.obj
 .debug_abbrev  0x000035b5       0x12 CMakeFiles/BareMetal_UART.dir/C_/VSARM/sdk/pico/pico-sdk/src/rp2_common/pico_divider/divider.S.obj
 .debug_abbrev  0x000035c7       0x12 CMakeFiles/BareMetal_UART.dir/C_/VSARM/sdk/pico/pico-sdk/src/rp2_common/pico_double/double_aeabi.S.obj
 .debug_abbrev  0x000035d9      0x166 CMakeFiles/BareMetal_UART.dir/C_/VSARM/sdk/pico/pico-sdk/src/rp2_common/pico_double/double_init_rom.c.obj
 .debug_abbrev  0x0000373f       0x12 CMakeFiles/BareMetal_UART.dir/C_/VSARM/sdk/pico/pico-sdk/src/rp2_common/pico_double/double_v1_rom_shim.S.obj
 .debug_abbrev  0x00003751       0x12 CMakeFiles/BareMetal_UART.dir/C_/VSARM/sdk/pico/pico-sdk/src/rp2_common/pico_float/float_aeabi.S.obj
 .debug_abbrev  0x00003763      0x179 CMakeFiles/BareMetal_UART.dir/C_/VSARM/sdk/pico/pico-sdk/src/rp2_common/pico_float/float_init_rom.c.obj
 .debug_abbrev  0x000038dc      0x296 CMakeFiles/BareMetal_UART.dir/C_/VSARM/sdk/pico/pico-sdk/src/rp2_common/pico_float/float_math.c.obj
 .debug_abbrev  0x00003b72       0x12 CMakeFiles/BareMetal_UART.dir/C_/VSARM/sdk/pico/pico-sdk/src/rp2_common/pico_float/float_v1_rom_shim.S.obj
 .debug_abbrev  0x00003b84       0x12 CMakeFiles/BareMetal_UART.dir/C_/VSARM/sdk/pico/pico-sdk/src/rp2_common/pico_mem_ops/mem_ops_aeabi.S.obj
 .debug_abbrev  0x00003b96       0x12 CMakeFiles/BareMetal_UART.dir/C_/VSARM/sdk/pico/pico-sdk/src/rp2_common/pico_standard_link/crt0.S.obj
 .debug_abbrev  0x00003ba8       0xad CMakeFiles/BareMetal_UART.dir/C_/VSARM/sdk/pico/pico-sdk/src/rp2_common/pico_standard_link/binary_info.c.obj
 .debug_abbrev  0x00003c55      0x4c1 CMakeFiles/BareMetal_UART.dir/C_/VSARM/sdk/pico/pico-sdk/src/rp2_common/pico_stdio/stdio.c.obj

.debug_loc      0x00000000    0x1173e
 .debug_loc     0x00000000       0xc7 CMakeFiles/BareMetal_UART.dir/src/main.c.obj
 .debug_loc     0x000000c7      0xc6f CMakeFiles/BareMetal_UART.dir/src/bsp.c.obj
 .debug_loc     0x00000d36      0xede CMakeFiles/BareMetal_UART.dir/C_/VSARM/sdk/pico/pico-sdk/src/rp2_common/hardware_gpio/gpio.c.obj
 .debug_loc     0x00001c14      0x45f CMakeFiles/BareMetal_UART.dir/C_/VSARM/sdk/pico/pico-sdk/src/rp2_common/hardware_claim/claim.c.obj
 .debug_loc     0x00002073       0xe9 CMakeFiles/BareMetal_UART.dir/C_/VSARM/sdk/pico/pico-sdk/src/rp2_common/pico_platform/platform.c.obj
 .debug_loc     0x0000215c      0x233 CMakeFiles/BareMetal_UART.dir/C_/VSARM/sdk/pico/pico-sdk/src/rp2_common/hardware_sync/sync.c.obj
 .debug_loc     0x0000238f      0x533 CMakeFiles/BareMetal_UART.dir/C_/VSARM/sdk/pico/pico-sdk/src/rp2_common/hardware_uart/uart.c.obj
 .debug_loc     0x000028c2     0x2e37 CMakeFiles/BareMetal_UART.dir/C_/VSARM/sdk/pico/pico-sdk/src/common/pico_time/time.c.obj
 .debug_loc     0x000056f9      0x952 CMakeFiles/BareMetal_UART.dir/C_/VSARM/sdk/pico/pico-sdk/src/rp2_common/hardware_timer/timer.c.obj
 .debug_loc     0x0000604b       0x60 CMakeFiles/BareMetal_UART.dir/C_/VSARM/sdk/pico/pico-sdk/src/common/pico_sync/lock_core.c.obj
 .debug_loc     0x000060ab      0xbc3 CMakeFiles/BareMetal_UART.dir/C_/VSARM/sdk/pico/pico-sdk/src/common/pico_sync/mutex.c.obj
 .debug_loc     0x00006c6e     0x1439 CMakeFiles/BareMetal_UART.dir/C_/VSARM/sdk/pico/pico-sdk/src/common/pico_util/pheap.c.obj
 .debug_loc     0x000080a7      0x3c6 CMakeFiles/BareMetal_UART.dir/C_/VSARM/sdk/pico/pico-sdk/src/rp2_common/pico_runtime/runtime.c.obj
 .debug_loc     0x0000846d      0x7eb CMakeFiles/BareMetal_UART.dir/C_/VSARM/sdk/pico/pico-sdk/src/rp2_common/hardware_clocks/clocks.c.obj
 .debug_loc     0x00008c58     0x1186 CMakeFiles/BareMetal_UART.dir/C_/VSARM/sdk/pico/pico-sdk/src/rp2_common/hardware_irq/irq.c.obj
 .debug_loc     0x00009dde      0x300 CMakeFiles/BareMetal_UART.dir/C_/VSARM/sdk/pico/pico-sdk/src/rp2_common/hardware_pll/pll.c.obj
 .debug_loc     0x0000a0de      0x267 CMakeFiles/BareMetal_UART.dir/C_/VSARM/sdk/pico/pico-sdk/src/rp2_common/hardware_watchdog/watchdog.c.obj
 .debug_loc     0x0000a345       0x71 CMakeFiles/BareMetal_UART.dir/C_/VSARM/sdk/pico/pico-sdk/src/rp2_common/hardware_xosc/xosc.c.obj
 .debug_loc     0x0000a3b6     0x2095 CMakeFiles/BareMetal_UART.dir/C_/VSARM/sdk/pico/pico-sdk/src/rp2_common/pico_printf/printf.c.obj
 .debug_loc     0x0000c44b      0x16f CMakeFiles/BareMetal_UART.dir/C_/VSARM/sdk/pico/pico-sdk/src/rp2_common/pico_bootrom/bootrom.c.obj
 .debug_loc     0x0000c5ba       0x59 CMakeFiles/BareMetal_UART.dir/C_/VSARM/sdk/pico/pico-sdk/src/rp2_common/pico_double/double_init_rom.c.obj
 .debug_loc     0x0000c613       0x73 CMakeFiles/BareMetal_UART.dir/C_/VSARM/sdk/pico/pico-sdk/src/rp2_common/pico_float/float_init_rom.c.obj
 .debug_loc     0x0000c686     0x4685 CMakeFiles/BareMetal_UART.dir/C_/VSARM/sdk/pico/pico-sdk/src/rp2_common/pico_float/float_math.c.obj
 .debug_loc     0x00010d0b      0xa33 CMakeFiles/BareMetal_UART.dir/C_/VSARM/sdk/pico/pico-sdk/src/rp2_common/pico_stdio/stdio.c.obj

.debug_aranges  0x00000000      0xe08
 .debug_aranges
                0x00000000       0x20 CMakeFiles/BareMetal_UART.dir/src/main.c.obj
 .debug_aranges
                0x00000020       0x38 CMakeFiles/BareMetal_UART.dir/src/bsp.c.obj
 .debug_aranges
                0x00000058       0xd8 CMakeFiles/BareMetal_UART.dir/C_/VSARM/sdk/pico/pico-sdk/src/rp2_common/hardware_gpio/gpio.c.obj
 .debug_aranges
                0x00000130       0x48 CMakeFiles/BareMetal_UART.dir/C_/VSARM/sdk/pico/pico-sdk/src/rp2_common/hardware_claim/claim.c.obj
 .debug_aranges
                0x00000178       0x28 CMakeFiles/BareMetal_UART.dir/C_/VSARM/sdk/pico/pico-sdk/src/rp2_common/pico_platform/platform.c.obj
 .debug_aranges
                0x000001a0       0x58 CMakeFiles/BareMetal_UART.dir/C_/VSARM/sdk/pico/pico-sdk/src/rp2_common/hardware_sync/sync.c.obj
 .debug_aranges
                0x000001f8       0x40 CMakeFiles/BareMetal_UART.dir/C_/VSARM/sdk/pico/pico-sdk/src/rp2_common/hardware_uart/uart.c.obj
 .debug_aranges
                0x00000238       0xd0 CMakeFiles/BareMetal_UART.dir/C_/VSARM/sdk/pico/pico-sdk/src/common/pico_time/time.c.obj
 .debug_aranges
                0x00000308       0x78 CMakeFiles/BareMetal_UART.dir/C_/VSARM/sdk/pico/pico-sdk/src/rp2_common/hardware_timer/timer.c.obj
 .debug_aranges
                0x00000380       0x20 CMakeFiles/BareMetal_UART.dir/C_/VSARM/sdk/pico/pico-sdk/src/common/pico_sync/lock_core.c.obj
 .debug_aranges
                0x000003a0       0x60 CMakeFiles/BareMetal_UART.dir/C_/VSARM/sdk/pico/pico-sdk/src/common/pico_sync/mutex.c.obj
 .debug_aranges
                0x00000400       0x78 CMakeFiles/BareMetal_UART.dir/C_/VSARM/sdk/pico/pico-sdk/src/common/pico_util/pheap.c.obj
 .debug_aranges
                0x00000478       0x60 CMakeFiles/BareMetal_UART.dir/C_/VSARM/sdk/pico/pico-sdk/src/rp2_common/pico_runtime/runtime.c.obj
 .debug_aranges
                0x000004d8       0x70 CMakeFiles/BareMetal_UART.dir/C_/VSARM/sdk/pico/pico-sdk/src/rp2_common/hardware_clocks/clocks.c.obj
 .debug_aranges
                0x00000548       0x90 CMakeFiles/BareMetal_UART.dir/C_/VSARM/sdk/pico/pico-sdk/src/rp2_common/hardware_irq/irq.c.obj
 .debug_aranges
                0x000005d8       0x28 CMakeFiles/BareMetal_UART.dir/C_/VSARM/sdk/pico/pico-sdk/src/rp2_common/hardware_pll/pll.c.obj
 .debug_aranges
                0x00000600       0x50 CMakeFiles/BareMetal_UART.dir/C_/VSARM/sdk/pico/pico-sdk/src/rp2_common/hardware_watchdog/watchdog.c.obj
 .debug_aranges
                0x00000650       0x30 CMakeFiles/BareMetal_UART.dir/C_/VSARM/sdk/pico/pico-sdk/src/rp2_common/hardware_xosc/xosc.c.obj
 .debug_aranges
                0x00000680       0x90 CMakeFiles/BareMetal_UART.dir/C_/VSARM/sdk/pico/pico-sdk/src/rp2_common/pico_printf/printf.c.obj
 .debug_aranges
                0x00000710       0x68 CMakeFiles/BareMetal_UART.dir/C_/VSARM/sdk/pico/pico-sdk/src/rp2_common/pico_bit_ops/bit_ops_aeabi.S.obj
 .debug_aranges
                0x00000778       0x30 CMakeFiles/BareMetal_UART.dir/C_/VSARM/sdk/pico/pico-sdk/src/rp2_common/pico_bootrom/bootrom.c.obj
 .debug_aranges
                0x000007a8       0x40 CMakeFiles/BareMetal_UART.dir/C_/VSARM/sdk/pico/pico-sdk/src/rp2_common/pico_divider/divider.S.obj
 .debug_aranges
                0x000007e8      0x140 CMakeFiles/BareMetal_UART.dir/C_/VSARM/sdk/pico/pico-sdk/src/rp2_common/pico_double/double_aeabi.S.obj
 .debug_aranges
                0x00000928       0x20 CMakeFiles/BareMetal_UART.dir/C_/VSARM/sdk/pico/pico-sdk/src/rp2_common/pico_double/double_init_rom.c.obj
 .debug_aranges
                0x00000948       0xc8 CMakeFiles/BareMetal_UART.dir/C_/VSARM/sdk/pico/pico-sdk/src/rp2_common/pico_double/double_v1_rom_shim.S.obj
 .debug_aranges
                0x00000a10      0x130 CMakeFiles/BareMetal_UART.dir/C_/VSARM/sdk/pico/pico-sdk/src/rp2_common/pico_float/float_aeabi.S.obj
 .debug_aranges
                0x00000b40       0x20 CMakeFiles/BareMetal_UART.dir/C_/VSARM/sdk/pico/pico-sdk/src/rp2_common/pico_float/float_init_rom.c.obj
 .debug_aranges
                0x00000b60      0x128 CMakeFiles/BareMetal_UART.dir/C_/VSARM/sdk/pico/pico-sdk/src/rp2_common/pico_float/float_math.c.obj
 .debug_aranges
                0x00000c88       0x50 CMakeFiles/BareMetal_UART.dir/C_/VSARM/sdk/pico/pico-sdk/src/rp2_common/pico_float/float_v1_rom_shim.S.obj
 .debug_aranges
                0x00000cd8       0x38 CMakeFiles/BareMetal_UART.dir/C_/VSARM/sdk/pico/pico-sdk/src/rp2_common/pico_mem_ops/mem_ops_aeabi.S.obj
 .debug_aranges
                0x00000d10       0x28 CMakeFiles/BareMetal_UART.dir/C_/VSARM/sdk/pico/pico-sdk/src/rp2_common/pico_standard_link/crt0.S.obj
 .debug_aranges
                0x00000d38       0x18 CMakeFiles/BareMetal_UART.dir/C_/VSARM/sdk/pico/pico-sdk/src/rp2_common/pico_standard_link/binary_info.c.obj
 .debug_aranges
                0x00000d50       0xb8 CMakeFiles/BareMetal_UART.dir/C_/VSARM/sdk/pico/pico-sdk/src/rp2_common/pico_stdio/stdio.c.obj

.debug_ranges   0x00000000     0x2e68
 .debug_ranges  0x00000000       0x40 CMakeFiles/BareMetal_UART.dir/src/main.c.obj
 .debug_ranges  0x00000040      0x250 CMakeFiles/BareMetal_UART.dir/src/bsp.c.obj
 .debug_ranges  0x00000290       0xe0 CMakeFiles/BareMetal_UART.dir/C_/VSARM/sdk/pico/pico-sdk/src/rp2_common/hardware_gpio/gpio.c.obj
 .debug_ranges  0x00000370       0xd8 CMakeFiles/BareMetal_UART.dir/C_/VSARM/sdk/pico/pico-sdk/src/rp2_common/hardware_claim/claim.c.obj
 .debug_ranges  0x00000448       0x18 CMakeFiles/BareMetal_UART.dir/C_/VSARM/sdk/pico/pico-sdk/src/rp2_common/pico_platform/platform.c.obj
 .debug_ranges  0x00000460       0xf0 CMakeFiles/BareMetal_UART.dir/C_/VSARM/sdk/pico/pico-sdk/src/rp2_common/hardware_sync/sync.c.obj
 .debug_ranges  0x00000550       0xf8 CMakeFiles/BareMetal_UART.dir/C_/VSARM/sdk/pico/pico-sdk/src/rp2_common/hardware_uart/uart.c.obj
 .debug_ranges  0x00000648      0xba0 CMakeFiles/BareMetal_UART.dir/C_/VSARM/sdk/pico/pico-sdk/src/common/pico_time/time.c.obj
 .debug_ranges  0x000011e8      0x320 CMakeFiles/BareMetal_UART.dir/C_/VSARM/sdk/pico/pico-sdk/src/rp2_common/hardware_timer/timer.c.obj
 .debug_ranges  0x00001508       0x10 CMakeFiles/BareMetal_UART.dir/C_/VSARM/sdk/pico/pico-sdk/src/common/pico_sync/lock_core.c.obj
 .debug_ranges  0x00001518      0x5c8 CMakeFiles/BareMetal_UART.dir/C_/VSARM/sdk/pico/pico-sdk/src/common/pico_sync/mutex.c.obj
 .debug_ranges  0x00001ae0      0x248 CMakeFiles/BareMetal_UART.dir/C_/VSARM/sdk/pico/pico-sdk/src/common/pico_util/pheap.c.obj
 .debug_ranges  0x00001d28       0x68 CMakeFiles/BareMetal_UART.dir/C_/VSARM/sdk/pico/pico-sdk/src/rp2_common/pico_runtime/runtime.c.obj
 .debug_ranges  0x00001d90       0x60 CMakeFiles/BareMetal_UART.dir/C_/VSARM/sdk/pico/pico-sdk/src/rp2_common/hardware_clocks/clocks.c.obj
 .debug_ranges  0x00001df0      0x3b0 CMakeFiles/BareMetal_UART.dir/C_/VSARM/sdk/pico/pico-sdk/src/rp2_common/hardware_irq/irq.c.obj
 .debug_ranges  0x000021a0       0x30 CMakeFiles/BareMetal_UART.dir/C_/VSARM/sdk/pico/pico-sdk/src/rp2_common/hardware_pll/pll.c.obj
 .debug_ranges  0x000021d0       0x40 CMakeFiles/BareMetal_UART.dir/C_/VSARM/sdk/pico/pico-sdk/src/rp2_common/hardware_watchdog/watchdog.c.obj
 .debug_ranges  0x00002210       0x20 CMakeFiles/BareMetal_UART.dir/C_/VSARM/sdk/pico/pico-sdk/src/rp2_common/hardware_xosc/xosc.c.obj
 .debug_ranges  0x00002230      0x108 CMakeFiles/BareMetal_UART.dir/C_/VSARM/sdk/pico/pico-sdk/src/rp2_common/pico_printf/printf.c.obj
 .debug_ranges  0x00002338       0x60 CMakeFiles/BareMetal_UART.dir/C_/VSARM/sdk/pico/pico-sdk/src/rp2_common/pico_bit_ops/bit_ops_aeabi.S.obj
 .debug_ranges  0x00002398       0x38 CMakeFiles/BareMetal_UART.dir/C_/VSARM/sdk/pico/pico-sdk/src/rp2_common/pico_bootrom/bootrom.c.obj
 .debug_ranges  0x000023d0       0x38 CMakeFiles/BareMetal_UART.dir/C_/VSARM/sdk/pico/pico-sdk/src/rp2_common/pico_divider/divider.S.obj
 .debug_ranges  0x00002408      0x138 CMakeFiles/BareMetal_UART.dir/C_/VSARM/sdk/pico/pico-sdk/src/rp2_common/pico_double/double_aeabi.S.obj
 .debug_ranges  0x00002540       0x30 CMakeFiles/BareMetal_UART.dir/C_/VSARM/sdk/pico/pico-sdk/src/rp2_common/pico_double/double_init_rom.c.obj