Archive member included to satisfy reference by file (symbol)

c:/vsarm/armcc/102021~1.07/bin/../lib/gcc/arm-none-eabi/10.3.1/thumb/v6-m/nofp\libgcc.a(_dvmd_tls.o)
                              CMakeFiles/BareMetal_UART.dir/C_/VSARM/sdk/pico/pico-sdk/src/rp2_common/pico_divider/divider.S.obj (__aeabi_idiv0)
c:/vsarm/armcc/102021~1.07/bin/../lib/gcc/arm-none-eabi/10.3.1/../../../../arm-none-eabi/lib/thumb/v6-m/nofp\libg.a(lib_a-calloc.o)
                              CMakeFiles/BareMetal_UART.dir/C_/VSARM/sdk/pico/pico-sdk/src/rp2_common/pico_malloc/pico_malloc.c.obj (calloc)
c:/vsarm/armcc/102021~1.07/bin/../lib/gcc/arm-none-eabi/10.3.1/../../../../arm-none-eabi/lib/thumb/v6-m/nofp\libg.a(lib_a-callocr.o)
                              c:/vsarm/armcc/102021~1.07/bin/../lib/gcc/arm-none-eabi/10.3.1/../../../../arm-none-eabi/lib/thumb/v6-m/nofp\libg.a(lib_a-calloc.o) (_calloc_r)
c:/vsarm/armcc/102021~1.07/bin/../lib/gcc/arm-none-eabi/10.3.1/../../../../arm-none-eabi/lib/thumb/v6-m/nofp\libg.a(lib_a-errno.o)
                              c:/vsarm/armcc/102021~1.07/bin/../lib/gcc/arm-none-eabi/10.3.1/../../../../arm-none-eabi/lib/thumb/v6-m/nofp\libg.a(lib_a-callocr.o) (__errno)
c:/vsarm/armcc/102021~1.07/bin/../lib/gcc/arm-none-eabi/10.3.1/../../../../arm-none-eabi/lib/thumb/v6-m/nofp\libg.a(lib_a-impure.o)
                              c:/vsarm/armcc/102021~1.07/bin/../lib/gcc/arm-none-eabi/10.3.1/../../../../arm-none-eabi/lib/thumb/v6-m/nofp\libg.a(lib_a-calloc.o) (_impure_ptr)
c:/vsarm/armcc/102021~1.07/bin/../lib/gcc/arm-none-eabi/10.3.1/../../../../arm-none-eabi/lib/thumb/v6-m/nofp\libg.a(lib_a-init.o)
                              c:/vsarm/armcc/102021~1.07/bin/../lib/gcc/arm-none-eabi/10.3.1/../../../../arm-none-eabi/lib/thumb/v6-m/nofp/crt0.o (__libc_init_array)
c:/vsarm/armcc/102021~1.07/bin/../lib/gcc/arm-none-eabi/10.3.1/../../../../arm-none-eabi/lib/thumb/v6-m/nofp\libg.a(lib_a-malloc.o)
                              CMakeFiles/BareMetal_UART.dir/C_/VSARM/sdk/pico/pico-sdk/src/rp2_common/pico_malloc/pico_malloc.c.obj (malloc)
c:/vsarm/armcc/102021~1.07/bin/../lib/gcc/arm-none-eabi/10.3.1/../../../../arm-none-eabi/lib/thumb/v6-m/nofp\libg.a(lib_a-mallocr.o)
                              c:/vsarm/armcc/102021~1.07/bin/../lib/gcc/arm-none-eabi/10.3.1/../../../../arm-none-eabi/lib/thumb/v6-m/nofp\libg.a(lib_a-callocr.o) (_malloc_r)
c:/vsarm/armcc/102021~1.07/bin/../lib/gcc/arm-none-eabi/10.3.1/../../../../arm-none-eabi/lib/thumb/v6-m/nofp\libg.a(lib_a-mlock.o)
                              c:/vsarm/armcc/102021~1.07/bin/../lib/gcc/arm-none-eabi/10.3.1/../../../../arm-none-eabi/lib/thumb/v6-m/nofp\libg.a(lib_a-mallocr.o) (__malloc_lock)
c:/vsarm/armcc/102021~1.07/bin/../lib/gcc/arm-none-eabi/10.3.1/../../../../arm-none-eabi/lib/thumb/v6-m/nofp\libg.a(lib_a-sbrkr.o)
                              c:/vsarm/armcc/102021~1.07/bin/../lib/gcc/arm-none-eabi/10.3.1/../../../../arm-none-eabi/lib/thumb/v6-m/nofp\libg.a(lib_a-mallocr.o) (_sbrk_r)
c:/vsarm/armcc/102021~1.07/bin/../lib/gcc/arm-none-eabi/10.3.1/../../../../arm-none-eabi/lib/thumb/v6-m/nofp\libg.a(lib_a-strlen-stub.o)
                              CMakeFiles/BareMetal_UART.dir/C_/VSARM/sdk/pico/pico-sdk/src/rp2_common/pico_stdio/stdio.c.obj (strlen)
c:/vsarm/armcc/102021~1.07/bin/../lib/gcc/arm-none-eabi/10.3.1/../../../../arm-none-eabi/lib/thumb/v6-m/nofp\libg.a(lib_a-freer.o)
                              c:/vsarm/armcc/102021~1.07/bin/../lib/gcc/arm-none-eabi/10.3.1/../../../../arm-none-eabi/lib/thumb/v6-m/nofp\libg.a(lib_a-malloc.o) (_free_r)
c:/vsarm/armcc/102021~1.07/bin/../lib/gcc/arm-none-eabi/10.3.1/../../../../arm-none-eabi/lib/thumb/v6-m/nofp\libg.a(lib_a-lock.o)
                              c:/vsarm/armcc/102021~1.07/bin/../lib/gcc/arm-none-eabi/10.3.1/../../../../arm-none-eabi/lib/thumb/v6-m/nofp\libg.a(lib_a-mlock.o) (__retarget_lock_acquire_recursive)
c:/vsarm/armcc/102021~1.07/bin/../lib/gcc/arm-none-eabi/10.3.1/../../../../arm-none-eabi/lib/thumb/v6-m/nofp\libg.a(lib_a-reent.o)
                              c:/vsarm/armcc/102021~1.07/bin/../lib/gcc/arm-none-eabi/10.3.1/../../../../arm-none-eabi/lib/thumb/v6-m/nofp\libg.a(lib_a-sbrkr.o) (errno)

Discarded input sections

 .text          0x00000000        0x0 c:/vsarm/armcc/102021~1.07/bin/../lib/gcc/arm-none-eabi/10.3.1/thumb/v6-m/nofp/crti.o
 .data          0x00000000        0x0 c:/vsarm/armcc/102021~1.07/bin/../lib/gcc/arm-none-eabi/10.3.1/thumb/v6-m/nofp/crti.o
 .bss           0x00000000        0x0 c:/vsarm/armcc/102021~1.07/bin/../lib/gcc/arm-none-eabi/10.3.1/thumb/v6-m/nofp/crti.o
 .data          0x00000000        0x4 c:/vsarm/armcc/102021~1.07/bin/../lib/gcc/arm-none-eabi/10.3.1/thumb/v6-m/nofp/crtbegin.o
 .rodata        0x00000000       0x24 c:/vsarm/armcc/102021~1.07/bin/../lib/gcc/arm-none-eabi/10.3.1/thumb/v6-m/nofp/crtbegin.o
 .fini_array    0x00000000        0x4 c:/vsarm/armcc/102021~1.07/bin/../lib/gcc/arm-none-eabi/10.3.1/thumb/v6-m/nofp/crtbegin.o
[...]
Memory Configuration

Name             Origin             Length             Attributes
FLASH            0x10000000         0x00200000         xr
RAM              0x20000000         0x00040000         xrw
SCRATCH_X        0x20040000         0x00001000         xrw
SCRATCH_Y        0x20041000         0x00001000         xrw
*default*        0x00000000         0xffffffff

Linker script and memory map

LOAD c:/vsarm/armcc/102021~1.07/bin/../lib/gcc/arm-none-eabi/10.3.1/thumb/v6-m/nofp/crti.o
LOAD c:/vsarm/armcc/102021~1.07/bin/../lib/gcc/arm-none-eabi/10.3.1/thumb/v6-m/nofp/crtbegin.o
LOAD c:/vsarm/armcc/102021~1.07/bin/../lib/gcc/arm-none-eabi/10.3.1/../../../../arm-none-eabi/lib/thumb/v6-m/nofp/crt0.o

.flash_begin    0x10000000        0x0
                0x10000000                __flash_binary_start = .

.boot2          0x10000000      0x100
                0x10000000                __boot2_start__ = .
 *(.boot2)
 .boot2         0x10000000      0x100 C:\Users\camil\AppData\Local\Temp\cc2BEzUY.o
                0x10000100                __boot2_end__ = .
                0x00000001                ASSERT (((__boot2_end__ - __boot2_start__) == 0x100), ERROR: Pico second stage bootloader must be 256 bytes in size)

.text           0x10000100     0x4558
                0x10000100                __logical_binary_start = .
 *(.vectors)
 .vectors       0x10000100       0xd4 CMakeFiles/BareMetal_UART.dir/C_/VSARM/sdk/pico/pico-sdk/src/rp2_common/pico_standard_link/crt0.S.obj
                0x10000100                __VECTOR_TABLE
                0x10000100                __vectors
                0x100001c0                isr_invalid
                0x100001c0                __default_isrs_start
                0x100001c2                isr_nmi
                0x100001c4                isr_hardfault
                0x100001c6                isr_svcall
                0x100001c8                isr_pendsv
                0x100001ca                isr_systick
                0x100001cc                isr_irq23
                0x100001cc                isr_irq18
                0x100001cc                isr_irq11
                0x100001cc                isr_irq28
                0x100001cc                isr_irq19
                0x100001cc                isr_irq0
                0x100001cc                isr_irq6
                0x100001cc                isr_irq5
                0x100001cc                isr_irq12
                0x100001cc                isr_irq22
                0x100001cc                isr_irq31
                0x100001cc                isr_irq17
                0x100001cc                isr_irq27
                0x100001cc                isr_irq30
                0x100001cc                isr_irq2
                0x100001cc                isr_irq10
                0x100001cc                isr_irq8
                0x100001cc                isr_irq24
                0x100001cc                isr_irq1
                0x100001cc                isr_irq7
                0x100001cc                isr_irq21
                0x100001cc                isr_irq20
                0x100001cc                isr_irq15
                0x100001cc                isr_irq25
                0x100001cc                isr_irq13
                0x100001cc                __unhandled_user_irq
                0x100001cc                isr_irq4
                0x100001cc                isr_irq16
                0x100001cc                isr_irq29
                0x100001cc                isr_irq26
                0x100001cc                __default_isrs_end
                0x100001cc                isr_irq3
                0x100001cc                isr_irq14
                0x100001cc                isr_irq9
                0x100001d2                unhandled_user_irq_num_in_r0
 *(.binary_info_header)
 .binary_info_header
                0x100001d4       0x14 CMakeFiles/BareMetal_UART.dir/C_/VSARM/sdk/pico/pico-sdk/src/rp2_common/pico_standard_link/crt0.S.obj
                0x100001e8                __binary_info_header_end = .
 *(.reset)
 .reset         0x100001e8       0xa8 CMakeFiles/BareMetal_UART.dir/C_/VSARM/sdk/pico/pico-sdk/src/rp2_common/pico_standard_link/crt0.S.obj
                0x100001e8                _entry_point
                0x10000266                __get_current_exception
 .reset         0x10000290       0x30 CMakeFiles/BareMetal_UART.dir/C_/VSARM/sdk/pico/pico-sdk/src/rp2_common/pico_standard_link/binary_info.c.obj
 *(.init)
 .init          0x100002c0        0x4 c:/vsarm/armcc/102021~1.07/bin/../lib/gcc/arm-none-eabi/10.3.1/thumb/v6-m/nofp/crti.o
                0x100002c0                _init
 *(EXCLUDE_FILE(*libm.a: *libc.a:*lib_a-mem*.o *libgcc.a:) .text*)
 .text          0x100002c4       0x48 c:/vsarm/armcc/102021~1.07/bin/../lib/gcc/arm-none-eabi/10.3.1/thumb/v6-m/nofp/crtbegin.o
 .text.callback_func
                0x1000030c       0x10 CMakeFiles/BareMetal_UART.dir/src/main.c.obj
                0x1000030c                callback_func
 .text.main     0x1000031c       0xe4 CMakeFiles/BareMetal_UART.dir/src/main.c.obj
                0x1000031c                main
 .text.bsp_uart_configure
                0x10000400       0x60 CMakeFiles/BareMetal_UART.dir/src/bsp.c.obj
                0x10000400                bsp_uart_configure
 .text.bsp_uart_send_buffer
                0x10000460       0x1c CMakeFiles/BareMetal_UART.dir/src/bsp.c.obj
                0x10000460                bsp_uart_send_buffer
 .text.bsp_uart_tx_is_busy
                0x1000047c       0x14 CMakeFiles/BareMetal_UART.dir/src/bsp.c.obj
                0x1000047c                bsp_uart_tx_is_busy
 .text.bsp_dma_is_busy_uart_tx
                0x10000490       0x14 CMakeFiles/BareMetal_UART.dir/src/bsp.c.obj
                0x10000490                bsp_dma_is_busy_uart_tx
 .text.bsp_dma_is_busy_uart_tx_organizer
                0x100004a4       0x16 CMakeFiles/BareMetal_UART.dir/src/bsp.c.obj
                0x100004a4                bsp_dma_is_busy_uart_tx_organizer
 *fill*         0x100004ba        0x2 
 .text.bsp_dma_transfer_complete_uart_rx
                0x100004bc       0x14 CMakeFiles/BareMetal_UART.dir/src/bsp.c.obj
                0x100004bc                bsp_dma_transfer_complete_uart_rx
 .text.bsp_dma_transfer_complete_uart_rx_organizer
                0x100004d0       0x14 CMakeFiles/BareMetal_UART.dir/src/bsp.c.obj
                0x100004d0                bsp_dma_transfer_complete_uart_rx_organizer
 .text.dma_configure
                0x100004e4      0x1c0 CMakeFiles/BareMetal_UART.dir/src/bsp.c.obj
                0x100004e4                dma_configure
 .text.bsp_dma_configure_uart_tx
                0x100006a4       0x20 CMakeFiles/BareMetal_UART.dir/src/bsp.c.obj
                0x100006a4                bsp_dma_configure_uart_tx
 .text.bsp_dma_configure_uart_tx_organizer
                0x100006c4       0x22 CMakeFiles/BareMetal_UART.dir/src/bsp.c.obj
                0x100006c4                bsp_dma_configure_uart_tx_organizer
 .text.bsp_dma_configure_uart_rx
                0x100006e6       0x20 CMakeFiles/BareMetal_UART.dir/src/bsp.c.obj
                0x100006e6                bsp_dma_configure_uart_rx
 .text.bsp_dma_configure_uart_rx_organizer
                0x10000706       0x22 CMakeFiles/BareMetal_UART.dir/src/bsp.c.obj
                0x10000706                bsp_dma_configure_uart_rx_organizer
 .text.dma_start
                0x10000728       0x18 CMakeFiles/BareMetal_UART.dir/src/bsp.c.obj
                0x10000728                dma_start
 .text.bsp_dma_start_uart_tx
                0x10000740       0x14 CMakeFiles/BareMetal_UART.dir/src/bsp.c.obj
                0x10000740                bsp_dma_start_uart_tx
 .text.bsp_dma_start_uart_tx_organizer
                0x10000754       0x12 CMakeFiles/BareMetal_UART.dir/src/bsp.c.obj
                0x10000754                bsp_dma_start_uart_tx_organizer
 *fill*         0x10000766        0x2 
 .text.bsp_dma_start_uart_rx
                0x10000768       0x14 CMakeFiles/BareMetal_UART.dir/src/bsp.c.obj
                0x10000768                bsp_dma_start_uart_rx
 .text.bsp_dma_start_uart_rx_organizer
                0x1000077c       0x12 CMakeFiles/BareMetal_UART.dir/src/bsp.c.obj
                0x1000077c                bsp_dma_start_uart_rx_organizer
 .text.dma_set_initial_dma_CRC16
                0x1000078e        0xc CMakeFiles/BareMetal_UART.dir/src/bsp.c.obj
                0x1000078e                dma_set_initial_dma_CRC16
 .text.dma_get_CRC16
                0x1000079a        0xe CMakeFiles/BareMetal_UART.dir/src/bsp.c.obj
                0x1000079a                dma_get_CRC16
 .text.void_call_back
                0x100007a8        0x2 CMakeFiles/BareMetal_UART.dir/src/uart_safe.c.obj
                0x100007a8                void_call_back
 *fill*         0x100007aa        0x2 
 .text.UartSafe_constructor
                0x100007ac       0xa0 CMakeFiles/BareMetal_UART.dir/src/uart_safe.c.obj
                0x100007ac                UartSafe_constructor
 .text.UartSafe_init_uart
                0x1000084c       0x26 CMakeFiles/BareMetal_UART.dir/src/uart_safe.c.obj
                0x1000084c                UartSafe_init_uart
 *fill*         0x10000872        0x2 
 .text.UartSafe_tx_handler
                0x10000874       0xe4 CMakeFiles/BareMetal_UART.dir/src/uart_safe.c.obj
                0x10000874                UartSafe_tx_handler
 .text.UartSafe_rx_handler
                0x10000958       0xf4 CMakeFiles/BareMetal_UART.dir/src/uart_safe.c.obj
                0x10000958                UartSafe_rx_handler
 .text.gpio_set_function
                0x10000a4c       0x30 CMakeFiles/BareMetal_UART.dir/C_/VSARM/sdk/pico/pico-sdk/src/rp2_common/hardware_gpio/gpio.c.obj
                0x10000a4c                gpio_set_function
 .text.hw_claim_lock
                0x10000a7c       0x18 CMakeFiles/BareMetal_UART.dir/C_/VSARM/sdk/pico/pico-sdk/src/rp2_common/hardware_claim/claim.c.obj
                0x10000a7c                hw_claim_lock
 .text.hw_claim_unlock
                0x10000a94       0x14 CMakeFiles/BareMetal_UART.dir/C_/VSARM/sdk/pico/pico-sdk/src/rp2_common/hardware_claim/claim.c.obj
                0x10000a94                hw_claim_unlock
 .text.hw_claim_or_assert
                0x10000aa8       0x32 CMakeFiles/BareMetal_UART.dir/C_/VSARM/sdk/pico/pico-sdk/src/rp2_common/hardware_claim/claim.c.obj
                0x10000aa8                hw_claim_or_assert
 *fill*         0x10000ada        0x2 
 .text.running_on_fpga
                0x10000adc       0x14 CMakeFiles/BareMetal_UART.dir/C_/VSARM/sdk/pico/pico-sdk/src/rp2_common/pico_platform/platform.c.obj
                0x10000adc                running_on_fpga
 .text.spin_locks_reset
                0x10000af0       0x20 CMakeFiles/BareMetal_UART.dir/C_/VSARM/sdk/pico/pico-sdk/src/rp2_common/hardware_sync/sync.c.obj
                0x10000af0                spin_locks_reset
 .text.next_striped_spin_lock_num
                0x10000b10       0x1c CMakeFiles/BareMetal_UART.dir/C_/VSARM/sdk/pico/pico-sdk/src/rp2_common/hardware_sync/sync.c.obj
                0x10000b10                next_striped_spin_lock_num
 .text.uart_set_baudrate
                0x10000b2c       0x5c CMakeFiles/BareMetal_UART.dir/C_/VSARM/sdk/pico/pico-sdk/src/rp2_common/hardware_uart/uart.c.obj
                0x10000b2c                uart_set_baudrate
 .text.uart_set_translate_crlf
                0x10000b88       0x28 CMakeFiles/BareMetal_UART.dir/C_/VSARM/sdk/pico/pico-sdk/src/rp2_common/hardware_uart/uart.c.obj
                0x10000b88                uart_set_translate_crlf
 .text.uart_init
                0x10000bb0       0x80 CMakeFiles/BareMetal_UART.dir/C_/VSARM/sdk/pico/pico-sdk/src/rp2_common/hardware_uart/uart.c.obj
                0x10000bb0                uart_init
 .text.alarm_pool_post_alloc_init
                0x10000c30       0x40 CMakeFiles/BareMetal_UART.dir/C_/VSARM/sdk/pico/pico-sdk/src/common/pico_time/time.c.obj
 .text.timer_pool_entry_comparator
                0x10000c70       0x7c CMakeFiles/BareMetal_UART.dir/C_/VSARM/sdk/pico/pico-sdk/src/common/pico_time/time.c.obj
                0x10000c70                timer_pool_entry_comparator
 .text.ph_add_child_node
                0x10000cec       0xa4 CMakeFiles/BareMetal_UART.dir/C_/VSARM/sdk/pico/pico-sdk/src/common/pico_time/time.c.obj
 .text.ph_merge_nodes
                0x10000d90       0x3e CMakeFiles/BareMetal_UART.dir/C_/VSARM/sdk/pico/pico-sdk/src/common/pico_time/time.c.obj
 *fill*         0x10000dce        0x2 
 .text.add_alarm_under_lock
                0x10000dd0      0x174 CMakeFiles/BareMetal_UART.dir/C_/VSARM/sdk/pico/pico-sdk/src/common/pico_time/time.c.obj
 .text.alarm_pool_alarm_callback
                0x10000f44      0x328 CMakeFiles/BareMetal_UART.dir/C_/VSARM/sdk/pico/pico-sdk/src/common/pico_time/time.c.obj
 .text.alarm_pool_init_default
                0x1000126c       0x38 CMakeFiles/BareMetal_UART.dir/C_/VSARM/sdk/pico/pico-sdk/src/common/pico_time/time.c.obj
                0x1000126c                alarm_pool_init_default
 .text.hardware_alarm_irq_handler
                0x100012a4       0x8c CMakeFiles/BareMetal_UART.dir/C_/VSARM/sdk/pico/pico-sdk/src/rp2_common/hardware_timer/timer.c.obj
 .text.hardware_alarm_claim
                0x10001330       0x18 CMakeFiles/BareMetal_UART.dir/C_/VSARM/sdk/pico/pico-sdk/src/rp2_common/hardware_timer/timer.c.obj
                0x10001330                hardware_alarm_claim
 .text.time_us_64
                0x10001348       0x18 CMakeFiles/BareMetal_UART.dir/C_/VSARM/sdk/pico/pico-sdk/src/rp2_common/hardware_timer/timer.c.obj
                0x10001348                time_us_64
 .text.hardware_alarm_set_callback
                0x10001360       0x90 CMakeFiles/BareMetal_UART.dir/C_/VSARM/sdk/pico/pico-sdk/src/rp2_common/hardware_timer/timer.c.obj
                0x10001360                hardware_alarm_set_callback
 .text.hardware_alarm_set_target
                0x100013f0       0xe8 CMakeFiles/BareMetal_UART.dir/C_/VSARM/sdk/pico/pico-sdk/src/rp2_common/hardware_timer/timer.c.obj
                0x100013f0                hardware_alarm_set_target
 .text.hardware_alarm_cancel
                0x100014d8       0x40 CMakeFiles/BareMetal_UART.dir/C_/VSARM/sdk/pico/pico-sdk/src/rp2_common/hardware_timer/timer.c.obj
                0x100014d8                hardware_alarm_cancel
 .text.lock_init
                0x10001518       0x10 CMakeFiles/BareMetal_UART.dir/C_/VSARM/sdk/pico/pico-sdk/src/common/pico_sync/lock_core.c.obj
                0x10001518                lock_init
 .text.mutex_init_internal
                0x10001528       0x1e CMakeFiles/BareMetal_UART.dir/C_/VSARM/sdk/pico/pico-sdk/src/common/pico_sync/mutex.c.obj
 .text.mutex_init
                0x10001546        0xa CMakeFiles/BareMetal_UART.dir/C_/VSARM/sdk/pico/pico-sdk/src/common/pico_sync/mutex.c.obj
                0x10001546                mutex_init
 .text.recursive_mutex_init
                0x10001550        0xa CMakeFiles/BareMetal_UART.dir/C_/VSARM/sdk/pico/pico-sdk/src/common/pico_sync/mutex.c.obj
                0x10001550                recursive_mutex_init
 *fill*         0x1000155a        0x2 
 .text.ph_add_child_node
                0x1000155c       0xa4 CMakeFiles/BareMetal_UART.dir/C_/VSARM/sdk/pico/pico-sdk/src/common/pico_util/pheap.c.obj
 .text.ph_merge_nodes
                0x10001600       0x3e CMakeFiles/BareMetal_UART.dir/C_/VSARM/sdk/pico/pico-sdk/src/common/pico_util/pheap.c.obj
 *fill*         0x1000163e        0x2 
 .text.ph_clear
                0x10001640       0x70 CMakeFiles/BareMetal_UART.dir/C_/VSARM/sdk/pico/pico-sdk/src/common/pico_util/pheap.c.obj
                0x10001640                ph_clear
 .text.ph_post_alloc_init
                0x100016b0        0xe CMakeFiles/BareMetal_UART.dir/C_/VSARM/sdk/pico/pico-sdk/src/common/pico_util/pheap.c.obj
                0x100016b0                ph_post_alloc_init
 *fill*         0x100016be        0x2 
 .text.ph_merge_two_pass
                0x100016c0       0xa8 CMakeFiles/BareMetal_UART.dir/C_/VSARM/sdk/pico/pico-sdk/src/common/pico_util/pheap.c.obj
                0x100016c0                ph_merge_two_pass
 .text.ph_remove_any_head
                0x10001768      0x108 CMakeFiles/BareMetal_UART.dir/C_/VSARM/sdk/pico/pico-sdk/src/common/pico_util/pheap.c.obj
 .text.ph_remove_head
                0x10001870       0x14 CMakeFiles/BareMetal_UART.dir/C_/VSARM/sdk/pico/pico-sdk/src/common/pico_util/pheap.c.obj
                0x10001870                ph_remove_head
 .text.ph_remove_and_free_node
                0x10001884       0xf8 CMakeFiles/BareMetal_UART.dir/C_/VSARM/sdk/pico/pico-sdk/src/common/pico_util/pheap.c.obj
                0x10001884                ph_remove_and_free_node
 .text.runtime_init
                0x1000197c       0xd8 CMakeFiles/BareMetal_UART.dir/C_/VSARM/sdk/pico/pico-sdk/src/rp2_common/pico_runtime/runtime.c.obj
                0x1000197c                runtime_init
 .text._exit    0x10001a54        0x4 CMakeFiles/BareMetal_UART.dir/C_/VSARM/sdk/pico/pico-sdk/src/rp2_common/pico_runtime/runtime.c.obj
                0x10001a54                _exit
 .text.exit     0x10001a58        0x6 CMakeFiles/BareMetal_UART.dir/C_/VSARM/sdk/pico/pico-sdk/src/rp2_common/pico_runtime/runtime.c.obj
                0x10001a58                exit
 *fill*         0x10001a5e        0x2 
 .text.__assert_func
                0x10001a60       0x3c CMakeFiles/BareMetal_UART.dir/C_/VSARM/sdk/pico/pico-sdk/src/rp2_common/pico_runtime/runtime.c.obj
                0x10001a60                __assert_func
 .text.panic    0x10001a9c       0x30 CMakeFiles/BareMetal_UART.dir/C_/VSARM/sdk/pico/pico-sdk/src/rp2_common/pico_runtime/runtime.c.obj
                0x10001a9c                panic
 .text.clock_configure
                0x10001acc      0x104 CMakeFiles/BareMetal_UART.dir/C_/VSARM/sdk/pico/pico-sdk/src/rp2_common/hardware_clocks/clocks.c.obj
                0x10001acc                clock_configure
 .text.clocks_init
                0x10001bd0      0x100 CMakeFiles/BareMetal_UART.dir/C_/VSARM/sdk/pico/pico-sdk/src/rp2_common/hardware_clocks/clocks.c.obj
                0x10001bd0                clocks_init
 .text.clock_get_hz
                0x10001cd0        0xc CMakeFiles/BareMetal_UART.dir/C_/VSARM/sdk/pico/pico-sdk/src/rp2_common/hardware_clocks/clocks.c.obj
                0x10001cd0                clock_get_hz
 .text.set_raw_irq_handler_and_unlock
                0x10001cdc       0x28 CMakeFiles/BareMetal_UART.dir/C_/VSARM/sdk/pico/pico-sdk/src/rp2_common/hardware_irq/irq.c.obj
 .text.make_branch
                0x10001d04       0x34 CMakeFiles/BareMetal_UART.dir/C_/VSARM/sdk/pico/pico-sdk/src/rp2_common/hardware_irq/irq.c.obj
 .text.insert_branch_and_link
                0x10001d38       0x40 CMakeFiles/BareMetal_UART.dir/C_/VSARM/sdk/pico/pico-sdk/src/rp2_common/hardware_irq/irq.c.obj
 .text.irq_is_enabled
                0x10001d78       0x18 CMakeFiles/BareMetal_UART.dir/C_/VSARM/sdk/pico/pico-sdk/src/rp2_common/hardware_irq/irq.c.obj
                0x10001d78                irq_is_enabled
 .text.irq_set_mask_enabled
                0x10001d90       0x20 CMakeFiles/BareMetal_UART.dir/C_/VSARM/sdk/pico/pico-sdk/src/rp2_common/hardware_irq/irq.c.obj
                0x10001d90                irq_set_mask_enabled
 .text.irq_set_enabled
                0x10001db0        0xe CMakeFiles/BareMetal_UART.dir/C_/VSARM/sdk/pico/pico-sdk/src/rp2_common/hardware_irq/irq.c.obj
                0x10001db0                irq_set_enabled
 *fill*         0x10001dbe        0x2 
 .text.irq_get_vtable_handler
                0x10001dc0       0x10 CMakeFiles/BareMetal_UART.dir/C_/VSARM/sdk/pico/pico-sdk/src/rp2_common/hardware_irq/irq.c.obj
                0x10001dc0                irq_get_vtable_handler
 .text.irq_set_exclusive_handler
                0x10001dd0       0x54 CMakeFiles/BareMetal_UART.dir/C_/VSARM/sdk/pico/pico-sdk/src/rp2_common/hardware_irq/irq.c.obj
                0x10001dd0                irq_set_exclusive_handler
 .text.irq_remove_handler
                0x10001e24      0x1ac CMakeFiles/BareMetal_UART.dir/C_/VSARM/sdk/pico/pico-sdk/src/rp2_common/hardware_irq/irq.c.obj
                0x10001e24                irq_remove_handler
 .text.irq_set_priority
                0x10001fd0       0x28 CMakeFiles/BareMetal_UART.dir/C_/VSARM/sdk/pico/pico-sdk/src/rp2_common/hardware_irq/irq.c.obj
                0x10001fd0                irq_set_priority
 .text.irq_add_tail_to_free_list
                0x10001ff8       0xf0 CMakeFiles/BareMetal_UART.dir/C_/VSARM/sdk/pico/pico-sdk/src/rp2_common/hardware_irq/irq.c.obj
                0x10001ff8                irq_add_tail_to_free_list
 .text.irq_init_priorities
                0x100020e8       0x16 CMakeFiles/BareMetal_UART.dir/C_/VSARM/sdk/pico/pico-sdk/src/rp2_common/hardware_irq/irq.c.obj
                0x100020e8                irq_init_priorities
 *fill*         0x100020fe        0x2 
 .text.pll_init
                0x10002100      0x118 CMakeFiles/BareMetal_UART.dir/C_/VSARM/sdk/pico/pico-sdk/src/rp2_common/hardware_pll/pll.c.obj
                0x10002100                pll_init
 .text.watchdog_start_tick
                0x10002218       0x10 CMakeFiles/BareMetal_UART.dir/C_/VSARM/sdk/pico/pico-sdk/src/rp2_common/hardware_watchdog/watchdog.c.obj
                0x10002218                watchdog_start_tick
 .text.xosc_init
                0x10002228       0x28 CMakeFiles/BareMetal_UART.dir/C_/VSARM/sdk/pico/pico-sdk/src/rp2_common/hardware_xosc/xosc.c.obj
                0x10002228                xosc_init
 .text._out_null
                0x10002250        0x2 CMakeFiles/BareMetal_UART.dir/C_/VSARM/sdk/pico/pico-sdk/src/rp2_common/pico_printf/printf.c.obj
 .text._out_fct
                0x10002252        0xe CMakeFiles/BareMetal_UART.dir/C_/VSARM/sdk/pico/pico-sdk/src/rp2_common/pico_printf/printf.c.obj
 .text._atoi    0x10002260       0x24 CMakeFiles/BareMetal_UART.dir/C_/VSARM/sdk/pico/pico-sdk/src/rp2_common/pico_printf/printf.c.obj
 .text._out_rev
                0x10002284       0xae CMakeFiles/BareMetal_UART.dir/C_/VSARM/sdk/pico/pico-sdk/src/rp2_common/pico_printf/printf.c.obj
 .text._ntoa_format
                0x10002332      0x112 CMakeFiles/BareMetal_UART.dir/C_/VSARM/sdk/pico/pico-sdk/src/rp2_common/pico_printf/printf.c.obj
 .text._ntoa_long
                0x10002444       0xbc CMakeFiles/BareMetal_UART.dir/C_/VSARM/sdk/pico/pico-sdk/src/rp2_common/pico_printf/printf.c.obj
 .text._ntoa_long_long
                0x10002500       0xe2 CMakeFiles/BareMetal_UART.dir/C_/VSARM/sdk/pico/pico-sdk/src/rp2_common/pico_printf/printf.c.obj
 *fill*         0x100025e2        0x2 
 .text._etoa    0x100025e4      0x414 CMakeFiles/BareMetal_UART.dir/C_/VSARM/sdk/pico/pico-sdk/src/rp2_common/pico_printf/printf.c.obj
 .text._ftoa    0x100029f8      0x354 CMakeFiles/BareMetal_UART.dir/C_/VSARM/sdk/pico/pico-sdk/src/rp2_common/pico_printf/printf.c.obj
 .text._vsnprintf
                0x10002d4c      0x624 CMakeFiles/BareMetal_UART.dir/C_/VSARM/sdk/pico/pico-sdk/src/rp2_common/pico_printf/printf.c.obj
 .text.vfctprintf
                0x10003370       0x20 CMakeFiles/BareMetal_UART.dir/C_/VSARM/sdk/pico/pico-sdk/src/rp2_common/pico_printf/printf.c.obj
                0x10003370                vfctprintf
 .text          0x10003390       0x10 CMakeFiles/BareMetal_UART.dir/C_/VSARM/sdk/pico/pico-sdk/src/rp2_common/pico_bit_ops/bit_ops_aeabi.S.obj
 .text.rom_func_lookup
                0x100033a0       0x10 CMakeFiles/BareMetal_UART.dir/C_/VSARM/sdk/pico/pico-sdk/src/rp2_common/pico_bootrom/bootrom.c.obj
                0x100033a0                rom_func_lookup
 .text.rom_data_lookup
                0x100033b0       0x10 CMakeFiles/BareMetal_UART.dir/C_/VSARM/sdk/pico/pico-sdk/src/rp2_common/pico_bootrom/bootrom.c.obj
                0x100033b0                rom_data_lookup
 .text.rom_funcs_lookup
                0x100033c0       0x36 CMakeFiles/BareMetal_UART.dir/C_/VSARM/sdk/pico/pico-sdk/src/rp2_common/pico_bootrom/bootrom.c.obj
                0x100033c0                rom_funcs_lookup
 *fill*         0x100033f6        0x2 
 .text.__wrap___aeabi_idiv
                0x100033f8       0x50 CMakeFiles/BareMetal_UART.dir/C_/VSARM/sdk/pico/pico-sdk/src/rp2_common/pico_divider/divider.S.obj
                0x100033f8                __wrap___aeabi_idivmod
                0x100033f8                divmod_s32s32
                0x100033f8                div_s32s32
                0x100033f8                __wrap___aeabi_idiv
                0x10003400                divmod_s32s32_unsafe
                0x1000342c                divmod_s32s32_savestate
 .text.__wrap___aeabi_uidiv
                0x10003448       0x4c CMakeFiles/BareMetal_UART.dir/C_/VSARM/sdk/pico/pico-sdk/src/rp2_common/pico_divider/divider.S.obj
                0x10003448                __wrap___aeabi_uidiv
                0x10003448                __wrap___aeabi_uidivmod
                0x10003448                div_u32u32
                0x10003448                divmod_u32u32
                0x10003450                divmod_u32u32_unsafe
                0x10003478                divmod_u32u32_savestate
 .text.__wrap___aeabi_ldiv
                0x10003494      0x430 CMakeFiles/BareMetal_UART.dir/C_/VSARM/sdk/pico/pico-sdk/src/rp2_common/pico_divider/divider.S.obj
                0x10003494                div_s64s64
                0x10003494                divmod_s64s64
                0x10003494                __wrap___aeabi_ldivmod
                0x100034cc                divmod_u64u64
                0x100034cc                div_u64u64
                0x100034cc                __wrap___aeabi_uldivmod
                0x100034dc                divmod_u64u64_savestate
                0x10003504                divmod_s64s64_unsafe
                0x1000358c                divmod_u64u64_unsafe
 .text.__wrap___aeabi_darithmetic
                0x100038c4       0x80 CMakeFiles/BareMetal_UART.dir/C_/VSARM/sdk/pico/pico-sdk/src/rp2_common/pico_double/double_aeabi.S.obj
                0x100038c4                __wrap___aeabi_drsub
                0x100038ca                __wrap___aeabi_dsub
                0x100038dc                __wrap___aeabi_dadd
                0x100038ee                __wrap___aeabi_ddiv
                0x1000392a                __wrap___aeabi_dmul
 .text.__wrap___aeabi_cdcmple
                0x10003944       0x6c CMakeFiles/BareMetal_UART.dir/C_/VSARM/sdk/pico/pico-sdk/src/rp2_common/pico_double/double_aeabi.S.obj
                0x10003944                __wrap___aeabi_cdrcmple
                0x10003954                __wrap___aeabi_cdcmpeq
                0x10003954                __wrap___aeabi_cdcmple
 .text.__wrap___aeabi_dcmplt
                0x100039b0        0xc CMakeFiles/BareMetal_UART.dir/C_/VSARM/sdk/pico/pico-sdk/src/rp2_common/pico_double/double_aeabi.S.obj
                0x100039b0                __wrap___aeabi_dcmplt
 .text.__wrap___aeabi_dcmple
                0x100039bc       0x10 CMakeFiles/BareMetal_UART.dir/C_/VSARM/sdk/pico/pico-sdk/src/rp2_common/pico_double/double_aeabi.S.obj
                0x100039bc                __wrap___aeabi_dcmple
 .text.__wrap___aeabi_dcmpge
                0x100039cc       0x10 CMakeFiles/BareMetal_UART.dir/C_/VSARM/sdk/pico/pico-sdk/src/rp2_common/pico_double/double_aeabi.S.obj
                0x100039cc                __wrap___aeabi_dcmpge
 .text.__wrap___aeabi_dcmpgt
                0x100039dc        0xa CMakeFiles/BareMetal_UART.dir/C_/VSARM/sdk/pico/pico-sdk/src/rp2_common/pico_double/double_aeabi.S.obj
                0x100039dc                __wrap___aeabi_dcmpgt
 .text.__wrap___aeabi_dcmpun
                0x100039e6       0x1c CMakeFiles/BareMetal_UART.dir/C_/VSARM/sdk/pico/pico-sdk/src/rp2_common/pico_double/double_aeabi.S.obj
                0x100039e6                __wrap___aeabi_dcmpun
 *fill*         0x10003a02        0x2 
 .text.__wrap___aeabi_i2d
                0x10003a04       0x38 CMakeFiles/BareMetal_UART.dir/C_/VSARM/sdk/pico/pico-sdk/src/rp2_common/pico_double/double_aeabi.S.obj
                0x10003a04                __wrap___aeabi_ui2d
                0x10003a0c                __wrap___aeabi_i2d
 .text.__wrap___aeabi_d2iz
                0x10003a3c       0x48 CMakeFiles/BareMetal_UART.dir/C_/VSARM/sdk/pico/pico-sdk/src/rp2_common/pico_double/double_aeabi.S.obj
                0x10003a3c                double2int_z
                0x10003a3c                __wrap___aeabi_d2iz
 .text.__wrap___aeabi_d2uiz
                0x10003a84       0x18 CMakeFiles/BareMetal_UART.dir/C_/VSARM/sdk/pico/pico-sdk/src/rp2_common/pico_double/double_aeabi.S.obj
                0x10003a84                __wrap___aeabi_d2uiz
                0x10003a84                double2uint
 .text.__aeabi_double_init
                0x10003a9c       0xb8 CMakeFiles/BareMetal_UART.dir/C_/VSARM/sdk/pico/pico-sdk/src/rp2_common/pico_double/double_init_rom.c.obj
                0x10003a9c                __aeabi_double_init
 .text.double_table_shim_on_use_helper
                0x10003b54       0x34 CMakeFiles/BareMetal_UART.dir/C_/VSARM/sdk/pico/pico-sdk/src/rp2_common/pico_double/double_v1_rom_shim.S.obj
                0x10003b54                double_table_shim_on_use_helper
 .text.__wrap___aeabi_dsub
                0x10003b88       0x10 CMakeFiles/BareMetal_UART.dir/C_/VSARM/sdk/pico/pico-sdk/src/rp2_common/pico_double/double_v1_rom_shim.S.obj
                0x10003b88                drsub_shim
                0x10003b8e                dsub_shim
 .text.dadd_shim
                0x10003b98      0x15c CMakeFiles/BareMetal_UART.dir/C_/VSARM/sdk/pico/pico-sdk/src/rp2_common/pico_double/double_v1_rom_shim.S.obj
                0x10003b98                dadd_shim
 .text.dmul_shim
                0x10003cf4      0x15c CMakeFiles/BareMetal_UART.dir/C_/VSARM/sdk/pico/pico-sdk/src/rp2_common/pico_double/double_v1_rom_shim.S.obj
                0x10003cf4                dmul_shim
 .text.ddiv_shim
                0x10003e50      0x1b0 CMakeFiles/BareMetal_UART.dir/C_/VSARM/sdk/pico/pico-sdk/src/rp2_common/pico_double/double_v1_rom_shim.S.obj
                0x10003e50                ddiv_shim
 .text.dcordic_rot_step
                0x10004000       0x7c CMakeFiles/BareMetal_UART.dir/C_/VSARM/sdk/pico/pico-sdk/src/rp2_common/pico_double/double_v1_rom_shim.S.obj
                0x10004000                dcordic_rot_step
 .text.double2uint_shim
                0x1000407c        0xe CMakeFiles/BareMetal_UART.dir/C_/VSARM/sdk/pico/pico-sdk/src/rp2_common/pico_double/double_v1_rom_shim.S.obj
                0x1000407c                double2uint_shim
                0x1000407e                double2ufix_shim
 *fill*         0x1000408a        0x2 
 .text.double2uint64_shim
                0x1000408c       0x6c CMakeFiles/BareMetal_UART.dir/C_/VSARM/sdk/pico/pico-sdk/src/rp2_common/pico_double/double_v1_rom_shim.S.obj
                0x1000408c                double2uint64_shim
                0x1000408e                double2ufix64_shim
                0x100040a8                d2fix_a
 .text.dunpacks
                0x100040f8       0x3c CMakeFiles/BareMetal_UART.dir/C_/VSARM/sdk/pico/pico-sdk/src/rp2_common/pico_double/double_v1_rom_shim.S.obj
                0x100040f8                dunpacks
 .text.__wrap___aeabi_farithmetic
                0x10004134       0x58 CMakeFiles/BareMetal_UART.dir/C_/VSARM/sdk/pico/pico-sdk/src/rp2_common/pico_float/float_aeabi.S.obj
                0x10004134                __wrap___aeabi_frsub
                0x1000413a                __wrap___aeabi_fsub
                0x10004144                __wrap___aeabi_fadd
                0x1000414e                __wrap___aeabi_fdiv
                0x1000417a                __wrap___aeabi_fmul
 .text.__wrap___aeabi_ui2f
                0x1000418c        0xa CMakeFiles/BareMetal_UART.dir/C_/VSARM/sdk/pico/pico-sdk/src/rp2_common/pico_float/float_aeabi.S.obj
                0x1000418c                __wrap___aeabi_ui2f
 *fill*         0x10004196        0x2 
 .text.__wrap___aeabi_i2f
                0x10004198       0x44 CMakeFiles/BareMetal_UART.dir/C_/VSARM/sdk/pico/pico-sdk/src/rp2_common/pico_float/float_aeabi.S.obj
                0x10004198                __wrap___aeabi_i2f
 .text.__wrap___aeabi_f2uiz
                0x100041dc       0x10 CMakeFiles/BareMetal_UART.dir/C_/VSARM/sdk/pico/pico-sdk/src/rp2_common/pico_float/float_aeabi.S.obj
                0x100041dc                __wrap___aeabi_f2uiz
 .text.__wrap_logf
                0x100041ec       0x10 CMakeFiles/BareMetal_UART.dir/C_/VSARM/sdk/pico/pico-sdk/src/rp2_common/pico_float/float_aeabi.S.obj
                0x100041ec                __wrap_logf
 .text.__aeabi_float_init
                0x100041fc       0xfc CMakeFiles/BareMetal_UART.dir/C_/VSARM/sdk/pico/pico-sdk/src/rp2_common/pico_float/float_init_rom.c.obj
                0x100041fc                __aeabi_float_init
 .text.__wrap_log2f
                0x100042f8       0x14 CMakeFiles/BareMetal_UART.dir/C_/VSARM/sdk/pico/pico-sdk/src/rp2_common/pico_float/float_math.c.obj
                0x100042f8                __wrap_log2f
 .text.float_table_shim_on_use_helper
                0x1000430c       0x34 CMakeFiles/BareMetal_UART.dir/C_/VSARM/sdk/pico/pico-sdk/src/rp2_common/pico_float/float_v1_rom_shim.S.obj
                0x1000430c                float_table_shim_on_use_helper
 .text          0x10004340       0x10 CMakeFiles/BareMetal_UART.dir/C_/VSARM/sdk/pico/pico-sdk/src/rp2_common/pico_mem_ops/mem_ops_aeabi.S.obj
                0x10004340                __aeabi_mem_init
 .text.memset   0x10004350        0xc CMakeFiles/BareMetal_UART.dir/C_/VSARM/sdk/pico/pico-sdk/src/rp2_common/pico_mem_ops/mem_ops_aeabi.S.obj
                0x10004350                __wrap_memset
 .text.memcpy   0x1000435c        0xc CMakeFiles/BareMetal_UART.dir/C_/VSARM/sdk/pico/pico-sdk/src/rp2_common/pico_mem_ops/mem_ops_aeabi.S.obj
                0x1000435c                __wrap_memcpy
                0x1000435c                __wrap___aeabi_memcpy
 .text.stdio_out_chars_crlf
                0x10004368       0x80 CMakeFiles/BareMetal_UART.dir/C_/VSARM/sdk/pico/pico-sdk/src/rp2_common/pico_stdio/stdio.c.obj
 .text.stdio_stack_buffer_flush
                0x100043e8       0x44 CMakeFiles/BareMetal_UART.dir/C_/VSARM/sdk/pico/pico-sdk/src/rp2_common/pico_stdio/stdio.c.obj
 .text.stdio_buffered_printer
                0x1000442c       0x20 CMakeFiles/BareMetal_UART.dir/C_/VSARM/sdk/pico/pico-sdk/src/rp2_common/pico_stdio/stdio.c.obj
 .text.stdout_serialize_begin
                0x1000444c       0x30 CMakeFiles/BareMetal_UART.dir/C_/VSARM/sdk/pico/pico-sdk/src/rp2_common/pico_stdio/stdio.c.obj
                0x1000444c                stdout_serialize_begin
 .text.stdout_serialize_end
                0x1000447c       0x10 CMakeFiles/BareMetal_UART.dir/C_/VSARM/sdk/pico/pico-sdk/src/rp2_common/pico_stdio/stdio.c.obj
                0x1000447c                stdout_serialize_end
 .text.stdio_put_string
                0x1000448c       0x84 CMakeFiles/BareMetal_UART.dir/C_/VSARM/sdk/pico/pico-sdk/src/rp2_common/pico_stdio/stdio.c.obj
 .text.stdio_flush
                0x10004510       0x20 CMakeFiles/BareMetal_UART.dir/C_/VSARM/sdk/pico/pico-sdk/src/rp2_common/pico_stdio/stdio.c.obj
                0x10004510                stdio_flush
 .text.__wrap_puts
                0x10004530       0x1c CMakeFiles/BareMetal_UART.dir/C_/VSARM/sdk/pico/pico-sdk/src/rp2_common/pico_stdio/stdio.c.obj
                0x10004530                __wrap_puts
 .text.__wrap_vprintf
                0x1000454c       0x44 CMakeFiles/BareMetal_UART.dir/C_/VSARM/sdk/pico/pico-sdk/src/rp2_common/pico_stdio/stdio.c.obj
                0x1000454c                __wrap_vprintf
 .text.__wrap_printf
                0x10004590       0x18 CMakeFiles/BareMetal_UART.dir/C_/VSARM/sdk/pico/pico-sdk/src/rp2_common/pico_stdio/stdio.c.obj
                0x10004590                __wrap_printf
 .text.strlen   0x100045a8       0x5c c:/vsarm/armcc/102021~1.07/bin/../lib/gcc/arm-none-eabi/10.3.1/../../../../arm-none-eabi/lib/thumb/v6-m/nofp\libg.a(lib_a-strlen-stub.o)
                0x100045a8                strlen
 *(.fini)
 .fini          0x10004604        0x4 c:/vsarm/armcc/102021~1.07/bin/../lib/gcc/arm-none-eabi/10.3.1/thumb/v6-m/nofp/crti.o
                0x10004604                _fini
 .fini.__stub   0x10004608       0x50 linker stubs
 *crtbegin.o(.ctors)
 *crtbegin?.o(.ctors)
 *(EXCLUDE_FILE(*crtend.o *crtend?.o) .ctors)
 *(SORT_BY_NAME(.ctors.*))
 *(.ctors)
 *crtbegin.o(.dtors)
 *crtbegin?.o(.dtors)
 *(EXCLUDE_FILE(*crtend.o *crtend?.o) .dtors)
 *(SORT_BY_NAME(.dtors.*))
 *(.dtors)
 *(.eh_frame*)
 .eh_frame      0x10004658        0x0 c:/vsarm/armcc/102021~1.07/bin/../lib/gcc/arm-none-eabi/10.3.1/thumb/v6-m/nofp/crtbegin.o
                0x10004658                . = ALIGN (0x4)

.glue_7         0x10004658        0x0
 .glue_7        0x10004658        0x0 linker stubs

.glue_7t        0x10004658        0x0
 .glue_7t       0x10004658        0x0 linker stubs

.vfp11_veneer   0x10004658        0x0
 .vfp11_veneer  0x10004658        0x0 linker stubs

.v4_bx          0x10004658        0x0
 .v4_bx         0x10004658        0x0 linker stubs

.iplt           0x10004658        0x0
 .iplt          0x10004658        0x0 c:/vsarm/armcc/102021~1.07/bin/../lib/gcc/arm-none-eabi/10.3.1/thumb/v6-m/nofp/crtbegin.o

.rodata         0x10004658      0xec0
 *(EXCLUDE_FILE(*libm.a: *libc.a:*lib_a-mem*.o *libgcc.a:) .rodata*)
 .rodata.main.str1.4
                0x10004658       0x21 CMakeFiles/BareMetal_UART.dir/src/main.c.obj
 *fill*         0x10004679        0x3 
 .rodata.dma_configure.str1.4
                0x1000467c       0xd7 CMakeFiles/BareMetal_UART.dir/src/bsp.c.obj
 *fill*         0x10004753        0x1 
 .rodata.__func__.0
                0x10004754       0x18 CMakeFiles/BareMetal_UART.dir/src/bsp.c.obj
 .rodata.__func__.1
                0x1000476c       0x18 CMakeFiles/BareMetal_UART.dir/src/bsp.c.obj
 .rodata.__func__.2
                0x10004784       0x26 CMakeFiles/BareMetal_UART.dir/src/bsp.c.obj
 *fill*         0x100047aa        0x2 
 .rodata.__func__.3
                0x100047ac       0x1c CMakeFiles/BareMetal_UART.dir/src/bsp.c.obj
 .rodata.UartSafe_rx_handler
                0x100047c8       0x14 CMakeFiles/BareMetal_UART.dir/src/uart_safe.c.obj
 .rodata.repeating_timer_callback.str1.4
                0x100047dc       0x4b CMakeFiles/BareMetal_UART.dir/C_/VSARM/sdk/pico/pico-sdk/src/common/pico_time/time.c.obj
 *fill*         0x10004827        0x1 
 .rodata.alarm_pool_dump_key.str1.4
                0x10004828       0x33 CMakeFiles/BareMetal_UART.dir/C_/VSARM/sdk/pico/pico-sdk/src/common/pico_time/time.c.obj
 *fill*         0x1000485b        0x1 
 .rodata.ph_add_child_node.str1.4
                0x1000485c       0x96 CMakeFiles/BareMetal_UART.dir/C_/VSARM/sdk/pico/pico-sdk/src/common/pico_time/time.c.obj
 *fill*         0x100048f2        0x2 
 .rodata.add_alarm_under_lock.str1.4
                0x100048f4       0x28 CMakeFiles/BareMetal_UART.dir/C_/VSARM/sdk/pico/pico-sdk/src/common/pico_time/time.c.obj
                                 0x2b (size before relaxing)
 .rodata.alarm_pool_alarm_callback.str1.4
                0x1000491c       0xe6 CMakeFiles/BareMetal_UART.dir/C_/VSARM/sdk/pico/pico-sdk/src/common/pico_time/time.c.obj
 *fill*         0x10004a02        0x2 
 .rodata.__func__.10
                0x10004a04       0x15 CMakeFiles/BareMetal_UART.dir/C_/VSARM/sdk/pico/pico-sdk/src/common/pico_time/time.c.obj
 *fill*         0x10004a19        0x3 
 .rodata.__func__.11
                0x10004a1c       0x1a CMakeFiles/BareMetal_UART.dir/C_/VSARM/sdk/pico/pico-sdk/src/common/pico_time/time.c.obj
 *fill*         0x10004a36        0x2 
 .rodata.__func__.12
                0x10004a38        0xa CMakeFiles/BareMetal_UART.dir/C_/VSARM/sdk/pico/pico-sdk/src/common/pico_time/time.c.obj
 *fill*         0x10004a42        0x2 
 .rodata.__func__.4
                0x10004a44       0x12 CMakeFiles/BareMetal_UART.dir/C_/VSARM/sdk/pico/pico-sdk/src/common/pico_time/time.c.obj
 *fill*         0x10004a56        0x2 
 .rodata.__func__.5
                0x10004a58        0xd CMakeFiles/BareMetal_UART.dir/C_/VSARM/sdk/pico/pico-sdk/src/common/pico_time/time.c.obj
 *fill*         0x10004a65        0x3 
 .rodata.__func__.6
                0x10004a68       0x12 CMakeFiles/BareMetal_UART.dir/C_/VSARM/sdk/pico/pico-sdk/src/common/pico_time/time.c.obj
 *fill*         0x10004a7a        0x2 
 .rodata.__func__.7
                0x10004a7c        0xf CMakeFiles/BareMetal_UART.dir/C_/VSARM/sdk/pico/pico-sdk/src/common/pico_time/time.c.obj
 *fill*         0x10004a8b        0x1 
 .rodata.__func__.8
                0x10004a8c        0xc CMakeFiles/BareMetal_UART.dir/C_/VSARM/sdk/pico/pico-sdk/src/common/pico_time/time.c.obj
 .rodata.__func__.9
                0x10004a98       0x15 CMakeFiles/BareMetal_UART.dir/C_/VSARM/sdk/pico/pico-sdk/src/common/pico_time/time.c.obj
 *fill*         0x10004aad        0x3 
 .rodata.hardware_alarm_claim.str1.4
                0x10004ab0       0x22 CMakeFiles/BareMetal_UART.dir/C_/VSARM/sdk/pico/pico-sdk/src/rp2_common/hardware_timer/timer.c.obj
 *fill*         0x10004ad2        0x2 
 .rodata.hardware_alarm_set_target.str1.4
                0x10004ad4       0x65 CMakeFiles/BareMetal_UART.dir/C_/VSARM/sdk/pico/pico-sdk/src/rp2_common/hardware_timer/timer.c.obj
 *fill*         0x10004b39        0x3 
 .rodata.__func__.0
                0x10004b3c       0x1a CMakeFiles/BareMetal_UART.dir/C_/VSARM/sdk/pico/pico-sdk/src/rp2_common/hardware_timer/timer.c.obj
 *fill*         0x10004b56        0x2 
 .rodata.str1.4
                0x10004b58       0xb1 CMakeFiles/BareMetal_UART.dir/C_/VSARM/sdk/pico/pico-sdk/src/common/pico_sync/mutex.c.obj
                                0x115 (size before relaxing)
 *fill*         0x10004c09        0x3 
 .rodata.__func__.0
                0x10004c0c        0xb CMakeFiles/BareMetal_UART.dir/C_/VSARM/sdk/pico/pico-sdk/src/common/pico_sync/mutex.c.obj
 *fill*         0x10004c17        0x1 
 .rodata.__func__.3
                0x10004c18       0x15 CMakeFiles/BareMetal_UART.dir/C_/VSARM/sdk/pico/pico-sdk/src/common/pico_sync/mutex.c.obj
 .rodata.ph_add_child_node.str1.4
                0x10004c2d       0x96 CMakeFiles/BareMetal_UART.dir/C_/VSARM/sdk/pico/pico-sdk/src/common/pico_util/pheap.c.obj
 *fill*         0x10004c2d        0x3 
 .rodata.ph_remove_any_head.str1.4
                0x10004c30       0x8c CMakeFiles/BareMetal_UART.dir/C_/VSARM/sdk/pico/pico-sdk/src/common/pico_util/pheap.c.obj
 .rodata.ph_remove_and_free_node.str1.4
                0x10004cbc       0x26 CMakeFiles/BareMetal_UART.dir/C_/VSARM/sdk/pico/pico-sdk/src/common/pico_util/pheap.c.obj
 *fill*         0x10004ce2        0x2 
 .rodata.__func__.0
                0x10004ce4       0x18 CMakeFiles/BareMetal_UART.dir/C_/VSARM/sdk/pico/pico-sdk/src/common/pico_util/pheap.c.obj
 .rodata.__func__.1
                0x10004cfc       0x13 CMakeFiles/BareMetal_UART.dir/C_/VSARM/sdk/pico/pico-sdk/src/common/pico_util/pheap.c.obj
 *fill*         0x10004d0f        0x1 
 .rodata.__func__.2
                0x10004d10       0x12 CMakeFiles/BareMetal_UART.dir/C_/VSARM/sdk/pico/pico-sdk/src/common/pico_util/pheap.c.obj
 *fill*         0x10004d22        0x2 
 .rodata.__func__.3
                0x10004d24        0xc CMakeFiles/BareMetal_UART.dir/C_/VSARM/sdk/pico/pico-sdk/src/common/pico_util/pheap.c.obj
 .rodata.__assert_func.str1.4
                0x10004d30       0x3f CMakeFiles/BareMetal_UART.dir/C_/VSARM/sdk/pico/pico-sdk/src/rp2_common/pico_runtime/runtime.c.obj
                                 0x43 (size before relaxing)
 *fill*         0x10004d6f        0x1 
 .rodata.panic.str1.4
                0x10004d70       0x12 CMakeFiles/BareMetal_UART.dir/C_/VSARM/sdk/pico/pico-sdk/src/rp2_common/pico_runtime/runtime.c.obj
 *fill*         0x10004d82        0x2 
 .rodata.clock_configure.str1.4
                0x10004d84       0x57 CMakeFiles/BareMetal_UART.dir/C_/VSARM/sdk/pico/pico-sdk/src/rp2_common/hardware_clocks/clocks.c.obj
 *fill*         0x10004ddb        0x1 
 .rodata.__func__.1
                0x10004ddc       0x10 CMakeFiles/BareMetal_UART.dir/C_/VSARM/sdk/pico/pico-sdk/src/rp2_common/hardware_clocks/clocks.c.obj
 .rodata.make_branch.str1.4
                0x10004dec       0x4d CMakeFiles/BareMetal_UART.dir/C_/VSARM/sdk/pico/pico-sdk/src/rp2_common/hardware_irq/irq.c.obj
 *fill*         0x10004e39        0x3 
 .rodata.irq_set_exclusive_handler.str1.4
                0x10004e3c       0x36 CMakeFiles/BareMetal_UART.dir/C_/VSARM/sdk/pico/pico-sdk/src/rp2_common/hardware_irq/irq.c.obj
 *fill*         0x10004e72        0x2 
 .rodata.irq_add_shared_handler.str1.4
                0x10004e74       0xd9 CMakeFiles/BareMetal_UART.dir/C_/VSARM/sdk/pico/pico-sdk/src/rp2_common/hardware_irq/irq.c.obj
 *fill*         0x10004f4d        0x3 
 .rodata.irq_remove_handler.str1.4
                0x10004f50       0x2a CMakeFiles/BareMetal_UART.dir/C_/VSARM/sdk/pico/pico-sdk/src/rp2_common/hardware_irq/irq.c.obj
 *fill*         0x10004f7a        0x2 
 .rodata.irq_add_tail_to_free_list.str1.4
                0x10004f7c       0x32 CMakeFiles/BareMetal_UART.dir/C_/VSARM/sdk/pico/pico-sdk/src/rp2_common/hardware_irq/irq.c.obj
                                 0x3a (size before relaxing)
 *fill*         0x10004fae        0x2 
 .rodata.__func__.0
                0x10004fb0       0x1a CMakeFiles/BareMetal_UART.dir/C_/VSARM/sdk/pico/pico-sdk/src/rp2_common/hardware_irq/irq.c.obj
 *fill*         0x10004fca        0x2 
 .rodata.__func__.1
                0x10004fcc       0x17 CMakeFiles/BareMetal_UART.dir/C_/VSARM/sdk/pico/pico-sdk/src/rp2_common/hardware_irq/irq.c.obj
 *fill*         0x10004fe3        0x1 
 .rodata.__func__.2
                0x10004fe4       0x13 CMakeFiles/BareMetal_UART.dir/C_/VSARM/sdk/pico/pico-sdk/src/rp2_common/hardware_irq/irq.c.obj
 *fill*         0x10004ff7        0x1 
 .rodata.__func__.3
                0x10004ff8        0xc CMakeFiles/BareMetal_UART.dir/C_/VSARM/sdk/pico/pico-sdk/src/rp2_common/hardware_irq/irq.c.obj
 .rodata.__func__.4
                0x10005004        0xf CMakeFiles/BareMetal_UART.dir/C_/VSARM/sdk/pico/pico-sdk/src/rp2_common/hardware_irq/irq.c.obj
 *fill*         0x10005013        0x1 
 .rodata.__func__.6
                0x10005014       0x1a CMakeFiles/BareMetal_UART.dir/C_/VSARM/sdk/pico/pico-sdk/src/rp2_common/hardware_irq/irq.c.obj
 *fill*         0x1000502e        0x2 
 .rodata.pll_init.str1.4
                0x10005030       0xdb CMakeFiles/BareMetal_UART.dir/C_/VSARM/sdk/pico/pico-sdk/src/rp2_common/hardware_pll/pll.c.obj
 *fill*         0x1000510b        0x1 
 .rodata.__func__.0
                0x1000510c        0x9 CMakeFiles/BareMetal_UART.dir/C_/VSARM/sdk/pico/pico-sdk/src/rp2_common/hardware_pll/pll.c.obj
 *fill*         0x10005115        0x3 
 .rodata._ftoa.str1.4
                0x10005118       0x15 CMakeFiles/BareMetal_UART.dir/C_/VSARM/sdk/pico/pico-sdk/src/rp2_common/pico_printf/printf.c.obj
 *fill*         0x1000512d        0x3 
 .rodata._vsnprintf
                0x10005130      0x1e0 CMakeFiles/BareMetal_UART.dir/C_/VSARM/sdk/pico/pico-sdk/src/rp2_common/pico_printf/printf.c.obj
 .rodata.pow10.0
                0x10005310       0x50 CMakeFiles/BareMetal_UART.dir/C_/VSARM/sdk/pico/pico-sdk/src/rp2_common/pico_printf/printf.c.obj
 .rodata.__aeabi_double_init.str1.4
                0x10005360       0xa8 CMakeFiles/BareMetal_UART.dir/C_/VSARM/sdk/pico/pico-sdk/src/rp2_common/pico_double/double_init_rom.c.obj
 .rodata.__func__.0
                0x10005408       0x14 CMakeFiles/BareMetal_UART.dir/C_/VSARM/sdk/pico/pico-sdk/src/rp2_common/pico_double/double_init_rom.c.obj
 .rodata.__aeabi_float_init.str1.4
                0x1000541c       0x7a CMakeFiles/BareMetal_UART.dir/C_/VSARM/sdk/pico/pico-sdk/src/rp2_common/pico_float/float_init_rom.c.obj
                                 0x7e (size before relaxing)
 *fill*         0x10005496        0x2 
 .rodata.__func__.0
                0x10005498       0x13 CMakeFiles/BareMetal_UART.dir/C_/VSARM/sdk/pico/pico-sdk/src/rp2_common/pico_float/float_init_rom.c.obj
 *fill*         0x100054ab        0x1 
 .rodata.str1.4
                0x100054ac       0x44 CMakeFiles/BareMetal_UART.dir/C_/VSARM/sdk/pico/pico-sdk/src/rp2_common/pico_standard_link/binary_info.c.obj
 .rodata.__bi_44
                0x100054f0        0xc CMakeFiles/BareMetal_UART.dir/C_/VSARM/sdk/pico/pico-sdk/src/rp2_common/pico_standard_link/binary_info.c.obj
 .rodata.__bi_75
                0x100054fc        0xc CMakeFiles/BareMetal_UART.dir/C_/VSARM/sdk/pico/pico-sdk/src/rp2_common/pico_standard_link/binary_info.c.obj
 .rodata.__bi_81
                0x10005508        0xc CMakeFiles/BareMetal_UART.dir/C_/VSARM/sdk/pico/pico-sdk/src/rp2_common/pico_standard_link/binary_info.c.obj
 .rodata.crlf_str.3
                0x10005514        0x2 CMakeFiles/BareMetal_UART.dir/C_/VSARM/sdk/pico/pico-sdk/src/rp2_common/pico_stdio/stdio.c.obj
                0x10005518                . = ALIGN (0x4)
 *fill*         0x10005516        0x2 
 *(SORT_BY_ALIGNMENT(SORT_BY_NAME(.flashdata*)))
                0x10005518                . = ALIGN (0x4)

.rel.dyn        0x10005518        0x0
 .rel.iplt      0x10005518        0x0 c:/vsarm/armcc/102021~1.07/bin/../lib/gcc/arm-none-eabi/10.3.1/thumb/v6-m/nofp/crtbegin.o

.ARM.extab
 *(.ARM.extab* .gnu.linkonce.armextab.*)
                0x10005518                __exidx_start = .

.ARM.exidx
 *(.ARM.exidx* .gnu.linkonce.armexidx.*)
                0x10005518                __exidx_end = .
                0x10005518                . = ALIGN (0x4)
                0x10005518                __binary_info_start = .

.binary_info    0x10005518       0x1c
 *(.binary_info.keep.*)
 .binary_info.keep.__bi_ptr22
                0x10005518        0x4 CMakeFiles/BareMetal_UART.dir/C_/VSARM/sdk/pico/pico-sdk/src/rp2_common/pico_standard_link/binary_info.c.obj
 .binary_info.keep.__bi_ptr30
                0x1000551c        0x4 CMakeFiles/BareMetal_UART.dir/C_/VSARM/sdk/pico/pico-sdk/src/rp2_common/pico_standard_link/binary_info.c.obj
 .binary_info.keep.__bi_ptr38
                0x10005520        0x4 CMakeFiles/BareMetal_UART.dir/C_/VSARM/sdk/pico/pico-sdk/src/rp2_common/pico_standard_link/binary_info.c.obj
 .binary_info.keep.__bi_ptr44
                0x10005524        0x4 CMakeFiles/BareMetal_UART.dir/C_/VSARM/sdk/pico/pico-sdk/src/rp2_common/pico_standard_link/binary_info.c.obj
 .binary_info.keep.__bi_ptr50
                0x10005528        0x4 CMakeFiles/BareMetal_UART.dir/C_/VSARM/sdk/pico/pico-sdk/src/rp2_common/pico_standard_link/binary_info.c.obj
 .binary_info.keep.__bi_ptr75
                0x1000552c        0x4 CMakeFiles/BareMetal_UART.dir/C_/VSARM/sdk/pico/pico-sdk/src/rp2_common/pico_standard_link/binary_info.c.obj
 .binary_info.keep.__bi_ptr81
                0x10005530        0x4 CMakeFiles/BareMetal_UART.dir/C_/VSARM/sdk/pico/pico-sdk/src/rp2_common/pico_standard_link/binary_info.c.obj
 *(.binary_info.*)
                0x10005534                __binary_info_end = .
                0x10005534                . = ALIGN (0x4)
                0x10005534                __etext = .

.ram_vector_table
                0x20000000       0xc0
 *(.ram_vector_table)
 .ram_vector_table
                0x20000000       0xc0 CMakeFiles/BareMetal_UART.dir/C_/VSARM/sdk/pico/pico-sdk/src/rp2_common/pico_runtime/runtime.c.obj
                0x20000000                ram_vector_table

.data           0x200000c0      0x24c load address 0x10005534
                0x200000c0                __data_start__ = .
 *(vtable)
 *(.time_critical*)
 .time_critical.mutex_enter_blocking
                0x200000c0       0x94 CMakeFiles/BareMetal_UART.dir/C_/VSARM/sdk/pico/pico-sdk/src/common/pico_sync/mutex.c.obj
                0x200000c0                mutex_enter_blocking
 .time_critical.mutex_try_enter
                0x20000154       0x5a CMakeFiles/BareMetal_UART.dir/C_/VSARM/sdk/pico/pico-sdk/src/common/pico_sync/mutex.c.obj
                0x20000154                mutex_try_enter
 *fill*         0x200001ae        0x2 
 .time_critical.mutex_exit
                0x200001b0       0x94 CMakeFiles/BareMetal_UART.dir/C_/VSARM/sdk/pico/pico-sdk/src/common/pico_sync/mutex.c.obj
                0x200001b0                mutex_exit
 *(.text*)
 .text          0x20000244        0x4 c:/vsarm/armcc/102021~1.07/bin/../lib/gcc/arm-none-eabi/10.3.1/thumb/v6-m/nofp\libgcc.a(_dvmd_tls.o)
                0x20000244                __aeabi_idiv0
                0x20000244                __aeabi_ldiv0
 .text.__stub   0x20000248       0x10 linker stubs
                0x20000258                . = ALIGN (0x4)
 *(.rodata*)
                0x20000258                . = ALIGN (0x4)
 *(.data*)
 .data.CRCdata  0x20000258        0x3 CMakeFiles/BareMetal_UART.dir/src/uart_safe.c.obj
 .data.striped_spin_lock_num
                0x2000025b        0x1 CMakeFiles/BareMetal_UART.dir/C_/VSARM/sdk/pico/pico-sdk/src/rp2_common/hardware_sync/sync.c.obj
 .data.default_alarm_pool
                0x2000025c       0x18 CMakeFiles/BareMetal_UART.dir/C_/VSARM/sdk/pico/pico-sdk/src/common/pico_time/time.c.obj
 .data.default_alarm_pool_heap
                0x20000274       0x10 CMakeFiles/BareMetal_UART.dir/C_/VSARM/sdk/pico/pico-sdk/src/common/pico_time/time.c.obj
 .data          0x20000284       0x48 CMakeFiles/BareMetal_UART.dir/C_/VSARM/sdk/pico/pico-sdk/src/rp2_common/hardware_irq/irq_handler_chain.S.obj
                0x20000284                irq_handler_chain_slots
                0x200002b4                irq_handler_chain_first_slot
                0x200002be                irq_handler_chain_remove_tail
 *fill*         0x200002cc        0x4 
 .data.aeabi_bits_funcs
                0x200002d0       0x10 CMakeFiles/BareMetal_UART.dir/C_/VSARM/sdk/pico/pico-sdk/src/rp2_common/pico_bit_ops/bit_ops_aeabi.S.obj
                0x200002d0                aeabi_bits_funcs
                0x200002e0                aeabi_bits_funcs_end
 .data.aeabi_mem_funcs
                0x200002e0       0x10 CMakeFiles/BareMetal_UART.dir/C_/VSARM/sdk/pico/pico-sdk/src/rp2_common/pico_mem_ops/mem_ops_aeabi.S.obj
                0x200002e0                aeabi_mem_funcs
                0x200002f0                aeabi_mem_funcs_end
                0x200002f0                . = ALIGN (0x4)
 *(.after_data.*)
                0x200002f0                . = ALIGN (0x4)
                0x200002f0                PROVIDE (__mutex_array_start = .)
 *(SORT_BY_NAME(.mutex_array.*))
 *(.mutex_array)
 .mutex_array   0x200002f0        0x8 CMakeFiles/BareMetal_UART.dir/C_/VSARM/sdk/pico/pico-sdk/src/rp2_common/pico_stdio/stdio.c.obj
                0x200002f8                PROVIDE (__mutex_array_end = .)
                0x200002f8                . = ALIGN (0x4)
                0x200002f8                PROVIDE (__preinit_array_start = .)
 *(SORT_BY_NAME(.preinit_array.*))
 .preinit_array.00001
                0x200002f8        0x4 CMakeFiles/BareMetal_UART.dir/C_/VSARM/sdk/pico/pico-sdk/src/rp2_common/pico_mem_ops/mem_ops_aeabi.S.obj
 .preinit_array.00010
                0x200002fc        0x4 CMakeFiles/BareMetal_UART.dir/C_/VSARM/sdk/pico/pico-sdk/src/rp2_common/pico_bit_ops/bit_ops_aeabi.S.obj
 .preinit_array.00020
                0x20000300        0x4 CMakeFiles/BareMetal_UART.dir/C_/VSARM/sdk/pico/pico-sdk/src/rp2_common/pico_double/double_aeabi.S.obj
 .preinit_array.00020
                0x20000304        0x4 CMakeFiles/BareMetal_UART.dir/C_/VSARM/sdk/pico/pico-sdk/src/rp2_common/pico_float/float_aeabi.S.obj
 *(.preinit_array)
                0x20000308                PROVIDE (__preinit_array_end = .)
                0x20000308                . = ALIGN (0x4)
                0x20000308                PROVIDE (__init_array_start = .)
 *(SORT_BY_NAME(.init_array.*))
 *(.init_array)
 .init_array    0x20000308        0x4 c:/vsarm/armcc/102021~1.07/bin/../lib/gcc/arm-none-eabi/10.3.1/thumb/v6-m/nofp/crtbegin.o
                0x2000030c                PROVIDE (__init_array_end = .)
                0x2000030c                . = ALIGN (0x4)
                [!provide]                PROVIDE (__fini_array_start = .)
 *(SORT_BY_NAME(.fini_array.*))
 *(.fini_array)
                [!provide]                PROVIDE (__fini_array_end = .)
 *(.jcr)
                0x2000030c                . = ALIGN (0x4)
                0x2000030c                __data_end__ = .

.igot.plt       0x2000030c        0x0 load address 0x10005780
 .igot.plt      0x2000030c        0x0 c:/vsarm/armcc/102021~1.07/bin/../lib/gcc/arm-none-eabi/10.3.1/thumb/v6-m/nofp/crtbegin.o

.uninitialized_data
                0x2000030c        0x0 load address 0x10005780
                0x2000030c                . = ALIGN (0x4)
 *(.uninitialized_data*)

.scratch_x      0x20040000        0x0 load address 0x10005780
                0x20040000                __scratch_x_start__ = .
 *(.scratch_x.*)
                0x20040000                . = ALIGN (0x4)
                0x20040000                __scratch_x_end__ = .
                0x10005780                __scratch_x_source__ = LOADADDR (.scratch_x)

.scratch_y      0x20041000        0x0 load address 0x10005780
                0x20041000                __scratch_y_start__ = .
 *(.scratch_y.*)
                0x20041000                . = ALIGN (0x4)
                0x20041000                __scratch_y_end__ = .
                0x10005780                __scratch_y_source__ = LOADADDR (.scratch_y)

.bss            0x20000320      0x5ac
                0x20000320                . = ALIGN (0x4)
                0x20000320                __bss_start__ = .
 *(SORT_BY_ALIGNMENT(SORT_BY_NAME(.bss*)))
 .bss.objectTest
                0x20000320      0x1e0 CMakeFiles/BareMetal_UART.dir/src/main.c.obj
                0x20000320                objectTest
 .bss.default_alarm_pool_entries
                0x20000500      0x100 CMakeFiles/BareMetal_UART.dir/C_/VSARM/sdk/pico/pico-sdk/src/common/pico_time/time.c.obj
 .bss           0x20000600       0x1c c:/vsarm/armcc/102021~1.07/bin/../lib/gcc/arm-none-eabi/10.3.1/thumb/v6-m/nofp/crtbegin.o
 .bss.alarm_callbacks
                0x2000061c       0x10 CMakeFiles/BareMetal_UART.dir/C_/VSARM/sdk/pico/pico-sdk/src/rp2_common/hardware_timer/timer.c.obj
 .bss.configured_freq
                0x2000062c       0x28 CMakeFiles/BareMetal_UART.dir/C_/VSARM/sdk/pico/pico-sdk/src/rp2_common/hardware_clocks/clocks.c.obj
 .bss.default_alarm_pool_entry_ids_high
                0x20000654       0x10 CMakeFiles/BareMetal_UART.dir/C_/VSARM/sdk/pico/pico-sdk/src/common/pico_time/time.c.obj
 .bss.default_alarm_pool_heap_nodes
                0x20000664       0x30 CMakeFiles/BareMetal_UART.dir/C_/VSARM/sdk/pico/pico-sdk/src/common/pico_time/time.c.obj
 .bss.drivers   0x20000694        0x4 CMakeFiles/BareMetal_UART.dir/C_/VSARM/sdk/pico/pico-sdk/src/rp2_common/pico_stdio/stdio.c.obj
 .bss.filter    0x20000698        0x4 CMakeFiles/BareMetal_UART.dir/C_/VSARM/sdk/pico/pico-sdk/src/rp2_common/pico_stdio/stdio.c.obj
 .bss.pools     0x2000069c       0x10 CMakeFiles/BareMetal_UART.dir/C_/VSARM/sdk/pico/pico-sdk/src/common/pico_time/time.c.obj
 .bss.sd_table  0x200006ac      0x100 CMakeFiles/BareMetal_UART.dir/C_/VSARM/sdk/pico/pico-sdk/src/rp2_common/pico_double/double_init_rom.c.obj
                0x200006ac                sd_table
 .bss.sf_clz_func
                0x200007ac        0x4 CMakeFiles/BareMetal_UART.dir/C_/VSARM/sdk/pico/pico-sdk/src/rp2_common/pico_float/float_init_rom.c.obj
                0x200007ac                sf_clz_func
 .bss.sf_table  0x200007b0      0x100 CMakeFiles/BareMetal_UART.dir/C_/VSARM/sdk/pico/pico-sdk/src/rp2_common/pico_float/float_init_rom.c.obj
                0x200007b0                sf_table
 .bss.sleep_notifier
                0x200008b0        0x4 CMakeFiles/BareMetal_UART.dir/C_/VSARM/sdk/pico/pico-sdk/src/common/pico_time/time.c.obj
 .bss.target_hi
                0x200008b4       0x10 CMakeFiles/BareMetal_UART.dir/C_/VSARM/sdk/pico/pico-sdk/src/rp2_common/hardware_timer/timer.c.obj
 .bss.uart_char_to_line_feed
                0x200008c4        0x4 CMakeFiles/BareMetal_UART.dir/C_/VSARM/sdk/pico/pico-sdk/src/rp2_common/hardware_uart/uart.c.obj
                0x200008c4                uart_char_to_line_feed
 .bss.claimed   0x200008c8        0x1 CMakeFiles/BareMetal_UART.dir/C_/VSARM/sdk/pico/pico-sdk/src/rp2_common/hardware_timer/timer.c.obj
 .bss.irq_hander_chain_free_slot_head
                0x200008c9        0x1 CMakeFiles/BareMetal_UART.dir/C_/VSARM/sdk/pico/pico-sdk/src/rp2_common/hardware_irq/irq.c.obj
 .bss.test_var  0x200008ca        0x1 CMakeFiles/BareMetal_UART.dir/src/uart_safe.c.obj
                0x200008ca                test_var
 .bss.timer_callbacks_pending
                0x200008cb        0x1 CMakeFiles/BareMetal_UART.dir/C_/VSARM/sdk/pico/pico-sdk/src/rp2_common/hardware_timer/timer.c.obj
 *(COMMON)
                0x200008cc                . = ALIGN (0x4)
                0x200008cc                __bss_end__ = .

.heap           0x200008cc      0x800
                0x200008cc                __end__ = .
                0x200008cc                end = __end__
 *(.heap*)
 .heap          0x200008cc      0x800 CMakeFiles/BareMetal_UART.dir/C_/VSARM/sdk/pico/pico-sdk/src/rp2_common/pico_standard_link/crt0.S.obj
                0x200010cc                __HeapLimit = .

.stack1_dummy   0x20040000        0x0
 *(.stack1*)

.stack_dummy    0x20041000      0x800
 *(.stack*)
 .stack         0x20041000      0x800 CMakeFiles/BareMetal_UART.dir/C_/VSARM/sdk/pico/pico-sdk/src/rp2_common/pico_standard_link/crt0.S.obj

.flash_end      0x10005780        0x0
                0x10005780                __flash_binary_end = .
                0x20040000                __StackLimit = (ORIGIN (RAM) + LENGTH (RAM))
                0x20041000                __StackOneTop = (ORIGIN (SCRATCH_X) + LENGTH (SCRATCH_X))
                0x20042000                __StackTop = (ORIGIN (SCRATCH_Y) + LENGTH (SCRATCH_Y))
                0x20041000                __StackOneBottom = (__StackOneTop - SIZEOF (.stack1_dummy))
                0x20041800                __StackBottom = (__StackTop - SIZEOF (.stack_dummy))
                0x20042000                PROVIDE (__stack = __StackTop)
                0x00000001                ASSERT ((__StackLimit >= __HeapLimit), region RAM overflowed)
                0x00000001                ASSERT (((__binary_info_header_end - __logical_binary_start) <= 0x100), Binary info must be in first 256 bytes of the binary)
LOAD CMakeFiles/BareMetal_UART.dir/src/main.c.obj
LOAD CMakeFiles/BareMetal_UART.dir/src/bsp.c.obj
LOAD CMakeFiles/BareMetal_UART.dir/src/uart_safe.c.obj
LOAD CMakeFiles/BareMetal_UART.dir/C_/VSARM/sdk/pico/pico-sdk/src/rp2_common/pico_stdlib/stdlib.c.obj
LOAD CMakeFiles/BareMetal_UART.dir/C_/VSARM/sdk/pico/pico-sdk/src/rp2_common/hardware_gpio/gpio.c.obj
LOAD CMakeFiles/BareMetal_UART.dir/C_/VSARM/sdk/pico/pico-sdk/src/rp2_common/hardware_claim/claim.c.obj
LOAD CMakeFiles/BareMetal_UART.dir/C_/VSARM/sdk/pico/pico-sdk/src/rp2_common/pico_platform/platform.c.obj
LOAD CMakeFiles/BareMetal_UART.dir/C_/VSARM/sdk/pico/pico-sdk/src/rp2_common/hardware_sync/sync.c.obj
LOAD CMakeFiles/BareMetal_UART.dir/C_/VSARM/sdk/pico/pico-sdk/src/rp2_common/hardware_uart/uart.c.obj
LOAD CMakeFiles/BareMetal_UART.dir/C_/VSARM/sdk/pico/pico-sdk/src/rp2_common/hardware_divider/divider.S.obj
LOAD CMakeFiles/BareMetal_UART.dir/C_/VSARM/sdk/pico/pico-sdk/src/common/pico_time/time.c.obj
LOAD CMakeFiles/BareMetal_UART.dir/C_/VSARM/sdk/pico/pico-sdk/src/common/pico_time/timeout_helper.c.obj
LOAD CMakeFiles/BareMetal_UART.dir/C_/VSARM/sdk/pico/pico-sdk/src/rp2_common/hardware_timer/timer.c.obj
LOAD CMakeFiles/BareMetal_UART.dir/C_/VSARM/sdk/pico/pico-sdk/src/common/pico_sync/sem.c.obj
LOAD CMakeFiles/BareMetal_UART.dir/C_/VSARM/sdk/pico/pico-sdk/src/common/pico_sync/lock_core.c.obj
LOAD CMakeFiles/BareMetal_UART.dir/C_/VSARM/sdk/pico/pico-sdk/src/common/pico_sync/mutex.c.obj
LOAD CMakeFiles/BareMetal_UART.dir/C_/VSARM/sdk/pico/pico-sdk/src/common/pico_sync/critical_section.c.obj
LOAD CMakeFiles/BareMetal_UART.dir/C_/VSARM/sdk/pico/pico-sdk/src/common/pico_util/datetime.c.obj
LOAD CMakeFiles/BareMetal_UART.dir/C_/VSARM/sdk/pico/pico-sdk/src/common/pico_util/pheap.c.obj
LOAD CMakeFiles/BareMetal_UART.dir/C_/VSARM/sdk/pico/pico-sdk/src/common/pico_util/queue.c.obj
LOAD CMakeFiles/BareMetal_UART.dir/C_/VSARM/sdk/pico/pico-sdk/src/rp2_common/pico_runtime/runtime.c.obj
LOAD CMakeFiles/BareMetal_UART.dir/C_/VSARM/sdk/pico/pico-sdk/src/rp2_common/hardware_clocks/clocks.c.obj
LOAD CMakeFiles/BareMetal_UART.dir/C_/VSARM/sdk/pico/pico-sdk/src/rp2_common/hardware_irq/irq.c.obj
LOAD CMakeFiles/BareMetal_UART.dir/C_/VSARM/sdk/pico/pico-sdk/src/rp2_common/hardware_irq/irq_handler_chain.S.obj
LOAD CMakeFiles/BareMetal_UART.dir/C_/VSARM/sdk/pico/pico-sdk/src/rp2_common/hardware_pll/pll.c.obj
LOAD CMakeFiles/BareMetal_UART.dir/C_/VSARM/sdk/pico/pico-sdk/src/rp2_common/hardware_vreg/vreg.c.obj
LOAD CMakeFiles/BareMetal_UART.dir/C_/VSARM/sdk/pico/pico-sdk/src/rp2_common/hardware_watchdog/watchdog.c.obj
LOAD CMakeFiles/BareMetal_UART.dir/C_/VSARM/sdk/pico/pico-sdk/src/rp2_common/hardware_xosc/xosc.c.obj
LOAD CMakeFiles/BareMetal_UART.dir/C_/VSARM/sdk/pico/pico-sdk/src/rp2_common/pico_printf/printf.c.obj
LOAD CMakeFiles/BareMetal_UART.dir/C_/VSARM/sdk/pico/pico-sdk/src/rp2_common/pico_bit_ops/bit_ops_aeabi.S.obj
LOAD CMakeFiles/BareMetal_UART.dir/C_/VSARM/sdk/pico/pico-sdk/src/rp2_common/pico_bootrom/bootrom.c.obj
LOAD CMakeFiles/BareMetal_UART.dir/C_/VSARM/sdk/pico/pico-sdk/src/rp2_common/pico_divider/divider.S.obj
LOAD CMakeFiles/BareMetal_UART.dir/C_/VSARM/sdk/pico/pico-sdk/src/rp2_common/pico_double/double_aeabi.S.obj
LOAD CMakeFiles/BareMetal_UART.dir/C_/VSARM/sdk/pico/pico-sdk/src/rp2_common/pico_double/double_init_rom.c.obj
LOAD CMakeFiles/BareMetal_UART.dir/C_/VSARM/sdk/pico/pico-sdk/src/rp2_common/pico_double/double_math.c.obj
LOAD CMakeFiles/BareMetal_UART.dir/C_/VSARM/sdk/pico/pico-sdk/src/rp2_common/pico_double/double_v1_rom_shim.S.obj
LOAD CMakeFiles/BareMetal_UART.dir/C_/VSARM/sdk/pico/pico-sdk/src/rp2_common/pico_int64_ops/pico_int64_ops_aeabi.S.obj
LOAD CMakeFiles/BareMetal_UART.dir/C_/VSARM/sdk/pico/pico-sdk/src/rp2_common/pico_float/float_aeabi.S.obj
LOAD CMakeFiles/BareMetal_UART.dir/C_/VSARM/sdk/pico/pico-sdk/src/rp2_common/pico_float/float_init_rom.c.obj
LOAD CMakeFiles/BareMetal_UART.dir/C_/VSARM/sdk/pico/pico-sdk/src/rp2_common/pico_float/float_math.c.obj
LOAD CMakeFiles/BareMetal_UART.dir/C_/VSARM/sdk/pico/pico-sdk/src/rp2_common/pico_float/float_v1_rom_shim.S.obj
LOAD CMakeFiles/BareMetal_UART.dir/C_/VSARM/sdk/pico/pico-sdk/src/rp2_common/pico_malloc/pico_malloc.c.obj
LOAD CMakeFiles/BareMetal_UART.dir/C_/VSARM/sdk/pico/pico-sdk/src/rp2_common/pico_mem_ops/mem_ops_aeabi.S.obj
LOAD CMakeFiles/BareMetal_UART.dir/C_/VSARM/sdk/pico/pico-sdk/src/rp2_common/pico_standard_link/crt0.S.obj
LOAD CMakeFiles/BareMetal_UART.dir/C_/VSARM/sdk/pico/pico-sdk/src/rp2_common/pico_standard_link/new_delete.cpp.obj
LOAD CMakeFiles/BareMetal_UART.dir/C_/VSARM/sdk/pico/pico-sdk/src/rp2_common/pico_standard_link/binary_info.c.obj
LOAD CMakeFiles/BareMetal_UART.dir/C_/VSARM/sdk/pico/pico-sdk/src/rp2_common/pico_stdio/stdio.c.obj
LOAD CMakeFiles/BareMetal_UART.dir/C_/VSARM/sdk/pico/pico-sdk/src/rp2_common/hardware_dma/dma.c.obj
LOAD libFreeRTOS.a
LOAD C:\Users\camil\AppData\Local\Temp\cc2BEzUY.o
LOAD c:/vsarm/armcc/102021~1.07/bin/../lib/gcc/arm-none-eabi/10.3.1/../../../../arm-none-eabi/lib/thumb/v6-m/nofp\libstdc++.a
LOAD c:/vsarm/armcc/102021~1.07/bin/../lib/gcc/arm-none-eabi/10.3.1/../../../../arm-none-eabi/lib/thumb/v6-m/nofp\libm.a
START GROUP
LOAD c:/vsarm/armcc/102021~1.07/bin/../lib/gcc/arm-none-eabi/10.3.1/thumb/v6-m/nofp\libgcc.a
LOAD c:/vsarm/armcc/102021~1.07/bin/../lib/gcc/arm-none-eabi/10.3.1/../../../../arm-none-eabi/lib/thumb/v6-m/nofp\libg.a
LOAD c:/vsarm/armcc/102021~1.07/bin/../lib/gcc/arm-none-eabi/10.3.1/../../../../arm-none-eabi/lib/thumb/v6-m/nofp\libc.a
END GROUP
START GROUP
LOAD c:/vsarm/armcc/102021~1.07/bin/../lib/gcc/arm-none-eabi/10.3.1/thumb/v6-m/nofp\libgcc.a
LOAD c:/vsarm/armcc/102021~1.07/bin/../lib/gcc/arm-none-eabi/10.3.1/../../../../arm-none-eabi/lib/thumb/v6-m/nofp\libc.a
LOAD c:/vsarm/armcc/102021~1.07/bin/../lib/gcc/arm-none-eabi/10.3.1/../../../../arm-none-eabi/lib/thumb/v6-m/nofp\libnosys.a
END GROUP
LOAD c:/vsarm/armcc/102021~1.07/bin/../lib/gcc/arm-none-eabi/10.3.1/thumb/v6-m/nofp/crtend.o
LOAD c:/vsarm/armcc/102021~1.07/bin/../lib/gcc/arm-none-eabi/10.3.1/thumb/v6-m/nofp/crtn.o
OUTPUT(BareMetal_UART.elf elf32-littlearm)
LOAD linker stubs

.ARM.attributes
                0x00000000       0x28
 .ARM.attributes
                0x00000000       0x1e c:/vsarm/armcc/102021~1.07/bin/../lib/gcc/arm-none-eabi/10.3.1/thumb/v6-m/nofp/crti.o
 .ARM.attributes
                0x0000001e       0x2c c:/vsarm/armcc/102021~1.07/bin/../lib/gcc/arm-none-eabi/10.3.1/thumb/v6-m/nofp/crtbegin.o
 .ARM.attributes
                0x0000004a       0x2c CMakeFiles/BareMetal_UART.dir/src/main.c.obj
 .ARM.attributes
                0x00000076       0x2c CMakeFiles/BareMetal_UART.dir/src/bsp.c.obj
 .ARM.attributes
                0x000000a2       0x2c CMakeFiles/BareMetal_UART.dir/src/uart_safe.c.obj
 .ARM.attributes
                0x000000ce       0x2c CMakeFiles/BareMetal_UART.dir/C_/VSARM/sdk/pico/pico-sdk/src/rp2_common/hardware_gpio/gpio.c.obj
 .ARM.attributes
                0x000000fa       0x2c CMakeFiles/BareMetal_UART.dir/C_/VSARM/sdk/pico/pico-sdk/src/rp2_common/hardware_claim/claim.c.obj
 .ARM.attributes
                0x00000126       0x2c CMakeFiles/BareMetal_UART.dir/C_/VSARM/sdk/pico/pico-sdk/src/rp2_common/pico_platform/platform.c.obj
 .ARM.attributes
                0x00000152       0x2c CMakeFiles/BareMetal_UART.dir/C_/VSARM/sdk/pico/pico-sdk/src/rp2_common/hardware_sync/sync.c.obj
 .ARM.attributes
                0x0000017e       0x2c CMakeFiles/BareMetal_UART.dir/C_/VSARM/sdk/pico/pico-sdk/src/rp2_common/hardware_uart/uart.c.obj
 .ARM.attributes
                0x000001aa       0x2c CMakeFiles/BareMetal_UART.dir/C_/VSARM/sdk/pico/pico-sdk/src/common/pico_time/time.c.obj
 .ARM.attributes
                0x000001d6       0x2c CMakeFiles/BareMetal_UART.dir/C_/VSARM/sdk/pico/pico-sdk/src/rp2_common/hardware_timer/timer.c.obj
 .ARM.attributes
                0x00000202       0x2c CMakeFiles/BareMetal_UART.dir/C_/VSARM/sdk/pico/pico-sdk/src/common/pico_sync/lock_core.c.obj
 .ARM.attributes
                0x0000022e       0x2c CMakeFiles/BareMetal_UART.dir/C_/VSARM/sdk/pico/pico-sdk/src/common/pico_sync/mutex.c.obj
 .ARM.attributes
                0x0000025a       0x2c CMakeFiles/BareMetal_UART.dir/C_/VSARM/sdk/pico/pico-sdk/src/common/pico_util/pheap.c.obj
 .ARM.attributes
                0x00000286       0x2c CMakeFiles/BareMetal_UART.dir/C_/VSARM/sdk/pico/pico-sdk/src/rp2_common/pico_runtime/runtime.c.obj
 .ARM.attributes
                0x000002b2       0x2c CMakeFiles/BareMetal_UART.dir/C_/VSARM/sdk/pico/pico-sdk/src/rp2_common/hardware_clocks/clocks.c.obj
 .ARM.attributes
                0x000002de       0x2c CMakeFiles/BareMetal_UART.dir/C_/VSARM/sdk/pico/pico-sdk/src/rp2_common/hardware_irq/irq.c.obj
 .ARM.attributes
                0x0000030a       0x22 CMakeFiles/BareMetal_UART.dir/C_/VSARM/sdk/pico/pico-sdk/src/rp2_common/hardware_irq/irq_handler_chain.S.obj
 .ARM.attributes
                0x0000032c       0x2c CMakeFiles/BareMetal_UART.dir/C_/VSARM/sdk/pico/pico-sdk/src/rp2_common/hardware_pll/pll.c.obj
 .ARM.attributes
                0x00000358       0x2c CMakeFiles/BareMetal_UART.dir/C_/VSARM/sdk/pico/pico-sdk/src/rp2_common/hardware_watchdog/watchdog.c.obj
 .ARM.attributes
                0x00000384       0x2c CMakeFiles/BareMetal_UART.dir/C_/VSARM/sdk/pico/pico-sdk/src/rp2_common/hardware_xosc/xosc.c.obj
 .ARM.attributes
                0x000003b0       0x2c CMakeFiles/BareMetal_UART.dir/C_/VSARM/sdk/pico/pico-sdk/src/rp2_common/pico_printf/printf.c.obj
 .ARM.attributes
                0x000003dc       0x22 CMakeFiles/BareMetal_UART.dir/C_/VSARM/sdk/pico/pico-sdk/src/rp2_common/pico_bit_ops/bit_ops_aeabi.S.obj
 .ARM.attributes
                0x000003fe       0x2c CMakeFiles/BareMetal_UART.dir/C_/VSARM/sdk/pico/pico-sdk/src/rp2_common/pico_bootrom/bootrom.c.obj
 .ARM.attributes
                0x0000042a       0x22 CMakeFiles/BareMetal_UART.dir/C_/VSARM/sdk/pico/pico-sdk/src/rp2_common/pico_divider/divider.S.obj
 .ARM.attributes
                0x0000044c       0x22 CMakeFiles/BareMetal_UART.dir/C_/VSARM/sdk/pico/pico-sdk/src/rp2_common/pico_double/double_aeabi.S.obj
 .ARM.attributes
                0x0000046e       0x2c CMakeFiles/BareMetal_UART.dir/C_/VSARM/sdk/pico/pico-sdk/src/rp2_common/pico_double/double_init_rom.c.obj
 .ARM.attributes
                0x0000049a       0x22 CMakeFiles/BareMetal_UART.dir/C_/VSARM/sdk/pico/pico-sdk/src/rp2_common/pico_double/double_v1_rom_shim.S.obj
 .ARM.attributes
                0x000004bc       0x22 CMakeFiles/BareMetal_UART.dir/C_/VSARM/sdk/pico/pico-sdk/src/rp2_common/pico_float/float_aeabi.S.obj
 .ARM.attributes
                0x000004de       0x2c CMakeFiles/BareMetal_UART.dir/C_/VSARM/sdk/pico/pico-sdk/src/rp2_common/pico_float/float_init_rom.c.obj
 .ARM.attributes
                0x0000050a       0x2c CMakeFiles/BareMetal_UART.dir/C_/VSARM/sdk/pico/pico-sdk/src/rp2_common/pico_float/float_math.c.obj
 .ARM.attributes
                0x00000536       0x22 CMakeFiles/BareMetal_UART.dir/C_/VSARM/sdk/pico/pico-sdk/src/rp2_common/pico_float/float_v1_rom_shim.S.obj
 .ARM.attributes
                0x00000558       0x22 CMakeFiles/BareMetal_UART.dir/C_/VSARM/sdk/pico/pico-sdk/src/rp2_common/pico_mem_ops/mem_ops_aeabi.S.obj
 .ARM.attributes
                0x0000057a       0x22 CMakeFiles/BareMetal_UART.dir/C_/VSARM/sdk/pico/pico-sdk/src/rp2_common/pico_standard_link/crt0.S.obj
 .ARM.attributes
                0x0000059c       0x32 CMakeFiles/BareMetal_UART.dir/C_/VSARM/sdk/pico/pico-sdk/src/rp2_common/pico_standard_link/binary_info.c.obj
 .ARM.attributes
                0x000005ce       0x2c CMakeFiles/BareMetal_UART.dir/C_/VSARM/sdk/pico/pico-sdk/src/rp2_common/pico_stdio/stdio.c.obj
 .ARM.attributes
                0x000005fa       0x22 C:\Users\camil\AppData\Local\Temp\cc2BEzUY.o
 .ARM.attributes
                0x0000061c       0x1e c:/vsarm/armcc/102021~1.07/bin/../lib/gcc/arm-none-eabi/10.3.1/thumb/v6-m/nofp\libgcc.a(_dvmd_tls.o)
 .ARM.attributes
                0x0000063a       0x2c c:/vsarm/armcc/102021~1.07/bin/../lib/gcc/arm-none-eabi/10.3.1/../../../../arm-none-eabi/lib/thumb/v6-m/nofp\libg.a(lib_a-strlen-stub.o)

.comment        0x00000000       0x49
 .comment       0x00000000       0x49 CMakeFiles/BareMetal_UART.dir/src/main.c.obj
                                 0x4a (size before relaxing)
 .comment       0x00000049       0x4a CMakeFiles/BareMetal_UART.dir/src/bsp.c.obj
 .comment       0x00000049       0x4a CMakeFiles/BareMetal_UART.dir/src/uart_safe.c.obj
 .comment       0x00000049       0x4a CMakeFiles/BareMetal_UART.dir/C_/VSARM/sdk/pico/pico-sdk/src/rp2_common/hardware_gpio/gpio.c.obj
 .comment       0x00000049       0x4a CMakeFiles/BareMetal_UART.dir/C_/VSARM/sdk/pico/pico-sdk/src/rp2_common/hardware_claim/claim.c.obj
 .comment       0x00000049       0x4a CMakeFiles/BareMetal_UART.dir/C_/VSARM/sdk/pico/pico-sdk/src/rp2_common/pico_platform/platform.c.obj
 .comment       0x00000049       0x4a CMakeFiles/BareMetal_UART.dir/C_/VSARM/sdk/pico/pico-sdk/src/rp2_common/hardware_sync/sync.c.obj
 .comment       0x00000049       0x4a CMakeFiles/BareMetal_UART.dir/C_/VSARM/sdk/pico/pico-sdk/src/rp2_common/hardware_uart/uart.c.obj
 .comment       0x00000049       0x4a CMakeFiles/BareMetal_UART.dir/C_/VSARM/sdk/pico/pico-sdk/src/common/pico_time/time.c.obj
 .comment       0x00000049       0x4a CMakeFiles/BareMetal_UART.dir/C_/VSARM/sdk/pico/pico-sdk/src/rp2_common/hardware_timer/timer.c.obj
 .comment       0x00000049       0x4a CMakeFiles/BareMetal_UART.dir/C_/VSARM/sdk/pico/pico-sdk/src/common/pico_sync/lock_core.c.obj
 .comment       0x00000049       0x4a CMakeFiles/BareMetal_UART.dir/C_/VSARM/sdk/pico/pico-sdk/src/common/pico_sync/mutex.c.obj
 .comment       0x00000049       0x4a CMakeFiles/BareMetal_UART.dir/C_/VSARM/sdk/pico/pico-sdk/src/common/pico_util/pheap.c.obj
 .comment       0x00000049       0x4a CMakeFiles/BareMetal_UART.dir/C_/VSARM/sdk/pico/pico-sdk/src/rp2_common/pico_runtime/runtime.c.obj
 .comment       0x00000049       0x4a CMakeFiles/BareMetal_UART.dir/C_/VSARM/sdk/pico/pico-sdk/src/rp2_common/hardware_clocks/clocks.c.obj
 .comment       0x00000049       0x4a CMakeFiles/BareMetal_UART.dir/C_/VSARM/sdk/pico/pico-sdk/src/rp2_common/hardware_irq/irq.c.obj
 .comment       0x00000049       0x4a CMakeFiles/BareMetal_UART.dir/C_/VSARM/sdk/pico/pico-sdk/src/rp2_common/hardware_pll/pll.c.obj
 .comment       0x00000049       0x4a CMakeFiles/BareMetal_UART.dir/C_/VSARM/sdk/pico/pico-sdk/src/rp2_common/hardware_watchdog/watchdog.c.obj
 .comment       0x00000049       0x4a CMakeFiles/BareMetal_UART.dir/C_/VSARM/sdk/pico/pico-sdk/src/rp2_common/hardware_xosc/xosc.c.obj
 .comment       0x00000049       0x4a CMakeFiles/BareMetal_UART.dir/C_/VSARM/sdk/pico/pico-sdk/src/rp2_common/pico_printf/printf.c.obj
 .comment       0x00000049       0x4a CMakeFiles/BareMetal_UART.dir/C_/VSARM/sdk/pico/pico-sdk/src/rp2_common/pico_bootrom/bootrom.c.obj
 .comment       0x00000049       0x4a CMakeFiles/BareMetal_UART.dir/C_/VSARM/sdk/pico/pico-sdk/src/rp2_common/pico_double/double_init_rom.c.obj
 .comment       0x00000049       0x4a CMakeFiles/BareMetal_UART.dir/C_/VSARM/sdk/pico/pico-sdk/src/rp2_common/pico_float/float_init_rom.c.obj
 .comment       0x00000049       0x4a CMakeFiles/BareMetal_UART.dir/C_/VSARM/sdk/pico/pico-sdk/src/rp2_common/pico_float/float_math.c.obj
 .comment       0x00000049       0x4a CMakeFiles/BareMetal_UART.dir/C_/VSARM/sdk/pico/pico-sdk/src/rp2_common/pico_standard_link/binary_info.c.obj
 .comment       0x00000049       0x4a CMakeFiles/BareMetal_UART.dir/C_/VSARM/sdk/pico/pico-sdk/src/rp2_common/pico_stdio/stdio.c.obj

.debug_info     0x00000000    0x1714b
 .debug_info    0x00000000      0x46c CMakeFiles/BareMetal_UART.dir/src/main.c.obj
 .debug_info    0x0000046c     0x1e7d CMakeFiles/BareMetal_UART.dir/src/bsp.c.obj
 .debug_info    0x000022e9      0x879 CMakeFiles/BareMetal_UART.dir/src/uart_safe.c.obj
 .debug_info    0x00002b62     0x1465 CMakeFiles/BareMetal_UART.dir/C_/VSARM/sdk/pico/pico-sdk/src/rp2_common/hardware_gpio/gpio.c.obj
 .debug_info    0x00003fc7      0x6ba CMakeFiles/BareMetal_UART.dir/C_/VSARM/sdk/pico/pico-sdk/src/rp2_common/hardware_claim/claim.c.obj
 .debug_info    0x00004681      0x1e3 CMakeFiles/BareMetal_UART.dir/C_/VSARM/sdk/pico/pico-sdk/src/rp2_common/pico_platform/platform.c.obj
 .debug_info    0x00004864      0x58e CMakeFiles/BareMetal_UART.dir/C_/VSARM/sdk/pico/pico-sdk/src/rp2_common/hardware_sync/sync.c.obj
 .debug_info    0x00004df2      0xb64 CMakeFiles/BareMetal_UART.dir/C_/VSARM/sdk/pico/pico-sdk/src/rp2_common/hardware_uart/uart.c.obj
 .debug_info    0x00005956     0x3b2f CMakeFiles/BareMetal_UART.dir/C_/VSARM/sdk/pico/pico-sdk/src/common/pico_time/time.c.obj
 .debug_info    0x00009485     0x1130 CMakeFiles/BareMetal_UART.dir/C_/VSARM/sdk/pico/pico-sdk/src/rp2_common/hardware_timer/timer.c.obj
 .debug_info    0x0000a5b5      0x1a4 CMakeFiles/BareMetal_UART.dir/C_/VSARM/sdk/pico/pico-sdk/src/common/pico_sync/lock_core.c.obj
 .debug_info    0x0000a759     0x13b2 CMakeFiles/BareMetal_UART.dir/C_/VSARM/sdk/pico/pico-sdk/src/common/pico_sync/mutex.c.obj
 .debug_info    0x0000bb0b     0x120c CMakeFiles/BareMetal_UART.dir/C_/VSARM/sdk/pico/pico-sdk/src/common/pico_util/pheap.c.obj
 .debug_info    0x0000cd17      0x9bc CMakeFiles/BareMetal_UART.dir/C_/VSARM/sdk/pico/pico-sdk/src/rp2_common/pico_runtime/runtime.c.obj
 .debug_info    0x0000d6d3      0xf56 CMakeFiles/BareMetal_UART.dir/C_/VSARM/sdk/pico/pico-sdk/src/rp2_common/hardware_clocks/clocks.c.obj
 .debug_info    0x0000e629     0x191a CMakeFiles/BareMetal_UART.dir/C_/VSARM/sdk/pico/pico-sdk/src/rp2_common/hardware_irq/irq.c.obj
 .debug_info    0x0000ff43      0x509 CMakeFiles/BareMetal_UART.dir/C_/VSARM/sdk/pico/pico-sdk/src/rp2_common/hardware_pll/pll.c.obj
 .debug_info    0x0001044c      0x49c CMakeFiles/BareMetal_UART.dir/C_/VSARM/sdk/pico/pico-sdk/src/rp2_common/hardware_watchdog/watchdog.c.obj
 .debug_info    0x000108e8      0x1dd CMakeFiles/BareMetal_UART.dir/C_/VSARM/sdk/pico/pico-sdk/src/rp2_common/hardware_xosc/xosc.c.obj
 .debug_info    0x00010ac5     0x1a5f CMakeFiles/BareMetal_UART.dir/C_/VSARM/sdk/pico/pico-sdk/src/rp2_common/pico_printf/printf.c.obj
 .debug_info    0x00012524       0x22 CMakeFiles/BareMetal_UART.dir/C_/VSARM/sdk/pico/pico-sdk/src/rp2_common/pico_bit_ops/bit_ops_aeabi.S.obj
 .debug_info    0x00012546      0x231 CMakeFiles/BareMetal_UART.dir/C_/VSARM/sdk/pico/pico-sdk/src/rp2_common/pico_bootrom/bootrom.c.obj
 .debug_info    0x00012777       0x22 CMakeFiles/BareMetal_UART.dir/C_/VSARM/sdk/pico/pico-sdk/src/rp2_common/pico_divider/divider.S.obj
 .debug_info    0x00012799       0x22 CMakeFiles/BareMetal_UART.dir/C_/VSARM/sdk/pico/pico-sdk/src/rp2_common/pico_double/double_aeabi.S.obj
 .debug_info    0x000127bb      0x2a0 CMakeFiles/BareMetal_UART.dir/C_/VSARM/sdk/pico/pico-sdk/src/rp2_common/pico_double/double_init_rom.c.obj
 .debug_info    0x00012a5b       0x22 CMakeFiles/BareMetal_UART.dir/C_/VSARM/sdk/pico/pico-sdk/src/rp2_common/pico_double/double_v1_rom_shim.S.obj
 .debug_info    0x00012a7d       0x22 CMakeFiles/BareMetal_UART.dir/C_/VSARM/sdk/pico/pico-sdk/src/rp2_common/pico_float/float_aeabi.S.obj
 .debug_info    0x00012a9f      0x2e9 CMakeFiles/BareMetal_UART.dir/C_/VSARM/sdk/pico/pico-sdk/src/rp2_common/pico_float/float_init_rom.c.obj
 .debug_info    0x00012d88     0x2f16 CMakeFiles/BareMetal_UART.dir/C_/VSARM/sdk/pico/pico-sdk/src/rp2_common/pico_float/float_math.c.obj
 .debug_info    0x00015c9e       0x22 CMakeFiles/BareMetal_UART.dir/C_/VSARM/sdk/pico/pico-sdk/src/rp2_common/pico_float/float_v1_rom_shim.S.obj
 .debug_info    0x00015cc0       0x22 CMakeFiles/BareMetal_UART.dir/C_/VSARM/sdk/pico/pico-sdk/src/rp2_common/pico_mem_ops/mem_ops_aeabi.S.obj
 .debug_info    0x00015ce2       0x22 CMakeFiles/BareMetal_UART.dir/C_/VSARM/sdk/pico/pico-sdk/src/rp2_common/pico_standard_link/crt0.S.obj
 .debug_info    0x00015d04      0x2f6 CMakeFiles/BareMetal_UART.dir/C_/VSARM/sdk/pico/pico-sdk/src/rp2_common/pico_standard_link/binary_info.c.obj
 .debug_info    0x00015ffa     0x1151 CMakeFiles/BareMetal_UART.dir/C_/VSARM/sdk/pico/pico-sdk/src/rp2_common/pico_stdio/stdio.c.obj

.debug_abbrev   0x00000000     0x4383
 .debug_abbrev  0x00000000      0x202 CMakeFiles/BareMetal_UART.dir/src/main.c.obj
 .debug_abbrev  0x00000202      0x3b9 CMakeFiles/BareMetal_UART.dir/src/bsp.c.obj
 .debug_abbrev  0x000005bb      0x26e CMakeFiles/BareMetal_UART.dir/src/uart_safe.c.obj
 .debug_abbrev  0x00000829      0x2c4 CMakeFiles/BareMetal_UART.dir/C_/VSARM/sdk/pico/pico-sdk/src/rp2_common/hardware_gpio/gpio.c.obj
 .debug_abbrev  0x00000aed      0x2d6 CMakeFiles/BareMetal_UART.dir/C_/VSARM/sdk/pico/pico-sdk/src/rp2_common/hardware_claim/claim.c.obj
 .debug_abbrev  0x00000dc3       0xeb CMakeFiles/BareMetal_UART.dir/C_/VSARM/sdk/pico/pico-sdk/src/rp2_common/pico_platform/platform.c.obj
 .debug_abbrev  0x00000eae      0x21b CMakeFiles/BareMetal_UART.dir/C_/VSARM/sdk/pico/pico-sdk/src/rp2_common/hardware_sync/sync.c.obj
 .debug_abbrev  0x000010c9      0x2d2 CMakeFiles/BareMetal_UART.dir/C_/VSARM/sdk/pico/pico-sdk/src/rp2_common/hardware_uart/uart.c.obj
 .debug_abbrev  0x0000139b      0x53c CMakeFiles/BareMetal_UART.dir/C_/VSARM/sdk/pico/pico-sdk/src/common/pico_time/time.c.obj
 .debug_abbrev  0x000018d7      0x37e CMakeFiles/BareMetal_UART.dir/C_/VSARM/sdk/pico/pico-sdk/src/rp2_common/hardware_timer/timer.c.obj
 .debug_abbrev  0x00001c55      0x116 CMakeFiles/BareMetal_UART.dir/C_/VSARM/sdk/pico/pico-sdk/src/common/pico_sync/lock_core.c.obj
 .debug_abbrev  0x00001d6b      0x37d CMakeFiles/BareMetal_UART.dir/C_/VSARM/sdk/pico/pico-sdk/src/common/pico_sync/mutex.c.obj
 .debug_abbrev  0x000020e8      0x297 CMakeFiles/BareMetal_UART.dir/C_/VSARM/sdk/pico/pico-sdk/src/common/pico_util/pheap.c.obj
 .debug_abbrev  0x0000237f      0x35a CMakeFiles/BareMetal_UART.dir/C_/VSARM/sdk/pico/pico-sdk/src/rp2_common/pico_runtime/runtime.c.obj
 .debug_abbrev  0x000026d9      0x372 CMakeFiles/BareMetal_UART.dir/C_/VSARM/sdk/pico/pico-sdk/src/rp2_common/hardware_clocks/clocks.c.obj
 .debug_abbrev  0x00002a4b      0x4a5 CMakeFiles/BareMetal_UART.dir/C_/VSARM/sdk/pico/pico-sdk/src/rp2_common/hardware_irq/irq.c.obj
 .debug_abbrev  0x00002ef0      0x1ea CMakeFiles/BareMetal_UART.dir/C_/VSARM/sdk/pico/pico-sdk/src/rp2_common/hardware_pll/pll.c.obj
 .debug_abbrev  0x000030da      0x1b1 CMakeFiles/BareMetal_UART.dir/C_/VSARM/sdk/pico/pico-sdk/src/rp2_common/hardware_watchdog/watchdog.c.obj
 .debug_abbrev  0x0000328b      0x109 CMakeFiles/BareMetal_UART.dir/C_/VSARM/sdk/pico/pico-sdk/src/rp2_common/hardware_xosc/xosc.c.obj
 .debug_abbrev  0x00003394      0x384 CMakeFiles/BareMetal_UART.dir/C_/VSARM/sdk/pico/pico-sdk/src/rp2_common/pico_printf/printf.c.obj
 .debug_abbrev  0x00003718       0x12 CMakeFiles/BareMetal_UART.dir/C_/VSARM/sdk/pico/pico-sdk/src/rp2_common/pico_bit_ops/bit_ops_aeabi.S.obj
 .debug_abbrev  0x0000372a       0xf8 CMakeFiles/BareMetal_UART.dir/C_/VSARM/sdk/pico/pico-sdk/src/rp2_common/pico_bootrom/bootrom.c.obj
 .debug_abbrev  0x00003822       0x12 CMakeFiles/BareMetal_UART.dir/C_/VSARM/sdk/pico/pico-sdk/src/rp2_common/pico_divider/divider.S.obj
 .debug_abbrev  0x00003834       0x12 CMakeFiles/BareMetal_UART.dir/C_/VSARM/sdk/pico/pico-sdk/src/rp2_common/pico_double/double_aeabi.S.obj
 .debug_abbrev  0x00003846      0x166 CMakeFiles/BareMetal_UART.dir/C_/VSARM/sdk/pico/pico-sdk/src/rp2_common/pico_double/double_init_rom.c.obj
 .debug_abbrev  0x000039ac       0x12 CMakeFiles/BareMetal_UART.dir/C_/VSARM/sdk/pico/pico-sdk/src/rp2_common/pico_double/double_v1_rom_shim.S.obj
 .debug_abbrev  0x000039be       0x12 CMakeFiles/BareMetal_UART.dir/C_/VSARM/sdk/pico/pico-sdk/src/rp2_common/pico_float/float_aeabi.S.obj
 .debug_abbrev  0x000039d0      0x179 CMakeFiles/BareMetal_UART.dir/C_/VSARM/sdk/pico/pico-sdk/src/rp2_common/pico_float/float_init_rom.c.obj
 .debug_abbrev  0x00003b49      0x296 CMakeFiles/BareMetal_UART.dir/C_/VSARM/sdk/pico/pico-sdk/src/rp2_common/pico_float/float_math.c.obj
 .debug_abbrev  0x00003ddf       0x12 CMakeFiles/BareMetal_UART.dir/C_/VSARM/sdk/pico/pico-sdk/src/rp2_common/pico_float/float_v1_rom_shim.S.obj
 .debug_abbrev  0x00003df1       0x12 CMakeFiles/BareMetal_UART.dir/C_/VSARM/sdk/pico/pico-sdk/src/rp2_common/pico_mem_ops/mem_ops_aeabi.S.obj
 .debug_abbrev  0x00003e03       0x12 CMakeFiles/BareMetal_UART.dir/C_/VSARM/sdk/pico/pico-sdk/src/rp2_common/pico_standard_link/crt0.S.obj
 .debug_abbrev  0x00003e15       0xad CMakeFiles/BareMetal_UART.dir/C_/VSARM/sdk/pico/pico-sdk/src/rp2_common/pico_standard_link/binary_info.c.obj
 .debug_abbrev  0x00003ec2      0x4c1 CMakeFiles/BareMetal_UART.dir/C_/VSARM/sdk/pico/pico-sdk/src/rp2_common/pico_stdio/stdio.c.obj

.debug_loc      0x00000000    0x11f15
 .debug_loc     0x00000000       0x45 CMakeFiles/BareMetal_UART.dir/src/main.c.obj
 .debug_loc     0x00000045     0x1118 CMakeFiles/BareMetal_UART.dir/src/bsp.c.obj
 .debug_loc     0x0000115d      0x3b0 CMakeFiles/BareMetal_UART.dir/src/uart_safe.c.obj
 .debug_loc     0x0000150d      0xede CMakeFiles/BareMetal_UART.dir/C_/VSARM/sdk/pico/pico-sdk/src/rp2_common/hardware_gpio/gpio.c.obj
 .debug_loc     0x000023eb      0x45f CMakeFiles/BareMetal_UART.dir/C_/VSARM/sdk/pico/pico-sdk/src/rp2_common/hardware_claim/claim.c.obj
 .debug_loc     0x0000284a       0xe9 CMakeFiles/BareMetal_UART.dir/C_/VSARM/sdk/pico/pico-sdk/src/rp2_common/pico_platform/platform.c.obj
 .debug_loc     0x00002933      0x233 CMakeFiles/BareMetal_UART.dir/C_/VSARM/sdk/pico/pico-sdk/src/rp2_common/hardware_sync/sync.c.obj
 .debug_loc     0x00002b66      0x533 CMakeFiles/BareMetal_UART.dir/C_/VSARM/sdk/pico/pico-sdk/src/rp2_common/hardware_uart/uart.c.obj
 .debug_loc     0x00003099     0x2e37 CMakeFiles/BareMetal_UART.dir/C_/VSARM/sdk/pico/pico-sdk/src/common/pico_time/time.c.obj
 .debug_loc     0x00005ed0      0x952 CMakeFiles/BareMetal_UART.dir/C_/VSARM/sdk/pico/pico-sdk/src/rp2_common/hardware_timer/timer.c.obj
 .debug_loc     0x00006822       0x60 CMakeFiles/BareMetal_UART.dir/C_/VSARM/sdk/pico/pico-sdk/src/common/pico_sync/lock_core.c.obj
 .debug_loc     0x00006882      0xbc3 CMakeFiles/BareMetal_UART.dir/C_/VSARM/sdk/pico/pico-sdk/src/common/pico_sync/mutex.c.obj
 .debug_loc     0x00007445     0x1439 CMakeFiles/BareMetal_UART.dir/C_/VSARM/sdk/pico/pico-sdk/src/common/pico_util/pheap.c.obj
 .debug_loc     0x0000887e      0x3c6 CMakeFiles/BareMetal_UART.dir/C_/VSARM/sdk/pico/pico-sdk/src/rp2_common/pico_runtime/runtime.c.obj
 .debug_loc     0x00008c44      0x7eb CMakeFiles/BareMetal_UART.dir/C_/VSARM/sdk/pico/pico-sdk/src/rp2_common/hardware_clocks/clocks.c.obj
 .debug_loc     0x0000942f     0x1186 CMakeFiles/BareMetal_UART.dir/C_/VSARM/sdk/pico/pico-sdk/src/rp2_common/hardware_irq/irq.c.obj
 .debug_loc     0x0000a5b5      0x300 CMakeFiles/BareMetal_UART.dir/C_/VSARM/sdk/pico/pico-sdk/src/rp2_common/hardware_pll/pll.c.obj
 .debug_loc     0x0000a8b5      0x267 CMakeFiles/BareMetal_UART.dir/C_/VSARM/sdk/pico/pico-sdk/src/rp2_common/hardware_watchdog/watchdog.c.obj
 .debug_loc     0x0000ab1c       0x71 CMakeFiles/BareMetal_UART.dir/C_/VSARM/sdk/pico/pico-sdk/src/rp2_common/hardware_xosc/xosc.c.obj
 .debug_loc     0x0000ab8d     0x2095 CMakeFiles/BareMetal_UART.dir/C_/VSARM/sdk/pico/pico-sdk/src/rp2_common/pico_printf/printf.c.obj
 .debug_loc     0x0000cc22      0x16f CMakeFiles/BareMetal_UART.dir/C_/VSARM/sdk/pico/pico-sdk/src/rp2_common/pico_bootrom/bootrom.c.obj
 .debug_loc     0x0000cd91       0x59 CMakeFiles/BareMetal_UART.dir/C_/VSARM/sdk/pico/pico-sdk/src/rp2_common/pico_double/double_init_rom.c.obj
 .debug_loc     0x0000cdea       0x73 CMakeFiles/BareMetal_UART.dir/C_/VSARM/sdk/pico/pico-sdk/src/rp2_common/pico_float/float_init_rom.c.obj
 .debug_loc     0x0000ce5d     0x4685 CMakeFiles/BareMetal_UART.dir/C_/VSARM/sdk/pico/pico-sdk/src/rp2_common/pico_float/float_math.c.obj
 .debug_loc     0x000114e2      0xa33 CMakeFiles/BareMetal_UART.dir/C_/VSARM/sdk/pico/pico-sdk/src/rp2_common/pico_stdio/stdio.c.obj

.debug_aranges  0x00000000      0xf10
 .debug_aranges
                0x00000000       0x28 CMakeFiles/BareMetal_UART.dir/src/main.c.obj
 .debug_aranges
                0x00000028       0xd0 CMakeFiles/BareMetal_UART.dir/src/bsp.c.obj
 .debug_aranges
                0x000000f8       0x68 CMakeFiles/BareMetal_UART.dir/src/uart_safe.c.obj
 .debug_aranges
                0x00000160       0xd8 CMakeFiles/BareMetal_UART.dir/C_/VSARM/sdk/pico/pico-sdk/src/rp2_common/hardware_gpio/gpio.c.obj
 .debug_aranges
                0x00000238       0x48 CMakeFiles/BareMetal_UART.dir/C_/VSARM/sdk/pico/pico-sdk/src/rp2_common/hardware_claim/claim.c.obj
 .debug_aranges
                0x00000280       0x28 CMakeFiles/BareMetal_UART.dir/C_/VSARM/sdk/pico/pico-sdk/src/rp2_common/pico_platform/platform.c.obj
 .debug_aranges
                0x000002a8       0x58 CMakeFiles/BareMetal_UART.dir/C_/VSARM/sdk/pico/pico-sdk/src/rp2_common/hardware_sync/sync.c.obj
 .debug_aranges
                0x00000300       0x40 CMakeFiles/BareMetal_UART.dir/C_/VSARM/sdk/pico/pico-sdk/src/rp2_common/hardware_uart/uart.c.obj
 .debug_aranges
                0x00000340       0xd0 CMakeFiles/BareMetal_UART.dir/C_/VSARM/sdk/pico/pico-sdk/src/common/pico_time/time.c.obj
 .debug_aranges
                0x00000410       0x78 CMakeFiles/BareMetal_UART.dir/C_/VSARM/sdk/pico/pico-sdk/src/rp2_common/hardware_timer/timer.c.obj
 .debug_aranges
                0x00000488       0x20 CMakeFiles/BareMetal_UART.dir/C_/VSARM/sdk/pico/pico-sdk/src/common/pico_sync/lock_core.c.obj
 .debug_aranges
                0x000004a8       0x60 CMakeFiles/BareMetal_UART.dir/C_/VSARM/sdk/pico/pico-sdk/src/common/pico_sync/mutex.c.obj
 .debug_aranges
                0x00000508       0x78 CMakeFiles/BareMetal_UART.dir/C_/VSARM/sdk/pico/pico-sdk/src/common/pico_util/pheap.c.obj
 .debug_aranges
                0x00000580       0x60 CMakeFiles/BareMetal_UART.dir/C_/VSARM/sdk/pico/pico-sdk/src/rp2_common/pico_runtime/runtime.c.obj
 .debug_aranges
                0x000005e0       0x70 CMakeFiles/BareMetal_UART.dir/C_/VSARM/sdk/pico/pico-sdk/src/rp2_common/hardware_clocks/clocks.c.obj
 .debug_aranges
                0x00000650       0x90 CMakeFiles/BareMetal_UART.dir/C_/VSARM/sdk/pico/pico-sdk/src/rp2_common/hardware_irq/irq.c.obj
 .debug_aranges
                0x000006e0       0x28 CMakeFiles/BareMetal_UART.dir/C_/VSARM/sdk/pico/pico-sdk/src/rp2_common/hardware_pll/pll.c.obj
 .debug_aranges
                0x00000708       0x50 CMakeFiles/BareMetal_UART.dir/C_/VSARM/sdk/pico/pico-sdk/src/rp2_common/hardware_watchdog/watchdog.c.obj
 .debug_aranges
                0x00000758       0x30 CMakeFiles/BareMetal_UART.dir/C_/VSARM/sdk/pico/pico-sdk/src/rp2_common/hardware_xosc/xosc.c.obj
 .debug_aranges
                0x00000788       0x90 CMakeFiles/BareMetal_UART.dir/C_/VSARM/sdk/pico/pico-sdk/src/rp2_common/pico_printf/printf.c.obj
 .debug_aranges
                0x00000818       0x68 CMakeFiles/BareMetal_UART.dir/C_/VSARM/sdk/pico/pico-sdk/src/rp2_common/pico_bit_ops/bit_ops_aeabi.S.obj
 .debug_aranges
                0x00000880       0x30 CMakeFiles/BareMetal_UART.dir/C_/VSARM/sdk/pico/pico-sdk/src/rp2_common/pico_bootrom/bootrom.c.obj
 .debug_aranges
                0x000008b0       0x40 CMakeFiles/BareMetal_UART.dir/C_/VSARM/sdk/pico/pico-sdk/src/rp2_common/pico_divider/divider.S.obj
 .debug_aranges
                0x000008f0      0x140 CMakeFiles/BareMetal_UART.dir/C_/VSARM/sdk/pico/pico-sdk/src/rp2_common/pico_double/double_aeabi.S.obj
 .debug_aranges
                0x00000a30       0x20 CMakeFiles/BareMetal_UART.dir/C_/VSARM/sdk/pico/pico-sdk/src/rp2_common/pico_double/double_init_rom.c.obj
 .debug_aranges
                0x00000a50       0xc8 CMakeFiles/BareMetal_UART.dir/C_/VSARM/sdk/pico/pico-sdk/src/rp2_common/pico_double/double_v1_rom_shim.S.obj
 .debug_aranges