Archive member included to satisfy reference by file (symbol)

c:/vsarm/armcc/102021~1.07/bin/../lib/gcc/arm-none-eabi/10.3.1/thumb/v6-m/nofp\libgcc.a(_dvmd_tls.o)
                              CMakeFiles/BareMetal_UART.dir/C_/VSARM/sdk/pico/pico-sdk/src/rp2_common/pico_divider/divider.S.obj (__aeabi_idiv0)
c:/vsarm/armcc/102021~1.07/bin/../lib/gcc/arm-none-eabi/10.3.1/../../../../arm-none-eabi/lib/thumb/v6-m/nofp\libg.a(lib_a-calloc.o)
                              CMakeFiles/BareMetal_UART.dir/C_/VSARM/sdk/pico/pico-sdk/src/rp2_common/pico_malloc/pico_malloc.c.obj (calloc)
c:/vsarm/armcc/102021~1.07/bin/../lib/gcc/arm-none-eabi/10.3.1/../../../../arm-none-eabi/lib/thumb/v6-m/nofp\libg.a(lib_a-callocr.o)
                              c:/vsarm/armcc/102021~1.07/bin/../lib/gcc/arm-none-eabi/10.3.1/../../../../arm-none-eabi/lib/thumb/v6-m/nofp\libg.a(lib_a-calloc.o) (_calloc_r)
c:/vsarm/armcc/102021~1.07/bin/../lib/gcc/arm-none-eabi/10.3.1/../../../../arm-none-eabi/lib/thumb/v6-m/nofp\libg.a(lib_a-errno.o)
                              c:/vsarm/armcc/102021~1.07/bin/../lib/gcc/arm-none-eabi/10.3.1/../../../../arm-none-eabi/lib/thumb/v6-m/nofp\libg.a(lib_a-callocr.o) (__errno)
c:/vsarm/armcc/102021~1.07/bin/../lib/gcc/arm-none-eabi/10.3.1/../../../../arm-none-eabi/lib/thumb/v6-m/nofp\libg.a(lib_a-impure.o)
                              c:/vsarm/armcc/102021~1.07/bin/../lib/gcc/arm-none-eabi/10.3.1/../../../../arm-none-eabi/lib/thumb/v6-m/nofp\libg.a(lib_a-calloc.o) (_impure_ptr)
c:/vsarm/armcc/102021~1.07/bin/../lib/gcc/arm-none-eabi/10.3.1/../../../../arm-none-eabi/lib/thumb/v6-m/nofp\libg.a(lib_a-init.o)
                              c:/vsarm/armcc/102021~1.07/bin/../lib/gcc/arm-none-eabi/10.3.1/../../../../arm-none-eabi/lib/thumb/v6-m/nofp/crt0.o (__libc_init_array)
c:/vsarm/armcc/102021~1.07/bin/../lib/gcc/arm-none-eabi/10.3.1/../../../../arm-none-eabi/lib/thumb/v6-m/nofp\libg.a(lib_a-malloc.o)
                              CMakeFiles/BareMetal_UART.dir/C_/VSARM/sdk/pico/pico-sdk/src/rp2_common/pico_malloc/pico_malloc.c.obj (malloc)
c:/vsarm/armcc/102021~1.07/bin/../lib/gcc/arm-none-eabi/10.3.1/../../../../arm-none-eabi/lib/thumb/v6-m/nofp\libg.a(lib_a-mallocr.o)
                              c:/vsarm/armcc/102021~1.07/bin/../lib/gcc/arm-none-eabi/10.3.1/../../../../arm-none-eabi/lib/thumb/v6-m/nofp\libg.a(lib_a-callocr.o) (_malloc_r)
c:/vsarm/armcc/102021~1.07/bin/../lib/gcc/arm-none-eabi/10.3.1/../../../../arm-none-eabi/lib/thumb/v6-m/nofp\libg.a(lib_a-mlock.o)
                              c:/vsarm/armcc/102021~1.07/bin/../lib/gcc/arm-none-eabi/10.3.1/../../../../arm-none-eabi/lib/thumb/v6-m/nofp\libg.a(lib_a-mallocr.o) (__malloc_lock)
c:/vsarm/armcc/102021~1.07/bin/../lib/gcc/arm-none-eabi/10.3.1/../../../../arm-none-eabi/lib/thumb/v6-m/nofp\libg.a(lib_a-sbrkr.o)
                              c:/vsarm/armcc/102021~1.07/bin/../lib/gcc/arm-none-eabi/10.3.1/../../../../arm-none-eabi/lib/thumb/v6-m/nofp\libg.a(lib_a-mallocr.o) (_sbrk_r)
c:/vsarm/armcc/102021~1.07/bin/../lib/gcc/arm-none-eabi/10.3.1/../../../../arm-none-eabi/lib/thumb/v6-m/nofp\libg.a(lib_a-strlen-stub.o)
                              CMakeFiles/BareMetal_UART.dir/C_/VSARM/sdk/pico/pico-sdk/src/rp2_common/pico_stdio/stdio.c.obj (strlen)
c:/vsarm/armcc/102021~1.07/bin/../lib/gcc/arm-none-eabi/10.3.1/../../../../arm-none-eabi/lib/thumb/v6-m/nofp\libg.a(lib_a-freer.o)
                              c:/vsarm/armcc/102021~1.07/bin/../lib/gcc/arm-none-eabi/10.3.1/../../../../arm-none-eabi/lib/thumb/v6-m/nofp\libg.a(lib_a-malloc.o) (_free_r)
c:/vsarm/armcc/102021~1.07/bin/../lib/gcc/arm-none-eabi/10.3.1/../../../../arm-none-eabi/lib/thumb/v6-m/nofp\libg.a(lib_a-lock.o)
                              c:/vsarm/armcc/102021~1.07/bin/../lib/gcc/arm-none-eabi/10.3.1/../../../../arm-none-eabi/lib/thumb/v6-m/nofp\libg.a(lib_a-mlock.o) (__retarget_lock_acquire_recursive)
c:/vsarm/armcc/102021~1.07/bin/../lib/gcc/arm-none-eabi/10.3.1/../../../../arm-none-eabi/lib/thumb/v6-m/nofp\libg.a(lib_a-reent.o)
                              c:/vsarm/armcc/102021~1.07/bin/../lib/gcc/arm-none-eabi/10.3.1/../../../../arm-none-eabi/lib/thumb/v6-m/nofp\libg.a(lib_a-sbrkr.o) (errno)

Discarded input sections

 .text          0x00000000        0x0 c:/vsarm/armcc/102021~1.07/bin/../lib/gcc/arm-none-eabi/10.3.1/thumb/v6-m/nofp/crti.o
 .data          0x00000000        0x0 c:/vsarm/armcc/102021~1.07/bin/../lib/gcc/arm-none-eabi/10.3.1/thumb/v6-m/nofp/crti.o
 .bss           0x00000000        0x0 c:/vsarm/armcc/102021~1.07/bin/../lib/gcc/arm-none-eabi/10.3.1/thumb/v6-m/nofp/crti.o
 .data          0x00000000        0x4 c:/vsarm/armcc/102021~1.07/bin/../lib/gcc/arm-none-eabi/10.3.1/thumb/v6-m/nofp/crtbegin.o
 .rodata        0x00000000       0x24 c:/vsarm/armcc/102021~1.07/bin/../lib/gcc/arm-none-eabi/10.3.1/thumb/v6-m/nofp/crtbegin.o
 .fini_array    0x00000000        0x4 c:/vsarm/armcc/102021~1.07/bin/../lib/gcc/arm-none-eabi/10.3.1/thumb/v6-m/nofp/crtbegin.o
[...]
Memory Configuration

Name             Origin             Length             Attributes
FLASH            0x10000000         0x00200000         xr
RAM              0x20000000         0x00040000         xrw
SCRATCH_X        0x20040000         0x00001000         xrw
SCRATCH_Y        0x20041000         0x00001000         xrw
*default*        0x00000000         0xffffffff

Linker script and memory map

LOAD c:/vsarm/armcc/102021~1.07/bin/../lib/gcc/arm-none-eabi/10.3.1/thumb/v6-m/nofp/crti.o
LOAD c:/vsarm/armcc/102021~1.07/bin/../lib/gcc/arm-none-eabi/10.3.1/thumb/v6-m/nofp/crtbegin.o
LOAD c:/vsarm/armcc/102021~1.07/bin/../lib/gcc/arm-none-eabi/10.3.1/../../../../arm-none-eabi/lib/thumb/v6-m/nofp/crt0.o

.flash_begin    0x10000000        0x0
                0x10000000                __flash_binary_start = .

.boot2          0x10000000      0x100
                0x10000000                __boot2_start__ = .
 *(.boot2)
 .boot2         0x10000000      0x100 C:\Users\camil\AppData\Local\Temp\ccAUSHZP.o
                0x10000100                __boot2_end__ = .
                0x00000001                ASSERT (((__boot2_end__ - __boot2_start__) == 0x100), ERROR: Pico second stage bootloader must be 256 bytes in size)

.text           0x10000100     0x41c8
                0x10000100                __logical_binary_start = .
 *(.vectors)
 .vectors       0x10000100       0xd4 CMakeFiles/BareMetal_UART.dir/C_/VSARM/sdk/pico/pico-sdk/src/rp2_common/pico_standard_link/crt0.S.obj
                0x10000100                __VECTOR_TABLE
                0x10000100                __vectors
                0x100001c0                isr_invalid
                0x100001c0                __default_isrs_start
                0x100001c2                isr_nmi
                0x100001c4                isr_hardfault
                0x100001c6                isr_svcall
                0x100001c8                isr_pendsv
                0x100001ca                isr_systick
                0x100001cc                isr_irq23
                0x100001cc                isr_irq18
                0x100001cc                isr_irq11
                0x100001cc                isr_irq28
                0x100001cc                isr_irq19
                0x100001cc                isr_irq0
                0x100001cc                isr_irq6
                0x100001cc                isr_irq5
                0x100001cc                isr_irq12
                0x100001cc                isr_irq22
                0x100001cc                isr_irq31
                0x100001cc                isr_irq17
                0x100001cc                isr_irq27
                0x100001cc                isr_irq30
                0x100001cc                isr_irq2
                0x100001cc                isr_irq10
                0x100001cc                isr_irq8
                0x100001cc                isr_irq24
                0x100001cc                isr_irq1
                0x100001cc                isr_irq7
                0x100001cc                isr_irq21
                0x100001cc                isr_irq20
                0x100001cc                isr_irq15
                0x100001cc                isr_irq25
                0x100001cc                isr_irq13
                0x100001cc                __unhandled_user_irq
                0x100001cc                isr_irq4
                0x100001cc                isr_irq16
                0x100001cc                isr_irq29
                0x100001cc                isr_irq26
                0x100001cc                __default_isrs_end
                0x100001cc                isr_irq3
                0x100001cc                isr_irq14
                0x100001cc                isr_irq9
                0x100001d2                unhandled_user_irq_num_in_r0
 *(.binary_info_header)
 .binary_info_header
                0x100001d4       0x14 CMakeFiles/BareMetal_UART.dir/C_/VSARM/sdk/pico/pico-sdk/src/rp2_common/pico_standard_link/crt0.S.obj
                0x100001e8                __binary_info_header_end = .
 *(.reset)
 .reset         0x100001e8       0xa8 CMakeFiles/BareMetal_UART.dir/C_/VSARM/sdk/pico/pico-sdk/src/rp2_common/pico_standard_link/crt0.S.obj
                0x100001e8                _entry_point
                0x10000266                __get_current_exception
 .reset         0x10000290       0x30 CMakeFiles/BareMetal_UART.dir/C_/VSARM/sdk/pico/pico-sdk/src/rp2_common/pico_standard_link/binary_info.c.obj
 *(.init)
 .init          0x100002c0        0x4 c:/vsarm/armcc/102021~1.07/bin/../lib/gcc/arm-none-eabi/10.3.1/thumb/v6-m/nofp/crti.o
                0x100002c0                _init
 *(EXCLUDE_FILE(*libm.a: *libc.a:*lib_a-mem*.o *libgcc.a:) .text*)
 .text          0x100002c4       0x48 c:/vsarm/armcc/102021~1.07/bin/../lib/gcc/arm-none-eabi/10.3.1/thumb/v6-m/nofp/crtbegin.o
 .text.main     0x1000030c       0x80 CMakeFiles/BareMetal_UART.dir/src/main.c.obj
                0x1000030c                main
 .text.bsp_uart_configure
                0x1000038c       0x60 CMakeFiles/BareMetal_UART.dir/src/bsp.c.obj
                0x1000038c                bsp_uart_configure
 .text.bsp_uart_send_buffer
                0x100003ec       0x1c CMakeFiles/BareMetal_UART.dir/src/bsp.c.obj
                0x100003ec                bsp_uart_send_buffer
 .text.bsp_uart_tx_is_busy
                0x10000408       0x14 CMakeFiles/BareMetal_UART.dir/src/bsp.c.obj
                0x10000408                bsp_uart_tx_is_busy
 .text.bsp_dma_is_busy_uart_tx
                0x1000041c       0x14 CMakeFiles/BareMetal_UART.dir/src/bsp.c.obj
                0x1000041c                bsp_dma_is_busy_uart_tx
 .text.bsp_dma_disable_uart_tx
                0x10000430        0x8 CMakeFiles/BareMetal_UART.dir/src/bsp.c.obj
                0x10000430                bsp_dma_disable_uart_tx
 .text.dma_configure
                0x10000438      0x120 CMakeFiles/BareMetal_UART.dir/src/bsp.c.obj
                0x10000438                dma_configure
 .text.bsp_dma_configure_uart_tx
                0x10000558       0x18 CMakeFiles/BareMetal_UART.dir/src/bsp.c.obj
                0x10000558                bsp_dma_configure_uart_tx
 .text.bsp_dma_configure_uart_rx
                0x10000570       0x18 CMakeFiles/BareMetal_UART.dir/src/bsp.c.obj
                0x10000570                bsp_dma_configure_uart_rx
 .text.dma_start
                0x10000588       0x18 CMakeFiles/BareMetal_UART.dir/src/bsp.c.obj
                0x10000588                dma_start
 .text.bsp_dma_start_uart_tx
                0x100005a0       0x14 CMakeFiles/BareMetal_UART.dir/src/bsp.c.obj
                0x100005a0                bsp_dma_start_uart_tx
 .text.UartSafe_constructor
                0x100005b4       0x72 CMakeFiles/BareMetal_UART.dir/src/uart_safe.c.obj
                0x100005b4                UartSafe_constructor
 .text.UartSafe_init_uart
                0x10000626       0x10 CMakeFiles/BareMetal_UART.dir/src/uart_safe.c.obj
                0x10000626                UartSafe_init_uart
 *fill*         0x10000636        0x2 
 .text.UartSafe_tx_handler
                0x10000638       0x84 CMakeFiles/BareMetal_UART.dir/src/uart_safe.c.obj
                0x10000638                UartSafe_tx_handler
 .text.gpio_set_function
                0x100006bc       0x30 CMakeFiles/BareMetal_UART.dir/C_/VSARM/sdk/pico/pico-sdk/src/rp2_common/hardware_gpio/gpio.c.obj
                0x100006bc                gpio_set_function
 .text.hw_claim_lock
                0x100006ec       0x18 CMakeFiles/BareMetal_UART.dir/C_/VSARM/sdk/pico/pico-sdk/src/rp2_common/hardware_claim/claim.c.obj
                0x100006ec                hw_claim_lock
 .text.hw_claim_unlock
                0x10000704       0x14 CMakeFiles/BareMetal_UART.dir/C_/VSARM/sdk/pico/pico-sdk/src/rp2_common/hardware_claim/claim.c.obj
                0x10000704                hw_claim_unlock
 .text.hw_claim_or_assert
                0x10000718       0x32 CMakeFiles/BareMetal_UART.dir/C_/VSARM/sdk/pico/pico-sdk/src/rp2_common/hardware_claim/claim.c.obj
                0x10000718                hw_claim_or_assert
 *fill*         0x1000074a        0x2 
 .text.running_on_fpga
                0x1000074c       0x14 CMakeFiles/BareMetal_UART.dir/C_/VSARM/sdk/pico/pico-sdk/src/rp2_common/pico_platform/platform.c.obj
                0x1000074c                running_on_fpga
 .text.spin_locks_reset
                0x10000760       0x20 CMakeFiles/BareMetal_UART.dir/C_/VSARM/sdk/pico/pico-sdk/src/rp2_common/hardware_sync/sync.c.obj
                0x10000760                spin_locks_reset
 .text.next_striped_spin_lock_num
                0x10000780       0x1c CMakeFiles/BareMetal_UART.dir/C_/VSARM/sdk/pico/pico-sdk/src/rp2_common/hardware_sync/sync.c.obj
                0x10000780                next_striped_spin_lock_num
 .text.uart_set_baudrate
                0x1000079c       0x5c CMakeFiles/BareMetal_UART.dir/C_/VSARM/sdk/pico/pico-sdk/src/rp2_common/hardware_uart/uart.c.obj
                0x1000079c                uart_set_baudrate
 .text.uart_set_translate_crlf
                0x100007f8       0x28 CMakeFiles/BareMetal_UART.dir/C_/VSARM/sdk/pico/pico-sdk/src/rp2_common/hardware_uart/uart.c.obj
                0x100007f8                uart_set_translate_crlf
 .text.uart_init
                0x10000820       0x80 CMakeFiles/BareMetal_UART.dir/C_/VSARM/sdk/pico/pico-sdk/src/rp2_common/hardware_uart/uart.c.obj
                0x10000820                uart_init
 .text.alarm_pool_post_alloc_init
                0x100008a0       0x40 CMakeFiles/BareMetal_UART.dir/C_/VSARM/sdk/pico/pico-sdk/src/common/pico_time/time.c.obj
 .text.timer_pool_entry_comparator
                0x100008e0       0x7c CMakeFiles/BareMetal_UART.dir/C_/VSARM/sdk/pico/pico-sdk/src/common/pico_time/time.c.obj
                0x100008e0                timer_pool_entry_comparator
 .text.ph_add_child_node
                0x1000095c       0xa4 CMakeFiles/BareMetal_UART.dir/C_/VSARM/sdk/pico/pico-sdk/src/common/pico_time/time.c.obj
 .text.ph_merge_nodes
                0x10000a00       0x3e CMakeFiles/BareMetal_UART.dir/C_/VSARM/sdk/pico/pico-sdk/src/common/pico_time/time.c.obj
 *fill*         0x10000a3e        0x2 
 .text.add_alarm_under_lock
                0x10000a40      0x174 CMakeFiles/BareMetal_UART.dir/C_/VSARM/sdk/pico/pico-sdk/src/common/pico_time/time.c.obj
 .text.alarm_pool_alarm_callback
                0x10000bb4      0x328 CMakeFiles/BareMetal_UART.dir/C_/VSARM/sdk/pico/pico-sdk/src/common/pico_time/time.c.obj
 .text.alarm_pool_init_default
                0x10000edc       0x38 CMakeFiles/BareMetal_UART.dir/C_/VSARM/sdk/pico/pico-sdk/src/common/pico_time/time.c.obj
                0x10000edc                alarm_pool_init_default
 .text.hardware_alarm_irq_handler
                0x10000f14       0x8c CMakeFiles/BareMetal_UART.dir/C_/VSARM/sdk/pico/pico-sdk/src/rp2_common/hardware_timer/timer.c.obj
 .text.hardware_alarm_claim
                0x10000fa0       0x18 CMakeFiles/BareMetal_UART.dir/C_/VSARM/sdk/pico/pico-sdk/src/rp2_common/hardware_timer/timer.c.obj
                0x10000fa0                hardware_alarm_claim
 .text.time_us_64
                0x10000fb8       0x18 CMakeFiles/BareMetal_UART.dir/C_/VSARM/sdk/pico/pico-sdk/src/rp2_common/hardware_timer/timer.c.obj
                0x10000fb8                time_us_64
 .text.hardware_alarm_set_callback
                0x10000fd0       0x90 CMakeFiles/BareMetal_UART.dir/C_/VSARM/sdk/pico/pico-sdk/src/rp2_common/hardware_timer/timer.c.obj
                0x10000fd0                hardware_alarm_set_callback
 .text.hardware_alarm_set_target
                0x10001060       0xe8 CMakeFiles/BareMetal_UART.dir/C_/VSARM/sdk/pico/pico-sdk/src/rp2_common/hardware_timer/timer.c.obj
                0x10001060                hardware_alarm_set_target
 .text.hardware_alarm_cancel
                0x10001148       0x40 CMakeFiles/BareMetal_UART.dir/C_/VSARM/sdk/pico/pico-sdk/src/rp2_common/hardware_timer/timer.c.obj
                0x10001148                hardware_alarm_cancel
 .text.lock_init
                0x10001188       0x10 CMakeFiles/BareMetal_UART.dir/C_/VSARM/sdk/pico/pico-sdk/src/common/pico_sync/lock_core.c.obj
                0x10001188                lock_init
 .text.mutex_init_internal
                0x10001198       0x1e CMakeFiles/BareMetal_UART.dir/C_/VSARM/sdk/pico/pico-sdk/src/common/pico_sync/mutex.c.obj
 .text.mutex_init
                0x100011b6        0xa CMakeFiles/BareMetal_UART.dir/C_/VSARM/sdk/pico/pico-sdk/src/common/pico_sync/mutex.c.obj
                0x100011b6                mutex_init
 .text.recursive_mutex_init
                0x100011c0        0xa CMakeFiles/BareMetal_UART.dir/C_/VSARM/sdk/pico/pico-sdk/src/common/pico_sync/mutex.c.obj
                0x100011c0                recursive_mutex_init
 *fill*         0x100011ca        0x2 
 .text.ph_add_child_node
                0x100011cc       0xa4 CMakeFiles/BareMetal_UART.dir/C_/VSARM/sdk/pico/pico-sdk/src/common/pico_util/pheap.c.obj
 .text.ph_merge_nodes
                0x10001270       0x3e CMakeFiles/BareMetal_UART.dir/C_/VSARM/sdk/pico/pico-sdk/src/common/pico_util/pheap.c.obj
 *fill*         0x100012ae        0x2 
 .text.ph_clear
                0x100012b0       0x70 CMakeFiles/BareMetal_UART.dir/C_/VSARM/sdk/pico/pico-sdk/src/common/pico_util/pheap.c.obj
                0x100012b0                ph_clear
 .text.ph_post_alloc_init
                0x10001320        0xe CMakeFiles/BareMetal_UART.dir/C_/VSARM/sdk/pico/pico-sdk/src/common/pico_util/pheap.c.obj
                0x10001320                ph_post_alloc_init
 *fill*         0x1000132e        0x2 
 .text.ph_merge_two_pass
                0x10001330       0xa8 CMakeFiles/BareMetal_UART.dir/C_/VSARM/sdk/pico/pico-sdk/src/common/pico_util/pheap.c.obj
                0x10001330                ph_merge_two_pass
 .text.ph_remove_any_head
                0x100013d8      0x108 CMakeFiles/BareMetal_UART.dir/C_/VSARM/sdk/pico/pico-sdk/src/common/pico_util/pheap.c.obj
 .text.ph_remove_head
                0x100014e0       0x14 CMakeFiles/BareMetal_UART.dir/C_/VSARM/sdk/pico/pico-sdk/src/common/pico_util/pheap.c.obj
                0x100014e0                ph_remove_head
 .text.ph_remove_and_free_node
                0x100014f4       0xf8 CMakeFiles/BareMetal_UART.dir/C_/VSARM/sdk/pico/pico-sdk/src/common/pico_util/pheap.c.obj
                0x100014f4                ph_remove_and_free_node
 .text.runtime_init
                0x100015ec       0xd8 CMakeFiles/BareMetal_UART.dir/C_/VSARM/sdk/pico/pico-sdk/src/rp2_common/pico_runtime/runtime.c.obj
                0x100015ec                runtime_init
 .text._exit    0x100016c4        0x4 CMakeFiles/BareMetal_UART.dir/C_/VSARM/sdk/pico/pico-sdk/src/rp2_common/pico_runtime/runtime.c.obj
                0x100016c4                _exit
 .text.exit     0x100016c8        0x6 CMakeFiles/BareMetal_UART.dir/C_/VSARM/sdk/pico/pico-sdk/src/rp2_common/pico_runtime/runtime.c.obj
                0x100016c8                exit
 *fill*         0x100016ce        0x2 
 .text.__assert_func
                0x100016d0       0x3c CMakeFiles/BareMetal_UART.dir/C_/VSARM/sdk/pico/pico-sdk/src/rp2_common/pico_runtime/runtime.c.obj
                0x100016d0                __assert_func
 .text.panic    0x1000170c       0x30 CMakeFiles/BareMetal_UART.dir/C_/VSARM/sdk/pico/pico-sdk/src/rp2_common/pico_runtime/runtime.c.obj
                0x1000170c                panic
 .text.clock_configure
                0x1000173c      0x104 CMakeFiles/BareMetal_UART.dir/C_/VSARM/sdk/pico/pico-sdk/src/rp2_common/hardware_clocks/clocks.c.obj
                0x1000173c                clock_configure
 .text.clocks_init
                0x10001840      0x100 CMakeFiles/BareMetal_UART.dir/C_/VSARM/sdk/pico/pico-sdk/src/rp2_common/hardware_clocks/clocks.c.obj
                0x10001840                clocks_init
 .text.clock_get_hz
                0x10001940        0xc CMakeFiles/BareMetal_UART.dir/C_/VSARM/sdk/pico/pico-sdk/src/rp2_common/hardware_clocks/clocks.c.obj
                0x10001940                clock_get_hz
 .text.set_raw_irq_handler_and_unlock
                0x1000194c       0x28 CMakeFiles/BareMetal_UART.dir/C_/VSARM/sdk/pico/pico-sdk/src/rp2_common/hardware_irq/irq.c.obj
 .text.make_branch
                0x10001974       0x34 CMakeFiles/BareMetal_UART.dir/C_/VSARM/sdk/pico/pico-sdk/src/rp2_common/hardware_irq/irq.c.obj
 .text.insert_branch_and_link
                0x100019a8       0x40 CMakeFiles/BareMetal_UART.dir/C_/VSARM/sdk/pico/pico-sdk/src/rp2_common/hardware_irq/irq.c.obj
 .text.irq_is_enabled
                0x100019e8       0x18 CMakeFiles/BareMetal_UART.dir/C_/VSARM/sdk/pico/pico-sdk/src/rp2_common/hardware_irq/irq.c.obj
                0x100019e8                irq_is_enabled
 .text.irq_set_mask_enabled
                0x10001a00       0x20 CMakeFiles/BareMetal_UART.dir/C_/VSARM/sdk/pico/pico-sdk/src/rp2_common/hardware_irq/irq.c.obj
                0x10001a00                irq_set_mask_enabled
 .text.irq_set_enabled
                0x10001a20        0xe CMakeFiles/BareMetal_UART.dir/C_/VSARM/sdk/pico/pico-sdk/src/rp2_common/hardware_irq/irq.c.obj
                0x10001a20                irq_set_enabled
 *fill*         0x10001a2e        0x2 
 .text.irq_get_vtable_handler
                0x10001a30       0x10 CMakeFiles/BareMetal_UART.dir/C_/VSARM/sdk/pico/pico-sdk/src/rp2_common/hardware_irq/irq.c.obj
                0x10001a30                irq_get_vtable_handler
 .text.irq_set_exclusive_handler
                0x10001a40       0x54 CMakeFiles/BareMetal_UART.dir/C_/VSARM/sdk/pico/pico-sdk/src/rp2_common/hardware_irq/irq.c.obj
                0x10001a40                irq_set_exclusive_handler
 .text.irq_remove_handler
                0x10001a94      0x1ac CMakeFiles/BareMetal_UART.dir/C_/VSARM/sdk/pico/pico-sdk/src/rp2_common/hardware_irq/irq.c.obj
                0x10001a94                irq_remove_handler
 .text.irq_set_priority
                0x10001c40       0x28 CMakeFiles/BareMetal_UART.dir/C_/VSARM/sdk/pico/pico-sdk/src/rp2_common/hardware_irq/irq.c.obj
                0x10001c40                irq_set_priority
 .text.irq_add_tail_to_free_list
                0x10001c68       0xf0 CMakeFiles/BareMetal_UART.dir/C_/VSARM/sdk/pico/pico-sdk/src/rp2_common/hardware_irq/irq.c.obj
                0x10001c68                irq_add_tail_to_free_list
 .text.irq_init_priorities
                0x10001d58       0x16 CMakeFiles/BareMetal_UART.dir/C_/VSARM/sdk/pico/pico-sdk/src/rp2_common/hardware_irq/irq.c.obj
                0x10001d58                irq_init_priorities
 *fill*         0x10001d6e        0x2 
 .text.pll_init
                0x10001d70      0x118 CMakeFiles/BareMetal_UART.dir/C_/VSARM/sdk/pico/pico-sdk/src/rp2_common/hardware_pll/pll.c.obj
                0x10001d70                pll_init
 .text.watchdog_start_tick
                0x10001e88       0x10 CMakeFiles/BareMetal_UART.dir/C_/VSARM/sdk/pico/pico-sdk/src/rp2_common/hardware_watchdog/watchdog.c.obj
                0x10001e88                watchdog_start_tick
 .text.xosc_init
                0x10001e98       0x28 CMakeFiles/BareMetal_UART.dir/C_/VSARM/sdk/pico/pico-sdk/src/rp2_common/hardware_xosc/xosc.c.obj
                0x10001e98                xosc_init
 .text._out_null
                0x10001ec0        0x2 CMakeFiles/BareMetal_UART.dir/C_/VSARM/sdk/pico/pico-sdk/src/rp2_common/pico_printf/printf.c.obj
 .text._out_fct
                0x10001ec2        0xe CMakeFiles/BareMetal_UART.dir/C_/VSARM/sdk/pico/pico-sdk/src/rp2_common/pico_printf/printf.c.obj
 .text._atoi    0x10001ed0       0x24 CMakeFiles/BareMetal_UART.dir/C_/VSARM/sdk/pico/pico-sdk/src/rp2_common/pico_printf/printf.c.obj
 .text._out_rev
                0x10001ef4       0xae CMakeFiles/BareMetal_UART.dir/C_/VSARM/sdk/pico/pico-sdk/src/rp2_common/pico_printf/printf.c.obj
 .text._ntoa_format
                0x10001fa2      0x112 CMakeFiles/BareMetal_UART.dir/C_/VSARM/sdk/pico/pico-sdk/src/rp2_common/pico_printf/printf.c.obj
 .text._ntoa_long
                0x100020b4       0xbc CMakeFiles/BareMetal_UART.dir/C_/VSARM/sdk/pico/pico-sdk/src/rp2_common/pico_printf/printf.c.obj
 .text._ntoa_long_long
                0x10002170       0xe2 CMakeFiles/BareMetal_UART.dir/C_/VSARM/sdk/pico/pico-sdk/src/rp2_common/pico_printf/printf.c.obj
 *fill*         0x10002252        0x2 
 .text._etoa    0x10002254      0x414 CMakeFiles/BareMetal_UART.dir/C_/VSARM/sdk/pico/pico-sdk/src/rp2_common/pico_printf/printf.c.obj
 .text._ftoa    0x10002668      0x354 CMakeFiles/BareMetal_UART.dir/C_/VSARM/sdk/pico/pico-sdk/src/rp2_common/pico_printf/printf.c.obj
 .text._vsnprintf
                0x100029bc      0x624 CMakeFiles/BareMetal_UART.dir/C_/VSARM/sdk/pico/pico-sdk/src/rp2_common/pico_printf/printf.c.obj
 .text.vfctprintf
                0x10002fe0       0x20 CMakeFiles/BareMetal_UART.dir/C_/VSARM/sdk/pico/pico-sdk/src/rp2_common/pico_printf/printf.c.obj
                0x10002fe0                vfctprintf
 .text          0x10003000       0x10 CMakeFiles/BareMetal_UART.dir/C_/VSARM/sdk/pico/pico-sdk/src/rp2_common/pico_bit_ops/bit_ops_aeabi.S.obj
 .text.rom_func_lookup
                0x10003010       0x10 CMakeFiles/BareMetal_UART.dir/C_/VSARM/sdk/pico/pico-sdk/src/rp2_common/pico_bootrom/bootrom.c.obj
                0x10003010                rom_func_lookup
 .text.rom_data_lookup
                0x10003020       0x10 CMakeFiles/BareMetal_UART.dir/C_/VSARM/sdk/pico/pico-sdk/src/rp2_common/pico_bootrom/bootrom.c.obj
                0x10003020                rom_data_lookup
 .text.rom_funcs_lookup
                0x10003030       0x36 CMakeFiles/BareMetal_UART.dir/C_/VSARM/sdk/pico/pico-sdk/src/rp2_common/pico_bootrom/bootrom.c.obj
                0x10003030                rom_funcs_lookup
 *fill*         0x10003066        0x2 
 .text.__wrap___aeabi_idiv
                0x10003068       0x50 CMakeFiles/BareMetal_UART.dir/C_/VSARM/sdk/pico/pico-sdk/src/rp2_common/pico_divider/divider.S.obj
                0x10003068                __wrap___aeabi_idivmod
                0x10003068                divmod_s32s32
                0x10003068                div_s32s32
                0x10003068                __wrap___aeabi_idiv
                0x10003070                divmod_s32s32_unsafe
                0x1000309c                divmod_s32s32_savestate
 .text.__wrap___aeabi_uidiv
                0x100030b8       0x4c CMakeFiles/BareMetal_UART.dir/C_/VSARM/sdk/pico/pico-sdk/src/rp2_common/pico_divider/divider.S.obj
                0x100030b8                __wrap___aeabi_uidiv
                0x100030b8                __wrap___aeabi_uidivmod
                0x100030b8                div_u32u32
                0x100030b8                divmod_u32u32
                0x100030c0                divmod_u32u32_unsafe
                0x100030e8                divmod_u32u32_savestate
 .text.__wrap___aeabi_ldiv
                0x10003104      0x430 CMakeFiles/BareMetal_UART.dir/C_/VSARM/sdk/pico/pico-sdk/src/rp2_common/pico_divider/divider.S.obj
                0x10003104                div_s64s64
                0x10003104                divmod_s64s64
                0x10003104                __wrap___aeabi_ldivmod
                0x1000313c                divmod_u64u64
                0x1000313c                div_u64u64
                0x1000313c                __wrap___aeabi_uldivmod
                0x1000314c                divmod_u64u64_savestate
                0x10003174                divmod_s64s64_unsafe
                0x100031fc                divmod_u64u64_unsafe
 .text.__wrap___aeabi_darithmetic
                0x10003534       0x80 CMakeFiles/BareMetal_UART.dir/C_/VSARM/sdk/pico/pico-sdk/src/rp2_common/pico_double/double_aeabi.S.obj
                0x10003534                __wrap___aeabi_drsub
                0x1000353a                __wrap___aeabi_dsub
                0x1000354c                __wrap___aeabi_dadd
                0x1000355e                __wrap___aeabi_ddiv
                0x1000359a                __wrap___aeabi_dmul
 .text.__wrap___aeabi_cdcmple
                0x100035b4       0x6c CMakeFiles/BareMetal_UART.dir/C_/VSARM/sdk/pico/pico-sdk/src/rp2_common/pico_double/double_aeabi.S.obj
                0x100035b4                __wrap___aeabi_cdrcmple
                0x100035c4                __wrap___aeabi_cdcmpeq
                0x100035c4                __wrap___aeabi_cdcmple
 .text.__wrap___aeabi_dcmplt
                0x10003620        0xc CMakeFiles/BareMetal_UART.dir/C_/VSARM/sdk/pico/pico-sdk/src/rp2_common/pico_double/double_aeabi.S.obj
                0x10003620                __wrap___aeabi_dcmplt
 .text.__wrap___aeabi_dcmple
                0x1000362c       0x10 CMakeFiles/BareMetal_UART.dir/C_/VSARM/sdk/pico/pico-sdk/src/rp2_common/pico_double/double_aeabi.S.obj
                0x1000362c                __wrap___aeabi_dcmple
 .text.__wrap___aeabi_dcmpge
                0x1000363c       0x10 CMakeFiles/BareMetal_UART.dir/C_/VSARM/sdk/pico/pico-sdk/src/rp2_common/pico_double/double_aeabi.S.obj
                0x1000363c                __wrap___aeabi_dcmpge
 .text.__wrap___aeabi_dcmpgt
                0x1000364c        0xa CMakeFiles/BareMetal_UART.dir/C_/VSARM/sdk/pico/pico-sdk/src/rp2_common/pico_double/double_aeabi.S.obj
                0x1000364c                __wrap___aeabi_dcmpgt
 .text.__wrap___aeabi_dcmpun
                0x10003656       0x1c CMakeFiles/BareMetal_UART.dir/C_/VSARM/sdk/pico/pico-sdk/src/rp2_common/pico_double/double_aeabi.S.obj
                0x10003656                __wrap___aeabi_dcmpun
 *fill*         0x10003672        0x2 
 .text.__wrap___aeabi_i2d
                0x10003674       0x38 CMakeFiles/BareMetal_UART.dir/C_/VSARM/sdk/pico/pico-sdk/src/rp2_common/pico_double/double_aeabi.S.obj
                0x10003674                __wrap___aeabi_ui2d
                0x1000367c                __wrap___aeabi_i2d
 .text.__wrap___aeabi_d2iz
                0x100036ac       0x48 CMakeFiles/BareMetal_UART.dir/C_/VSARM/sdk/pico/pico-sdk/src/rp2_common/pico_double/double_aeabi.S.obj
                0x100036ac                double2int_z
                0x100036ac                __wrap___aeabi_d2iz
 .text.__wrap___aeabi_d2uiz
                0x100036f4       0x18 CMakeFiles/BareMetal_UART.dir/C_/VSARM/sdk/pico/pico-sdk/src/rp2_common/pico_double/double_aeabi.S.obj
                0x100036f4                __wrap___aeabi_d2uiz
                0x100036f4                double2uint
 .text.__aeabi_double_init
                0x1000370c       0xb8 CMakeFiles/BareMetal_UART.dir/C_/VSARM/sdk/pico/pico-sdk/src/rp2_common/pico_double/double_init_rom.c.obj
                0x1000370c                __aeabi_double_init
 .text.double_table_shim_on_use_helper
                0x100037c4       0x34 CMakeFiles/BareMetal_UART.dir/C_/VSARM/sdk/pico/pico-sdk/src/rp2_common/pico_double/double_v1_rom_shim.S.obj
                0x100037c4                double_table_shim_on_use_helper
 .text.__wrap___aeabi_dsub
                0x100037f8       0x10 CMakeFiles/BareMetal_UART.dir/C_/VSARM/sdk/pico/pico-sdk/src/rp2_common/pico_double/double_v1_rom_shim.S.obj
                0x100037f8                drsub_shim
                0x100037fe                dsub_shim
 .text.dadd_shim
                0x10003808      0x15c CMakeFiles/BareMetal_UART.dir/C_/VSARM/sdk/pico/pico-sdk/src/rp2_common/pico_double/double_v1_rom_shim.S.obj
                0x10003808                dadd_shim
 .text.dmul_shim
                0x10003964      0x15c CMakeFiles/BareMetal_UART.dir/C_/VSARM/sdk/pico/pico-sdk/src/rp2_common/pico_double/double_v1_rom_shim.S.obj
                0x10003964                dmul_shim
 .text.ddiv_shim
                0x10003ac0      0x1b0 CMakeFiles/BareMetal_UART.dir/C_/VSARM/sdk/pico/pico-sdk/src/rp2_common/pico_double/double_v1_rom_shim.S.obj
                0x10003ac0                ddiv_shim
 .text.dcordic_rot_step
                0x10003c70       0x7c CMakeFiles/BareMetal_UART.dir/C_/VSARM/sdk/pico/pico-sdk/src/rp2_common/pico_double/double_v1_rom_shim.S.obj
                0x10003c70                dcordic_rot_step
 .text.double2uint_shim
                0x10003cec        0xe CMakeFiles/BareMetal_UART.dir/C_/VSARM/sdk/pico/pico-sdk/src/rp2_common/pico_double/double_v1_rom_shim.S.obj
                0x10003cec                double2uint_shim
                0x10003cee                double2ufix_shim
 *fill*         0x10003cfa        0x2 
 .text.double2uint64_shim
                0x10003cfc       0x6c CMakeFiles/BareMetal_UART.dir/C_/VSARM/sdk/pico/pico-sdk/src/rp2_common/pico_double/double_v1_rom_shim.S.obj
                0x10003cfc                double2uint64_shim
                0x10003cfe                double2ufix64_shim
                0x10003d18                d2fix_a
 .text.dunpacks
                0x10003d68       0x3c CMakeFiles/BareMetal_UART.dir/C_/VSARM/sdk/pico/pico-sdk/src/rp2_common/pico_double/double_v1_rom_shim.S.obj
                0x10003d68                dunpacks
 .text.__wrap___aeabi_farithmetic
                0x10003da4       0x58 CMakeFiles/BareMetal_UART.dir/C_/VSARM/sdk/pico/pico-sdk/src/rp2_common/pico_float/float_aeabi.S.obj
                0x10003da4                __wrap___aeabi_frsub
                0x10003daa                __wrap___aeabi_fsub
                0x10003db4                __wrap___aeabi_fadd
                0x10003dbe                __wrap___aeabi_fdiv
                0x10003dea                __wrap___aeabi_fmul
 .text.__wrap___aeabi_ui2f
                0x10003dfc        0xa CMakeFiles/BareMetal_UART.dir/C_/VSARM/sdk/pico/pico-sdk/src/rp2_common/pico_float/float_aeabi.S.obj
                0x10003dfc                __wrap___aeabi_ui2f
 *fill*         0x10003e06        0x2 
 .text.__wrap___aeabi_i2f
                0x10003e08       0x44 CMakeFiles/BareMetal_UART.dir/C_/VSARM/sdk/pico/pico-sdk/src/rp2_common/pico_float/float_aeabi.S.obj
                0x10003e08                __wrap___aeabi_i2f
 .text.__wrap___aeabi_f2uiz
                0x10003e4c       0x10 CMakeFiles/BareMetal_UART.dir/C_/VSARM/sdk/pico/pico-sdk/src/rp2_common/pico_float/float_aeabi.S.obj
                0x10003e4c                __wrap___aeabi_f2uiz
 .text.__wrap_logf
                0x10003e5c       0x10 CMakeFiles/BareMetal_UART.dir/C_/VSARM/sdk/pico/pico-sdk/src/rp2_common/pico_float/float_aeabi.S.obj
                0x10003e5c                __wrap_logf
 .text.__aeabi_float_init
                0x10003e6c       0xfc CMakeFiles/BareMetal_UART.dir/C_/VSARM/sdk/pico/pico-sdk/src/rp2_common/pico_float/float_init_rom.c.obj
                0x10003e6c                __aeabi_float_init
 .text.__wrap_log2f
                0x10003f68       0x14 CMakeFiles/BareMetal_UART.dir/C_/VSARM/sdk/pico/pico-sdk/src/rp2_common/pico_float/float_math.c.obj
                0x10003f68                __wrap_log2f
 .text.float_table_shim_on_use_helper
                0x10003f7c       0x34 CMakeFiles/BareMetal_UART.dir/C_/VSARM/sdk/pico/pico-sdk/src/rp2_common/pico_float/float_v1_rom_shim.S.obj
                0x10003f7c                float_table_shim_on_use_helper
 .text          0x10003fb0       0x10 CMakeFiles/BareMetal_UART.dir/C_/VSARM/sdk/pico/pico-sdk/src/rp2_common/pico_mem_ops/mem_ops_aeabi.S.obj
                0x10003fb0                __aeabi_mem_init
 .text.memset   0x10003fc0        0xc CMakeFiles/BareMetal_UART.dir/C_/VSARM/sdk/pico/pico-sdk/src/rp2_common/pico_mem_ops/mem_ops_aeabi.S.obj
                0x10003fc0                __wrap_memset
 .text.memcpy   0x10003fcc        0xc CMakeFiles/BareMetal_UART.dir/C_/VSARM/sdk/pico/pico-sdk/src/rp2_common/pico_mem_ops/mem_ops_aeabi.S.obj
                0x10003fcc                __wrap_memcpy
                0x10003fcc                __wrap___aeabi_memcpy
 .text.stdio_out_chars_crlf
                0x10003fd8       0x80 CMakeFiles/BareMetal_UART.dir/C_/VSARM/sdk/pico/pico-sdk/src/rp2_common/pico_stdio/stdio.c.obj
 .text.stdio_stack_buffer_flush
                0x10004058       0x44 CMakeFiles/BareMetal_UART.dir/C_/VSARM/sdk/pico/pico-sdk/src/rp2_common/pico_stdio/stdio.c.obj
 .text.stdio_buffered_printer
                0x1000409c       0x20 CMakeFiles/BareMetal_UART.dir/C_/VSARM/sdk/pico/pico-sdk/src/rp2_common/pico_stdio/stdio.c.obj
 .text.stdout_serialize_begin
                0x100040bc       0x30 CMakeFiles/BareMetal_UART.dir/C_/VSARM/sdk/pico/pico-sdk/src/rp2_common/pico_stdio/stdio.c.obj
                0x100040bc                stdout_serialize_begin
 .text.stdout_serialize_end
                0x100040ec       0x10 CMakeFiles/BareMetal_UART.dir/C_/VSARM/sdk/pico/pico-sdk/src/rp2_common/pico_stdio/stdio.c.obj
                0x100040ec                stdout_serialize_end
 .text.stdio_put_string
                0x100040fc       0x84 CMakeFiles/BareMetal_UART.dir/C_/VSARM/sdk/pico/pico-sdk/src/rp2_common/pico_stdio/stdio.c.obj
 .text.stdio_flush
                0x10004180       0x20 CMakeFiles/BareMetal_UART.dir/C_/VSARM/sdk/pico/pico-sdk/src/rp2_common/pico_stdio/stdio.c.obj
                0x10004180                stdio_flush
 .text.__wrap_puts
                0x100041a0       0x1c CMakeFiles/BareMetal_UART.dir/C_/VSARM/sdk/pico/pico-sdk/src/rp2_common/pico_stdio/stdio.c.obj
                0x100041a0                __wrap_puts
 .text.__wrap_vprintf
                0x100041bc       0x44 CMakeFiles/BareMetal_UART.dir/C_/VSARM/sdk/pico/pico-sdk/src/rp2_common/pico_stdio/stdio.c.obj
                0x100041bc                __wrap_vprintf
 .text.__wrap_printf
                0x10004200       0x18 CMakeFiles/BareMetal_UART.dir/C_/VSARM/sdk/pico/pico-sdk/src/rp2_common/pico_stdio/stdio.c.obj
                0x10004200                __wrap_printf
 .text.strlen   0x10004218       0x5c c:/vsarm/armcc/102021~1.07/bin/../lib/gcc/arm-none-eabi/10.3.1/../../../../arm-none-eabi/lib/thumb/v6-m/nofp\libg.a(lib_a-strlen-stub.o)
                0x10004218                strlen
 *(.fini)
 .fini          0x10004274        0x4 c:/vsarm/armcc/102021~1.07/bin/../lib/gcc/arm-none-eabi/10.3.1/thumb/v6-m/nofp/crti.o
                0x10004274                _fini
 .fini.__stub   0x10004278       0x50 linker stubs
 *crtbegin.o(.ctors)
 *crtbegin?.o(.ctors)
 *(EXCLUDE_FILE(*crtend.o *crtend?.o) .ctors)
 *(SORT_BY_NAME(.ctors.*))
 *(.ctors)
 *crtbegin.o(.dtors)
 *crtbegin?.o(.dtors)
 *(EXCLUDE_FILE(*crtend.o *crtend?.o) .dtors)
 *(SORT_BY_NAME(.dtors.*))
 *(.dtors)
 *(.eh_frame*)
 .eh_frame      0x100042c8        0x0 c:/vsarm/armcc/102021~1.07/bin/../lib/gcc/arm-none-eabi/10.3.1/thumb/v6-m/nofp/crtbegin.o
                0x100042c8                . = ALIGN (0x4)

.glue_7         0x100042c8        0x0
 .glue_7        0x100042c8        0x0 linker stubs

.glue_7t        0x100042c8        0x0
 .glue_7t       0x100042c8        0x0 linker stubs

.vfp11_veneer   0x100042c8        0x0
 .vfp11_veneer  0x100042c8        0x0 linker stubs

.v4_bx          0x100042c8        0x0
 .v4_bx         0x100042c8        0x0 linker stubs

.iplt           0x100042c8        0x0
 .iplt          0x100042c8        0x0 c:/vsarm/armcc/102021~1.07/bin/../lib/gcc/arm-none-eabi/10.3.1/thumb/v6-m/nofp/crtbegin.o

.rodata         0x100042c8      0xeb0
 *(EXCLUDE_FILE(*libm.a: *libc.a:*lib_a-mem*.o *libgcc.a:) .rodata*)
 .rodata.main.str1.4
                0x100042c8       0x21 CMakeFiles/BareMetal_UART.dir/src/main.c.obj
 *fill*         0x100042e9        0x3 
 .rodata.dma_configure.str1.4
                0x100042ec       0xd7 CMakeFiles/BareMetal_UART.dir/src/bsp.c.obj
 *fill*         0x100043c3        0x1 
 .rodata.__func__.0
                0x100043c4       0x18 CMakeFiles/BareMetal_UART.dir/src/bsp.c.obj
 .rodata.__func__.1
                0x100043dc       0x18 CMakeFiles/BareMetal_UART.dir/src/bsp.c.obj
 .rodata.__func__.2
                0x100043f4       0x26 CMakeFiles/BareMetal_UART.dir/src/bsp.c.obj
 *fill*         0x1000441a        0x2 
 .rodata.__func__.3
                0x1000441c       0x1c CMakeFiles/BareMetal_UART.dir/src/bsp.c.obj
 .rodata.repeating_timer_callback.str1.4
                0x10004438       0x4b CMakeFiles/BareMetal_UART.dir/C_/VSARM/sdk/pico/pico-sdk/src/common/pico_time/time.c.obj
 *fill*         0x10004483        0x1 
 .rodata.alarm_pool_dump_key.str1.4
                0x10004484       0x33 CMakeFiles/BareMetal_UART.dir/C_/VSARM/sdk/pico/pico-sdk/src/common/pico_time/time.c.obj
 *fill*         0x100044b7        0x1 
 .rodata.ph_add_child_node.str1.4
                0x100044b8       0x96 CMakeFiles/BareMetal_UART.dir/C_/VSARM/sdk/pico/pico-sdk/src/common/pico_time/time.c.obj
 *fill*         0x1000454e        0x2 
 .rodata.add_alarm_under_lock.str1.4
                0x10004550       0x28 CMakeFiles/BareMetal_UART.dir/C_/VSARM/sdk/pico/pico-sdk/src/common/pico_time/time.c.obj
                                 0x2b (size before relaxing)
 .rodata.alarm_pool_alarm_callback.str1.4
                0x10004578       0xe6 CMakeFiles/BareMetal_UART.dir/C_/VSARM/sdk/pico/pico-sdk/src/common/pico_time/time.c.obj
 *fill*         0x1000465e        0x2 
 .rodata.__func__.10
                0x10004660       0x15 CMakeFiles/BareMetal_UART.dir/C_/VSARM/sdk/pico/pico-sdk/src/common/pico_time/time.c.obj
 *fill*         0x10004675        0x3 
 .rodata.__func__.11
                0x10004678       0x1a CMakeFiles/BareMetal_UART.dir/C_/VSARM/sdk/pico/pico-sdk/src/common/pico_time/time.c.obj
 *fill*         0x10004692        0x2 
 .rodata.__func__.12
                0x10004694        0xa CMakeFiles/BareMetal_UART.dir/C_/VSARM/sdk/pico/pico-sdk/src/common/pico_time/time.c.obj
 *fill*         0x1000469e        0x2 
 .rodata.__func__.4
                0x100046a0       0x12 CMakeFiles/BareMetal_UART.dir/C_/VSARM/sdk/pico/pico-sdk/src/common/pico_time/time.c.obj
 *fill*         0x100046b2        0x2 
 .rodata.__func__.5
                0x100046b4        0xd CMakeFiles/BareMetal_UART.dir/C_/VSARM/sdk/pico/pico-sdk/src/common/pico_time/time.c.obj
 *fill*         0x100046c1        0x3 
 .rodata.__func__.6
                0x100046c4       0x12 CMakeFiles/BareMetal_UART.dir/C_/VSARM/sdk/pico/pico-sdk/src/common/pico_time/time.c.obj
 *fill*         0x100046d6        0x2 
 .rodata.__func__.7
                0x100046d8        0xf CMakeFiles/BareMetal_UART.dir/C_/VSARM/sdk/pico/pico-sdk/src/common/pico_time/time.c.obj
 *fill*         0x100046e7        0x1 
 .rodata.__func__.8
                0x100046e8        0xc CMakeFiles/BareMetal_UART.dir/C_/VSARM/sdk/pico/pico-sdk/src/common/pico_time/time.c.obj
 .rodata.__func__.9
                0x100046f4       0x15 CMakeFiles/BareMetal_UART.dir/C_/VSARM/sdk/pico/pico-sdk/src/common/pico_time/time.c.obj
 *fill*         0x10004709        0x3 
 .rodata.hardware_alarm_claim.str1.4
                0x1000470c       0x22 CMakeFiles/BareMetal_UART.dir/C_/VSARM/sdk/pico/pico-sdk/src/rp2_common/hardware_timer/timer.c.obj
 *fill*         0x1000472e        0x2 
 .rodata.hardware_alarm_set_target.str1.4
                0x10004730       0x65 CMakeFiles/BareMetal_UART.dir/C_/VSARM/sdk/pico/pico-sdk/src/rp2_common/hardware_timer/timer.c.obj
 *fill*         0x10004795        0x3 
 .rodata.__func__.0
                0x10004798       0x1a CMakeFiles/BareMetal_UART.dir/C_/VSARM/sdk/pico/pico-sdk/src/rp2_common/hardware_timer/timer.c.obj
 *fill*         0x100047b2        0x2 
 .rodata.str1.4
                0x100047b4       0xb1 CMakeFiles/BareMetal_UART.dir/C_/VSARM/sdk/pico/pico-sdk/src/common/pico_sync/mutex.c.obj
                                0x115 (size before relaxing)
 *fill*         0x10004865        0x3 
 .rodata.__func__.0
                0x10004868        0xb CMakeFiles/BareMetal_UART.dir/C_/VSARM/sdk/pico/pico-sdk/src/common/pico_sync/mutex.c.obj
 *fill*         0x10004873        0x1 
 .rodata.__func__.3
                0x10004874       0x15 CMakeFiles/BareMetal_UART.dir/C_/VSARM/sdk/pico/pico-sdk/src/common/pico_sync/mutex.c.obj
 .rodata.ph_add_child_node.str1.4
                0x10004889       0x96 CMakeFiles/BareMetal_UART.dir/C_/VSARM/sdk/pico/pico-sdk/src/common/pico_util/pheap.c.obj
 *fill*         0x10004889        0x3 
 .rodata.ph_remove_any_head.str1.4
                0x1000488c       0x8c CMakeFiles/BareMetal_UART.dir/C_/VSARM/sdk/pico/pico-sdk/src/common/pico_util/pheap.c.obj
 .rodata.ph_remove_and_free_node.str1.4
                0x10004918       0x26 CMakeFiles/BareMetal_UART.dir/C_/VSARM/sdk/pico/pico-sdk/src/common/pico_util/pheap.c.obj
 *fill*         0x1000493e        0x2 
 .rodata.__func__.0
                0x10004940       0x18 CMakeFiles/BareMetal_UART.dir/C_/VSARM/sdk/pico/pico-sdk/src/common/pico_util/pheap.c.obj
 .rodata.__func__.1
                0x10004958       0x13 CMakeFiles/BareMetal_UART.dir/C_/VSARM/sdk/pico/pico-sdk/src/common/pico_util/pheap.c.obj
 *fill*         0x1000496b        0x1 
 .rodata.__func__.2
                0x1000496c       0x12 CMakeFiles/BareMetal_UART.dir/C_/VSARM/sdk/pico/pico-sdk/src/common/pico_util/pheap.c.obj
 *fill*         0x1000497e        0x2 
 .rodata.__func__.3
                0x10004980        0xc CMakeFiles/BareMetal_UART.dir/C_/VSARM/sdk/pico/pico-sdk/src/common/pico_util/pheap.c.obj
 .rodata.__assert_func.str1.4
                0x1000498c       0x3f CMakeFiles/BareMetal_UART.dir/C_/VSARM/sdk/pico/pico-sdk/src/rp2_common/pico_runtime/runtime.c.obj
                                 0x43 (size before relaxing)
 *fill*         0x100049cb        0x1 
 .rodata.panic.str1.4
                0x100049cc       0x12 CMakeFiles/BareMetal_UART.dir/C_/VSARM/sdk/pico/pico-sdk/src/rp2_common/pico_runtime/runtime.c.obj
 *fill*         0x100049de        0x2 
 .rodata.clock_configure.str1.4
                0x100049e0       0x57 CMakeFiles/BareMetal_UART.dir/C_/VSARM/sdk/pico/pico-sdk/src/rp2_common/hardware_clocks/clocks.c.obj
 *fill*         0x10004a37        0x1 
 .rodata.__func__.1
                0x10004a38       0x10 CMakeFiles/BareMetal_UART.dir/C_/VSARM/sdk/pico/pico-sdk/src/rp2_common/hardware_clocks/clocks.c.obj
 .rodata.make_branch.str1.4
                0x10004a48       0x4d CMakeFiles/BareMetal_UART.dir/C_/VSARM/sdk/pico/pico-sdk/src/rp2_common/hardware_irq/irq.c.obj
 *fill*         0x10004a95        0x3 
 .rodata.irq_set_exclusive_handler.str1.4
                0x10004a98       0x36 CMakeFiles/BareMetal_UART.dir/C_/VSARM/sdk/pico/pico-sdk/src/rp2_common/hardware_irq/irq.c.obj
 *fill*         0x10004ace        0x2 
 .rodata.irq_add_shared_handler.str1.4
                0x10004ad0       0xd9 CMakeFiles/BareMetal_UART.dir/C_/VSARM/sdk/pico/pico-sdk/src/rp2_common/hardware_irq/irq.c.obj
 *fill*         0x10004ba9        0x3 
 .rodata.irq_remove_handler.str1.4
                0x10004bac       0x2a CMakeFiles/BareMetal_UART.dir/C_/VSARM/sdk/pico/pico-sdk/src/rp2_common/hardware_irq/irq.c.obj
 *fill*         0x10004bd6        0x2 
 .rodata.irq_add_tail_to_free_list.str1.4
                0x10004bd8       0x32 CMakeFiles/BareMetal_UART.dir/C_/VSARM/sdk/pico/pico-sdk/src/rp2_common/hardware_irq/irq.c.obj
                                 0x3a (size before relaxing)
 *fill*         0x10004c0a        0x2 
 .rodata.__func__.0
                0x10004c0c       0x1a CMakeFiles/BareMetal_UART.dir/C_/VSARM/sdk/pico/pico-sdk/src/rp2_common/hardware_irq/irq.c.obj
 *fill*         0x10004c26        0x2 
 .rodata.__func__.1
                0x10004c28       0x17 CMakeFiles/BareMetal_UART.dir/C_/VSARM/sdk/pico/pico-sdk/src/rp2_common/hardware_irq/irq.c.obj
 *fill*         0x10004c3f        0x1 
 .rodata.__func__.2
                0x10004c40       0x13 CMakeFiles/BareMetal_UART.dir/C_/VSARM/sdk/pico/pico-sdk/src/rp2_common/hardware_irq/irq.c.obj
 *fill*         0x10004c53        0x1 
 .rodata.__func__.3
                0x10004c54        0xc CMakeFiles/BareMetal_UART.dir/C_/VSARM/sdk/pico/pico-sdk/src/rp2_common/hardware_irq/irq.c.obj
 .rodata.__func__.4
                0x10004c60        0xf CMakeFiles/BareMetal_UART.dir/C_/VSARM/sdk/pico/pico-sdk/src/rp2_common/hardware_irq/irq.c.obj
 *fill*         0x10004c6f        0x1 
 .rodata.__func__.6
                0x10004c70       0x1a CMakeFiles/BareMetal_UART.dir/C_/VSARM/sdk/pico/pico-sdk/src/rp2_common/hardware_irq/irq.c.obj
 *fill*         0x10004c8a        0x2 
 .rodata.pll_init.str1.4
                0x10004c8c       0xdb CMakeFiles/BareMetal_UART.dir/C_/VSARM/sdk/pico/pico-sdk/src/rp2_common/hardware_pll/pll.c.obj
 *fill*         0x10004d67        0x1 
 .rodata.__func__.0
                0x10004d68        0x9 CMakeFiles/BareMetal_UART.dir/C_/VSARM/sdk/pico/pico-sdk/src/rp2_common/hardware_pll/pll.c.obj
 *fill*         0x10004d71        0x3 
 .rodata._ftoa.str1.4
                0x10004d74       0x15 CMakeFiles/BareMetal_UART.dir/C_/VSARM/sdk/pico/pico-sdk/src/rp2_common/pico_printf/printf.c.obj
 *fill*         0x10004d89        0x3 
 .rodata._vsnprintf
                0x10004d8c      0x1e0 CMakeFiles/BareMetal_UART.dir/C_/VSARM/sdk/pico/pico-sdk/src/rp2_common/pico_printf/printf.c.obj
 *fill*         0x10004f6c        0x4 
 .rodata.pow10.0
                0x10004f70       0x50 CMakeFiles/BareMetal_UART.dir/C_/VSARM/sdk/pico/pico-sdk/src/rp2_common/pico_printf/printf.c.obj
 .rodata.__aeabi_double_init.str1.4
                0x10004fc0       0xa8 CMakeFiles/BareMetal_UART.dir/C_/VSARM/sdk/pico/pico-sdk/src/rp2_common/pico_double/double_init_rom.c.obj
 .rodata.__func__.0
                0x10005068       0x14 CMakeFiles/BareMetal_UART.dir/C_/VSARM/sdk/pico/pico-sdk/src/rp2_common/pico_double/double_init_rom.c.obj
 .rodata.__aeabi_float_init.str1.4
                0x1000507c       0x7a CMakeFiles/BareMetal_UART.dir/C_/VSARM/sdk/pico/pico-sdk/src/rp2_common/pico_float/float_init_rom.c.obj
                                 0x7e (size before relaxing)
 *fill*         0x100050f6        0x2 
 .rodata.__func__.0
                0x100050f8       0x13 CMakeFiles/BareMetal_UART.dir/C_/VSARM/sdk/pico/pico-sdk/src/rp2_common/pico_float/float_init_rom.c.obj
 *fill*         0x1000510b        0x1 
 .rodata.str1.4
                0x1000510c       0x44 CMakeFiles/BareMetal_UART.dir/C_/VSARM/sdk/pico/pico-sdk/src/rp2_common/pico_standard_link/binary_info.c.obj
 .rodata.__bi_44
                0x10005150        0xc CMakeFiles/BareMetal_UART.dir/C_/VSARM/sdk/pico/pico-sdk/src/rp2_common/pico_standard_link/binary_info.c.obj
 .rodata.__bi_75
                0x1000515c        0xc CMakeFiles/BareMetal_UART.dir/C_/VSARM/sdk/pico/pico-sdk/src/rp2_common/pico_standard_link/binary_info.c.obj
 .rodata.__bi_81
                0x10005168        0xc CMakeFiles/BareMetal_UART.dir/C_/VSARM/sdk/pico/pico-sdk/src/rp2_common/pico_standard_link/binary_info.c.obj
 .rodata.crlf_str.3
                0x10005174        0x2 CMakeFiles/BareMetal_UART.dir/C_/VSARM/sdk/pico/pico-sdk/src/rp2_common/pico_stdio/stdio.c.obj
                0x10005178                . = ALIGN (0x4)
 *fill*         0x10005176        0x2 
 *(SORT_BY_ALIGNMENT(SORT_BY_NAME(.flashdata*)))
                0x10005178                . = ALIGN (0x4)

.rel.dyn        0x10005178        0x0
 .rel.iplt      0x10005178        0x0 c:/vsarm/armcc/102021~1.07/bin/../lib/gcc/arm-none-eabi/10.3.1/thumb/v6-m/nofp/crtbegin.o

.ARM.extab
 *(.ARM.extab* .gnu.linkonce.armextab.*)
                0x10005178                __exidx_start = .

.ARM.exidx
 *(.ARM.exidx* .gnu.linkonce.armexidx.*)
                0x10005178                __exidx_end = .
                0x10005178                . = ALIGN (0x4)
                0x10005178                __binary_info_start = .

.binary_info    0x10005178       0x1c
 *(.binary_info.keep.*)
 .binary_info.keep.__bi_ptr22
                0x10005178        0x4 CMakeFiles/BareMetal_UART.dir/C_/VSARM/sdk/pico/pico-sdk/src/rp2_common/pico_standard_link/binary_info.c.obj
 .binary_info.keep.__bi_ptr30
                0x1000517c        0x4 CMakeFiles/BareMetal_UART.dir/C_/VSARM/sdk/pico/pico-sdk/src/rp2_common/pico_standard_link/binary_info.c.obj
 .binary_info.keep.__bi_ptr38
                0x10005180        0x4 CMakeFiles/BareMetal_UART.dir/C_/VSARM/sdk/pico/pico-sdk/src/rp2_common/pico_standard_link/binary_info.c.obj
 .binary_info.keep.__bi_ptr44
                0x10005184        0x4 CMakeFiles/BareMetal_UART.dir/C_/VSARM/sdk/pico/pico-sdk/src/rp2_common/pico_standard_link/binary_info.c.obj
 .binary_info.keep.__bi_ptr50
                0x10005188        0x4 CMakeFiles/BareMetal_UART.dir/C_/VSARM/sdk/pico/pico-sdk/src/rp2_common/pico_standard_link/binary_info.c.obj
 .binary_info.keep.__bi_ptr75
                0x1000518c        0x4 CMakeFiles/BareMetal_UART.dir/C_/VSARM/sdk/pico/pico-sdk/src/rp2_common/pico_standard_link/binary_info.c.obj
 .binary_info.keep.__bi_ptr81
                0x10005190        0x4 CMakeFiles/BareMetal_UART.dir/C_/VSARM/sdk/pico/pico-sdk/src/rp2_common/pico_standard_link/binary_info.c.obj
 *(.binary_info.*)
                0x10005194                __binary_info_end = .
                0x10005194                . = ALIGN (0x4)
                0x10005194                __etext = .

.ram_vector_table
                0x20000000       0xc0
 *(.ram_vector_table)
 .ram_vector_table
                0x20000000       0xc0 CMakeFiles/BareMetal_UART.dir/C_/VSARM/sdk/pico/pico-sdk/src/rp2_common/pico_runtime/runtime.c.obj
                0x20000000                ram_vector_table

.data           0x200000c0      0x24c load address 0x10005194
                0x200000c0                __data_start__ = .
 *(vtable)
 *(.time_critical*)
 .time_critical.mutex_enter_blocking
                0x200000c0       0x94 CMakeFiles/BareMetal_UART.dir/C_/VSARM/sdk/pico/pico-sdk/src/common/pico_sync/mutex.c.obj
                0x200000c0                mutex_enter_blocking
 .time_critical.mutex_try_enter
                0x20000154       0x5a CMakeFiles/BareMetal_UART.dir/C_/VSARM/sdk/pico/pico-sdk/src/common/pico_sync/mutex.c.obj
                0x20000154                mutex_try_enter
 *fill*         0x200001ae        0x2 
 .time_critical.mutex_exit
                0x200001b0       0x94 CMakeFiles/BareMetal_UART.dir/C_/VSARM/sdk/pico/pico-sdk/src/common/pico_sync/mutex.c.obj
                0x200001b0                mutex_exit
 *(.text*)
 .text          0x20000244        0x4 c:/vsarm/armcc/102021~1.07/bin/../lib/gcc/arm-none-eabi/10.3.1/thumb/v6-m/nofp\libgcc.a(_dvmd_tls.o)
                0x20000244                __aeabi_idiv0
                0x20000244                __aeabi_ldiv0
 .text.__stub   0x20000248       0x10 linker stubs
                0x20000258                . = ALIGN (0x4)
 *(.rodata*)
                0x20000258                . = ALIGN (0x4)
 *(.data*)
 .data.CRCdata  0x20000258        0x2 CMakeFiles/BareMetal_UART.dir/src/uart_safe.c.obj
                0x20000258                CRCdata
 .data.striped_spin_lock_num
                0x2000025a        0x1 CMakeFiles/BareMetal_UART.dir/C_/VSARM/sdk/pico/pico-sdk/src/rp2_common/hardware_sync/sync.c.obj
 *fill*         0x2000025b        0x1 
 .data.default_alarm_pool
                0x2000025c       0x18 CMakeFiles/BareMetal_UART.dir/C_/VSARM/sdk/pico/pico-sdk/src/common/pico_time/time.c.obj
 .data.default_alarm_pool_heap
                0x20000274       0x10 CMakeFiles/BareMetal_UART.dir/C_/VSARM/sdk/pico/pico-sdk/src/common/pico_time/time.c.obj
 .data          0x20000284       0x48 CMakeFiles/BareMetal_UART.dir/C_/VSARM/sdk/pico/pico-sdk/src/rp2_common/hardware_irq/irq_handler_chain.S.obj
                0x20000284                irq_handler_chain_slots
                0x200002b4                irq_handler_chain_first_slot
                0x200002be                irq_handler_chain_remove_tail
 *fill*         0x200002cc        0x4 
 .data.aeabi_bits_funcs
                0x200002d0       0x10 CMakeFiles/BareMetal_UART.dir/C_/VSARM/sdk/pico/pico-sdk/src/rp2_common/pico_bit_ops/bit_ops_aeabi.S.obj
                0x200002d0                aeabi_bits_funcs
                0x200002e0                aeabi_bits_funcs_end
 .data.aeabi_mem_funcs
                0x200002e0       0x10 CMakeFiles/BareMetal_UART.dir/C_/VSARM/sdk/pico/pico-sdk/src/rp2_common/pico_mem_ops/mem_ops_aeabi.S.obj
                0x200002e0                aeabi_mem_funcs
                0x200002f0                aeabi_mem_funcs_end
                0x200002f0                . = ALIGN (0x4)
 *(.after_data.*)
                0x200002f0                . = ALIGN (0x4)
                0x200002f0                PROVIDE (__mutex_array_start = .)
 *(SORT_BY_NAME(.mutex_array.*))
 *(.mutex_array)
 .mutex_array   0x200002f0        0x8 CMakeFiles/BareMetal_UART.dir/C_/VSARM/sdk/pico/pico-sdk/src/rp2_common/pico_stdio/stdio.c.obj
                0x200002f8                PROVIDE (__mutex_array_end = .)
                0x200002f8                . = ALIGN (0x4)
                0x200002f8                PROVIDE (__preinit_array_start = .)
 *(SORT_BY_NAME(.preinit_array.*))
 .preinit_array.00001
                0x200002f8        0x4 CMakeFiles/BareMetal_UART.dir/C_/VSARM/sdk/pico/pico-sdk/src/rp2_common/pico_mem_ops/mem_ops_aeabi.S.obj
 .preinit_array.00010
                0x200002fc        0x4 CMakeFiles/BareMetal_UART.dir/C_/VSARM/sdk/pico/pico-sdk/src/rp2_common/pico_bit_ops/bit_ops_aeabi.S.obj
 .preinit_array.00020
                0x20000300        0x4 CMakeFiles/BareMetal_UART.dir/C_/VSARM/sdk/pico/pico-sdk/src/rp2_common/pico_double/double_aeabi.S.obj
 .preinit_array.00020
                0x20000304        0x4 CMakeFiles/BareMetal_UART.dir/C_/VSARM/sdk/pico/pico-sdk/src/rp2_common/pico_float/float_aeabi.S.obj
 *(.preinit_array)
                0x20000308                PROVIDE (__preinit_array_end = .)
                0x20000308                . = ALIGN (0x4)
                0x20000308                PROVIDE (__init_array_start = .)
 *(SORT_BY_NAME(.init_array.*))
 *(.init_array)
 .init_array    0x20000308        0x4 c:/vsarm/armcc/102021~1.07/bin/../lib/gcc/arm-none-eabi/10.3.1/thumb/v6-m/nofp/crtbegin.o
                0x2000030c                PROVIDE (__init_array_end = .)
                0x2000030c                . = ALIGN (0x4)
                [!provide]                PROVIDE (__fini_array_start = .)
 *(SORT_BY_NAME(.fini_array.*))
 *(.fini_array)
                [!provide]                PROVIDE (__fini_array_end = .)
 *(.jcr)
                0x2000030c                . = ALIGN (0x4)
                0x2000030c                __data_end__ = .

.igot.plt       0x2000030c        0x0 load address 0x100053e0
 .igot.plt      0x2000030c        0x0 c:/vsarm/armcc/102021~1.07/bin/../lib/gcc/arm-none-eabi/10.3.1/thumb/v6-m/nofp/crtbegin.o

.uninitialized_data
                0x2000030c        0x0 load address 0x100053e0
                0x2000030c                . = ALIGN (0x4)
 *(.uninitialized_data*)

.scratch_x      0x20040000        0x0 load address 0x100053e0
                0x20040000                __scratch_x_start__ = .
 *(.scratch_x.*)
                0x20040000                . = ALIGN (0x4)
                0x20040000                __scratch_x_end__ = .
                0x100053e0                __scratch_x_source__ = LOADADDR (.scratch_x)

.scratch_y      0x20041000        0x0 load address 0x100053e0
                0x20041000                __scratch_y_start__ = .
 *(.scratch_y.*)
                0x20041000                . = ALIGN (0x4)
                0x20041000                __scratch_y_end__ = .
                0x100053e0                __scratch_y_source__ = LOADADDR (.scratch_y)

.bss            0x20000320      0x50c
                0x20000320                . = ALIGN (0x4)
                0x20000320                __bss_start__ = .
 *(SORT_BY_ALIGNMENT(SORT_BY_NAME(.bss*)))
 .bss.objectTest
                0x20000320      0x140 CMakeFiles/BareMetal_UART.dir/src/main.c.obj
                0x20000320                objectTest
 .bss.default_alarm_pool_entries
                0x20000460      0x100 CMakeFiles/BareMetal_UART.dir/C_/VSARM/sdk/pico/pico-sdk/src/common/pico_time/time.c.obj
 .bss           0x20000560       0x1c c:/vsarm/armcc/102021~1.07/bin/../lib/gcc/arm-none-eabi/10.3.1/thumb/v6-m/nofp/crtbegin.o
 .bss.alarm_callbacks
                0x2000057c       0x10 CMakeFiles/BareMetal_UART.dir/C_/VSARM/sdk/pico/pico-sdk/src/rp2_common/hardware_timer/timer.c.obj
 .bss.configured_freq
                0x2000058c       0x28 CMakeFiles/BareMetal_UART.dir/C_/VSARM/sdk/pico/pico-sdk/src/rp2_common/hardware_clocks/clocks.c.obj
 .bss.default_alarm_pool_entry_ids_high
                0x200005b4       0x10 CMakeFiles/BareMetal_UART.dir/C_/VSARM/sdk/pico/pico-sdk/src/common/pico_time/time.c.obj
 .bss.default_alarm_pool_heap_nodes
                0x200005c4       0x30 CMakeFiles/BareMetal_UART.dir/C_/VSARM/sdk/pico/pico-sdk/src/common/pico_time/time.c.obj
 .bss.drivers   0x200005f4        0x4 CMakeFiles/BareMetal_UART.dir/C_/VSARM/sdk/pico/pico-sdk/src/rp2_common/pico_stdio/stdio.c.obj
 .bss.filter    0x200005f8        0x4 CMakeFiles/BareMetal_UART.dir/C_/VSARM/sdk/pico/pico-sdk/src/rp2_common/pico_stdio/stdio.c.obj
 .bss.pools     0x200005fc       0x10 CMakeFiles/BareMetal_UART.dir/C_/VSARM/sdk/pico/pico-sdk/src/common/pico_time/time.c.obj
 .bss.sd_table  0x2000060c      0x100 CMakeFiles/BareMetal_UART.dir/C_/VSARM/sdk/pico/pico-sdk/src/rp2_common/pico_double/double_init_rom.c.obj
                0x2000060c                sd_table
 .bss.sf_clz_func
                0x2000070c        0x4 CMakeFiles/BareMetal_UART.dir/C_/VSARM/sdk/pico/pico-sdk/src/rp2_common/pico_float/float_init_rom.c.obj
                0x2000070c                sf_clz_func
 .bss.sf_table  0x20000710      0x100 CMakeFiles/BareMetal_UART.dir/C_/VSARM/sdk/pico/pico-sdk/src/rp2_common/pico_float/float_init_rom.c.obj
                0x20000710                sf_table
 .bss.sleep_notifier
                0x20000810        0x4 CMakeFiles/BareMetal_UART.dir/C_/VSARM/sdk/pico/pico-sdk/src/common/pico_time/time.c.obj
 .bss.target_hi
                0x20000814       0x10 CMakeFiles/BareMetal_UART.dir/C_/VSARM/sdk/pico/pico-sdk/src/rp2_common/hardware_timer/timer.c.obj
 .bss.uart_char_to_line_feed
                0x20000824        0x4 CMakeFiles/BareMetal_UART.dir/C_/VSARM/sdk/pico/pico-sdk/src/rp2_common/hardware_uart/uart.c.obj
                0x20000824                uart_char_to_line_feed
 .bss.claimed   0x20000828        0x1 CMakeFiles/BareMetal_UART.dir/C_/VSARM/sdk/pico/pico-sdk/src/rp2_common/hardware_timer/timer.c.obj
 .bss.irq_hander_chain_free_slot_head
                0x20000829        0x1 CMakeFiles/BareMetal_UART.dir/C_/VSARM/sdk/pico/pico-sdk/src/rp2_common/hardware_irq/irq.c.obj
 .bss.timer_callbacks_pending
                0x2000082a        0x1 CMakeFiles/BareMetal_UART.dir/C_/VSARM/sdk/pico/pico-sdk/src/rp2_common/hardware_timer/timer.c.obj
 *(COMMON)
                0x2000082c                . = ALIGN (0x4)
 *fill*         0x2000082b        0x1 
                0x2000082c                __bss_end__ = .

.heap           0x2000082c      0x800
                0x2000082c                __end__ = .
                0x2000082c                end = __end__
 *(.heap*)
 .heap          0x2000082c      0x800 CMakeFiles/BareMetal_UART.dir/C_/VSARM/sdk/pico/pico-sdk/src/rp2_common/pico_standard_link/crt0.S.obj
                0x2000102c                __HeapLimit = .

.stack1_dummy   0x20040000        0x0
 *(.stack1*)

.stack_dummy    0x20041000      0x800
 *(.stack*)
 .stack         0x20041000      0x800 CMakeFiles/BareMetal_UART.dir/C_/VSARM/sdk/pico/pico-sdk/src/rp2_common/pico_standard_link/crt0.S.obj

.flash_end      0x100053e0        0x0
                0x100053e0                __flash_binary_end = .
                0x20040000                __StackLimit = (ORIGIN (RAM) + LENGTH (RAM))
                0x20041000                __StackOneTop = (ORIGIN (SCRATCH_X) + LENGTH (SCRATCH_X))
                0x20042000                __StackTop = (ORIGIN (SCRATCH_Y) + LENGTH (SCRATCH_Y))
                0x20041000                __StackOneBottom = (__StackOneTop - SIZEOF (.stack1_dummy))
                0x20041800                __StackBottom = (__StackTop - SIZEOF (.stack_dummy))
                0x20042000                PROVIDE (__stack = __StackTop)
                0x00000001                ASSERT ((__StackLimit >= __HeapLimit), region RAM overflowed)
                0x00000001                ASSERT (((__binary_info_header_end - __logical_binary_start) <= 0x100), Binary info must be in first 256 bytes of the binary)
LOAD CMakeFiles/BareMetal_UART.dir/src/main.c.obj
LOAD CMakeFiles/BareMetal_UART.dir/src/bsp.c.obj
LOAD CMakeFiles/BareMetal_UART.dir/src/uart_safe.c.obj
LOAD CMakeFiles/BareMetal_UART.dir/C_/VSARM/sdk/pico/pico-sdk/src/rp2_common/pico_stdlib/stdlib.c.obj
LOAD CMakeFiles/BareMetal_UART.dir/C_/VSARM/sdk/pico/pico-sdk/src/rp2_common/hardware_gpio/gpio.c.obj
LOAD CMakeFiles/BareMetal_UART.dir/C_/VSARM/sdk/pico/pico-sdk/src/rp2_common/hardware_claim/claim.c.obj
LOAD CMakeFiles/BareMetal_UART.dir/C_/VSARM/sdk/pico/pico-sdk/src/rp2_common/pico_platform/platform.c.obj
LOAD CMakeFiles/BareMetal_UART.dir/C_/VSARM/sdk/pico/pico-sdk/src/rp2_common/hardware_sync/sync.c.obj
LOAD CMakeFiles/BareMetal_UART.dir/C_/VSARM/sdk/pico/pico-sdk/src/rp2_common/hardware_uart/uart.c.obj
LOAD CMakeFiles/BareMetal_UART.dir/C_/VSARM/sdk/pico/pico-sdk/src/rp2_common/hardware_divider/divider.S.obj
LOAD CMakeFiles/BareMetal_UART.dir/C_/VSARM/sdk/pico/pico-sdk/src/common/pico_time/time.c.obj
LOAD CMakeFiles/BareMetal_UART.dir/C_/VSARM/sdk/pico/pico-sdk/src/common/pico_time/timeout_helper.c.obj
LOAD CMakeFiles/BareMetal_UART.dir/C_/VSARM/sdk/pico/pico-sdk/src/rp2_common/hardware_timer/timer.c.obj
LOAD CMakeFiles/BareMetal_UART.dir/C_/VSARM/sdk/pico/pico-sdk/src/common/pico_sync/sem.c.obj
LOAD CMakeFiles/BareMetal_UART.dir/C_/VSARM/sdk/pico/pico-sdk/src/common/pico_sync/lock_core.c.obj
LOAD CMakeFiles/BareMetal_UART.dir/C_/VSARM/sdk/pico/pico-sdk/src/common/pico_sync/mutex.c.obj
LOAD CMakeFiles/BareMetal_UART.dir/C_/VSARM/sdk/pico/pico-sdk/src/common/pico_sync/critical_section.c.obj
LOAD CMakeFiles/BareMetal_UART.dir/C_/VSARM/sdk/pico/pico-sdk/src/common/pico_util/datetime.c.obj
LOAD CMakeFiles/BareMetal_UART.dir/C_/VSARM/sdk/pico/pico-sdk/src/common/pico_util/pheap.c.obj
LOAD CMakeFiles/BareMetal_UART.dir/C_/VSARM/sdk/pico/pico-sdk/src/common/pico_util/queue.c.obj
LOAD CMakeFiles/BareMetal_UART.dir/C_/VSARM/sdk/pico/pico-sdk/src/rp2_common/pico_runtime/runtime.c.obj
LOAD CMakeFiles/BareMetal_UART.dir/C_/VSARM/sdk/pico/pico-sdk/src/rp2_common/hardware_clocks/clocks.c.obj
LOAD CMakeFiles/BareMetal_UART.dir/C_/VSARM/sdk/pico/pico-sdk/src/rp2_common/hardware_irq/irq.c.obj
LOAD CMakeFiles/BareMetal_UART.dir/C_/VSARM/sdk/pico/pico-sdk/src/rp2_common/hardware_irq/irq_handler_chain.S.obj
LOAD CMakeFiles/BareMetal_UART.dir/C_/VSARM/sdk/pico/pico-sdk/src/rp2_common/hardware_pll/pll.c.obj
LOAD CMakeFiles/BareMetal_UART.dir/C_/VSARM/sdk/pico/pico-sdk/src/rp2_common/hardware_vreg/vreg.c.obj
LOAD CMakeFiles/BareMetal_UART.dir/C_/VSARM/sdk/pico/pico-sdk/src/rp2_common/hardware_watchdog/watchdog.c.obj
LOAD CMakeFiles/BareMetal_UART.dir/C_/VSARM/sdk/pico/pico-sdk/src/rp2_common/hardware_xosc/xosc.c.obj
LOAD CMakeFiles/BareMetal_UART.dir/C_/VSARM/sdk/pico/pico-sdk/src/rp2_common/pico_printf/printf.c.obj
LOAD CMakeFiles/BareMetal_UART.dir/C_/VSARM/sdk/pico/pico-sdk/src/rp2_common/pico_bit_ops/bit_ops_aeabi.S.obj
LOAD CMakeFiles/BareMetal_UART.dir/C_/VSARM/sdk/pico/pico-sdk/src/rp2_common/pico_bootrom/bootrom.c.obj
LOAD CMakeFiles/BareMetal_UART.dir/C_/VSARM/sdk/pico/pico-sdk/src/rp2_common/pico_divider/divider.S.obj
LOAD CMakeFiles/BareMetal_UART.dir/C_/VSARM/sdk/pico/pico-sdk/src/rp2_common/pico_double/double_aeabi.S.obj
LOAD CMakeFiles/BareMetal_UART.dir/C_/VSARM/sdk/pico/pico-sdk/src/rp2_common/pico_double/double_init_rom.c.obj
LOAD CMakeFiles/BareMetal_UART.dir/C_/VSARM/sdk/pico/pico-sdk/src/rp2_common/pico_double/double_math.c.obj
LOAD CMakeFiles/BareMetal_UART.dir/C_/VSARM/sdk/pico/pico-sdk/src/rp2_common/pico_double/double_v1_rom_shim.S.obj
LOAD CMakeFiles/BareMetal_UART.dir/C_/VSARM/sdk/pico/pico-sdk/src/rp2_common/pico_int64_ops/pico_int64_ops_aeabi.S.obj
LOAD CMakeFiles/BareMetal_UART.dir/C_/VSARM/sdk/pico/pico-sdk/src/rp2_common/pico_float/float_aeabi.S.obj
LOAD CMakeFiles/BareMetal_UART.dir/C_/VSARM/sdk/pico/pico-sdk/src/rp2_common/pico_float/float_init_rom.c.obj
LOAD CMakeFiles/BareMetal_UART.dir/C_/VSARM/sdk/pico/pico-sdk/src/rp2_common/pico_float/float_math.c.obj
LOAD CMakeFiles/BareMetal_UART.dir/C_/VSARM/sdk/pico/pico-sdk/src/rp2_common/pico_float/float_v1_rom_shim.S.obj
LOAD CMakeFiles/BareMetal_UART.dir/C_/VSARM/sdk/pico/pico-sdk/src/rp2_common/pico_malloc/pico_malloc.c.obj
LOAD CMakeFiles/BareMetal_UART.dir/C_/VSARM/sdk/pico/pico-sdk/src/rp2_common/pico_mem_ops/mem_ops_aeabi.S.obj
LOAD CMakeFiles/BareMetal_UART.dir/C_/VSARM/sdk/pico/pico-sdk/src/rp2_common/pico_standard_link/crt0.S.obj
LOAD CMakeFiles/BareMetal_UART.dir/C_/VSARM/sdk/pico/pico-sdk/src/rp2_common/pico_standard_link/new_delete.cpp.obj
LOAD CMakeFiles/BareMetal_UART.dir/C_/VSARM/sdk/pico/pico-sdk/src/rp2_common/pico_standard_link/binary_info.c.obj
LOAD CMakeFiles/BareMetal_UART.dir/C_/VSARM/sdk/pico/pico-sdk/src/rp2_common/pico_stdio/stdio.c.obj
LOAD CMakeFiles/BareMetal_UART.dir/C_/VSARM/sdk/pico/pico-sdk/src/rp2_common/hardware_dma/dma.c.obj
LOAD libFreeRTOS.a
LOAD C:\Users\camil\AppData\Local\Temp\ccAUSHZP.o
LOAD c:/vsarm/armcc/102021~1.07/bin/../lib/gcc/arm-none-eabi/10.3.1/../../../../arm-none-eabi/lib/thumb/v6-m/nofp\libstdc++.a
LOAD c:/vsarm/armcc/102021~1.07/bin/../lib/gcc/arm-none-eabi/10.3.1/../../../../arm-none-eabi/lib/thumb/v6-m/nofp\libm.a
START GROUP
LOAD c:/vsarm/armcc/102021~1.07/bin/../lib/gcc/arm-none-eabi/10.3.1/thumb/v6-m/nofp\libgcc.a
LOAD c:/vsarm/armcc/102021~1.07/bin/../lib/gcc/arm-none-eabi/10.3.1/../../../../arm-none-eabi/lib/thumb/v6-m/nofp\libg.a
LOAD c:/vsarm/armcc/102021~1.07/bin/../lib/gcc/arm-none-eabi/10.3.1/../../../../arm-none-eabi/lib/thumb/v6-m/nofp\libc.a
END GROUP
START GROUP
LOAD c:/vsarm/armcc/102021~1.07/bin/../lib/gcc/arm-none-eabi/10.3.1/thumb/v6-m/nofp\libgcc.a
LOAD c:/vsarm/armcc/102021~1.07/bin/../lib/gcc/arm-none-eabi/10.3.1/../../../../arm-none-eabi/lib/thumb/v6-m/nofp\libc.a
LOAD c:/vsarm/armcc/102021~1.07/bin/../lib/gcc/arm-none-eabi/10.3.1/../../../../arm-none-eabi/lib/thumb/v6-m/nofp\libnosys.a
END GROUP
LOAD c:/vsarm/armcc/102021~1.07/bin/../lib/gcc/arm-none-eabi/10.3.1/thumb/v6-m/nofp/crtend.o
LOAD c:/vsarm/armcc/102021~1.07/bin/../lib/gcc/arm-none-eabi/10.3.1/thumb/v6-m/nofp/crtn.o
OUTPUT(BareMetal_UART.elf elf32-littlearm)
LOAD linker stubs

.ARM.attributes
                0x00000000       0x28
 .ARM.attributes
                0x00000000       0x1e c:/vsarm/armcc/102021~1.07/bin/../lib/gcc/arm-none-eabi/10.3.1/thumb/v6-m/nofp/crti.o
 .ARM.attributes
                0x0000001e       0x2c c:/vsarm/armcc/102021~1.07/bin/../lib/gcc/arm-none-eabi/10.3.1/thumb/v6-m/nofp/crtbegin.o
 .ARM.attributes
                0x0000004a       0x2c CMakeFiles/BareMetal_UART.dir/src/main.c.obj
 .ARM.attributes
                0x00000076       0x2c CMakeFiles/BareMetal_UART.dir/src/bsp.c.obj
 .ARM.attributes
                0x000000a2       0x2c CMakeFiles/BareMetal_UART.dir/src/uart_safe.c.obj
 .ARM.attributes
                0x000000ce       0x2c CMakeFiles/BareMetal_UART.dir/C_/VSARM/sdk/pico/pico-sdk/src/rp2_common/hardware_gpio/gpio.c.obj
 .ARM.attributes
                0x000000fa       0x2c CMakeFiles/BareMetal_UART.dir/C_/VSARM/sdk/pico/pico-sdk/src/rp2_common/hardware_claim/claim.c.obj
 .ARM.attributes
                0x00000126       0x2c CMakeFiles/BareMetal_UART.dir/C_/VSARM/sdk/pico/pico-sdk/src/rp2_common/pico_platform/platform.c.obj
 .ARM.attributes
                0x00000152       0x2c CMakeFiles/BareMetal_UART.dir/C_/VSARM/sdk/pico/pico-sdk/src/rp2_common/hardware_sync/sync.c.obj
 .ARM.attributes
                0x0000017e       0x2c CMakeFiles/BareMetal_UART.dir/C_/VSARM/sdk/pico/pico-sdk/src/rp2_common/hardware_uart/uart.c.obj
 .ARM.attributes
                0x000001aa       0x2c CMakeFiles/BareMetal_UART.dir/C_/VSARM/sdk/pico/pico-sdk/src/common/pico_time/time.c.obj
 .ARM.attributes
                0x000001d6       0x2c CMakeFiles/BareMetal_UART.dir/C_/VSARM/sdk/pico/pico-sdk/src/rp2_common/hardware_timer/timer.c.obj
 .ARM.attributes
                0x00000202       0x2c CMakeFiles/BareMetal_UART.dir/C_/VSARM/sdk/pico/pico-sdk/src/common/pico_sync/lock_core.c.obj
 .ARM.attributes
                0x0000022e       0x2c CMakeFiles/BareMetal_UART.dir/C_/VSARM/sdk/pico/pico-sdk/src/common/pico_sync/mutex.c.obj
 .ARM.attributes
                0x0000025a       0x2c CMakeFiles/BareMetal_UART.dir/C_/VSARM/sdk/pico/pico-sdk/src/common/pico_util/pheap.c.obj
 .ARM.attributes
                0x00000286       0x2c CMakeFiles/BareMetal_UART.dir/C_/VSARM/sdk/pico/pico-sdk/src/rp2_common/pico_runtime/runtime.c.obj
 .ARM.attributes
                0x000002b2       0x2c CMakeFiles/BareMetal_UART.dir/C_/VSARM/sdk/pico/pico-sdk/src/rp2_common/hardware_clocks/clocks.c.obj
 .ARM.attributes
                0x000002de       0x2c CMakeFiles/BareMetal_UART.dir/C_/VSARM/sdk/pico/pico-sdk/src/rp2_common/hardware_irq/irq.c.obj
 .ARM.attributes
                0x0000030a       0x22 CMakeFiles/BareMetal_UART.dir/C_/VSARM/sdk/pico/pico-sdk/src/rp2_common/hardware_irq/irq_handler_chain.S.obj
 .ARM.attributes
                0x0000032c       0x2c CMakeFiles/BareMetal_UART.dir/C_/VSARM/sdk/pico/pico-sdk/src/rp2_common/hardware_pll/pll.c.obj
 .ARM.attributes
                0x00000358       0x2c CMakeFiles/BareMetal_UART.dir/C_/VSARM/sdk/pico/pico-sdk/src/rp2_common/hardware_watchdog/watchdog.c.obj
 .ARM.attributes
                0x00000384       0x2c CMakeFiles/BareMetal_UART.dir/C_/VSARM/sdk/pico/pico-sdk/src/rp2_common/hardware_xosc/xosc.c.obj
 .ARM.attributes
                0x000003b0       0x2c CMakeFiles/BareMetal_UART.dir/C_/VSARM/sdk/pico/pico-sdk/src/rp2_common/pico_printf/printf.c.obj
 .ARM.attributes
                0x000003dc       0x22 CMakeFiles/BareMetal_UART.dir/C_/VSARM/sdk/pico/pico-sdk/src/rp2_common/pico_bit_ops/bit_ops_aeabi.S.obj
 .ARM.attributes
                0x000003fe       0x2c CMakeFiles/BareMetal_UART.dir/C_/VSARM/sdk/pico/pico-sdk/src/rp2_common/pico_bootrom/bootrom.c.obj
 .ARM.attributes
                0x0000042a       0x22 CMakeFiles/BareMetal_UART.dir/C_/VSARM/sdk/pico/pico-sdk/src/rp2_common/pico_divider/divider.S.obj
 .ARM.attributes
                0x0000044c       0x22 CMakeFiles/BareMetal_UART.dir/C_/VSARM/sdk/pico/pico-sdk/src/rp2_common/pico_double/double_aeabi.S.obj
 .ARM.attributes
                0x0000046e       0x2c CMakeFiles/BareMetal_UART.dir/C_/VSARM/sdk/pico/pico-sdk/src/rp2_common/pico_double/double_init_rom.c.obj
 .ARM.attributes
                0x0000049a       0x22 CMakeFiles/BareMetal_UART.dir/C_/VSARM/sdk/pico/pico-sdk/src/rp2_common/pico_double/double_v1_rom_shim.S.obj
 .ARM.attributes
                0x000004bc       0x22 CMakeFiles/BareMetal_UART.dir/C_/VSARM/sdk/pico/pico-sdk/src/rp2_common/pico_float/float_aeabi.S.obj
 .ARM.attributes
                0x000004de       0x2c CMakeFiles/BareMetal_UART.dir/C_/VSARM/sdk/pico/pico-sdk/src/rp2_common/pico_float/float_init_rom.c.obj
 .ARM.attributes
                0x0000050a       0x2c CMakeFiles/BareMetal_UART.dir/C_/VSARM/sdk/pico/pico-sdk/src/rp2_common/pico_float/float_math.c.obj
 .ARM.attributes
                0x00000536       0x22 CMakeFiles/BareMetal_UART.dir/C_/VSARM/sdk/pico/pico-sdk/src/rp2_common/pico_float/float_v1_rom_shim.S.obj
 .ARM.attributes
                0x00000558       0x22 CMakeFiles/BareMetal_UART.dir/C_/VSARM/sdk/pico/pico-sdk/src/rp2_common/pico_mem_ops/mem_ops_aeabi.S.obj
 .ARM.attributes
                0x0000057a       0x22 CMakeFiles/BareMetal_UART.dir/C_/VSARM/sdk/pico/pico-sdk/src/rp2_common/pico_standard_link/crt0.S.obj
 .ARM.attributes
                0x0000059c       0x32 CMakeFiles/BareMetal_UART.dir/C_/VSARM/sdk/pico/pico-sdk/src/rp2_common/pico_standard_link/binary_info.c.obj
 .ARM.attributes
                0x000005ce       0x2c CMakeFiles/BareMetal_UART.dir/C_/VSARM/sdk/pico/pico-sdk/src/rp2_common/pico_stdio/stdio.c.obj
 .ARM.attributes
                0x000005fa       0x22 C:\Users\camil\AppData\Local\Temp\ccAUSHZP.o
 .ARM.attributes
                0x0000061c       0x1e c:/vsarm/armcc/102021~1.07/bin/../lib/gcc/arm-none-eabi/10.3.1/thumb/v6-m/nofp\libgcc.a(_dvmd_tls.o)
 .ARM.attributes
                0x0000063a       0x2c c:/vsarm/armcc/102021~1.07/bin/../lib/gcc/arm-none-eabi/10.3.1/../../../../arm-none-eabi/lib/thumb/v6-m/nofp\libg.a(lib_a-strlen-stub.o)

.comment        0x00000000       0x49
 .comment       0x00000000       0x49 CMakeFiles/BareMetal_UART.dir/src/main.c.obj
                                 0x4a (size before relaxing)
 .comment       0x00000049       0x4a CMakeFiles/BareMetal_UART.dir/src/bsp.c.obj
 .comment       0x00000049       0x4a CMakeFiles/BareMetal_UART.dir/src/uart_safe.c.obj
 .comment       0x00000049       0x4a CMakeFiles/BareMetal_UART.dir/C_/VSARM/sdk/pico/pico-sdk/src/rp2_common/hardware_gpio/gpio.c.obj
 .comment       0x00000049       0x4a CMakeFiles/BareMetal_UART.dir/C_/VSARM/sdk/pico/pico-sdk/src/rp2_common/hardware_claim/claim.c.obj
 .comment       0x00000049       0x4a CMakeFiles/BareMetal_UART.dir/C_/VSARM/sdk/pico/pico-sdk/src/rp2_common/pico_platform/platform.c.obj
 .comment       0x00000049       0x4a CMakeFiles/BareMetal_UART.dir/C_/VSARM/sdk/pico/pico-sdk/src/rp2_common/hardware_sync/sync.c.obj
 .comment       0x00000049       0x4a CMakeFiles/BareMetal_UART.dir/C_/VSARM/sdk/pico/pico-sdk/src/rp2_common/hardware_uart/uart.c.obj
 .comment       0x00000049       0x4a CMakeFiles/BareMetal_UART.dir/C_/VSARM/sdk/pico/pico-sdk/src/common/pico_time/time.c.obj
 .comment       0x00000049       0x4a CMakeFiles/BareMetal_UART.dir/C_/VSARM/sdk/pico/pico-sdk/src/rp2_common/hardware_timer/timer.c.obj
 .comment       0x00000049       0x4a CMakeFiles/BareMetal_UART.dir/C_/VSARM/sdk/pico/pico-sdk/src/common/pico_sync/lock_core.c.obj
 .comment       0x00000049       0x4a CMakeFiles/BareMetal_UART.dir/C_/VSARM/sdk/pico/pico-sdk/src/common/pico_sync/mutex.c.obj
 .comment       0x00000049       0x4a CMakeFiles/BareMetal_UART.dir/C_/VSARM/sdk/pico/pico-sdk/src/common/pico_util/pheap.c.obj
 .comment       0x00000049       0x4a CMakeFiles/BareMetal_UART.dir/C_/VSARM/sdk/pico/pico-sdk/src/rp2_common/pico_runtime/runtime.c.obj
 .comment       0x00000049       0x4a CMakeFiles/BareMetal_UART.dir/C_/VSARM/sdk/pico/pico-sdk/src/rp2_common/hardware_clocks/clocks.c.obj
 .comment       0x00000049       0x4a CMakeFiles/BareMetal_UART.dir/C_/VSARM/sdk/pico/pico-sdk/src/rp2_common/hardware_irq/irq.c.obj
 .comment       0x00000049       0x4a CMakeFiles/BareMetal_UART.dir/C_/VSARM/sdk/pico/pico-sdk/src/rp2_common/hardware_pll/pll.c.obj
 .comment       0x00000049       0x4a CMakeFiles/BareMetal_UART.dir/C_/VSARM/sdk/pico/pico-sdk/src/rp2_common/hardware_watchdog/watchdog.c.obj
 .comment       0x00000049       0x4a CMakeFiles/BareMetal_UART.dir/C_/VSARM/sdk/pico/pico-sdk/src/rp2_common/hardware_xosc/xosc.c.obj
 .comment       0x00000049       0x4a CMakeFiles/BareMetal_UART.dir/C_/VSARM/sdk/pico/pico-sdk/src/rp2_common/pico_printf/printf.c.obj
 .comment       0x00000049       0x4a CMakeFiles/BareMetal_UART.dir/C_/VSARM/sdk/pico/pico-sdk/src/rp2_common/pico_bootrom/bootrom.c.obj
 .comment       0x00000049       0x4a CMakeFiles/BareMetal_UART.dir/C_/VSARM/sdk/pico/pico-sdk/src/rp2_common/pico_double/double_init_rom.c.obj
 .comment       0x00000049       0x4a CMakeFiles/BareMetal_UART.dir/C_/VSARM/sdk/pico/pico-sdk/src/rp2_common/pico_float/float_init_rom.c.obj
 .comment       0x00000049       0x4a CMakeFiles/BareMetal_UART.dir/C_/VSARM/sdk/pico/pico-sdk/src/rp2_common/pico_float/float_math.c.obj
 .comment       0x00000049       0x4a CMakeFiles/BareMetal_UART.dir/C_/VSARM/sdk/pico/pico-sdk/src/rp2_common/pico_standard_link/binary_info.c.obj
 .comment       0x00000049       0x4a CMakeFiles/BareMetal_UART.dir/C_/VSARM/sdk/pico/pico-sdk/src/rp2_common/pico_stdio/stdio.c.obj

.debug_info     0x00000000    0x1683e
 .debug_info    0x00000000      0x34f CMakeFiles/BareMetal_UART.dir/src/main.c.obj
 .debug_info    0x0000034f     0x1993 CMakeFiles/BareMetal_UART.dir/src/bsp.c.obj
 .debug_info    0x00001ce2      0x573 CMakeFiles/BareMetal_UART.dir/src/uart_safe.c.obj
 .debug_info    0x00002255     0x1465 CMakeFiles/BareMetal_UART.dir/C_/VSARM/sdk/pico/pico-sdk/src/rp2_common/hardware_gpio/gpio.c.obj
 .debug_info    0x000036ba      0x6ba CMakeFiles/BareMetal_UART.dir/C_/VSARM/sdk/pico/pico-sdk/src/rp2_common/hardware_claim/claim.c.obj
 .debug_info    0x00003d74      0x1e3 CMakeFiles/BareMetal_UART.dir/C_/VSARM/sdk/pico/pico-sdk/src/rp2_common/pico_platform/platform.c.obj
 .debug_info    0x00003f57      0x58e CMakeFiles/BareMetal_UART.dir/C_/VSARM/sdk/pico/pico-sdk/src/rp2_common/hardware_sync/sync.c.obj
 .debug_info    0x000044e5      0xb64 CMakeFiles/BareMetal_UART.dir/C_/VSARM/sdk/pico/pico-sdk/src/rp2_common/hardware_uart/uart.c.obj
 .debug_info    0x00005049     0x3b2f CMakeFiles/BareMetal_UART.dir/C_/VSARM/sdk/pico/pico-sdk/src/common/pico_time/time.c.obj
 .debug_info    0x00008b78     0x1130 CMakeFiles/BareMetal_UART.dir/C_/VSARM/sdk/pico/pico-sdk/src/rp2_common/hardware_timer/timer.c.obj
 .debug_info    0x00009ca8      0x1a4 CMakeFiles/BareMetal_UART.dir/C_/VSARM/sdk/pico/pico-sdk/src/common/pico_sync/lock_core.c.obj
 .debug_info    0x00009e4c     0x13b2 CMakeFiles/BareMetal_UART.dir/C_/VSARM/sdk/pico/pico-sdk/src/common/pico_sync/mutex.c.obj
 .debug_info    0x0000b1fe     0x120c CMakeFiles/BareMetal_UART.dir/C_/VSARM/sdk/pico/pico-sdk/src/common/pico_util/pheap.c.obj
 .debug_info    0x0000c40a      0x9bc CMakeFiles/BareMetal_UART.dir/C_/VSARM/sdk/pico/pico-sdk/src/rp2_common/pico_runtime/runtime.c.obj
 .debug_info    0x0000cdc6      0xf56 CMakeFiles/BareMetal_UART.dir/C_/VSARM/sdk/pico/pico-sdk/src/rp2_common/hardware_clocks/clocks.c.obj
 .debug_info    0x0000dd1c     0x191a CMakeFiles/BareMetal_UART.dir/C_/VSARM/sdk/pico/pico-sdk/src/rp2_common/hardware_irq/irq.c.obj
 .debug_info    0x0000f636      0x509 CMakeFiles/BareMetal_UART.dir/C_/VSARM/sdk/pico/pico-sdk/src/rp2_common/hardware_pll/pll.c.obj
 .debug_info    0x0000fb3f      0x49c CMakeFiles/BareMetal_UART.dir/C_/VSARM/sdk/pico/pico-sdk/src/rp2_common/hardware_watchdog/watchdog.c.obj
 .debug_info    0x0000ffdb      0x1dd CMakeFiles/BareMetal_UART.dir/C_/VSARM/sdk/pico/pico-sdk/src/rp2_common/hardware_xosc/xosc.c.obj
 .debug_info    0x000101b8     0x1a5f CMakeFiles/BareMetal_UART.dir/C_/VSARM/sdk/pico/pico-sdk/src/rp2_common/pico_printf/printf.c.obj
 .debug_info    0x00011c17       0x22 CMakeFiles/BareMetal_UART.dir/C_/VSARM/sdk/pico/pico-sdk/src/rp2_common/pico_bit_ops/bit_ops_aeabi.S.obj
 .debug_info    0x00011c39      0x231 CMakeFiles/BareMetal_UART.dir/C_/VSARM/sdk/pico/pico-sdk/src/rp2_common/pico_bootrom/bootrom.c.obj
 .debug_info    0x00011e6a       0x22 CMakeFiles/BareMetal_UART.dir/C_/VSARM/sdk/pico/pico-sdk/src/rp2_common/pico_divider/divider.S.obj
 .debug_info    0x00011e8c       0x22 CMakeFiles/BareMetal_UART.dir/C_/VSARM/sdk/pico/pico-sdk/src/rp2_common/pico_double/double_aeabi.S.obj
 .debug_info    0x00011eae      0x2a0 CMakeFiles/BareMetal_UART.dir/C_/VSARM/sdk/pico/pico-sdk/src/rp2_common/pico_double/double_init_rom.c.obj
 .debug_info    0x0001214e       0x22 CMakeFiles/BareMetal_UART.dir/C_/VSARM/sdk/pico/pico-sdk/src/rp2_common/pico_double/double_v1_rom_shim.S.obj
 .debug_info    0x00012170       0x22 CMakeFiles/BareMetal_UART.dir/C_/VSARM/sdk/pico/pico-sdk/src/rp2_common/pico_float/float_aeabi.S.obj
 .debug_info    0x00012192      0x2e9 CMakeFiles/BareMetal_UART.dir/C_/VSARM/sdk/pico/pico-sdk/src/rp2_common/pico_float/float_init_rom.c.obj
 .debug_info    0x0001247b     0x2f16 CMakeFiles/BareMetal_UART.dir/C_/VSARM/sdk/pico/pico-sdk/src/rp2_common/pico_float/float_math.c.obj
 .debug_info    0x00015391       0x22 CMakeFiles/BareMetal_UART.dir/C_/VSARM/sdk/pico/pico-sdk/src/rp2_common/pico_float/float_v1_rom_shim.S.obj
 .debug_info    0x000153b3       0x22 CMakeFiles/BareMetal_UART.dir/C_/VSARM/sdk/pico/pico-sdk/src/rp2_common/pico_mem_ops/mem_ops_aeabi.S.obj
 .debug_info    0x000153d5       0x22 CMakeFiles/BareMetal_UART.dir/C_/VSARM/sdk/pico/pico-sdk/src/rp2_common/pico_standard_link/crt0.S.obj
 .debug_info    0x000153f7      0x2f6 CMakeFiles/BareMetal_UART.dir/C_/VSARM/sdk/pico/pico-sdk/src/rp2_common/pico_standard_link/binary_info.c.obj
 .debug_info    0x000156ed     0x1151 CMakeFiles/BareMetal_UART.dir/C_/VSARM/sdk/pico/pico-sdk/src/rp2_common/pico_stdio/stdio.c.obj

.debug_abbrev   0x00000000     0x42e8
 .debug_abbrev  0x00000000      0x1bf CMakeFiles/BareMetal_UART.dir/src/main.c.obj
 .debug_abbrev  0x000001bf      0x3b9 CMakeFiles/BareMetal_UART.dir/src/bsp.c.obj
 .debug_abbrev  0x00000578      0x216 CMakeFiles/BareMetal_UART.dir/src/uart_safe.c.obj
 .debug_abbrev  0x0000078e      0x2c4 CMakeFiles/BareMetal_UART.dir/C_/VSARM/sdk/pico/pico-sdk/src/rp2_common/hardware_gpio/gpio.c.obj
 .debug_abbrev  0x00000a52      0x2d6 CMakeFiles/BareMetal_UART.dir/C_/VSARM/sdk/pico/pico-sdk/src/rp2_common/hardware_claim/claim.c.obj
 .debug_abbrev  0x00000d28       0xeb CMakeFiles/BareMetal_UART.dir/C_/VSARM/sdk/pico/pico-sdk/src/rp2_common/pico_platform/platform.c.obj
 .debug_abbrev  0x00000e13      0x21b CMakeFiles/BareMetal_UART.dir/C_/VSARM/sdk/pico/pico-sdk/src/rp2_common/hardware_sync/sync.c.obj
 .debug_abbrev  0x0000102e      0x2d2 CMakeFiles/BareMetal_UART.dir/C_/VSARM/sdk/pico/pico-sdk/src/rp2_common/hardware_uart/uart.c.obj
 .debug_abbrev  0x00001300      0x53c CMakeFiles/BareMetal_UART.dir/C_/VSARM/sdk/pico/pico-sdk/src/common/pico_time/time.c.obj
 .debug_abbrev  0x0000183c      0x37e CMakeFiles/BareMetal_UART.dir/C_/VSARM/sdk/pico/pico-sdk/src/rp2_common/hardware_timer/timer.c.obj
 .debug_abbrev  0x00001bba      0x116 CMakeFiles/BareMetal_UART.dir/C_/VSARM/sdk/pico/pico-sdk/src/common/pico_sync/lock_core.c.obj
 .debug_abbrev  0x00001cd0      0x37d CMakeFiles/BareMetal_UART.dir/C_/VSARM/sdk/pico/pico-sdk/src/common/pico_sync/mutex.c.obj
 .debug_abbrev  0x0000204d      0x297 CMakeFiles/BareMetal_UART.dir/C_/VSARM/sdk/pico/pico-sdk/src/common/pico_util/pheap.c.obj
 .debug_abbrev  0x000022e4      0x35a CMakeFiles/BareMetal_UART.dir/C_/VSARM/sdk/pico/pico-sdk/src/rp2_common/pico_runtime/runtime.c.obj
 .debug_abbrev  0x0000263e      0x372 CMakeFiles/BareMetal_UART.dir/C_/VSARM/sdk/pico/pico-sdk/src/rp2_common/hardware_clocks/clocks.c.obj
 .debug_abbrev  0x000029b0      0x4a5 CMakeFiles/BareMetal_UART.dir/C_/VSARM/sdk/pico/pico-sdk/src/rp2_common/hardware_irq/irq.c.obj
 .debug_abbrev  0x00002e55      0x1ea CMakeFiles/BareMetal_UART.dir/C_/VSARM/sdk/pico/pico-sdk/src/rp2_common/hardware_pll/pll.c.obj
 .debug_abbrev  0x0000303f      0x1b1 CMakeFiles/BareMetal_UART.dir/C_/VSARM/sdk/pico/pico-sdk/src/rp2_common/hardware_watchdog/watchdog.c.obj
 .debug_abbrev  0x000031f0      0x109 CMakeFiles/BareMetal_UART.dir/C_/VSARM/sdk/pico/pico-sdk/src/rp2_common/hardware_xosc/xosc.c.obj
 .debug_abbrev  0x000032f9      0x384 CMakeFiles/BareMetal_UART.dir/C_/VSARM/sdk/pico/pico-sdk/src/rp2_common/pico_printf/printf.c.obj
 .debug_abbrev  0x0000367d       0x12 CMakeFiles/BareMetal_UART.dir/C_/VSARM/sdk/pico/pico-sdk/src/rp2_common/pico_bit_ops/bit_ops_aeabi.S.obj
 .debug_abbrev  0x0000368f       0xf8 CMakeFiles/BareMetal_UART.dir/C_/VSARM/sdk/pico/pico-sdk/src/rp2_common/pico_bootrom/bootrom.c.obj
 .debug_abbrev  0x00003787       0x12 CMakeFiles/BareMetal_UART.dir/C_/VSARM/sdk/pico/pico-sdk/src/rp2_common/pico_divider/divider.S.obj
 .debug_abbrev  0x00003799       0x12 CMakeFiles/BareMetal_UART.dir/C_/VSARM/sdk/pico/pico-sdk/src/rp2_common/pico_double/double_aeabi.S.obj
 .debug_abbrev  0x000037ab      0x166 CMakeFiles/BareMetal_UART.dir/C_/VSARM/sdk/pico/pico-sdk/src/rp2_common/pico_double/double_init_rom.c.obj
 .debug_abbrev  0x00003911       0x12 CMakeFiles/BareMetal_UART.dir/C_/VSARM/sdk/pico/pico-sdk/src/rp2_common/pico_double/double_v1_rom_shim.S.obj
 .debug_abbrev  0x00003923       0x12 CMakeFiles/BareMetal_UART.dir/C_/VSARM/sdk/pico/pico-sdk/src/rp2_common/pico_float/float_aeabi.S.obj
 .debug_abbrev  0x00003935      0x179 CMakeFiles/BareMetal_UART.dir/C_/VSARM/sdk/pico/pico-sdk/src/rp2_common/pico_float/float_init_rom.c.obj
 .debug_abbrev  0x00003aae      0x296 CMakeFiles/BareMetal_UART.dir/C_/VSARM/sdk/pico/pico-sdk/src/rp2_common/pico_float/float_math.c.obj
 .debug_abbrev  0x00003d44       0x12 CMakeFiles/BareMetal_UART.dir/C_/VSARM/sdk/pico/pico-sdk/src/rp2_common/pico_float/float_v1_rom_shim.S.obj
 .debug_abbrev  0x00003d56       0x12 CMakeFiles/BareMetal_UART.dir/C_/VSARM/sdk/pico/pico-sdk/src/rp2_common/pico_mem_ops/mem_ops_aeabi.S.obj
 .debug_abbrev  0x00003d68       0x12 CMakeFiles/BareMetal_UART.dir/C_/VSARM/sdk/pico/pico-sdk/src/rp2_common/pico_standard_link/crt0.S.obj
 .debug_abbrev  0x00003d7a       0xad CMakeFiles/BareMetal_UART.dir/C_/VSARM/sdk/pico/pico-sdk/src/rp2_common/pico_standard_link/binary_info.c.obj
 .debug_abbrev  0x00003e27      0x4c1 CMakeFiles/BareMetal_UART.dir/C_/VSARM/sdk/pico/pico-sdk/src/rp2_common/pico_stdio/stdio.c.obj

.debug_loc      0x00000000    0x119cd
 .debug_loc     0x00000000       0x8d CMakeFiles/BareMetal_UART.dir/src/main.c.obj
 .debug_loc     0x0000008d      0xc81 CMakeFiles/BareMetal_UART.dir/src/bsp.c.obj
 .debug_loc     0x00000d0e      0x2b7 CMakeFiles/BareMetal_UART.dir/src/uart_safe.c.obj
 .debug_loc     0x00000fc5      0xede CMakeFiles/BareMetal_UART.dir/C_/VSARM/sdk/pico/pico-sdk/src/rp2_common/hardware_gpio/gpio.c.obj
 .debug_loc     0x00001ea3      0x45f CMakeFiles/BareMetal_UART.dir/C_/VSARM/sdk/pico/pico-sdk/src/rp2_common/hardware_claim/claim.c.obj
 .debug_loc     0x00002302       0xe9 CMakeFiles/BareMetal_UART.dir/C_/VSARM/sdk/pico/pico-sdk/src/rp2_common/pico_platform/platform.c.obj
 .debug_loc     0x000023eb      0x233 CMakeFiles/BareMetal_UART.dir/C_/VSARM/sdk/pico/pico-sdk/src/rp2_common/hardware_sync/sync.c.obj
 .debug_loc     0x0000261e      0x533 CMakeFiles/BareMetal_UART.dir/C_/VSARM/sdk/pico/pico-sdk/src/rp2_common/hardware_uart/uart.c.obj
 .debug_loc     0x00002b51     0x2e37 CMakeFiles/BareMetal_UART.dir/C_/VSARM/sdk/pico/pico-sdk/src/common/pico_time/time.c.obj
 .debug_loc     0x00005988      0x952 CMakeFiles/BareMetal_UART.dir/C_/VSARM/sdk/pico/pico-sdk/src/rp2_common/hardware_timer/timer.c.obj
 .debug_loc     0x000062da       0x60 CMakeFiles/BareMetal_UART.dir/C_/VSARM/sdk/pico/pico-sdk/src/common/pico_sync/lock_core.c.obj
 .debug_loc     0x0000633a      0xbc3 CMakeFiles/BareMetal_UART.dir/C_/VSARM/sdk/pico/pico-sdk/src/common/pico_sync/mutex.c.obj
 .debug_loc     0x00006efd     0x1439 CMakeFiles/BareMetal_UART.dir/C_/VSARM/sdk/pico/pico-sdk/src/common/pico_util/pheap.c.obj
 .debug_loc     0x00008336      0x3c6 CMakeFiles/BareMetal_UART.dir/C_/VSARM/sdk/pico/pico-sdk/src/rp2_common/pico_runtime/runtime.c.obj
 .debug_loc     0x000086fc      0x7eb CMakeFiles/BareMetal_UART.dir/C_/VSARM/sdk/pico/pico-sdk/src/rp2_common/hardware_clocks/clocks.c.obj
 .debug_loc     0x00008ee7     0x1186 CMakeFiles/BareMetal_UART.dir/C_/VSARM/sdk/pico/pico-sdk/src/rp2_common/hardware_irq/irq.c.obj
 .debug_loc     0x0000a06d      0x300 CMakeFiles/BareMetal_UART.dir/C_/VSARM/sdk/pico/pico-sdk/src/rp2_common/hardware_pll/pll.c.obj
 .debug_loc     0x0000a36d      0x267 CMakeFiles/BareMetal_UART.dir/C_/VSARM/sdk/pico/pico-sdk/src/rp2_common/hardware_watchdog/watchdog.c.obj
 .debug_loc     0x0000a5d4       0x71 CMakeFiles/BareMetal_UART.dir/C_/VSARM/sdk/pico/pico-sdk/src/rp2_common/hardware_xosc/xosc.c.obj
 .debug_loc     0x0000a645     0x2095 CMakeFiles/BareMetal_UART.dir/C_/VSARM/sdk/pico/pico-sdk/src/rp2_common/pico_printf/printf.c.obj
 .debug_loc     0x0000c6da      0x16f CMakeFiles/BareMetal_UART.dir/C_/VSARM/sdk/pico/pico-sdk/src/rp2_common/pico_bootrom/bootrom.c.obj
 .debug_loc     0x0000c849       0x59 CMakeFiles/BareMetal_UART.dir/C_/VSARM/sdk/pico/pico-sdk/src/rp2_common/pico_double/double_init_rom.c.obj
 .debug_loc     0x0000c8a2       0x73 CMakeFiles/BareMetal_UART.dir/C_/VSARM/sdk/pico/pico-sdk/src/rp2_common/pico_float/float_init_rom.c.obj
 .debug_loc     0x0000c915     0x4685 CMakeFiles/BareMetal_UART.dir/C_/VSARM/sdk/pico/pico-sdk/src/rp2_common/pico_float/float_math.c.obj
 .debug_loc     0x00010f9a      0xa33 CMakeFiles/BareMetal_UART.dir/C_/VSARM/sdk/pico/pico-sdk/src/rp2_common/pico_stdio/stdio.c.obj

.debug_aranges  0x00000000      0xea0
 .debug_aranges
                0x00000000       0x20 CMakeFiles/BareMetal_UART.dir/src/main.c.obj
 .debug_aranges
                0x00000020       0x80 CMakeFiles/BareMetal_UART.dir/src/bsp.c.obj
 .debug_aranges
                0x000000a0       0x50 CMakeFiles/BareMetal_UART.dir/src/uart_safe.c.obj
 .debug_aranges
                0x000000f0       0xd8 CMakeFiles/BareMetal_UART.dir/C_/VSARM/sdk/pico/pico-sdk/src/rp2_common/hardware_gpio/gpio.c.obj
 .debug_aranges
                0x000001c8       0x48 CMakeFiles/BareMetal_UART.dir/C_/VSARM/sdk/pico/pico-sdk/src/rp2_common/hardware_claim/claim.c.obj
 .debug_aranges
                0x00000210       0x28 CMakeFiles/BareMetal_UART.dir/C_/VSARM/sdk/pico/pico-sdk/src/rp2_common/pico_platform/platform.c.obj
 .debug_aranges
                0x00000238       0x58 CMakeFiles/BareMetal_UART.dir/C_/VSARM/sdk/pico/pico-sdk/src/rp2_common/hardware_sync/sync.c.obj
 .debug_aranges
                0x00000290       0x40 CMakeFiles/BareMetal_UART.dir/C_/VSARM/sdk/pico/pico-sdk/src/rp2_common/hardware_uart/uart.c.obj
 .debug_aranges
                0x000002d0       0xd0 CMakeFiles/BareMetal_UART.dir/C_/VSARM/sdk/pico/pico-sdk/src/common/pico_time/time.c.obj
 .debug_aranges
                0x000003a0       0x78 CMakeFiles/BareMetal_UART.dir/C_/VSARM/sdk/pico/pico-sdk/src/rp2_common/hardware_timer/timer.c.obj
 .debug_aranges
                0x00000418       0x20 CMakeFiles/BareMetal_UART.dir/C_/VSARM/sdk/pico/pico-sdk/src/common/pico_sync/lock_core.c.obj
 .debug_aranges
                0x00000438       0x60 CMakeFiles/BareMetal_UART.dir/C_/VSARM/sdk/pico/pico-sdk/src/common/pico_sync/mutex.c.obj
 .debug_aranges
                0x00000498       0x78 CMakeFiles/BareMetal_UART.dir/C_/VSARM/sdk/pico/pico-sdk/src/common/pico_util/pheap.c.obj
 .debug_aranges
                0x00000510       0x60 CMakeFiles/BareMetal_UART.dir/C_/VSARM/sdk/pico/pico-sdk/src/rp2_common/pico_runtime/runtime.c.obj
 .debug_aranges
                0x00000570       0x70 CMakeFiles/BareMetal_UART.dir/C_/VSARM/sdk/pico/pico-sdk/src/rp2_common/hardware_clocks/clocks.c.obj
 .debug_aranges
                0x000005e0       0x90 CMakeFiles/BareMetal_UART.dir/C_/VSARM/sdk/pico/pico-sdk/src/rp2_common/hardware_irq/irq.c.obj
 .debug_aranges
                0x00000670       0x28 CMakeFiles/BareMetal_UART.dir/C_/VSARM/sdk/pico/pico-sdk/src/rp2_common/hardware_pll/pll.c.obj
 .debug_aranges
                0x00000698       0x50 CMakeFiles/BareMetal_UART.dir/C_/VSARM/sdk/pico/pico-sdk/src/rp2_common/hardware_watchdog/watchdog.c.obj
 .debug_aranges
                0x000006e8       0x30 CMakeFiles/BareMetal_UART.dir/C_/VSARM/sdk/pico/pico-sdk/src/rp2_common/hardware_xosc/xosc.c.obj
 .debug_aranges
                0x00000718       0x90 CMakeFiles/BareMetal_UART.dir/C_/VSARM/sdk/pico/pico-sdk/src/rp2_common/pico_printf/printf.c.obj
 .debug_aranges
                0x000007a8       0x68 CMakeFiles/BareMetal_UART.dir/C_/VSARM/sdk/pico/pico-sdk/src/rp2_common/pico_bit_ops/bit_ops_aeabi.S.obj
 .debug_aranges
                0x00000810       0x30 CMakeFiles/BareMetal_UART.dir/C_/VSARM/sdk/pico/pico-sdk/src/rp2_common/pico_bootrom/bootrom.c.obj
 .debug_aranges
                0x00000840       0x40 CMakeFiles/BareMetal_UART.dir/C_/VSARM/sdk/pico/pico-sdk/src/rp2_common/pico_divider/divider.S.obj
 .debug_aranges
                0x00000880      0x140 CMakeFiles/BareMetal_UART.dir/C_/VSARM/sdk/pico/pico-sdk/src/rp2_common/pico_double/double_aeabi.S.obj
 .debug_aranges
                0x000009c0       0x20 CMakeFiles/BareMetal_UART.dir/C_/VSARM/sdk/pico/pico-sdk/src/rp2_common/pico_double/double_init_rom.c.obj
 .debug_aranges
                0x000009e0       0xc8 CMakeFiles/BareMetal_UART.dir/C_/VSARM/sdk/pico/pico-sdk/src/rp2_common/pico_double/double_v1_rom_shim.S.obj
 .debug_aranges
                0x00000aa8      0x130 CMakeFiles/BareMetal_UART.dir/C_/VSARM/sdk/pico/pico-sdk/src/rp2_common/pico_float/float_aeabi.S.obj
 .debug_aranges
                0x00000bd8       0x20 CMakeFiles/BareMetal_UART.dir/C_/VSARM/sdk/pico/pico-sdk/src/rp2_common/pico_float/float_init_rom.c.obj
 .debug_aranges
                0x00000bf8      0x128 CMakeFiles/BareMetal_UART.dir/C_/VSARM/sdk/pico/pico-sdk/src/rp2_common/pico_float/float_math.c.obj
 .debug_aranges
                0x00000d20       0x50 CMakeFiles/BareMetal_UART.dir/C_/VSARM/sdk/pico/pico-sdk/src/rp2_common/pico_float/float_v1_rom_shim.S.obj
 .debug_aranges
                0x00000d70       0x38 CMakeFiles/BareMetal_UART.dir/C_/VSARM/sdk/pico/pico-sdk/src/rp2_common/pico_mem_ops/mem_ops_aeabi.S.obj
 .debug_aranges
                0x00000da8       0x28 CMakeFiles/BareMetal_UART.dir/C_/VSARM/sdk/pico/pico-sdk/src/rp2_common/pico_standard_link/crt0.S.obj
 .debug_aranges
                0x00000dd0       0x18 CMakeFiles/BareMetal_UART.dir/C_/VSARM/sdk/pico/pico-sdk/src/rp2_common/pico_standard_link/binary_info.c.obj
 .debug_aranges
                0x00000de8       0xb8 CMakeFiles/BareMetal_UART.dir/C_/VSARM/sdk/pico/pico-sdk/src/rp2_common/pico_stdio/stdio.c.obj

.debug_ranges   0x00000000     0x2f38
 .debug_ranges  0x00000000       0x28 CMakeFiles/BareMetal_UART.dir/src/main.c.obj
 .debug_ranges  0x00000028      0x2f8 CMakeFiles/BareMetal_UART.dir/src/bsp.c.obj
 .debug_ranges  0x00000320       0x40 CMakeFiles/BareMetal_UART.dir/src/uart_safe.c.obj
 .debug_ranges  0x00000360       0xe0 CMakeFiles/BareMetal_UART.dir/C_/VSARM/sdk/pico/pico-sdk/src/rp2_common/hardware_gpio/gpio.c.obj
 .debug_ranges  0x00000440       0xd8 CMakeFiles/BareMetal_UART.dir/C_/VSARM/sdk/pico/pico-sdk/src/rp2_common/hardware_claim/claim.c.obj
 .debug_ranges  0x00000518       0x18 CMakeFiles/BareMetal_UART.dir/C_/VSARM/sdk/pico/pico-sdk/src/rp2_common/pico_platform/platform.c.obj
 .debug_ranges  0x00000530       0xf0 CMakeFiles/BareMetal_UART.dir/C_/VSARM/sdk/pico/pico-sdk/src/rp2_common/hardware_sync/sync.c.obj
 .debug_ranges  0x00000620       0xf8 CMakeFiles/BareMetal_UART.dir/C_/VSARM/sdk/pico/pico-sdk/src/rp2_common/hardware_uart/uart.c.obj
 .debug_ranges  0x00000718      0xba0 CMakeFiles/BareMetal_UART.dir/C_/VSARM/sdk/pico/pico-sdk/src/common/pico_time/time.c.obj
 .debug_ranges  0x000012b8      0x320 CMakeFiles/BareMetal_UART.dir/C_/VSARM/sdk/pico/pico-sdk/src/rp2_common/hardware_timer/timer.c.obj