Archive member included to satisfy reference by file (symbol)

c:/vsarm/armcc/102021~1.07/bin/../lib/gcc/arm-none-eabi/10.3.1/thumb/v6-m/nofp\libgcc.a(_dvmd_tls.o)
                              CMakeFiles/BareMetal_UART.dir/C_/VSARM/sdk/pico/pico-sdk/src/rp2_common/pico_divider/divider.S.obj (__aeabi_idiv0)
c:/vsarm/armcc/102021~1.07/bin/../lib/gcc/arm-none-eabi/10.3.1/../../../../arm-none-eabi/lib/thumb/v6-m/nofp\libg.a(lib_a-calloc.o)
                              CMakeFiles/BareMetal_UART.dir/C_/VSARM/sdk/pico/pico-sdk/src/rp2_common/pico_malloc/pico_malloc.c.obj (calloc)
c:/vsarm/armcc/102021~1.07/bin/../lib/gcc/arm-none-eabi/10.3.1/../../../../arm-none-eabi/lib/thumb/v6-m/nofp\libg.a(lib_a-callocr.o)
                              c:/vsarm/armcc/102021~1.07/bin/../lib/gcc/arm-none-eabi/10.3.1/../../../../arm-none-eabi/lib/thumb/v6-m/nofp\libg.a(lib_a-calloc.o) (_calloc_r)
c:/vsarm/armcc/102021~1.07/bin/../lib/gcc/arm-none-eabi/10.3.1/../../../../arm-none-eabi/lib/thumb/v6-m/nofp\libg.a(lib_a-errno.o)
                              c:/vsarm/armcc/102021~1.07/bin/../lib/gcc/arm-none-eabi/10.3.1/../../../../arm-none-eabi/lib/thumb/v6-m/nofp\libg.a(lib_a-callocr.o) (__errno)
c:/vsarm/armcc/102021~1.07/bin/../lib/gcc/arm-none-eabi/10.3.1/../../../../arm-none-eabi/lib/thumb/v6-m/nofp\libg.a(lib_a-impure.o)
                              c:/vsarm/armcc/102021~1.07/bin/../lib/gcc/arm-none-eabi/10.3.1/../../../../arm-none-eabi/lib/thumb/v6-m/nofp\libg.a(lib_a-calloc.o) (_impure_ptr)
c:/vsarm/armcc/102021~1.07/bin/../lib/gcc/arm-none-eabi/10.3.1/../../../../arm-none-eabi/lib/thumb/v6-m/nofp\libg.a(lib_a-init.o)
                              c:/vsarm/armcc/102021~1.07/bin/../lib/gcc/arm-none-eabi/10.3.1/../../../../arm-none-eabi/lib/thumb/v6-m/nofp/crt0.o (__libc_init_array)
c:/vsarm/armcc/102021~1.07/bin/../lib/gcc/arm-none-eabi/10.3.1/../../../../arm-none-eabi/lib/thumb/v6-m/nofp\libg.a(lib_a-malloc.o)
                              CMakeFiles/BareMetal_UART.dir/C_/VSARM/sdk/pico/pico-sdk/src/rp2_common/pico_malloc/pico_malloc.c.obj (malloc)
c:/vsarm/armcc/102021~1.07/bin/../lib/gcc/arm-none-eabi/10.3.1/../../../../arm-none-eabi/lib/thumb/v6-m/nofp\libg.a(lib_a-mallocr.o)
                              c:/vsarm/armcc/102021~1.07/bin/../lib/gcc/arm-none-eabi/10.3.1/../../../../arm-none-eabi/lib/thumb/v6-m/nofp\libg.a(lib_a-callocr.o) (_malloc_r)
c:/vsarm/armcc/102021~1.07/bin/../lib/gcc/arm-none-eabi/10.3.1/../../../../arm-none-eabi/lib/thumb/v6-m/nofp\libg.a(lib_a-mlock.o)
                              c:/vsarm/armcc/102021~1.07/bin/../lib/gcc/arm-none-eabi/10.3.1/../../../../arm-none-eabi/lib/thumb/v6-m/nofp\libg.a(lib_a-mallocr.o) (__malloc_lock)
c:/vsarm/armcc/102021~1.07/bin/../lib/gcc/arm-none-eabi/10.3.1/../../../../arm-none-eabi/lib/thumb/v6-m/nofp\libg.a(lib_a-sbrkr.o)
                              c:/vsarm/armcc/102021~1.07/bin/../lib/gcc/arm-none-eabi/10.3.1/../../../../arm-none-eabi/lib/thumb/v6-m/nofp\libg.a(lib_a-mallocr.o) (_sbrk_r)
c:/vsarm/armcc/102021~1.07/bin/../lib/gcc/arm-none-eabi/10.3.1/../../../../arm-none-eabi/lib/thumb/v6-m/nofp\libg.a(lib_a-strlen-stub.o)
                              CMakeFiles/BareMetal_UART.dir/C_/VSARM/sdk/pico/pico-sdk/src/rp2_common/pico_stdio/stdio.c.obj (strlen)
c:/vsarm/armcc/102021~1.07/bin/../lib/gcc/arm-none-eabi/10.3.1/../../../../arm-none-eabi/lib/thumb/v6-m/nofp\libg.a(lib_a-freer.o)
                              c:/vsarm/armcc/102021~1.07/bin/../lib/gcc/arm-none-eabi/10.3.1/../../../../arm-none-eabi/lib/thumb/v6-m/nofp\libg.a(lib_a-malloc.o) (_free_r)
c:/vsarm/armcc/102021~1.07/bin/../lib/gcc/arm-none-eabi/10.3.1/../../../../arm-none-eabi/lib/thumb/v6-m/nofp\libg.a(lib_a-lock.o)
                              c:/vsarm/armcc/102021~1.07/bin/../lib/gcc/arm-none-eabi/10.3.1/../../../../arm-none-eabi/lib/thumb/v6-m/nofp\libg.a(lib_a-mlock.o) (__retarget_lock_acquire_recursive)
c:/vsarm/armcc/102021~1.07/bin/../lib/gcc/arm-none-eabi/10.3.1/../../../../arm-none-eabi/lib/thumb/v6-m/nofp\libg.a(lib_a-reent.o)
                              c:/vsarm/armcc/102021~1.07/bin/../lib/gcc/arm-none-eabi/10.3.1/../../../../arm-none-eabi/lib/thumb/v6-m/nofp\libg.a(lib_a-sbrkr.o) (errno)

Discarded input sections

 .text          0x00000000        0x0 c:/vsarm/armcc/102021~1.07/bin/../lib/gcc/arm-none-eabi/10.3.1/thumb/v6-m/nofp/crti.o
 .data          0x00000000        0x0 c:/vsarm/armcc/102021~1.07/bin/../lib/gcc/arm-none-eabi/10.3.1/thumb/v6-m/nofp/crti.o
 .bss           0x00000000        0x0 c:/vsarm/armcc/102021~1.07/bin/../lib/gcc/arm-none-eabi/10.3.1/thumb/v6-m/nofp/crti.o
 .data          0x00000000        0x4 c:/vsarm/armcc/102021~1.07/bin/../lib/gcc/arm-none-eabi/10.3.1/thumb/v6-m/nofp/crtbegin.o
 .rodata        0x00000000       0x24 c:/vsarm/armcc/102021~1.07/bin/../lib/gcc/arm-none-eabi/10.3.1/thumb/v6-m/nofp/crtbegin.o
 .fini_array    0x00000000        0x4 c:/vsarm/armcc/102021~1.07/bin/../lib/gcc/arm-none-eabi/10.3.1/thumb/v6-m/nofp/crtbegin.o
[...]
Memory Configuration

Name             Origin             Length             Attributes
FLASH            0x10000000         0x00200000         xr
RAM              0x20000000         0x00040000         xrw
SCRATCH_X        0x20040000         0x00001000         xrw
SCRATCH_Y        0x20041000         0x00001000         xrw
*default*        0x00000000         0xffffffff

Linker script and memory map

LOAD c:/vsarm/armcc/102021~1.07/bin/../lib/gcc/arm-none-eabi/10.3.1/thumb/v6-m/nofp/crti.o
LOAD c:/vsarm/armcc/102021~1.07/bin/../lib/gcc/arm-none-eabi/10.3.1/thumb/v6-m/nofp/crtbegin.o
LOAD c:/vsarm/armcc/102021~1.07/bin/../lib/gcc/arm-none-eabi/10.3.1/../../../../arm-none-eabi/lib/thumb/v6-m/nofp/crt0.o

.flash_begin    0x10000000        0x0
                0x10000000                __flash_binary_start = .

.boot2          0x10000000      0x100
                0x10000000                __boot2_start__ = .
 *(.boot2)
 .boot2         0x10000000      0x100 C:\Users\camil\AppData\Local\Temp\ccGeeXIX.o
                0x10000100                __boot2_end__ = .
                0x00000001                ASSERT (((__boot2_end__ - __boot2_start__) == 0x100), ERROR: Pico second stage bootloader must be 256 bytes in size)

.text           0x10000100     0x4760
                0x10000100                __logical_binary_start = .
 *(.vectors)
 .vectors       0x10000100       0xd4 CMakeFiles/BareMetal_UART.dir/C_/VSARM/sdk/pico/pico-sdk/src/rp2_common/pico_standard_link/crt0.S.obj
                0x10000100                __VECTOR_TABLE
                0x10000100                __vectors
                0x100001c0                isr_invalid
                0x100001c0                __default_isrs_start
                0x100001c2                isr_nmi
                0x100001c4                isr_hardfault
                0x100001c6                isr_svcall
                0x100001c8                isr_pendsv
                0x100001ca                isr_systick
                0x100001cc                isr_irq23
                0x100001cc                isr_irq18
                0x100001cc                isr_irq11
                0x100001cc                isr_irq28
                0x100001cc                isr_irq19
                0x100001cc                isr_irq0
                0x100001cc                isr_irq6
                0x100001cc                isr_irq5
                0x100001cc                isr_irq12
                0x100001cc                isr_irq22
                0x100001cc                isr_irq31
                0x100001cc                isr_irq17
                0x100001cc                isr_irq27
                0x100001cc                isr_irq30
                0x100001cc                isr_irq2
                0x100001cc                isr_irq10
                0x100001cc                isr_irq8
                0x100001cc                isr_irq24
                0x100001cc                isr_irq1
                0x100001cc                isr_irq7
                0x100001cc                isr_irq21
                0x100001cc                isr_irq20
                0x100001cc                isr_irq15
                0x100001cc                isr_irq25
                0x100001cc                isr_irq13
                0x100001cc                __unhandled_user_irq
                0x100001cc                isr_irq4
                0x100001cc                isr_irq16
                0x100001cc                isr_irq29
                0x100001cc                isr_irq26
                0x100001cc                __default_isrs_end
                0x100001cc                isr_irq3
                0x100001cc                isr_irq14
                0x100001cc                isr_irq9
                0x100001d2                unhandled_user_irq_num_in_r0
 *(.binary_info_header)
 .binary_info_header
                0x100001d4       0x14 CMakeFiles/BareMetal_UART.dir/C_/VSARM/sdk/pico/pico-sdk/src/rp2_common/pico_standard_link/crt0.S.obj
                0x100001e8                __binary_info_header_end = .
 *(.reset)
 .reset         0x100001e8       0xa8 CMakeFiles/BareMetal_UART.dir/C_/VSARM/sdk/pico/pico-sdk/src/rp2_common/pico_standard_link/crt0.S.obj
                0x100001e8                _entry_point
                0x10000266                __get_current_exception
 .reset         0x10000290       0x30 CMakeFiles/BareMetal_UART.dir/C_/VSARM/sdk/pico/pico-sdk/src/rp2_common/pico_standard_link/binary_info.c.obj
 *(.init)
 .init          0x100002c0        0x4 c:/vsarm/armcc/102021~1.07/bin/../lib/gcc/arm-none-eabi/10.3.1/thumb/v6-m/nofp/crti.o
                0x100002c0                _init
 *(EXCLUDE_FILE(*libm.a: *libc.a:*lib_a-mem*.o *libgcc.a:) .text*)
 .text          0x100002c4       0x48 c:/vsarm/armcc/102021~1.07/bin/../lib/gcc/arm-none-eabi/10.3.1/thumb/v6-m/nofp/crtbegin.o
 .text.callback_func
                0x1000030c       0x10 CMakeFiles/BareMetal_UART.dir/src/main.c.obj
                0x1000030c                callback_func
 .text.get_absolute_time
                0x1000031c       0x2c CMakeFiles/BareMetal_UART.dir/src/main.c.obj
 .text.main     0x10000348      0x13c CMakeFiles/BareMetal_UART.dir/src/main.c.obj
                0x10000348                main
 .text.bsp_uart_configure
                0x10000484       0x60 CMakeFiles/BareMetal_UART.dir/src/bsp.c.obj
                0x10000484                bsp_uart_configure
 .text.bsp_uart_send_buffer
                0x100004e4       0x1c CMakeFiles/BareMetal_UART.dir/src/bsp.c.obj
                0x100004e4                bsp_uart_send_buffer
 .text.bsp_uart_tx_is_busy
                0x10000500       0x14 CMakeFiles/BareMetal_UART.dir/src/bsp.c.obj
                0x10000500                bsp_uart_tx_is_busy
 .text.bsp_dma_is_busy_uart_tx
                0x10000514       0x14 CMakeFiles/BareMetal_UART.dir/src/bsp.c.obj
                0x10000514                bsp_dma_is_busy_uart_tx
 .text.bsp_dma_is_busy_uart_tx_organizer
                0x10000528       0x16 CMakeFiles/BareMetal_UART.dir/src/bsp.c.obj
                0x10000528                bsp_dma_is_busy_uart_tx_organizer
 *fill*         0x1000053e        0x2 
 .text.bsp_dma_transfer_complete_uart_rx
                0x10000540       0x14 CMakeFiles/BareMetal_UART.dir/src/bsp.c.obj
                0x10000540                bsp_dma_transfer_complete_uart_rx
 .text.bsp_dma_transfer_complete_uart_rx_organizer
                0x10000554       0x14 CMakeFiles/BareMetal_UART.dir/src/bsp.c.obj
                0x10000554                bsp_dma_transfer_complete_uart_rx_organizer
 .text.dma_configure
                0x10000568      0x1c0 CMakeFiles/BareMetal_UART.dir/src/bsp.c.obj
                0x10000568                dma_configure
 .text.bsp_dma_configure_uart_tx
                0x10000728       0x20 CMakeFiles/BareMetal_UART.dir/src/bsp.c.obj
                0x10000728                bsp_dma_configure_uart_tx
 .text.bsp_dma_configure_uart_tx_organizer
                0x10000748       0x22 CMakeFiles/BareMetal_UART.dir/src/bsp.c.obj
                0x10000748                bsp_dma_configure_uart_tx_organizer
 .text.bsp_dma_configure_uart_rx
                0x1000076a       0x20 CMakeFiles/BareMetal_UART.dir/src/bsp.c.obj
                0x1000076a                bsp_dma_configure_uart_rx
 .text.bsp_dma_configure_uart_rx_organizer
                0x1000078a       0x22 CMakeFiles/BareMetal_UART.dir/src/bsp.c.obj
                0x1000078a                bsp_dma_configure_uart_rx_organizer
 .text.dma_start
                0x100007ac       0x18 CMakeFiles/BareMetal_UART.dir/src/bsp.c.obj
                0x100007ac                dma_start
 .text.bsp_dma_start_uart_tx
                0x100007c4       0x14 CMakeFiles/BareMetal_UART.dir/src/bsp.c.obj
                0x100007c4                bsp_dma_start_uart_tx
 .text.bsp_dma_start_uart_tx_organizer
                0x100007d8       0x12 CMakeFiles/BareMetal_UART.dir/src/bsp.c.obj
                0x100007d8                bsp_dma_start_uart_tx_organizer
 *fill*         0x100007ea        0x2 
 .text.bsp_dma_start_uart_rx
                0x100007ec       0x14 CMakeFiles/BareMetal_UART.dir/src/bsp.c.obj
                0x100007ec                bsp_dma_start_uart_rx
 .text.bsp_dma_start_uart_rx_organizer
                0x10000800       0x12 CMakeFiles/BareMetal_UART.dir/src/bsp.c.obj
                0x10000800                bsp_dma_start_uart_rx_organizer
 .text.dma_set_initial_dma_CRC16
                0x10000812        0xc CMakeFiles/BareMetal_UART.dir/src/bsp.c.obj
                0x10000812                dma_set_initial_dma_CRC16
 .text.dma_get_CRC16
                0x1000081e        0xe CMakeFiles/BareMetal_UART.dir/src/bsp.c.obj
                0x1000081e                dma_get_CRC16
 .text.void_call_back
                0x1000082c        0x2 CMakeFiles/BareMetal_UART.dir/src/uart_safe.c.obj
                0x1000082c                void_call_back
 .text.jumps_between_pointers
                0x1000082e        0xc CMakeFiles/BareMetal_UART.dir/src/uart_safe.c.obj
 *fill*         0x1000083a        0x2 
 .text.UartSafe_constructor
                0x1000083c       0xc0 CMakeFiles/BareMetal_UART.dir/src/uart_safe.c.obj
                0x1000083c                UartSafe_constructor
 .text.UartSafe_init_uart
                0x100008fc       0x26 CMakeFiles/BareMetal_UART.dir/src/uart_safe.c.obj
                0x100008fc                UartSafe_init_uart
 *fill*         0x10000922        0x2 
 .text.UartSafe_package_scheduler
                0x10000924      0x154 CMakeFiles/BareMetal_UART.dir/src/uart_safe.c.obj
                0x10000924                UartSafe_package_scheduler
 .text.UartSafe_tx_handler
                0x10000a78       0xe0 CMakeFiles/BareMetal_UART.dir/src/uart_safe.c.obj
                0x10000a78                UartSafe_tx_handler
 .text.UartSafe_rx_handler
                0x10000b58       0xfc CMakeFiles/BareMetal_UART.dir/src/uart_safe.c.obj
                0x10000b58                UartSafe_rx_handler
 .text.gpio_set_function
                0x10000c54       0x30 CMakeFiles/BareMetal_UART.dir/C_/VSARM/sdk/pico/pico-sdk/src/rp2_common/hardware_gpio/gpio.c.obj
                0x10000c54                gpio_set_function
 .text.hw_claim_lock
                0x10000c84       0x18 CMakeFiles/BareMetal_UART.dir/C_/VSARM/sdk/pico/pico-sdk/src/rp2_common/hardware_claim/claim.c.obj
                0x10000c84                hw_claim_lock
 .text.hw_claim_unlock
                0x10000c9c       0x14 CMakeFiles/BareMetal_UART.dir/C_/VSARM/sdk/pico/pico-sdk/src/rp2_common/hardware_claim/claim.c.obj
                0x10000c9c                hw_claim_unlock
 .text.hw_claim_or_assert
                0x10000cb0       0x32 CMakeFiles/BareMetal_UART.dir/C_/VSARM/sdk/pico/pico-sdk/src/rp2_common/hardware_claim/claim.c.obj
                0x10000cb0                hw_claim_or_assert
 *fill*         0x10000ce2        0x2 
 .text.running_on_fpga
                0x10000ce4       0x14 CMakeFiles/BareMetal_UART.dir/C_/VSARM/sdk/pico/pico-sdk/src/rp2_common/pico_platform/platform.c.obj
                0x10000ce4                running_on_fpga
 .text.spin_locks_reset
                0x10000cf8       0x20 CMakeFiles/BareMetal_UART.dir/C_/VSARM/sdk/pico/pico-sdk/src/rp2_common/hardware_sync/sync.c.obj
                0x10000cf8                spin_locks_reset
 .text.next_striped_spin_lock_num
                0x10000d18       0x1c CMakeFiles/BareMetal_UART.dir/C_/VSARM/sdk/pico/pico-sdk/src/rp2_common/hardware_sync/sync.c.obj
                0x10000d18                next_striped_spin_lock_num
 .text.uart_set_baudrate
                0x10000d34       0x5c CMakeFiles/BareMetal_UART.dir/C_/VSARM/sdk/pico/pico-sdk/src/rp2_common/hardware_uart/uart.c.obj
                0x10000d34                uart_set_baudrate
 .text.uart_set_translate_crlf
                0x10000d90       0x28 CMakeFiles/BareMetal_UART.dir/C_/VSARM/sdk/pico/pico-sdk/src/rp2_common/hardware_uart/uart.c.obj
                0x10000d90                uart_set_translate_crlf
 .text.uart_init
                0x10000db8       0x80 CMakeFiles/BareMetal_UART.dir/C_/VSARM/sdk/pico/pico-sdk/src/rp2_common/hardware_uart/uart.c.obj
                0x10000db8                uart_init
 .text.alarm_pool_post_alloc_init
                0x10000e38       0x40 CMakeFiles/BareMetal_UART.dir/C_/VSARM/sdk/pico/pico-sdk/src/common/pico_time/time.c.obj
 .text.timer_pool_entry_comparator
                0x10000e78       0x7c CMakeFiles/BareMetal_UART.dir/C_/VSARM/sdk/pico/pico-sdk/src/common/pico_time/time.c.obj
                0x10000e78                timer_pool_entry_comparator
 .text.ph_add_child_node
                0x10000ef4       0xa4 CMakeFiles/BareMetal_UART.dir/C_/VSARM/sdk/pico/pico-sdk/src/common/pico_time/time.c.obj
 .text.ph_merge_nodes
                0x10000f98       0x3e CMakeFiles/BareMetal_UART.dir/C_/VSARM/sdk/pico/pico-sdk/src/common/pico_time/time.c.obj
 *fill*         0x10000fd6        0x2 
 .text.add_alarm_under_lock
                0x10000fd8      0x174 CMakeFiles/BareMetal_UART.dir/C_/VSARM/sdk/pico/pico-sdk/src/common/pico_time/time.c.obj
 .text.alarm_pool_alarm_callback
                0x1000114c      0x328 CMakeFiles/BareMetal_UART.dir/C_/VSARM/sdk/pico/pico-sdk/src/common/pico_time/time.c.obj
 .text.alarm_pool_init_default
                0x10001474       0x38 CMakeFiles/BareMetal_UART.dir/C_/VSARM/sdk/pico/pico-sdk/src/common/pico_time/time.c.obj
                0x10001474                alarm_pool_init_default
 .text.hardware_alarm_irq_handler
                0x100014ac       0x8c CMakeFiles/BareMetal_UART.dir/C_/VSARM/sdk/pico/pico-sdk/src/rp2_common/hardware_timer/timer.c.obj
 .text.hardware_alarm_claim
                0x10001538       0x18 CMakeFiles/BareMetal_UART.dir/C_/VSARM/sdk/pico/pico-sdk/src/rp2_common/hardware_timer/timer.c.obj
                0x10001538                hardware_alarm_claim
 .text.time_us_64
                0x10001550       0x18 CMakeFiles/BareMetal_UART.dir/C_/VSARM/sdk/pico/pico-sdk/src/rp2_common/hardware_timer/timer.c.obj
                0x10001550                time_us_64
 .text.hardware_alarm_set_callback
                0x10001568       0x90 CMakeFiles/BareMetal_UART.dir/C_/VSARM/sdk/pico/pico-sdk/src/rp2_common/hardware_timer/timer.c.obj
                0x10001568                hardware_alarm_set_callback
 .text.hardware_alarm_set_target
                0x100015f8       0xe8 CMakeFiles/BareMetal_UART.dir/C_/VSARM/sdk/pico/pico-sdk/src/rp2_common/hardware_timer/timer.c.obj
                0x100015f8                hardware_alarm_set_target
 .text.hardware_alarm_cancel
                0x100016e0       0x40 CMakeFiles/BareMetal_UART.dir/C_/VSARM/sdk/pico/pico-sdk/src/rp2_common/hardware_timer/timer.c.obj
                0x100016e0                hardware_alarm_cancel
 .text.lock_init
                0x10001720       0x10 CMakeFiles/BareMetal_UART.dir/C_/VSARM/sdk/pico/pico-sdk/src/common/pico_sync/lock_core.c.obj
                0x10001720                lock_init
 .text.mutex_init_internal
                0x10001730       0x1e CMakeFiles/BareMetal_UART.dir/C_/VSARM/sdk/pico/pico-sdk/src/common/pico_sync/mutex.c.obj
 .text.mutex_init
                0x1000174e        0xa CMakeFiles/BareMetal_UART.dir/C_/VSARM/sdk/pico/pico-sdk/src/common/pico_sync/mutex.c.obj
                0x1000174e                mutex_init
 .text.recursive_mutex_init
                0x10001758        0xa CMakeFiles/BareMetal_UART.dir/C_/VSARM/sdk/pico/pico-sdk/src/common/pico_sync/mutex.c.obj
                0x10001758                recursive_mutex_init
 *fill*         0x10001762        0x2 
 .text.ph_add_child_node
                0x10001764       0xa4 CMakeFiles/BareMetal_UART.dir/C_/VSARM/sdk/pico/pico-sdk/src/common/pico_util/pheap.c.obj
 .text.ph_merge_nodes
                0x10001808       0x3e CMakeFiles/BareMetal_UART.dir/C_/VSARM/sdk/pico/pico-sdk/src/common/pico_util/pheap.c.obj
 *fill*         0x10001846        0x2 
 .text.ph_clear
                0x10001848       0x70 CMakeFiles/BareMetal_UART.dir/C_/VSARM/sdk/pico/pico-sdk/src/common/pico_util/pheap.c.obj
                0x10001848                ph_clear
 .text.ph_post_alloc_init
                0x100018b8        0xe CMakeFiles/BareMetal_UART.dir/C_/VSARM/sdk/pico/pico-sdk/src/common/pico_util/pheap.c.obj
                0x100018b8                ph_post_alloc_init
 *fill*         0x100018c6        0x2 
 .text.ph_merge_two_pass
                0x100018c8       0xa8 CMakeFiles/BareMetal_UART.dir/C_/VSARM/sdk/pico/pico-sdk/src/common/pico_util/pheap.c.obj
                0x100018c8                ph_merge_two_pass
 .text.ph_remove_any_head
                0x10001970      0x108 CMakeFiles/BareMetal_UART.dir/C_/VSARM/sdk/pico/pico-sdk/src/common/pico_util/pheap.c.obj
 .text.ph_remove_head
                0x10001a78       0x14 CMakeFiles/BareMetal_UART.dir/C_/VSARM/sdk/pico/pico-sdk/src/common/pico_util/pheap.c.obj
                0x10001a78                ph_remove_head
 .text.ph_remove_and_free_node
                0x10001a8c       0xf8 CMakeFiles/BareMetal_UART.dir/C_/VSARM/sdk/pico/pico-sdk/src/common/pico_util/pheap.c.obj
                0x10001a8c                ph_remove_and_free_node
 .text.runtime_init
                0x10001b84       0xd8 CMakeFiles/BareMetal_UART.dir/C_/VSARM/sdk/pico/pico-sdk/src/rp2_common/pico_runtime/runtime.c.obj
                0x10001b84                runtime_init
 .text._exit    0x10001c5c        0x4 CMakeFiles/BareMetal_UART.dir/C_/VSARM/sdk/pico/pico-sdk/src/rp2_common/pico_runtime/runtime.c.obj
                0x10001c5c                _exit
 .text.exit     0x10001c60        0x6 CMakeFiles/BareMetal_UART.dir/C_/VSARM/sdk/pico/pico-sdk/src/rp2_common/pico_runtime/runtime.c.obj
                0x10001c60                exit
 *fill*         0x10001c66        0x2 
 .text.__assert_func
                0x10001c68       0x3c CMakeFiles/BareMetal_UART.dir/C_/VSARM/sdk/pico/pico-sdk/src/rp2_common/pico_runtime/runtime.c.obj
                0x10001c68                __assert_func
 .text.panic    0x10001ca4       0x30 CMakeFiles/BareMetal_UART.dir/C_/VSARM/sdk/pico/pico-sdk/src/rp2_common/pico_runtime/runtime.c.obj
                0x10001ca4                panic
 .text.clock_configure
                0x10001cd4      0x104 CMakeFiles/BareMetal_UART.dir/C_/VSARM/sdk/pico/pico-sdk/src/rp2_common/hardware_clocks/clocks.c.obj
                0x10001cd4                clock_configure
 .text.clocks_init
                0x10001dd8      0x100 CMakeFiles/BareMetal_UART.dir/C_/VSARM/sdk/pico/pico-sdk/src/rp2_common/hardware_clocks/clocks.c.obj
                0x10001dd8                clocks_init
 .text.clock_get_hz
                0x10001ed8        0xc CMakeFiles/BareMetal_UART.dir/C_/VSARM/sdk/pico/pico-sdk/src/rp2_common/hardware_clocks/clocks.c.obj
                0x10001ed8                clock_get_hz
 .text.set_raw_irq_handler_and_unlock
                0x10001ee4       0x28 CMakeFiles/BareMetal_UART.dir/C_/VSARM/sdk/pico/pico-sdk/src/rp2_common/hardware_irq/irq.c.obj
 .text.make_branch
                0x10001f0c       0x34 CMakeFiles/BareMetal_UART.dir/C_/VSARM/sdk/pico/pico-sdk/src/rp2_common/hardware_irq/irq.c.obj
 .text.insert_branch_and_link
                0x10001f40       0x40 CMakeFiles/BareMetal_UART.dir/C_/VSARM/sdk/pico/pico-sdk/src/rp2_common/hardware_irq/irq.c.obj
 .text.irq_is_enabled
                0x10001f80       0x18 CMakeFiles/BareMetal_UART.dir/C_/VSARM/sdk/pico/pico-sdk/src/rp2_common/hardware_irq/irq.c.obj
                0x10001f80                irq_is_enabled
 .text.irq_set_mask_enabled
                0x10001f98       0x20 CMakeFiles/BareMetal_UART.dir/C_/VSARM/sdk/pico/pico-sdk/src/rp2_common/hardware_irq/irq.c.obj
                0x10001f98                irq_set_mask_enabled
 .text.irq_set_enabled
                0x10001fb8        0xe CMakeFiles/BareMetal_UART.dir/C_/VSARM/sdk/pico/pico-sdk/src/rp2_common/hardware_irq/irq.c.obj
                0x10001fb8                irq_set_enabled
 *fill*         0x10001fc6        0x2 
 .text.irq_get_vtable_handler
                0x10001fc8       0x10 CMakeFiles/BareMetal_UART.dir/C_/VSARM/sdk/pico/pico-sdk/src/rp2_common/hardware_irq/irq.c.obj
                0x10001fc8                irq_get_vtable_handler
 .text.irq_set_exclusive_handler
                0x10001fd8       0x54 CMakeFiles/BareMetal_UART.dir/C_/VSARM/sdk/pico/pico-sdk/src/rp2_common/hardware_irq/irq.c.obj
                0x10001fd8                irq_set_exclusive_handler
 .text.irq_remove_handler
                0x1000202c      0x1ac CMakeFiles/BareMetal_UART.dir/C_/VSARM/sdk/pico/pico-sdk/src/rp2_common/hardware_irq/irq.c.obj
                0x1000202c                irq_remove_handler
 .text.irq_set_priority
                0x100021d8       0x28 CMakeFiles/BareMetal_UART.dir/C_/VSARM/sdk/pico/pico-sdk/src/rp2_common/hardware_irq/irq.c.obj
                0x100021d8                irq_set_priority
 .text.irq_add_tail_to_free_list
                0x10002200       0xf0 CMakeFiles/BareMetal_UART.dir/C_/VSARM/sdk/pico/pico-sdk/src/rp2_common/hardware_irq/irq.c.obj
                0x10002200                irq_add_tail_to_free_list
 .text.irq_init_priorities
                0x100022f0       0x16 CMakeFiles/BareMetal_UART.dir/C_/VSARM/sdk/pico/pico-sdk/src/rp2_common/hardware_irq/irq.c.obj
                0x100022f0                irq_init_priorities
 *fill*         0x10002306        0x2 
 .text.pll_init
                0x10002308      0x118 CMakeFiles/BareMetal_UART.dir/C_/VSARM/sdk/pico/pico-sdk/src/rp2_common/hardware_pll/pll.c.obj
                0x10002308                pll_init
 .text.watchdog_start_tick
                0x10002420       0x10 CMakeFiles/BareMetal_UART.dir/C_/VSARM/sdk/pico/pico-sdk/src/rp2_common/hardware_watchdog/watchdog.c.obj
                0x10002420                watchdog_start_tick
 .text.xosc_init
                0x10002430       0x28 CMakeFiles/BareMetal_UART.dir/C_/VSARM/sdk/pico/pico-sdk/src/rp2_common/hardware_xosc/xosc.c.obj
                0x10002430                xosc_init
 .text._out_null
                0x10002458        0x2 CMakeFiles/BareMetal_UART.dir/C_/VSARM/sdk/pico/pico-sdk/src/rp2_common/pico_printf/printf.c.obj
 .text._out_fct
                0x1000245a        0xe CMakeFiles/BareMetal_UART.dir/C_/VSARM/sdk/pico/pico-sdk/src/rp2_common/pico_printf/printf.c.obj
 .text._atoi    0x10002468       0x24 CMakeFiles/BareMetal_UART.dir/C_/VSARM/sdk/pico/pico-sdk/src/rp2_common/pico_printf/printf.c.obj
 .text._out_rev
                0x1000248c       0xae CMakeFiles/BareMetal_UART.dir/C_/VSARM/sdk/pico/pico-sdk/src/rp2_common/pico_printf/printf.c.obj
 .text._ntoa_format
                0x1000253a      0x112 CMakeFiles/BareMetal_UART.dir/C_/VSARM/sdk/pico/pico-sdk/src/rp2_common/pico_printf/printf.c.obj
 .text._ntoa_long
                0x1000264c       0xbc CMakeFiles/BareMetal_UART.dir/C_/VSARM/sdk/pico/pico-sdk/src/rp2_common/pico_printf/printf.c.obj
 .text._ntoa_long_long
                0x10002708       0xe2 CMakeFiles/BareMetal_UART.dir/C_/VSARM/sdk/pico/pico-sdk/src/rp2_common/pico_printf/printf.c.obj
 *fill*         0x100027ea        0x2 
 .text._etoa    0x100027ec      0x414 CMakeFiles/BareMetal_UART.dir/C_/VSARM/sdk/pico/pico-sdk/src/rp2_common/pico_printf/printf.c.obj
 .text._ftoa    0x10002c00      0x354 CMakeFiles/BareMetal_UART.dir/C_/VSARM/sdk/pico/pico-sdk/src/rp2_common/pico_printf/printf.c.obj
 .text._vsnprintf
                0x10002f54      0x624 CMakeFiles/BareMetal_UART.dir/C_/VSARM/sdk/pico/pico-sdk/src/rp2_common/pico_printf/printf.c.obj
 .text.vfctprintf
                0x10003578       0x20 CMakeFiles/BareMetal_UART.dir/C_/VSARM/sdk/pico/pico-sdk/src/rp2_common/pico_printf/printf.c.obj
                0x10003578                vfctprintf
 .text          0x10003598       0x10 CMakeFiles/BareMetal_UART.dir/C_/VSARM/sdk/pico/pico-sdk/src/rp2_common/pico_bit_ops/bit_ops_aeabi.S.obj
 .text.rom_func_lookup
                0x100035a8       0x10 CMakeFiles/BareMetal_UART.dir/C_/VSARM/sdk/pico/pico-sdk/src/rp2_common/pico_bootrom/bootrom.c.obj
                0x100035a8                rom_func_lookup
 .text.rom_data_lookup
                0x100035b8       0x10 CMakeFiles/BareMetal_UART.dir/C_/VSARM/sdk/pico/pico-sdk/src/rp2_common/pico_bootrom/bootrom.c.obj
                0x100035b8                rom_data_lookup
 .text.rom_funcs_lookup
                0x100035c8       0x36 CMakeFiles/BareMetal_UART.dir/C_/VSARM/sdk/pico/pico-sdk/src/rp2_common/pico_bootrom/bootrom.c.obj
                0x100035c8                rom_funcs_lookup
 *fill*         0x100035fe        0x2 
 .text.__wrap___aeabi_idiv
                0x10003600       0x50 CMakeFiles/BareMetal_UART.dir/C_/VSARM/sdk/pico/pico-sdk/src/rp2_common/pico_divider/divider.S.obj
                0x10003600                __wrap___aeabi_idivmod
                0x10003600                divmod_s32s32
                0x10003600                div_s32s32
                0x10003600                __wrap___aeabi_idiv
                0x10003608                divmod_s32s32_unsafe
                0x10003634                divmod_s32s32_savestate
 .text.__wrap___aeabi_uidiv
                0x10003650       0x4c CMakeFiles/BareMetal_UART.dir/C_/VSARM/sdk/pico/pico-sdk/src/rp2_common/pico_divider/divider.S.obj
                0x10003650                __wrap___aeabi_uidiv
                0x10003650                __wrap___aeabi_uidivmod
                0x10003650                div_u32u32
                0x10003650                divmod_u32u32
                0x10003658                divmod_u32u32_unsafe
                0x10003680                divmod_u32u32_savestate
 .text.__wrap___aeabi_ldiv
                0x1000369c      0x430 CMakeFiles/BareMetal_UART.dir/C_/VSARM/sdk/pico/pico-sdk/src/rp2_common/pico_divider/divider.S.obj
                0x1000369c                div_s64s64
                0x1000369c                divmod_s64s64
                0x1000369c                __wrap___aeabi_ldivmod
                0x100036d4                divmod_u64u64
                0x100036d4                div_u64u64
                0x100036d4                __wrap___aeabi_uldivmod
                0x100036e4                divmod_u64u64_savestate
                0x1000370c                divmod_s64s64_unsafe
                0x10003794                divmod_u64u64_unsafe
 .text.__wrap___aeabi_darithmetic
                0x10003acc       0x80 CMakeFiles/BareMetal_UART.dir/C_/VSARM/sdk/pico/pico-sdk/src/rp2_common/pico_double/double_aeabi.S.obj
                0x10003acc                __wrap___aeabi_drsub
                0x10003ad2                __wrap___aeabi_dsub
                0x10003ae4                __wrap___aeabi_dadd
                0x10003af6                __wrap___aeabi_ddiv
                0x10003b32                __wrap___aeabi_dmul
 .text.__wrap___aeabi_cdcmple
                0x10003b4c       0x6c CMakeFiles/BareMetal_UART.dir/C_/VSARM/sdk/pico/pico-sdk/src/rp2_common/pico_double/double_aeabi.S.obj
                0x10003b4c                __wrap___aeabi_cdrcmple
                0x10003b5c                __wrap___aeabi_cdcmpeq
                0x10003b5c                __wrap___aeabi_cdcmple
 .text.__wrap___aeabi_dcmplt
                0x10003bb8        0xc CMakeFiles/BareMetal_UART.dir/C_/VSARM/sdk/pico/pico-sdk/src/rp2_common/pico_double/double_aeabi.S.obj
                0x10003bb8                __wrap___aeabi_dcmplt
 .text.__wrap___aeabi_dcmple
                0x10003bc4       0x10 CMakeFiles/BareMetal_UART.dir/C_/VSARM/sdk/pico/pico-sdk/src/rp2_common/pico_double/double_aeabi.S.obj
                0x10003bc4                __wrap___aeabi_dcmple
 .text.__wrap___aeabi_dcmpge
                0x10003bd4       0x10 CMakeFiles/BareMetal_UART.dir/C_/VSARM/sdk/pico/pico-sdk/src/rp2_common/pico_double/double_aeabi.S.obj
                0x10003bd4                __wrap___aeabi_dcmpge
 .text.__wrap___aeabi_dcmpgt
                0x10003be4        0xa CMakeFiles/BareMetal_UART.dir/C_/VSARM/sdk/pico/pico-sdk/src/rp2_common/pico_double/double_aeabi.S.obj
                0x10003be4                __wrap___aeabi_dcmpgt
 .text.__wrap___aeabi_dcmpun
                0x10003bee       0x1c CMakeFiles/BareMetal_UART.dir/C_/VSARM/sdk/pico/pico-sdk/src/rp2_common/pico_double/double_aeabi.S.obj
                0x10003bee                __wrap___aeabi_dcmpun
 *fill*         0x10003c0a        0x2 
 .text.__wrap___aeabi_i2d
                0x10003c0c       0x38 CMakeFiles/BareMetal_UART.dir/C_/VSARM/sdk/pico/pico-sdk/src/rp2_common/pico_double/double_aeabi.S.obj
                0x10003c0c                __wrap___aeabi_ui2d
                0x10003c14                __wrap___aeabi_i2d
 .text.__wrap___aeabi_d2iz
                0x10003c44       0x48 CMakeFiles/BareMetal_UART.dir/C_/VSARM/sdk/pico/pico-sdk/src/rp2_common/pico_double/double_aeabi.S.obj
                0x10003c44                double2int_z
                0x10003c44                __wrap___aeabi_d2iz
 .text.__wrap___aeabi_d2uiz
                0x10003c8c       0x18 CMakeFiles/BareMetal_UART.dir/C_/VSARM/sdk/pico/pico-sdk/src/rp2_common/pico_double/double_aeabi.S.obj
                0x10003c8c                __wrap___aeabi_d2uiz
                0x10003c8c                double2uint
 .text.__aeabi_double_init
                0x10003ca4       0xb8 CMakeFiles/BareMetal_UART.dir/C_/VSARM/sdk/pico/pico-sdk/src/rp2_common/pico_double/double_init_rom.c.obj
                0x10003ca4                __aeabi_double_init
 .text.double_table_shim_on_use_helper
                0x10003d5c       0x34 CMakeFiles/BareMetal_UART.dir/C_/VSARM/sdk/pico/pico-sdk/src/rp2_common/pico_double/double_v1_rom_shim.S.obj
                0x10003d5c                double_table_shim_on_use_helper
 .text.__wrap___aeabi_dsub
                0x10003d90       0x10 CMakeFiles/BareMetal_UART.dir/C_/VSARM/sdk/pico/pico-sdk/src/rp2_common/pico_double/double_v1_rom_shim.S.obj
                0x10003d90                drsub_shim
                0x10003d96                dsub_shim
 .text.dadd_shim
                0x10003da0      0x15c CMakeFiles/BareMetal_UART.dir/C_/VSARM/sdk/pico/pico-sdk/src/rp2_common/pico_double/double_v1_rom_shim.S.obj
                0x10003da0                dadd_shim
 .text.dmul_shim
                0x10003efc      0x15c CMakeFiles/BareMetal_UART.dir/C_/VSARM/sdk/pico/pico-sdk/src/rp2_common/pico_double/double_v1_rom_shim.S.obj
                0x10003efc                dmul_shim
 .text.ddiv_shim
                0x10004058      0x1b0 CMakeFiles/BareMetal_UART.dir/C_/VSARM/sdk/pico/pico-sdk/src/rp2_common/pico_double/double_v1_rom_shim.S.obj
                0x10004058                ddiv_shim
 .text.dcordic_rot_step
                0x10004208       0x7c CMakeFiles/BareMetal_UART.dir/C_/VSARM/sdk/pico/pico-sdk/src/rp2_common/pico_double/double_v1_rom_shim.S.obj
                0x10004208                dcordic_rot_step
 .text.double2uint_shim
                0x10004284        0xe CMakeFiles/BareMetal_UART.dir/C_/VSARM/sdk/pico/pico-sdk/src/rp2_common/pico_double/double_v1_rom_shim.S.obj
                0x10004284                double2uint_shim
                0x10004286                double2ufix_shim
 *fill*         0x10004292        0x2 
 .text.double2uint64_shim
                0x10004294       0x6c CMakeFiles/BareMetal_UART.dir/C_/VSARM/sdk/pico/pico-sdk/src/rp2_common/pico_double/double_v1_rom_shim.S.obj
                0x10004294                double2uint64_shim
                0x10004296                double2ufix64_shim
                0x100042b0                d2fix_a
 .text.dunpacks
                0x10004300       0x3c CMakeFiles/BareMetal_UART.dir/C_/VSARM/sdk/pico/pico-sdk/src/rp2_common/pico_double/double_v1_rom_shim.S.obj
                0x10004300                dunpacks
 .text.__wrap___aeabi_farithmetic
                0x1000433c       0x58 CMakeFiles/BareMetal_UART.dir/C_/VSARM/sdk/pico/pico-sdk/src/rp2_common/pico_float/float_aeabi.S.obj
                0x1000433c                __wrap___aeabi_frsub
                0x10004342                __wrap___aeabi_fsub
                0x1000434c                __wrap___aeabi_fadd
                0x10004356                __wrap___aeabi_fdiv
                0x10004382                __wrap___aeabi_fmul
 .text.__wrap___aeabi_ui2f
                0x10004394        0xa CMakeFiles/BareMetal_UART.dir/C_/VSARM/sdk/pico/pico-sdk/src/rp2_common/pico_float/float_aeabi.S.obj
                0x10004394                __wrap___aeabi_ui2f
 *fill*         0x1000439e        0x2 
 .text.__wrap___aeabi_i2f
                0x100043a0       0x44 CMakeFiles/BareMetal_UART.dir/C_/VSARM/sdk/pico/pico-sdk/src/rp2_common/pico_float/float_aeabi.S.obj
                0x100043a0                __wrap___aeabi_i2f
 .text.__wrap___aeabi_f2uiz
                0x100043e4       0x10 CMakeFiles/BareMetal_UART.dir/C_/VSARM/sdk/pico/pico-sdk/src/rp2_common/pico_float/float_aeabi.S.obj
                0x100043e4                __wrap___aeabi_f2uiz
 .text.__wrap_logf
                0x100043f4       0x10 CMakeFiles/BareMetal_UART.dir/C_/VSARM/sdk/pico/pico-sdk/src/rp2_common/pico_float/float_aeabi.S.obj
                0x100043f4                __wrap_logf
 .text.__aeabi_float_init
                0x10004404       0xfc CMakeFiles/BareMetal_UART.dir/C_/VSARM/sdk/pico/pico-sdk/src/rp2_common/pico_float/float_init_rom.c.obj
                0x10004404                __aeabi_float_init
 .text.__wrap_log2f
                0x10004500       0x14 CMakeFiles/BareMetal_UART.dir/C_/VSARM/sdk/pico/pico-sdk/src/rp2_common/pico_float/float_math.c.obj
                0x10004500                __wrap_log2f
 .text.float_table_shim_on_use_helper
                0x10004514       0x34 CMakeFiles/BareMetal_UART.dir/C_/VSARM/sdk/pico/pico-sdk/src/rp2_common/pico_float/float_v1_rom_shim.S.obj
                0x10004514                float_table_shim_on_use_helper
 .text          0x10004548       0x10 CMakeFiles/BareMetal_UART.dir/C_/VSARM/sdk/pico/pico-sdk/src/rp2_common/pico_mem_ops/mem_ops_aeabi.S.obj
                0x10004548                __aeabi_mem_init
 .text.memset   0x10004558        0xc CMakeFiles/BareMetal_UART.dir/C_/VSARM/sdk/pico/pico-sdk/src/rp2_common/pico_mem_ops/mem_ops_aeabi.S.obj
                0x10004558                __wrap_memset
 .text.memcpy   0x10004564        0xc CMakeFiles/BareMetal_UART.dir/C_/VSARM/sdk/pico/pico-sdk/src/rp2_common/pico_mem_ops/mem_ops_aeabi.S.obj
                0x10004564                __wrap_memcpy
                0x10004564                __wrap___aeabi_memcpy
 .text.stdio_out_chars_crlf
                0x10004570       0x80 CMakeFiles/BareMetal_UART.dir/C_/VSARM/sdk/pico/pico-sdk/src/rp2_common/pico_stdio/stdio.c.obj
 .text.stdio_stack_buffer_flush
                0x100045f0       0x44 CMakeFiles/BareMetal_UART.dir/C_/VSARM/sdk/pico/pico-sdk/src/rp2_common/pico_stdio/stdio.c.obj
 .text.stdio_buffered_printer
                0x10004634       0x20 CMakeFiles/BareMetal_UART.dir/C_/VSARM/sdk/pico/pico-sdk/src/rp2_common/pico_stdio/stdio.c.obj
 .text.stdout_serialize_begin
                0x10004654       0x30 CMakeFiles/BareMetal_UART.dir/C_/VSARM/sdk/pico/pico-sdk/src/rp2_common/pico_stdio/stdio.c.obj
                0x10004654                stdout_serialize_begin
 .text.stdout_serialize_end
                0x10004684       0x10 CMakeFiles/BareMetal_UART.dir/C_/VSARM/sdk/pico/pico-sdk/src/rp2_common/pico_stdio/stdio.c.obj
                0x10004684                stdout_serialize_end
 .text.stdio_put_string
                0x10004694       0x84 CMakeFiles/BareMetal_UART.dir/C_/VSARM/sdk/pico/pico-sdk/src/rp2_common/pico_stdio/stdio.c.obj
 .text.stdio_flush
                0x10004718       0x20 CMakeFiles/BareMetal_UART.dir/C_/VSARM/sdk/pico/pico-sdk/src/rp2_common/pico_stdio/stdio.c.obj
                0x10004718                stdio_flush
 .text.__wrap_puts
                0x10004738       0x1c CMakeFiles/BareMetal_UART.dir/C_/VSARM/sdk/pico/pico-sdk/src/rp2_common/pico_stdio/stdio.c.obj
                0x10004738                __wrap_puts
 .text.__wrap_vprintf
                0x10004754       0x44 CMakeFiles/BareMetal_UART.dir/C_/VSARM/sdk/pico/pico-sdk/src/rp2_common/pico_stdio/stdio.c.obj
                0x10004754                __wrap_vprintf
 .text.__wrap_printf
                0x10004798       0x18 CMakeFiles/BareMetal_UART.dir/C_/VSARM/sdk/pico/pico-sdk/src/rp2_common/pico_stdio/stdio.c.obj
                0x10004798                __wrap_printf
 .text.strlen   0x100047b0       0x5c c:/vsarm/armcc/102021~1.07/bin/../lib/gcc/arm-none-eabi/10.3.1/../../../../arm-none-eabi/lib/thumb/v6-m/nofp\libg.a(lib_a-strlen-stub.o)
                0x100047b0                strlen
 *(.fini)
 .fini          0x1000480c        0x4 c:/vsarm/armcc/102021~1.07/bin/../lib/gcc/arm-none-eabi/10.3.1/thumb/v6-m/nofp/crti.o
                0x1000480c                _fini
 .fini.__stub   0x10004810       0x50 linker stubs
 *crtbegin.o(.ctors)
 *crtbegin?.o(.ctors)
 *(EXCLUDE_FILE(*crtend.o *crtend?.o) .ctors)
 *(SORT_BY_NAME(.ctors.*))
 *(.ctors)
 *crtbegin.o(.dtors)
 *crtbegin?.o(.dtors)
 *(EXCLUDE_FILE(*crtend.o *crtend?.o) .dtors)
 *(SORT_BY_NAME(.dtors.*))
 *(.dtors)
 *(.eh_frame*)
 .eh_frame      0x10004860        0x0 c:/vsarm/armcc/102021~1.07/bin/../lib/gcc/arm-none-eabi/10.3.1/thumb/v6-m/nofp/crtbegin.o
                0x10004860                . = ALIGN (0x4)

.glue_7         0x10004860        0x0
 .glue_7        0x10004860        0x0 linker stubs

.glue_7t        0x10004860        0x0
 .glue_7t       0x10004860        0x0 linker stubs

.vfp11_veneer   0x10004860        0x0
 .vfp11_veneer  0x10004860        0x0 linker stubs

.v4_bx          0x10004860        0x0
 .v4_bx         0x10004860        0x0 linker stubs

.iplt           0x10004860        0x0
 .iplt          0x10004860        0x0 c:/vsarm/armcc/102021~1.07/bin/../lib/gcc/arm-none-eabi/10.3.1/thumb/v6-m/nofp/crtbegin.o

.rodata         0x10004860      0xed8
 *(EXCLUDE_FILE(*libm.a: *libc.a:*lib_a-mem*.o *libgcc.a:) .rodata*)
 .rodata.get_absolute_time.str1.4
                0x10004860       0x61 CMakeFiles/BareMetal_UART.dir/src/main.c.obj
 *fill*         0x100048c1        0x3 
 .rodata.main.str1.4
                0x100048c4       0x21 CMakeFiles/BareMetal_UART.dir/src/main.c.obj
 *fill*         0x100048e5        0x3 
 .rodata.__func__.0
                0x100048e8       0x15 CMakeFiles/BareMetal_UART.dir/src/main.c.obj
 *fill*         0x100048fd        0x3 
 .rodata.dma_configure.str1.4
                0x10004900       0xd7 CMakeFiles/BareMetal_UART.dir/src/bsp.c.obj
 *fill*         0x100049d7        0x1 
 .rodata.__func__.0
                0x100049d8       0x18 CMakeFiles/BareMetal_UART.dir/src/bsp.c.obj
 .rodata.__func__.1
                0x100049f0       0x18 CMakeFiles/BareMetal_UART.dir/src/bsp.c.obj
 .rodata.__func__.2
                0x10004a08       0x26 CMakeFiles/BareMetal_UART.dir/src/bsp.c.obj
 *fill*         0x10004a2e        0x2 
 .rodata.__func__.3
                0x10004a30       0x1c CMakeFiles/BareMetal_UART.dir/src/bsp.c.obj
 .rodata.UartSafe_rx_handler
                0x10004a4c       0x14 CMakeFiles/BareMetal_UART.dir/src/uart_safe.c.obj
 .rodata.repeating_timer_callback.str1.4
                0x10004a60       0x4b CMakeFiles/BareMetal_UART.dir/C_/VSARM/sdk/pico/pico-sdk/src/common/pico_time/time.c.obj
 *fill*         0x10004aab        0x1 
 .rodata.alarm_pool_dump_key.str1.4
                0x10004aac       0x33 CMakeFiles/BareMetal_UART.dir/C_/VSARM/sdk/pico/pico-sdk/src/common/pico_time/time.c.obj
 *fill*         0x10004adf        0x1 
 .rodata.ph_add_child_node.str1.4
                0x10004ae0       0x96 CMakeFiles/BareMetal_UART.dir/C_/VSARM/sdk/pico/pico-sdk/src/common/pico_time/time.c.obj
 *fill*         0x10004b76        0x2 
 .rodata.add_alarm_under_lock.str1.4
                0x10004b78       0x28 CMakeFiles/BareMetal_UART.dir/C_/VSARM/sdk/pico/pico-sdk/src/common/pico_time/time.c.obj
                                 0x2b (size before relaxing)
 .rodata.alarm_pool_alarm_callback.str1.4
                0x10004ba0       0x82 CMakeFiles/BareMetal_UART.dir/C_/VSARM/sdk/pico/pico-sdk/src/common/pico_time/time.c.obj
                                 0xe6 (size before relaxing)
 *fill*         0x10004c22        0x2 
 .rodata.__func__.10
                0x10004c24       0x15 CMakeFiles/BareMetal_UART.dir/C_/VSARM/sdk/pico/pico-sdk/src/common/pico_time/time.c.obj
 *fill*         0x10004c39        0x3 
 .rodata.__func__.11
                0x10004c3c       0x1a CMakeFiles/BareMetal_UART.dir/C_/VSARM/sdk/pico/pico-sdk/src/common/pico_time/time.c.obj
 *fill*         0x10004c56        0x2 
 .rodata.__func__.12
                0x10004c58        0xa CMakeFiles/BareMetal_UART.dir/C_/VSARM/sdk/pico/pico-sdk/src/common/pico_time/time.c.obj
 *fill*         0x10004c62        0x2 
 .rodata.__func__.4
                0x10004c64       0x12 CMakeFiles/BareMetal_UART.dir/C_/VSARM/sdk/pico/pico-sdk/src/common/pico_time/time.c.obj
 *fill*         0x10004c76        0x2 
 .rodata.__func__.5
                0x10004c78        0xd CMakeFiles/BareMetal_UART.dir/C_/VSARM/sdk/pico/pico-sdk/src/common/pico_time/time.c.obj
 *fill*         0x10004c85        0x3 
 .rodata.__func__.6
                0x10004c88       0x12 CMakeFiles/BareMetal_UART.dir/C_/VSARM/sdk/pico/pico-sdk/src/common/pico_time/time.c.obj
 *fill*         0x10004c9a        0x2 
 .rodata.__func__.7
                0x10004c9c        0xf CMakeFiles/BareMetal_UART.dir/C_/VSARM/sdk/pico/pico-sdk/src/common/pico_time/time.c.obj
 *fill*         0x10004cab        0x1 
 .rodata.__func__.8
                0x10004cac        0xc CMakeFiles/BareMetal_UART.dir/C_/VSARM/sdk/pico/pico-sdk/src/common/pico_time/time.c.obj
 .rodata.__func__.9
                0x10004cb8       0x15 CMakeFiles/BareMetal_UART.dir/C_/VSARM/sdk/pico/pico-sdk/src/common/pico_time/time.c.obj
 *fill*         0x10004ccd        0x3 
 .rodata.hardware_alarm_claim.str1.4
                0x10004cd0       0x22 CMakeFiles/BareMetal_UART.dir/C_/VSARM/sdk/pico/pico-sdk/src/rp2_common/hardware_timer/timer.c.obj
 *fill*         0x10004cf2        0x2 
 .rodata.hardware_alarm_set_target.str1.4
                0x10004cf4       0x65 CMakeFiles/BareMetal_UART.dir/C_/VSARM/sdk/pico/pico-sdk/src/rp2_common/hardware_timer/timer.c.obj
 *fill*         0x10004d59        0x3 
 .rodata.__func__.0
                0x10004d5c       0x1a CMakeFiles/BareMetal_UART.dir/C_/VSARM/sdk/pico/pico-sdk/src/rp2_common/hardware_timer/timer.c.obj
 *fill*         0x10004d76        0x2 
 .rodata.str1.4
                0x10004d78       0xb1 CMakeFiles/BareMetal_UART.dir/C_/VSARM/sdk/pico/pico-sdk/src/common/pico_sync/mutex.c.obj
                                0x115 (size before relaxing)
 *fill*         0x10004e29        0x3 
 .rodata.__func__.0
                0x10004e2c        0xb CMakeFiles/BareMetal_UART.dir/C_/VSARM/sdk/pico/pico-sdk/src/common/pico_sync/mutex.c.obj
 *fill*         0x10004e37        0x1 
 .rodata.__func__.3
                0x10004e38       0x15 CMakeFiles/BareMetal_UART.dir/C_/VSARM/sdk/pico/pico-sdk/src/common/pico_sync/mutex.c.obj
 .rodata.ph_add_child_node.str1.4
                0x10004e4d       0x96 CMakeFiles/BareMetal_UART.dir/C_/VSARM/sdk/pico/pico-sdk/src/common/pico_util/pheap.c.obj
 *fill*         0x10004e4d        0x3 
 .rodata.ph_remove_any_head.str1.4
                0x10004e50       0x8c CMakeFiles/BareMetal_UART.dir/C_/VSARM/sdk/pico/pico-sdk/src/common/pico_util/pheap.c.obj
 .rodata.ph_remove_and_free_node.str1.4
                0x10004edc       0x26 CMakeFiles/BareMetal_UART.dir/C_/VSARM/sdk/pico/pico-sdk/src/common/pico_util/pheap.c.obj
 *fill*         0x10004f02        0x2 
 .rodata.__func__.0
                0x10004f04       0x18 CMakeFiles/BareMetal_UART.dir/C_/VSARM/sdk/pico/pico-sdk/src/common/pico_util/pheap.c.obj
 .rodata.__func__.1
                0x10004f1c       0x13 CMakeFiles/BareMetal_UART.dir/C_/VSARM/sdk/pico/pico-sdk/src/common/pico_util/pheap.c.obj
 *fill*         0x10004f2f        0x1 
 .rodata.__func__.2
                0x10004f30       0x12 CMakeFiles/BareMetal_UART.dir/C_/VSARM/sdk/pico/pico-sdk/src/common/pico_util/pheap.c.obj
 *fill*         0x10004f42        0x2 
 .rodata.__func__.3
                0x10004f44        0xc CMakeFiles/BareMetal_UART.dir/C_/VSARM/sdk/pico/pico-sdk/src/common/pico_util/pheap.c.obj
 .rodata.__assert_func.str1.4
                0x10004f50       0x3f CMakeFiles/BareMetal_UART.dir/C_/VSARM/sdk/pico/pico-sdk/src/rp2_common/pico_runtime/runtime.c.obj
                                 0x43 (size before relaxing)
 *fill*         0x10004f8f        0x1 
 .rodata.panic.str1.4
                0x10004f90       0x12 CMakeFiles/BareMetal_UART.dir/C_/VSARM/sdk/pico/pico-sdk/src/rp2_common/pico_runtime/runtime.c.obj
 *fill*         0x10004fa2        0x2 
 .rodata.clock_configure.str1.4
                0x10004fa4       0x57 CMakeFiles/BareMetal_UART.dir/C_/VSARM/sdk/pico/pico-sdk/src/rp2_common/hardware_clocks/clocks.c.obj
 *fill*         0x10004ffb        0x1 
 .rodata.__func__.1
                0x10004ffc       0x10 CMakeFiles/BareMetal_UART.dir/C_/VSARM/sdk/pico/pico-sdk/src/rp2_common/hardware_clocks/clocks.c.obj
 .rodata.make_branch.str1.4
                0x1000500c       0x4d CMakeFiles/BareMetal_UART.dir/C_/VSARM/sdk/pico/pico-sdk/src/rp2_common/hardware_irq/irq.c.obj
 *fill*         0x10005059        0x3 
 .rodata.irq_set_exclusive_handler.str1.4
                0x1000505c       0x36 CMakeFiles/BareMetal_UART.dir/C_/VSARM/sdk/pico/pico-sdk/src/rp2_common/hardware_irq/irq.c.obj
 *fill*         0x10005092        0x2 
 .rodata.irq_add_shared_handler.str1.4
                0x10005094       0xd9 CMakeFiles/BareMetal_UART.dir/C_/VSARM/sdk/pico/pico-sdk/src/rp2_common/hardware_irq/irq.c.obj
 *fill*         0x1000516d        0x3 
 .rodata.irq_remove_handler.str1.4
                0x10005170       0x2a CMakeFiles/BareMetal_UART.dir/C_/VSARM/sdk/pico/pico-sdk/src/rp2_common/hardware_irq/irq.c.obj
 *fill*         0x1000519a        0x2 
 .rodata.irq_add_tail_to_free_list.str1.4
                0x1000519c       0x32 CMakeFiles/BareMetal_UART.dir/C_/VSARM/sdk/pico/pico-sdk/src/rp2_common/hardware_irq/irq.c.obj
                                 0x3a (size before relaxing)
 *fill*         0x100051ce        0x2 
 .rodata.__func__.0
                0x100051d0       0x1a CMakeFiles/BareMetal_UART.dir/C_/VSARM/sdk/pico/pico-sdk/src/rp2_common/hardware_irq/irq.c.obj
 *fill*         0x100051ea        0x2 
 .rodata.__func__.1
                0x100051ec       0x17 CMakeFiles/BareMetal_UART.dir/C_/VSARM/sdk/pico/pico-sdk/src/rp2_common/hardware_irq/irq.c.obj
 *fill*         0x10005203        0x1 
 .rodata.__func__.2
                0x10005204       0x13 CMakeFiles/BareMetal_UART.dir/C_/VSARM/sdk/pico/pico-sdk/src/rp2_common/hardware_irq/irq.c.obj
 *fill*         0x10005217        0x1 
 .rodata.__func__.3
                0x10005218        0xc CMakeFiles/BareMetal_UART.dir/C_/VSARM/sdk/pico/pico-sdk/src/rp2_common/hardware_irq/irq.c.obj
 .rodata.__func__.4
                0x10005224        0xf CMakeFiles/BareMetal_UART.dir/C_/VSARM/sdk/pico/pico-sdk/src/rp2_common/hardware_irq/irq.c.obj
 *fill*         0x10005233        0x1 
 .rodata.__func__.6
                0x10005234       0x1a CMakeFiles/BareMetal_UART.dir/C_/VSARM/sdk/pico/pico-sdk/src/rp2_common/hardware_irq/irq.c.obj
 *fill*         0x1000524e        0x2 
 .rodata.pll_init.str1.4
                0x10005250       0xdb CMakeFiles/BareMetal_UART.dir/C_/VSARM/sdk/pico/pico-sdk/src/rp2_common/hardware_pll/pll.c.obj
 *fill*         0x1000532b        0x1 
 .rodata.__func__.0
                0x1000532c        0x9 CMakeFiles/BareMetal_UART.dir/C_/VSARM/sdk/pico/pico-sdk/src/rp2_common/hardware_pll/pll.c.obj
 *fill*         0x10005335        0x3 
 .rodata._ftoa.str1.4
                0x10005338       0x15 CMakeFiles/BareMetal_UART.dir/C_/VSARM/sdk/pico/pico-sdk/src/rp2_common/pico_printf/printf.c.obj
 *fill*         0x1000534d        0x3 
 .rodata._vsnprintf
                0x10005350      0x1e0 CMakeFiles/BareMetal_UART.dir/C_/VSARM/sdk/pico/pico-sdk/src/rp2_common/pico_printf/printf.c.obj
 .rodata.pow10.0
                0x10005530       0x50 CMakeFiles/BareMetal_UART.dir/C_/VSARM/sdk/pico/pico-sdk/src/rp2_common/pico_printf/printf.c.obj
 .rodata.__aeabi_double_init.str1.4
                0x10005580       0xa8 CMakeFiles/BareMetal_UART.dir/C_/VSARM/sdk/pico/pico-sdk/src/rp2_common/pico_double/double_init_rom.c.obj
 .rodata.__func__.0
                0x10005628       0x14 CMakeFiles/BareMetal_UART.dir/C_/VSARM/sdk/pico/pico-sdk/src/rp2_common/pico_double/double_init_rom.c.obj
 .rodata.__aeabi_float_init.str1.4
                0x1000563c       0x7a CMakeFiles/BareMetal_UART.dir/C_/VSARM/sdk/pico/pico-sdk/src/rp2_common/pico_float/float_init_rom.c.obj
                                 0x7e (size before relaxing)
 *fill*         0x100056b6        0x2 
 .rodata.__func__.0
                0x100056b8       0x13 CMakeFiles/BareMetal_UART.dir/C_/VSARM/sdk/pico/pico-sdk/src/rp2_common/pico_float/float_init_rom.c.obj
 *fill*         0x100056cb        0x1 
 .rodata.str1.4
                0x100056cc       0x44 CMakeFiles/BareMetal_UART.dir/C_/VSARM/sdk/pico/pico-sdk/src/rp2_common/pico_standard_link/binary_info.c.obj
 .rodata.__bi_44
                0x10005710        0xc CMakeFiles/BareMetal_UART.dir/C_/VSARM/sdk/pico/pico-sdk/src/rp2_common/pico_standard_link/binary_info.c.obj
 .rodata.__bi_75
                0x1000571c        0xc CMakeFiles/BareMetal_UART.dir/C_/VSARM/sdk/pico/pico-sdk/src/rp2_common/pico_standard_link/binary_info.c.obj
 .rodata.__bi_81
                0x10005728        0xc CMakeFiles/BareMetal_UART.dir/C_/VSARM/sdk/pico/pico-sdk/src/rp2_common/pico_standard_link/binary_info.c.obj
 .rodata.crlf_str.3
                0x10005734        0x2 CMakeFiles/BareMetal_UART.dir/C_/VSARM/sdk/pico/pico-sdk/src/rp2_common/pico_stdio/stdio.c.obj
                0x10005738                . = ALIGN (0x4)
 *fill*         0x10005736        0x2 
 *(SORT_BY_ALIGNMENT(SORT_BY_NAME(.flashdata*)))
                0x10005738                . = ALIGN (0x4)

.rel.dyn        0x10005738        0x0
 .rel.iplt      0x10005738        0x0 c:/vsarm/armcc/102021~1.07/bin/../lib/gcc/arm-none-eabi/10.3.1/thumb/v6-m/nofp/crtbegin.o

.ARM.extab
 *(.ARM.extab* .gnu.linkonce.armextab.*)
                0x10005738                __exidx_start = .

.ARM.exidx
 *(.ARM.exidx* .gnu.linkonce.armexidx.*)
                0x10005738                __exidx_end = .
                0x10005738                . = ALIGN (0x4)
                0x10005738                __binary_info_start = .

.binary_info    0x10005738       0x1c
 *(.binary_info.keep.*)
 .binary_info.keep.__bi_ptr22
                0x10005738        0x4 CMakeFiles/BareMetal_UART.dir/C_/VSARM/sdk/pico/pico-sdk/src/rp2_common/pico_standard_link/binary_info.c.obj
 .binary_info.keep.__bi_ptr30
                0x1000573c        0x4 CMakeFiles/BareMetal_UART.dir/C_/VSARM/sdk/pico/pico-sdk/src/rp2_common/pico_standard_link/binary_info.c.obj
 .binary_info.keep.__bi_ptr38
                0x10005740        0x4 CMakeFiles/BareMetal_UART.dir/C_/VSARM/sdk/pico/pico-sdk/src/rp2_common/pico_standard_link/binary_info.c.obj
 .binary_info.keep.__bi_ptr44
                0x10005744        0x4 CMakeFiles/BareMetal_UART.dir/C_/VSARM/sdk/pico/pico-sdk/src/rp2_common/pico_standard_link/binary_info.c.obj
 .binary_info.keep.__bi_ptr50
                0x10005748        0x4 CMakeFiles/BareMetal_UART.dir/C_/VSARM/sdk/pico/pico-sdk/src/rp2_common/pico_standard_link/binary_info.c.obj
 .binary_info.keep.__bi_ptr75
                0x1000574c        0x4 CMakeFiles/BareMetal_UART.dir/C_/VSARM/sdk/pico/pico-sdk/src/rp2_common/pico_standard_link/binary_info.c.obj
 .binary_info.keep.__bi_ptr81
                0x10005750        0x4 CMakeFiles/BareMetal_UART.dir/C_/VSARM/sdk/pico/pico-sdk/src/rp2_common/pico_standard_link/binary_info.c.obj
 *(.binary_info.*)
                0x10005754                __binary_info_end = .
                0x10005754                . = ALIGN (0x4)
                0x10005754                __etext = .

.ram_vector_table
                0x20000000       0xc0
 *(.ram_vector_table)
 .ram_vector_table
                0x20000000       0xc0 CMakeFiles/BareMetal_UART.dir/C_/VSARM/sdk/pico/pico-sdk/src/rp2_common/pico_runtime/runtime.c.obj
                0x20000000                ram_vector_table

.data           0x200000c0      0x24c load address 0x10005754
                0x200000c0                __data_start__ = .
 *(vtable)
 *(.time_critical*)
 .time_critical.mutex_enter_blocking
                0x200000c0       0x94 CMakeFiles/BareMetal_UART.dir/C_/VSARM/sdk/pico/pico-sdk/src/common/pico_sync/mutex.c.obj
                0x200000c0                mutex_enter_blocking
 .time_critical.mutex_try_enter
                0x20000154       0x5a CMakeFiles/BareMetal_UART.dir/C_/VSARM/sdk/pico/pico-sdk/src/common/pico_sync/mutex.c.obj
                0x20000154                mutex_try_enter
 *fill*         0x200001ae        0x2 
 .time_critical.mutex_exit
                0x200001b0       0x94 CMakeFiles/BareMetal_UART.dir/C_/VSARM/sdk/pico/pico-sdk/src/common/pico_sync/mutex.c.obj
                0x200001b0                mutex_exit
 *(.text*)
 .text          0x20000244        0x4 c:/vsarm/armcc/102021~1.07/bin/../lib/gcc/arm-none-eabi/10.3.1/thumb/v6-m/nofp\libgcc.a(_dvmd_tls.o)
                0x20000244                __aeabi_idiv0
                0x20000244                __aeabi_ldiv0
 .text.__stub   0x20000248       0x10 linker stubs
                0x20000258                . = ALIGN (0x4)
 *(.rodata*)
                0x20000258                . = ALIGN (0x4)
 *(.data*)
 .data.CRCdata  0x20000258        0x3 CMakeFiles/BareMetal_UART.dir/src/uart_safe.c.obj
 .data.striped_spin_lock_num
                0x2000025b        0x1 CMakeFiles/BareMetal_UART.dir/C_/VSARM/sdk/pico/pico-sdk/src/rp2_common/hardware_sync/sync.c.obj
 .data.default_alarm_pool
                0x2000025c       0x18 CMakeFiles/BareMetal_UART.dir/C_/VSARM/sdk/pico/pico-sdk/src/common/pico_time/time.c.obj
 .data.default_alarm_pool_heap
                0x20000274       0x10 CMakeFiles/BareMetal_UART.dir/C_/VSARM/sdk/pico/pico-sdk/src/common/pico_time/time.c.obj
 .data          0x20000284       0x48 CMakeFiles/BareMetal_UART.dir/C_/VSARM/sdk/pico/pico-sdk/src/rp2_common/hardware_irq/irq_handler_chain.S.obj
                0x20000284                irq_handler_chain_slots
                0x200002b4                irq_handler_chain_first_slot
                0x200002be                irq_handler_chain_remove_tail
 *fill*         0x200002cc        0x4 
 .data.aeabi_bits_funcs
                0x200002d0       0x10 CMakeFiles/BareMetal_UART.dir/C_/VSARM/sdk/pico/pico-sdk/src/rp2_common/pico_bit_ops/bit_ops_aeabi.S.obj
                0x200002d0                aeabi_bits_funcs
                0x200002e0                aeabi_bits_funcs_end
 .data.aeabi_mem_funcs
                0x200002e0       0x10 CMakeFiles/BareMetal_UART.dir/C_/VSARM/sdk/pico/pico-sdk/src/rp2_common/pico_mem_ops/mem_ops_aeabi.S.obj
                0x200002e0                aeabi_mem_funcs
                0x200002f0                aeabi_mem_funcs_end
                0x200002f0                . = ALIGN (0x4)
 *(.after_data.*)
                0x200002f0                . = ALIGN (0x4)
                0x200002f0                PROVIDE (__mutex_array_start = .)
 *(SORT_BY_NAME(.mutex_array.*))
 *(.mutex_array)
 .mutex_array   0x200002f0        0x8 CMakeFiles/BareMetal_UART.dir/C_/VSARM/sdk/pico/pico-sdk/src/rp2_common/pico_stdio/stdio.c.obj
                0x200002f8                PROVIDE (__mutex_array_end = .)
                0x200002f8                . = ALIGN (0x4)
                0x200002f8                PROVIDE (__preinit_array_start = .)
 *(SORT_BY_NAME(.preinit_array.*))
 .preinit_array.00001
                0x200002f8        0x4 CMakeFiles/BareMetal_UART.dir/C_/VSARM/sdk/pico/pico-sdk/src/rp2_common/pico_mem_ops/mem_ops_aeabi.S.obj
 .preinit_array.00010
                0x200002fc        0x4 CMakeFiles/BareMetal_UART.dir/C_/VSARM/sdk/pico/pico-sdk/src/rp2_common/pico_bit_ops/bit_ops_aeabi.S.obj
 .preinit_array.00020
                0x20000300        0x4 CMakeFiles/BareMetal_UART.dir/C_/VSARM/sdk/pico/pico-sdk/src/rp2_common/pico_double/double_aeabi.S.obj
 .preinit_array.00020
                0x20000304        0x4 CMakeFiles/BareMetal_UART.dir/C_/VSARM/sdk/pico/pico-sdk/src/rp2_common/pico_float/float_aeabi.S.obj
 *(.preinit_array)
                0x20000308                PROVIDE (__preinit_array_end = .)
                0x20000308                . = ALIGN (0x4)
                0x20000308                PROVIDE (__init_array_start = .)
 *(SORT_BY_NAME(.init_array.*))
 *(.init_array)
 .init_array    0x20000308        0x4 c:/vsarm/armcc/102021~1.07/bin/../lib/gcc/arm-none-eabi/10.3.1/thumb/v6-m/nofp/crtbegin.o
                0x2000030c                PROVIDE (__init_array_end = .)
                0x2000030c                . = ALIGN (0x4)
                [!provide]                PROVIDE (__fini_array_start = .)
 *(SORT_BY_NAME(.fini_array.*))
 *(.fini_array)
                [!provide]                PROVIDE (__fini_array_end = .)
 *(.jcr)
                0x2000030c                . = ALIGN (0x4)
                0x2000030c                __data_end__ = .

.igot.plt       0x2000030c        0x0 load address 0x100059a0
 .igot.plt      0x2000030c        0x0 c:/vsarm/armcc/102021~1.07/bin/../lib/gcc/arm-none-eabi/10.3.1/thumb/v6-m/nofp/crtbegin.o

.uninitialized_data
                0x2000030c        0x0 load address 0x100059a0
                0x2000030c                . = ALIGN (0x4)
 *(.uninitialized_data*)

.scratch_x      0x20040000        0x0 load address 0x100059a0
                0x20040000                __scratch_x_start__ = .
 *(.scratch_x.*)
                0x20040000                . = ALIGN (0x4)
                0x20040000                __scratch_x_end__ = .
                0x100059a0                __scratch_x_source__ = LOADADDR (.scratch_x)

.scratch_y      0x20041000        0x0 load address 0x100059a0
                0x20041000                __scratch_y_start__ = .
 *(.scratch_y.*)
                0x20041000                . = ALIGN (0x4)
                0x20041000                __scratch_y_end__ = .
                0x100059a0                __scratch_y_source__ = LOADADDR (.scratch_y)

.bss            0x20000320      0x5e4
                0x20000320                . = ALIGN (0x4)
                0x20000320                __bss_start__ = .
 *(SORT_BY_ALIGNMENT(SORT_BY_NAME(.bss*)))
 .bss.objectTest
                0x20000320      0x200 CMakeFiles/BareMetal_UART.dir/src/main.c.obj
                0x20000320                objectTest
 .bss.default_alarm_pool_entries
                0x20000520      0x100 CMakeFiles/BareMetal_UART.dir/C_/VSARM/sdk/pico/pico-sdk/src/common/pico_time/time.c.obj
 .bss           0x20000620       0x1c c:/vsarm/armcc/102021~1.07/bin/../lib/gcc/arm-none-eabi/10.3.1/thumb/v6-m/nofp/crtbegin.o
 .bss.alarm_callbacks
                0x2000063c       0x10 CMakeFiles/BareMetal_UART.dir/C_/VSARM/sdk/pico/pico-sdk/src/rp2_common/hardware_timer/timer.c.obj
 .bss.array_position
                0x2000064c        0x4 CMakeFiles/BareMetal_UART.dir/src/uart_safe.c.obj
 .bss.configured_freq
                0x20000650       0x28 CMakeFiles/BareMetal_UART.dir/C_/VSARM/sdk/pico/pico-sdk/src/rp2_common/hardware_clocks/clocks.c.obj
 .bss.current_tx_sample_id
                0x20000678        0x4 CMakeFiles/BareMetal_UART.dir/src/uart_safe.c.obj
 .bss.default_alarm_pool_entry_ids_high
                0x2000067c       0x10 CMakeFiles/BareMetal_UART.dir/C_/VSARM/sdk/pico/pico-sdk/src/common/pico_time/time.c.obj
 .bss.default_alarm_pool_heap_nodes
                0x2000068c       0x30 CMakeFiles/BareMetal_UART.dir/C_/VSARM/sdk/pico/pico-sdk/src/common/pico_time/time.c.obj
 .bss.drivers   0x200006bc        0x4 CMakeFiles/BareMetal_UART.dir/C_/VSARM/sdk/pico/pico-sdk/src/rp2_common/pico_stdio/stdio.c.obj
 .bss.filter    0x200006c0        0x4 CMakeFiles/BareMetal_UART.dir/C_/VSARM/sdk/pico/pico-sdk/src/rp2_common/pico_stdio/stdio.c.obj
 .bss.jumps_between_pending_to_current
                0x200006c4        0x4 CMakeFiles/BareMetal_UART.dir/src/uart_safe.c.obj
 .bss.jumps_between_requested_to_current
                0x200006c8        0x4 CMakeFiles/BareMetal_UART.dir/src/uart_safe.c.obj
 .bss.pending_tx_sample_id
                0x200006cc        0x4 CMakeFiles/BareMetal_UART.dir/src/uart_safe.c.obj
 .bss.pools     0x200006d0       0x10 CMakeFiles/BareMetal_UART.dir/C_/VSARM/sdk/pico/pico-sdk/src/common/pico_time/time.c.obj
 .bss.requested_sample_id
                0x200006e0        0x4 CMakeFiles/BareMetal_UART.dir/src/uart_safe.c.obj
 .bss.sd_table  0x200006e4      0x100 CMakeFiles/BareMetal_UART.dir/C_/VSARM/sdk/pico/pico-sdk/src/rp2_common/pico_double/double_init_rom.c.obj
                0x200006e4                sd_table
 .bss.sf_clz_func
                0x200007e4        0x4 CMakeFiles/BareMetal_UART.dir/C_/VSARM/sdk/pico/pico-sdk/src/rp2_common/pico_float/float_init_rom.c.obj
                0x200007e4                sf_clz_func
 .bss.sf_table  0x200007e8      0x100 CMakeFiles/BareMetal_UART.dir/C_/VSARM/sdk/pico/pico-sdk/src/rp2_common/pico_float/float_init_rom.c.obj
                0x200007e8                sf_table
 .bss.sleep_notifier
                0x200008e8        0x4 CMakeFiles/BareMetal_UART.dir/C_/VSARM/sdk/pico/pico-sdk/src/common/pico_time/time.c.obj
 .bss.target_hi
                0x200008ec       0x10 CMakeFiles/BareMetal_UART.dir/C_/VSARM/sdk/pico/pico-sdk/src/rp2_common/hardware_timer/timer.c.obj
 .bss.uart_char_to_line_feed
                0x200008fc        0x4 CMakeFiles/BareMetal_UART.dir/C_/VSARM/sdk/pico/pico-sdk/src/rp2_common/hardware_uart/uart.c.obj
                0x200008fc                uart_char_to_line_feed
 .bss.claimed   0x20000900        0x1 CMakeFiles/BareMetal_UART.dir/C_/VSARM/sdk/pico/pico-sdk/src/rp2_common/hardware_timer/timer.c.obj
 .bss.irq_hander_chain_free_slot_head
                0x20000901        0x1 CMakeFiles/BareMetal_UART.dir/C_/VSARM/sdk/pico/pico-sdk/src/rp2_common/hardware_irq/irq.c.obj
 .bss.test_var  0x20000902        0x1 CMakeFiles/BareMetal_UART.dir/src/uart_safe.c.obj
                0x20000902                test_var
 .bss.timer_callbacks_pending
                0x20000903        0x1 CMakeFiles/BareMetal_UART.dir/C_/VSARM/sdk/pico/pico-sdk/src/rp2_common/hardware_timer/timer.c.obj
 *(COMMON)
                0x20000904                . = ALIGN (0x4)
                0x20000904                __bss_end__ = .

.heap           0x20000904      0x800
                0x20000904                __end__ = .
                0x20000904                end = __end__
 *(.heap*)
 .heap          0x20000904      0x800 CMakeFiles/BareMetal_UART.dir/C_/VSARM/sdk/pico/pico-sdk/src/rp2_common/pico_standard_link/crt0.S.obj
                0x20001104                __HeapLimit = .

.stack1_dummy   0x20040000        0x0
 *(.stack1*)

.stack_dummy    0x20041000      0x800
 *(.stack*)
 .stack         0x20041000      0x800 CMakeFiles/BareMetal_UART.dir/C_/VSARM/sdk/pico/pico-sdk/src/rp2_common/pico_standard_link/crt0.S.obj

.flash_end      0x100059a0        0x0
                0x100059a0                __flash_binary_end = .
                0x20040000                __StackLimit = (ORIGIN (RAM) + LENGTH (RAM))
                0x20041000                __StackOneTop = (ORIGIN (SCRATCH_X) + LENGTH (SCRATCH_X))
                0x20042000                __StackTop = (ORIGIN (SCRATCH_Y) + LENGTH (SCRATCH_Y))
                0x20041000                __StackOneBottom = (__StackOneTop - SIZEOF (.stack1_dummy))
                0x20041800                __StackBottom = (__StackTop - SIZEOF (.stack_dummy))
                0x20042000                PROVIDE (__stack = __StackTop)
                0x00000001                ASSERT ((__StackLimit >= __HeapLimit), region RAM overflowed)
                0x00000001                ASSERT (((__binary_info_header_end - __logical_binary_start) <= 0x100), Binary info must be in first 256 bytes of the binary)
LOAD CMakeFiles/BareMetal_UART.dir/src/main.c.obj
LOAD CMakeFiles/BareMetal_UART.dir/src/bsp.c.obj
LOAD CMakeFiles/BareMetal_UART.dir/src/uart_safe.c.obj
LOAD CMakeFiles/BareMetal_UART.dir/C_/VSARM/sdk/pico/pico-sdk/src/rp2_common/pico_stdlib/stdlib.c.obj
LOAD CMakeFiles/BareMetal_UART.dir/C_/VSARM/sdk/pico/pico-sdk/src/rp2_common/hardware_gpio/gpio.c.obj
LOAD CMakeFiles/BareMetal_UART.dir/C_/VSARM/sdk/pico/pico-sdk/src/rp2_common/hardware_claim/claim.c.obj
LOAD CMakeFiles/BareMetal_UART.dir/C_/VSARM/sdk/pico/pico-sdk/src/rp2_common/pico_platform/platform.c.obj
LOAD CMakeFiles/BareMetal_UART.dir/C_/VSARM/sdk/pico/pico-sdk/src/rp2_common/hardware_sync/sync.c.obj
LOAD CMakeFiles/BareMetal_UART.dir/C_/VSARM/sdk/pico/pico-sdk/src/rp2_common/hardware_uart/uart.c.obj
LOAD CMakeFiles/BareMetal_UART.dir/C_/VSARM/sdk/pico/pico-sdk/src/rp2_common/hardware_divider/divider.S.obj
LOAD CMakeFiles/BareMetal_UART.dir/C_/VSARM/sdk/pico/pico-sdk/src/common/pico_time/time.c.obj
LOAD CMakeFiles/BareMetal_UART.dir/C_/VSARM/sdk/pico/pico-sdk/src/common/pico_time/timeout_helper.c.obj
LOAD CMakeFiles/BareMetal_UART.dir/C_/VSARM/sdk/pico/pico-sdk/src/rp2_common/hardware_timer/timer.c.obj
LOAD CMakeFiles/BareMetal_UART.dir/C_/VSARM/sdk/pico/pico-sdk/src/common/pico_sync/sem.c.obj
LOAD CMakeFiles/BareMetal_UART.dir/C_/VSARM/sdk/pico/pico-sdk/src/common/pico_sync/lock_core.c.obj
LOAD CMakeFiles/BareMetal_UART.dir/C_/VSARM/sdk/pico/pico-sdk/src/common/pico_sync/mutex.c.obj
LOAD CMakeFiles/BareMetal_UART.dir/C_/VSARM/sdk/pico/pico-sdk/src/common/pico_sync/critical_section.c.obj
LOAD CMakeFiles/BareMetal_UART.dir/C_/VSARM/sdk/pico/pico-sdk/src/common/pico_util/datetime.c.obj
LOAD CMakeFiles/BareMetal_UART.dir/C_/VSARM/sdk/pico/pico-sdk/src/common/pico_util/pheap.c.obj
LOAD CMakeFiles/BareMetal_UART.dir/C_/VSARM/sdk/pico/pico-sdk/src/common/pico_util/queue.c.obj
LOAD CMakeFiles/BareMetal_UART.dir/C_/VSARM/sdk/pico/pico-sdk/src/rp2_common/pico_runtime/runtime.c.obj
LOAD CMakeFiles/BareMetal_UART.dir/C_/VSARM/sdk/pico/pico-sdk/src/rp2_common/hardware_clocks/clocks.c.obj
LOAD CMakeFiles/BareMetal_UART.dir/C_/VSARM/sdk/pico/pico-sdk/src/rp2_common/hardware_irq/irq.c.obj
LOAD CMakeFiles/BareMetal_UART.dir/C_/VSARM/sdk/pico/pico-sdk/src/rp2_common/hardware_irq/irq_handler_chain.S.obj
LOAD CMakeFiles/BareMetal_UART.dir/C_/VSARM/sdk/pico/pico-sdk/src/rp2_common/hardware_pll/pll.c.obj
LOAD CMakeFiles/BareMetal_UART.dir/C_/VSARM/sdk/pico/pico-sdk/src/rp2_common/hardware_vreg/vreg.c.obj
LOAD CMakeFiles/BareMetal_UART.dir/C_/VSARM/sdk/pico/pico-sdk/src/rp2_common/hardware_watchdog/watchdog.c.obj
LOAD CMakeFiles/BareMetal_UART.dir/C_/VSARM/sdk/pico/pico-sdk/src/rp2_common/hardware_xosc/xosc.c.obj
LOAD CMakeFiles/BareMetal_UART.dir/C_/VSARM/sdk/pico/pico-sdk/src/rp2_common/pico_printf/printf.c.obj
LOAD CMakeFiles/BareMetal_UART.dir/C_/VSARM/sdk/pico/pico-sdk/src/rp2_common/pico_bit_ops/bit_ops_aeabi.S.obj
LOAD CMakeFiles/BareMetal_UART.dir/C_/VSARM/sdk/pico/pico-sdk/src/rp2_common/pico_bootrom/bootrom.c.obj
LOAD CMakeFiles/BareMetal_UART.dir/C_/VSARM/sdk/pico/pico-sdk/src/rp2_common/pico_divider/divider.S.obj
LOAD CMakeFiles/BareMetal_UART.dir/C_/VSARM/sdk/pico/pico-sdk/src/rp2_common/pico_double/double_aeabi.S.obj
LOAD CMakeFiles/BareMetal_UART.dir/C_/VSARM/sdk/pico/pico-sdk/src/rp2_common/pico_double/double_init_rom.c.obj
LOAD CMakeFiles/BareMetal_UART.dir/C_/VSARM/sdk/pico/pico-sdk/src/rp2_common/pico_double/double_math.c.obj
LOAD CMakeFiles/BareMetal_UART.dir/C_/VSARM/sdk/pico/pico-sdk/src/rp2_common/pico_double/double_v1_rom_shim.S.obj
LOAD CMakeFiles/BareMetal_UART.dir/C_/VSARM/sdk/pico/pico-sdk/src/rp2_common/pico_int64_ops/pico_int64_ops_aeabi.S.obj
LOAD CMakeFiles/BareMetal_UART.dir/C_/VSARM/sdk/pico/pico-sdk/src/rp2_common/pico_float/float_aeabi.S.obj
LOAD CMakeFiles/BareMetal_UART.dir/C_/VSARM/sdk/pico/pico-sdk/src/rp2_common/pico_float/float_init_rom.c.obj
LOAD CMakeFiles/BareMetal_UART.dir/C_/VSARM/sdk/pico/pico-sdk/src/rp2_common/pico_float/float_math.c.obj
LOAD CMakeFiles/BareMetal_UART.dir/C_/VSARM/sdk/pico/pico-sdk/src/rp2_common/pico_float/float_v1_rom_shim.S.obj
LOAD CMakeFiles/BareMetal_UART.dir/C_/VSARM/sdk/pico/pico-sdk/src/rp2_common/pico_malloc/pico_malloc.c.obj
LOAD CMakeFiles/BareMetal_UART.dir/C_/VSARM/sdk/pico/pico-sdk/src/rp2_common/pico_mem_ops/mem_ops_aeabi.S.obj
LOAD CMakeFiles/BareMetal_UART.dir/C_/VSARM/sdk/pico/pico-sdk/src/rp2_common/pico_standard_link/crt0.S.obj
LOAD CMakeFiles/BareMetal_UART.dir/C_/VSARM/sdk/pico/pico-sdk/src/rp2_common/pico_standard_link/new_delete.cpp.obj
LOAD CMakeFiles/BareMetal_UART.dir/C_/VSARM/sdk/pico/pico-sdk/src/rp2_common/pico_standard_link/binary_info.c.obj
LOAD CMakeFiles/BareMetal_UART.dir/C_/VSARM/sdk/pico/pico-sdk/src/rp2_common/pico_stdio/stdio.c.obj
LOAD CMakeFiles/BareMetal_UART.dir/C_/VSARM/sdk/pico/pico-sdk/src/rp2_common/hardware_dma/dma.c.obj
LOAD libFreeRTOS.a
LOAD C:\Users\camil\AppData\Local\Temp\ccGeeXIX.o
LOAD c:/vsarm/armcc/102021~1.07/bin/../lib/gcc/arm-none-eabi/10.3.1/../../../../arm-none-eabi/lib/thumb/v6-m/nofp\libstdc++.a
LOAD c:/vsarm/armcc/102021~1.07/bin/../lib/gcc/arm-none-eabi/10.3.1/../../../../arm-none-eabi/lib/thumb/v6-m/nofp\libm.a
START GROUP
LOAD c:/vsarm/armcc/102021~1.07/bin/../lib/gcc/arm-none-eabi/10.3.1/thumb/v6-m/nofp\libgcc.a
LOAD c:/vsarm/armcc/102021~1.07/bin/../lib/gcc/arm-none-eabi/10.3.1/../../../../arm-none-eabi/lib/thumb/v6-m/nofp\libg.a
LOAD c:/vsarm/armcc/102021~1.07/bin/../lib/gcc/arm-none-eabi/10.3.1/../../../../arm-none-eabi/lib/thumb/v6-m/nofp\libc.a
END GROUP
START GROUP
LOAD c:/vsarm/armcc/102021~1.07/bin/../lib/gcc/arm-none-eabi/10.3.1/thumb/v6-m/nofp\libgcc.a
LOAD c:/vsarm/armcc/102021~1.07/bin/../lib/gcc/arm-none-eabi/10.3.1/../../../../arm-none-eabi/lib/thumb/v6-m/nofp\libc.a
LOAD c:/vsarm/armcc/102021~1.07/bin/../lib/gcc/arm-none-eabi/10.3.1/../../../../arm-none-eabi/lib/thumb/v6-m/nofp\libnosys.a
END GROUP
LOAD c:/vsarm/armcc/102021~1.07/bin/../lib/gcc/arm-none-eabi/10.3.1/thumb/v6-m/nofp/crtend.o
LOAD c:/vsarm/armcc/102021~1.07/bin/../lib/gcc/arm-none-eabi/10.3.1/thumb/v6-m/nofp/crtn.o
OUTPUT(BareMetal_UART.elf elf32-littlearm)
LOAD linker stubs

.ARM.attributes
                0x00000000       0x28
 .ARM.attributes
                0x00000000       0x1e c:/vsarm/armcc/102021~1.07/bin/../lib/gcc/arm-none-eabi/10.3.1/thumb/v6-m/nofp/crti.o
 .ARM.attributes
                0x0000001e       0x2c c:/vsarm/armcc/102021~1.07/bin/../lib/gcc/arm-none-eabi/10.3.1/thumb/v6-m/nofp/crtbegin.o
 .ARM.attributes
                0x0000004a       0x2c CMakeFiles/BareMetal_UART.dir/src/main.c.obj
 .ARM.attributes
                0x00000076       0x2c CMakeFiles/BareMetal_UART.dir/src/bsp.c.obj
 .ARM.attributes
                0x000000a2       0x2c CMakeFiles/BareMetal_UART.dir/src/uart_safe.c.obj
 .ARM.attributes
                0x000000ce       0x2c CMakeFiles/BareMetal_UART.dir/C_/VSARM/sdk/pico/pico-sdk/src/rp2_common/hardware_gpio/gpio.c.obj
 .ARM.attributes
                0x000000fa       0x2c CMakeFiles/BareMetal_UART.dir/C_/VSARM/sdk/pico/pico-sdk/src/rp2_common/hardware_claim/claim.c.obj
 .ARM.attributes
                0x00000126       0x2c CMakeFiles/BareMetal_UART.dir/C_/VSARM/sdk/pico/pico-sdk/src/rp2_common/pico_platform/platform.c.obj
 .ARM.attributes
                0x00000152       0x2c CMakeFiles/BareMetal_UART.dir/C_/VSARM/sdk/pico/pico-sdk/src/rp2_common/hardware_sync/sync.c.obj
 .ARM.attributes
                0x0000017e       0x2c CMakeFiles/BareMetal_UART.dir/C_/VSARM/sdk/pico/pico-sdk/src/rp2_common/hardware_uart/uart.c.obj
 .ARM.attributes
                0x000001aa       0x2c CMakeFiles/BareMetal_UART.dir/C_/VSARM/sdk/pico/pico-sdk/src/common/pico_time/time.c.obj
 .ARM.attributes
                0x000001d6       0x2c CMakeFiles/BareMetal_UART.dir/C_/VSARM/sdk/pico/pico-sdk/src/rp2_common/hardware_timer/timer.c.obj
 .ARM.attributes
                0x00000202       0x2c CMakeFiles/BareMetal_UART.dir/C_/VSARM/sdk/pico/pico-sdk/src/common/pico_sync/lock_core.c.obj
 .ARM.attributes
                0x0000022e       0x2c CMakeFiles/BareMetal_UART.dir/C_/VSARM/sdk/pico/pico-sdk/src/common/pico_sync/mutex.c.obj
 .ARM.attributes
                0x0000025a       0x2c CMakeFiles/BareMetal_UART.dir/C_/VSARM/sdk/pico/pico-sdk/src/common/pico_util/pheap.c.obj
 .ARM.attributes
                0x00000286       0x2c CMakeFiles/BareMetal_UART.dir/C_/VSARM/sdk/pico/pico-sdk/src/rp2_common/pico_runtime/runtime.c.obj
 .ARM.attributes
                0x000002b2       0x2c CMakeFiles/BareMetal_UART.dir/C_/VSARM/sdk/pico/pico-sdk/src/rp2_common/hardware_clocks/clocks.c.obj
 .ARM.attributes
                0x000002de       0x2c CMakeFiles/BareMetal_UART.dir/C_/VSARM/sdk/pico/pico-sdk/src/rp2_common/hardware_irq/irq.c.obj
 .ARM.attributes
                0x0000030a       0x22 CMakeFiles/BareMetal_UART.dir/C_/VSARM/sdk/pico/pico-sdk/src/rp2_common/hardware_irq/irq_handler_chain.S.obj
 .ARM.attributes
                0x0000032c       0x2c CMakeFiles/BareMetal_UART.dir/C_/VSARM/sdk/pico/pico-sdk/src/rp2_common/hardware_pll/pll.c.obj
 .ARM.attributes
                0x00000358       0x2c CMakeFiles/BareMetal_UART.dir/C_/VSARM/sdk/pico/pico-sdk/src/rp2_common/hardware_watchdog/watchdog.c.obj
 .ARM.attributes
                0x00000384       0x2c CMakeFiles/BareMetal_UART.dir/C_/VSARM/sdk/pico/pico-sdk/src/rp2_common/hardware_xosc/xosc.c.obj
 .ARM.attributes
                0x000003b0       0x2c CMakeFiles/BareMetal_UART.dir/C_/VSARM/sdk/pico/pico-sdk/src/rp2_common/pico_printf/printf.c.obj
 .ARM.attributes
                0x000003dc       0x22 CMakeFiles/BareMetal_UART.dir/C_/VSARM/sdk/pico/pico-sdk/src/rp2_common/pico_bit_ops/bit_ops_aeabi.S.obj
 .ARM.attributes
                0x000003fe       0x2c CMakeFiles/BareMetal_UART.dir/C_/VSARM/sdk/pico/pico-sdk/src/rp2_common/pico_bootrom/bootrom.c.obj
 .ARM.attributes
                0x0000042a       0x22 CMakeFiles/BareMetal_UART.dir/C_/VSARM/sdk/pico/pico-sdk/src/rp2_common/pico_divider/divider.S.obj
 .ARM.attributes
                0x0000044c       0x22 CMakeFiles/BareMetal_UART.dir/C_/VSARM/sdk/pico/pico-sdk/src/rp2_common/pico_double/double_aeabi.S.obj
 .ARM.attributes
                0x0000046e       0x2c CMakeFiles/BareMetal_UART.dir/C_/VSARM/sdk/pico/pico-sdk/src/rp2_common/pico_double/double_init_rom.c.obj
 .ARM.attributes
                0x0000049a       0x22 CMakeFiles/BareMetal_UART.dir/C_/VSARM/sdk/pico/pico-sdk/src/rp2_common/pico_double/double_v1_rom_shim.S.obj
 .ARM.attributes
                0x000004bc       0x22 CMakeFiles/BareMetal_UART.dir/C_/VSARM/sdk/pico/pico-sdk/src/rp2_common/pico_float/float_aeabi.S.obj
 .ARM.attributes
                0x000004de       0x2c CMakeFiles/BareMetal_UART.dir/C_/VSARM/sdk/pico/pico-sdk/src/rp2_common/pico_float/float_init_rom.c.obj
 .ARM.attributes
                0x0000050a       0x2c CMakeFiles/BareMetal_UART.dir/C_/VSARM/sdk/pico/pico-sdk/src/rp2_common/pico_float/float_math.c.obj
 .ARM.attributes
                0x00000536       0x22 CMakeFiles/BareMetal_UART.dir/C_/VSARM/sdk/pico/pico-sdk/src/rp2_common/pico_float/float_v1_rom_shim.S.obj
 .ARM.attributes
                0x00000558       0x22 CMakeFiles/BareMetal_UART.dir/C_/VSARM/sdk/pico/pico-sdk/src/rp2_common/pico_mem_ops/mem_ops_aeabi.S.obj
 .ARM.attributes
                0x0000057a       0x22 CMakeFiles/BareMetal_UART.dir/C_/VSARM/sdk/pico/pico-sdk/src/rp2_common/pico_standard_link/crt0.S.obj
 .ARM.attributes
                0x0000059c       0x32 CMakeFiles/BareMetal_UART.dir/C_/VSARM/sdk/pico/pico-sdk/src/rp2_common/pico_standard_link/binary_info.c.obj
 .ARM.attributes
                0x000005ce       0x2c CMakeFiles/BareMetal_UART.dir/C_/VSARM/sdk/pico/pico-sdk/src/rp2_common/pico_stdio/stdio.c.obj
 .ARM.attributes
                0x000005fa       0x22 C:\Users\camil\AppData\Local\Temp\ccGeeXIX.o
 .ARM.attributes
                0x0000061c       0x1e c:/vsarm/armcc/102021~1.07/bin/../lib/gcc/arm-none-eabi/10.3.1/thumb/v6-m/nofp\libgcc.a(_dvmd_tls.o)
 .ARM.attributes
                0x0000063a       0x2c c:/vsarm/armcc/102021~1.07/bin/../lib/gcc/arm-none-eabi/10.3.1/../../../../arm-none-eabi/lib/thumb/v6-m/nofp\libg.a(lib_a-strlen-stub.o)

.comment        0x00000000       0x49
 .comment       0x00000000       0x49 CMakeFiles/BareMetal_UART.dir/src/main.c.obj
                                 0x4a (size before relaxing)
 .comment       0x00000049       0x4a CMakeFiles/BareMetal_UART.dir/src/bsp.c.obj
 .comment       0x00000049       0x4a CMakeFiles/BareMetal_UART.dir/src/uart_safe.c.obj
 .comment       0x00000049       0x4a CMakeFiles/BareMetal_UART.dir/C_/VSARM/sdk/pico/pico-sdk/src/rp2_common/hardware_gpio/gpio.c.obj
 .comment       0x00000049       0x4a CMakeFiles/BareMetal_UART.dir/C_/VSARM/sdk/pico/pico-sdk/src/rp2_common/hardware_claim/claim.c.obj
 .comment       0x00000049       0x4a CMakeFiles/BareMetal_UART.dir/C_/VSARM/sdk/pico/pico-sdk/src/rp2_common/pico_platform/platform.c.obj
 .comment       0x00000049       0x4a CMakeFiles/BareMetal_UART.dir/C_/VSARM/sdk/pico/pico-sdk/src/rp2_common/hardware_sync/sync.c.obj
 .comment       0x00000049       0x4a CMakeFiles/BareMetal_UART.dir/C_/VSARM/sdk/pico/pico-sdk/src/rp2_common/hardware_uart/uart.c.obj
 .comment       0x00000049       0x4a CMakeFiles/BareMetal_UART.dir/C_/VSARM/sdk/pico/pico-sdk/src/common/pico_time/time.c.obj
 .comment       0x00000049       0x4a CMakeFiles/BareMetal_UART.dir/C_/VSARM/sdk/pico/pico-sdk/src/rp2_common/hardware_timer/timer.c.obj
 .comment       0x00000049       0x4a CMakeFiles/BareMetal_UART.dir/C_/VSARM/sdk/pico/pico-sdk/src/common/pico_sync/lock_core.c.obj
 .comment       0x00000049       0x4a CMakeFiles/BareMetal_UART.dir/C_/VSARM/sdk/pico/pico-sdk/src/common/pico_sync/mutex.c.obj
 .comment       0x00000049       0x4a CMakeFiles/BareMetal_UART.dir/C_/VSARM/sdk/pico/pico-sdk/src/common/pico_util/pheap.c.obj
 .comment       0x00000049       0x4a CMakeFiles/BareMetal_UART.dir/C_/VSARM/sdk/pico/pico-sdk/src/rp2_common/pico_runtime/runtime.c.obj
 .comment       0x00000049       0x4a CMakeFiles/BareMetal_UART.dir/C_/VSARM/sdk/pico/pico-sdk/src/rp2_common/hardware_clocks/clocks.c.obj
 .comment       0x00000049       0x4a CMakeFiles/BareMetal_UART.dir/C_/VSARM/sdk/pico/pico-sdk/src/rp2_common/hardware_irq/irq.c.obj
 .comment       0x00000049       0x4a CMakeFiles/BareMetal_UART.dir/C_/VSARM/sdk/pico/pico-sdk/src/rp2_common/hardware_pll/pll.c.obj
 .comment       0x00000049       0x4a CMakeFiles/BareMetal_UART.dir/C_/VSARM/sdk/pico/pico-sdk/src/rp2_common/hardware_watchdog/watchdog.c.obj
 .comment       0x00000049       0x4a CMakeFiles/BareMetal_UART.dir/C_/VSARM/sdk/pico/pico-sdk/src/rp2_common/hardware_xosc/xosc.c.obj
 .comment       0x00000049       0x4a CMakeFiles/BareMetal_UART.dir/C_/VSARM/sdk/pico/pico-sdk/src/rp2_common/pico_printf/printf.c.obj
 .comment       0x00000049       0x4a CMakeFiles/BareMetal_UART.dir/C_/VSARM/sdk/pico/pico-sdk/src/rp2_common/pico_bootrom/bootrom.c.obj
 .comment       0x00000049       0x4a CMakeFiles/BareMetal_UART.dir/C_/VSARM/sdk/pico/pico-sdk/src/rp2_common/pico_double/double_init_rom.c.obj
 .comment       0x00000049       0x4a CMakeFiles/BareMetal_UART.dir/C_/VSARM/sdk/pico/pico-sdk/src/rp2_common/pico_float/float_init_rom.c.obj
 .comment       0x00000049       0x4a CMakeFiles/BareMetal_UART.dir/C_/VSARM/sdk/pico/pico-sdk/src/rp2_common/pico_float/float_math.c.obj
 .comment       0x00000049       0x4a CMakeFiles/BareMetal_UART.dir/C_/VSARM/sdk/pico/pico-sdk/src/rp2_common/pico_standard_link/binary_info.c.obj
 .comment       0x00000049       0x4a CMakeFiles/BareMetal_UART.dir/C_/VSARM/sdk/pico/pico-sdk/src/rp2_common/pico_stdio/stdio.c.obj

.debug_info     0x00000000    0x1756d
 .debug_info    0x00000000      0x792 CMakeFiles/BareMetal_UART.dir/src/main.c.obj
 .debug_info    0x00000792     0x1e7d CMakeFiles/BareMetal_UART.dir/src/bsp.c.obj
 .debug_info    0x0000260f      0x975 CMakeFiles/BareMetal_UART.dir/src/uart_safe.c.obj
 .debug_info    0x00002f84     0x1465 CMakeFiles/BareMetal_UART.dir/C_/VSARM/sdk/pico/pico-sdk/src/rp2_common/hardware_gpio/gpio.c.obj
 .debug_info    0x000043e9      0x6ba CMakeFiles/BareMetal_UART.dir/C_/VSARM/sdk/pico/pico-sdk/src/rp2_common/hardware_claim/claim.c.obj
 .debug_info    0x00004aa3      0x1e3 CMakeFiles/BareMetal_UART.dir/C_/VSARM/sdk/pico/pico-sdk/src/rp2_common/pico_platform/platform.c.obj
 .debug_info    0x00004c86      0x58e CMakeFiles/BareMetal_UART.dir/C_/VSARM/sdk/pico/pico-sdk/src/rp2_common/hardware_sync/sync.c.obj
 .debug_info    0x00005214      0xb64 CMakeFiles/BareMetal_UART.dir/C_/VSARM/sdk/pico/pico-sdk/src/rp2_common/hardware_uart/uart.c.obj
 .debug_info    0x00005d78     0x3b2f CMakeFiles/BareMetal_UART.dir/C_/VSARM/sdk/pico/pico-sdk/src/common/pico_time/time.c.obj
 .debug_info    0x000098a7     0x1130 CMakeFiles/BareMetal_UART.dir/C_/VSARM/sdk/pico/pico-sdk/src/rp2_common/hardware_timer/timer.c.obj
 .debug_info    0x0000a9d7      0x1a4 CMakeFiles/BareMetal_UART.dir/C_/VSARM/sdk/pico/pico-sdk/src/common/pico_sync/lock_core.c.obj
 .debug_info    0x0000ab7b     0x13b2 CMakeFiles/BareMetal_UART.dir/C_/VSARM/sdk/pico/pico-sdk/src/common/pico_sync/mutex.c.obj
 .debug_info    0x0000bf2d     0x120c CMakeFiles/BareMetal_UART.dir/C_/VSARM/sdk/pico/pico-sdk/src/common/pico_util/pheap.c.obj
 .debug_info    0x0000d139      0x9bc CMakeFiles/BareMetal_UART.dir/C_/VSARM/sdk/pico/pico-sdk/src/rp2_common/pico_runtime/runtime.c.obj
 .debug_info    0x0000daf5      0xf56 CMakeFiles/BareMetal_UART.dir/C_/VSARM/sdk/pico/pico-sdk/src/rp2_common/hardware_clocks/clocks.c.obj
 .debug_info    0x0000ea4b     0x191a CMakeFiles/BareMetal_UART.dir/C_/VSARM/sdk/pico/pico-sdk/src/rp2_common/hardware_irq/irq.c.obj
 .debug_info    0x00010365      0x509 CMakeFiles/BareMetal_UART.dir/C_/VSARM/sdk/pico/pico-sdk/src/rp2_common/hardware_pll/pll.c.obj
 .debug_info    0x0001086e      0x49c CMakeFiles/BareMetal_UART.dir/C_/VSARM/sdk/pico/pico-sdk/src/rp2_common/hardware_watchdog/watchdog.c.obj
 .debug_info    0x00010d0a      0x1dd CMakeFiles/BareMetal_UART.dir/C_/VSARM/sdk/pico/pico-sdk/src/rp2_common/hardware_xosc/xosc.c.obj
 .debug_info    0x00010ee7     0x1a5f CMakeFiles/BareMetal_UART.dir/C_/VSARM/sdk/pico/pico-sdk/src/rp2_common/pico_printf/printf.c.obj
 .debug_info    0x00012946       0x22 CMakeFiles/BareMetal_UART.dir/C_/VSARM/sdk/pico/pico-sdk/src/rp2_common/pico_bit_ops/bit_ops_aeabi.S.obj
 .debug_info    0x00012968      0x231 CMakeFiles/BareMetal_UART.dir/C_/VSARM/sdk/pico/pico-sdk/src/rp2_common/pico_bootrom/bootrom.c.obj
 .debug_info    0x00012b99       0x22 CMakeFiles/BareMetal_UART.dir/C_/VSARM/sdk/pico/pico-sdk/src/rp2_common/pico_divider/divider.S.obj
 .debug_info    0x00012bbb       0x22 CMakeFiles/BareMetal_UART.dir/C_/VSARM/sdk/pico/pico-sdk/src/rp2_common/pico_double/double_aeabi.S.obj
 .debug_info    0x00012bdd      0x2a0 CMakeFiles/BareMetal_UART.dir/C_/VSARM/sdk/pico/pico-sdk/src/rp2_common/pico_double/double_init_rom.c.obj
 .debug_info    0x00012e7d       0x22 CMakeFiles/BareMetal_UART.dir/C_/VSARM/sdk/pico/pico-sdk/src/rp2_common/pico_double/double_v1_rom_shim.S.obj
 .debug_info    0x00012e9f       0x22 CMakeFiles/BareMetal_UART.dir/C_/VSARM/sdk/pico/pico-sdk/src/rp2_common/pico_float/float_aeabi.S.obj
 .debug_info    0x00012ec1      0x2e9 CMakeFiles/BareMetal_UART.dir/C_/VSARM/sdk/pico/pico-sdk/src/rp2_common/pico_float/float_init_rom.c.obj
 .debug_info    0x000131aa     0x2f16 CMakeFiles/BareMetal_UART.dir/C_/VSARM/sdk/pico/pico-sdk/src/rp2_common/pico_float/float_math.c.obj
 .debug_info    0x000160c0       0x22 CMakeFiles/BareMetal_UART.dir/C_/VSARM/sdk/pico/pico-sdk/src/rp2_common/pico_float/float_v1_rom_shim.S.obj
 .debug_info    0x000160e2       0x22 CMakeFiles/BareMetal_UART.dir/C_/VSARM/sdk/pico/pico-sdk/src/rp2_common/pico_mem_ops/mem_ops_aeabi.S.obj
 .debug_info    0x00016104       0x22 CMakeFiles/BareMetal_UART.dir/C_/VSARM/sdk/pico/pico-sdk/src/rp2_common/pico_standard_link/crt0.S.obj
 .debug_info    0x00016126      0x2f6 CMakeFiles/BareMetal_UART.dir/C_/VSARM/sdk/pico/pico-sdk/src/rp2_common/pico_standard_link/binary_info.c.obj
 .debug_info    0x0001641c     0x1151 CMakeFiles/BareMetal_UART.dir/C_/VSARM/sdk/pico/pico-sdk/src/rp2_common/pico_stdio/stdio.c.obj

.debug_abbrev   0x00000000     0x4468
 .debug_abbrev  0x00000000      0x2e0 CMakeFiles/BareMetal_UART.dir/src/main.c.obj
 .debug_abbrev  0x000002e0      0x3b9 CMakeFiles/BareMetal_UART.dir/src/bsp.c.obj
 .debug_abbrev  0x00000699      0x275 CMakeFiles/BareMetal_UART.dir/src/uart_safe.c.obj
 .debug_abbrev  0x0000090e      0x2c4 CMakeFiles/BareMetal_UART.dir/C_/VSARM/sdk/pico/pico-sdk/src/rp2_common/hardware_gpio/gpio.c.obj
 .debug_abbrev  0x00000bd2      0x2d6 CMakeFiles/BareMetal_UART.dir/C_/VSARM/sdk/pico/pico-sdk/src/rp2_common/hardware_claim/claim.c.obj
 .debug_abbrev  0x00000ea8       0xeb CMakeFiles/BareMetal_UART.dir/C_/VSARM/sdk/pico/pico-sdk/src/rp2_common/pico_platform/platform.c.obj
 .debug_abbrev  0x00000f93      0x21b CMakeFiles/BareMetal_UART.dir/C_/VSARM/sdk/pico/pico-sdk/src/rp2_common/hardware_sync/sync.c.obj
 .debug_abbrev  0x000011ae      0x2d2 CMakeFiles/BareMetal_UART.dir/C_/VSARM/sdk/pico/pico-sdk/src/rp2_common/hardware_uart/uart.c.obj
 .debug_abbrev  0x00001480      0x53c CMakeFiles/BareMetal_UART.dir/C_/VSARM/sdk/pico/pico-sdk/src/common/pico_time/time.c.obj
 .debug_abbrev  0x000019bc      0x37e CMakeFiles/BareMetal_UART.dir/C_/VSARM/sdk/pico/pico-sdk/src/rp2_common/hardware_timer/timer.c.obj
 .debug_abbrev  0x00001d3a      0x116 CMakeFiles/BareMetal_UART.dir/C_/VSARM/sdk/pico/pico-sdk/src/common/pico_sync/lock_core.c.obj
 .debug_abbrev  0x00001e50      0x37d CMakeFiles/BareMetal_UART.dir/C_/VSARM/sdk/pico/pico-sdk/src/common/pico_sync/mutex.c.obj
 .debug_abbrev  0x000021cd      0x297 CMakeFiles/BareMetal_UART.dir/C_/VSARM/sdk/pico/pico-sdk/src/common/pico_util/pheap.c.obj
 .debug_abbrev  0x00002464      0x35a CMakeFiles/BareMetal_UART.dir/C_/VSARM/sdk/pico/pico-sdk/src/rp2_common/pico_runtime/runtime.c.obj
 .debug_abbrev  0x000027be      0x372 CMakeFiles/BareMetal_UART.dir/C_/VSARM/sdk/pico/pico-sdk/src/rp2_common/hardware_clocks/clocks.c.obj
 .debug_abbrev  0x00002b30      0x4a5 CMakeFiles/BareMetal_UART.dir/C_/VSARM/sdk/pico/pico-sdk/src/rp2_common/hardware_irq/irq.c.obj
 .debug_abbrev  0x00002fd5      0x1ea CMakeFiles/BareMetal_UART.dir/C_/VSARM/sdk/pico/pico-sdk/src/rp2_common/hardware_pll/pll.c.obj
 .debug_abbrev  0x000031bf      0x1b1 CMakeFiles/BareMetal_UART.dir/C_/VSARM/sdk/pico/pico-sdk/src/rp2_common/hardware_watchdog/watchdog.c.obj
 .debug_abbrev  0x00003370      0x109 CMakeFiles/BareMetal_UART.dir/C_/VSARM/sdk/pico/pico-sdk/src/rp2_common/hardware_xosc/xosc.c.obj
 .debug_abbrev  0x00003479      0x384 CMakeFiles/BareMetal_UART.dir/C_/VSARM/sdk/pico/pico-sdk/src/rp2_common/pico_printf/printf.c.obj
 .debug_abbrev  0x000037fd       0x12 CMakeFiles/BareMetal_UART.dir/C_/VSARM/sdk/pico/pico-sdk/src/rp2_common/pico_bit_ops/bit_ops_aeabi.S.obj
 .debug_abbrev  0x0000380f       0xf8 CMakeFiles/BareMetal_UART.dir/C_/VSARM/sdk/pico/pico-sdk/src/rp2_common/pico_bootrom/bootrom.c.obj
 .debug_abbrev  0x00003907       0x12 CMakeFiles/BareMetal_UART.dir/C_/VSARM/sdk/pico/pico-sdk/src/rp2_common/pico_divider/divider.S.obj
 .debug_abbrev  0x00003919       0x12 CMakeFiles/BareMetal_UART.dir/C_/VSARM/sdk/pico/pico-sdk/src/rp2_common/pico_double/double_aeabi.S.obj
 .debug_abbrev  0x0000392b      0x166 CMakeFiles/BareMetal_UART.dir/C_/VSARM/sdk/pico/pico-sdk/src/rp2_common/pico_double/double_init_rom.c.obj
 .debug_abbrev  0x00003a91       0x12 CMakeFiles/BareMetal_UART.dir/C_/VSARM/sdk/pico/pico-sdk/src/rp2_common/pico_double/double_v1_rom_shim.S.obj
 .debug_abbrev  0x00003aa3       0x12 CMakeFiles/BareMetal_UART.dir/C_/VSARM/sdk/pico/pico-sdk/src/rp2_common/pico_float/float_aeabi.S.obj
 .debug_abbrev  0x00003ab5      0x179 CMakeFiles/BareMetal_UART.dir/C_/VSARM/sdk/pico/pico-sdk/src/rp2_common/pico_float/float_init_rom.c.obj
 .debug_abbrev  0x00003c2e      0x296 CMakeFiles/BareMetal_UART.dir/C_/VSARM/sdk/pico/pico-sdk/src/rp2_common/pico_float/float_math.c.obj
 .debug_abbrev  0x00003ec4       0x12 CMakeFiles/BareMetal_UART.dir/C_/VSARM/sdk/pico/pico-sdk/src/rp2_common/pico_float/float_v1_rom_shim.S.obj
 .debug_abbrev  0x00003ed6       0x12 CMakeFiles/BareMetal_UART.dir/C_/VSARM/sdk/pico/pico-sdk/src/rp2_common/pico_mem_ops/mem_ops_aeabi.S.obj
 .debug_abbrev  0x00003ee8       0x12 CMakeFiles/BareMetal_UART.dir/C_/VSARM/sdk/pico/pico-sdk/src/rp2_common/pico_standard_link/crt0.S.obj
 .debug_abbrev  0x00003efa       0xad CMakeFiles/BareMetal_UART.dir/C_/VSARM/sdk/pico/pico-sdk/src/rp2_common/pico_standard_link/binary_info.c.obj
 .debug_abbrev  0x00003fa7      0x4c1 CMakeFiles/BareMetal_UART.dir/C_/VSARM/sdk/pico/pico-sdk/src/rp2_common/pico_stdio/stdio.c.obj

.debug_loc      0x00000000    0x12103
 .debug_loc     0x00000000      0x1df CMakeFiles/BareMetal_UART.dir/src/main.c.obj
 .debug_loc     0x000001df     0x1118 CMakeFiles/BareMetal_UART.dir/src/bsp.c.obj
 .debug_loc     0x000012f7      0x404 CMakeFiles/BareMetal_UART.dir/src/uart_safe.c.obj
 .debug_loc     0x000016fb      0xede CMakeFiles/BareMetal_UART.dir/C_/VSARM/sdk/pico/pico-sdk/src/rp2_common/hardware_gpio/gpio.c.obj
 .debug_loc     0x000025d9      0x45f CMakeFiles/BareMetal_UART.dir/C_/VSARM/sdk/pico/pico-sdk/src/rp2_common/hardware_claim/claim.c.obj
 .debug_loc     0x00002a38       0xe9 CMakeFiles/BareMetal_UART.dir/C_/VSARM/sdk/pico/pico-sdk/src/rp2_common/pico_platform/platform.c.obj
 .debug_loc     0x00002b21      0x233 CMakeFiles/BareMetal_UART.dir/C_/VSARM/sdk/pico/pico-sdk/src/rp2_common/hardware_sync/sync.c.obj
 .debug_loc     0x00002d54      0x533 CMakeFiles/BareMetal_UART.dir/C_/VSARM/sdk/pico/pico-sdk/src/rp2_common/hardware_uart/uart.c.obj
 .debug_loc     0x00003287     0x2e37 CMakeFiles/BareMetal_UART.dir/C_/VSARM/sdk/pico/pico-sdk/src/common/pico_time/time.c.obj
 .debug_loc     0x000060be      0x952 CMakeFiles/BareMetal_UART.dir/C_/VSARM/sdk/pico/pico-sdk/src/rp2_common/hardware_timer/timer.c.obj
 .debug_loc     0x00006a10       0x60 CMakeFiles/BareMetal_UART.dir/C_/VSARM/sdk/pico/pico-sdk/src/common/pico_sync/lock_core.c.obj
 .debug_loc     0x00006a70      0xbc3 CMakeFiles/BareMetal_UART.dir/C_/VSARM/sdk/pico/pico-sdk/src/common/pico_sync/mutex.c.obj
 .debug_loc     0x00007633     0x1439 CMakeFiles/BareMetal_UART.dir/C_/VSARM/sdk/pico/pico-sdk/src/common/pico_util/pheap.c.obj
 .debug_loc     0x00008a6c      0x3c6 CMakeFiles/BareMetal_UART.dir/C_/VSARM/sdk/pico/pico-sdk/src/rp2_common/pico_runtime/runtime.c.obj
 .debug_loc     0x00008e32      0x7eb CMakeFiles/BareMetal_UART.dir/C_/VSARM/sdk/pico/pico-sdk/src/rp2_common/hardware_clocks/clocks.c.obj
 .debug_loc     0x0000961d     0x1186 CMakeFiles/BareMetal_UART.dir/C_/VSARM/sdk/pico/pico-sdk/src/rp2_common/hardware_irq/irq.c.obj
 .debug_loc     0x0000a7a3      0x300 CMakeFiles/BareMetal_UART.dir/C_/VSARM/sdk/pico/pico-sdk/src/rp2_common/hardware_pll/pll.c.obj
 .debug_loc     0x0000aaa3      0x267 CMakeFiles/BareMetal_UART.dir/C_/VSARM/sdk/pico/pico-sdk/src/rp2_common/hardware_watchdog/watchdog.c.obj
 .debug_loc     0x0000ad0a       0x71 CMakeFiles/BareMetal_UART.dir/C_/VSARM/sdk/pico/pico-sdk/src/rp2_common/hardware_xosc/xosc.c.obj
 .debug_loc     0x0000ad7b     0x2095 CMakeFiles/BareMetal_UART.dir/C_/VSARM/sdk/pico/pico-sdk/src/rp2_common/pico_printf/printf.c.obj
 .debug_loc     0x0000ce10      0x16f CMakeFiles/BareMetal_UART.dir/C_/VSARM/sdk/pico/pico-sdk/src/rp2_common/pico_bootrom/bootrom.c.obj
 .debug_loc     0x0000cf7f       0x59 CMakeFiles/BareMetal_UART.dir/C_/VSARM/sdk/pico/pico-sdk/src/rp2_common/pico_double/double_init_rom.c.obj
 .debug_loc     0x0000cfd8       0x73 CMakeFiles/BareMetal_UART.dir/C_/VSARM/sdk/pico/pico-sdk/src/rp2_common/pico_float/float_init_rom.c.obj
 .debug_loc     0x0000d04b     0x4685 CMakeFiles/BareMetal_UART.dir/C_/VSARM/sdk/pico/pico-sdk/src/rp2_common/pico_float/float_math.c.obj
 .debug_loc     0x000116d0      0xa33 CMakeFiles/BareMetal_UART.dir/C_/VSARM/sdk/pico/pico-sdk/src/rp2_common/pico_stdio/stdio.c.obj

.debug_aranges  0x00000000      0xf18
 .debug_aranges
                0x00000000       0x30 CMakeFiles/BareMetal_UART.dir/src/main.c.obj
 .debug_aranges
                0x00000030       0xd0 CMakeFiles/BareMetal_UART.dir/src/bsp.c.obj
 .debug_aranges
                0x00000100       0x68 CMakeFiles/BareMetal_UART.dir/src/uart_safe.c.obj
 .debug_aranges
                0x00000168       0xd8 CMakeFiles/BareMetal_UART.dir/C_/VSARM/sdk/pico/pico-sdk/src/rp2_common/hardware_gpio/gpio.c.obj
 .debug_aranges
                0x00000240       0x48 CMakeFiles/BareMetal_UART.dir/C_/VSARM/sdk/pico/pico-sdk/src/rp2_common/hardware_claim/claim.c.obj
 .debug_aranges
                0x00000288       0x28 CMakeFiles/BareMetal_UART.dir/C_/VSARM/sdk/pico/pico-sdk/src/rp2_common/pico_platform/platform.c.obj
 .debug_aranges
                0x000002b0       0x58 CMakeFiles/BareMetal_UART.dir/C_/VSARM/sdk/pico/pico-sdk/src/rp2_common/hardware_sync/sync.c.obj
 .debug_aranges
                0x00000308       0x40 CMakeFiles/BareMetal_UART.dir/C_/VSARM/sdk/pico/pico-sdk/src/rp2_common/hardware_uart/uart.c.obj
 .debug_aranges
                0x00000348       0xd0 CMakeFiles/BareMetal_UART.dir/C_/VSARM/sdk/pico/pico-sdk/src/common/pico_time/time.c.obj
 .debug_aranges
                0x00000418       0x78 CMakeFiles/BareMetal_UART.dir/C_/VSARM/sdk/pico/pico-sdk/src/rp2_common/hardware_timer/timer.c.obj
 .debug_aranges
                0x00000490       0x20 CMakeFiles/BareMetal_UART.dir/C_/VSARM/sdk/pico/pico-sdk/src/common/pico_sync/lock_core.c.obj
 .debug_aranges
                0x000004b0       0x60 CMakeFiles/BareMetal_UART.dir/C_/VSARM/sdk/pico/pico-sdk/src/common/pico_sync/mutex.c.obj
 .debug_aranges
                0x00000510       0x78 CMakeFiles/BareMetal_UART.dir/C_/VSARM/sdk/pico/pico-sdk/src/common/pico_util/pheap.c.obj
 .debug_aranges
                0x00000588       0x60 CMakeFiles/BareMetal_UART.dir/C_/VSARM/sdk/pico/pico-sdk/src/rp2_common/pico_runtime/runtime.c.obj
 .debug_aranges
                0x000005e8       0x70 CMakeFiles/BareMetal_UART.dir/C_/VSARM/sdk/pico/pico-sdk/src/rp2_common/hardware_clocks/clocks.c.obj
 .debug_aranges
                0x00000658       0x90 CMakeFiles/BareMetal_UART.dir/C_/VSARM/sdk/pico/pico-sdk/src/rp2_common/hardware_irq/irq.c.obj
 .debug_aranges